ar: /opt/passcal/other/lib/mpich-mp/libmpich.a: No such file or directory
ls: *.o: No such file or directory
ls: /Users/haolu/Software/snac/snac-1/build/tmp/lib-libmpich.dylib/optpasscalotherlibmpich-mplibmpich.a.*.o: No such file or directory
Install name: -install_name /Users/haolu/Software/snac/snac-1/build/lib/libmpich.dylib
mpicc-mpich-mp -pipe  -DVERSION=\"0\" -DCURR_MODULE_NAME=\"mpich\" -Wall -g    -o /Users/haolu/Software/snac/snac-1/build/tmp/lib-libmpich.dylib/libmpich.dylib. -dynamiclib -flat_namespace -undefined suppress -single_module    -L/Users/haolu/Software/snac/snac-1/build/lib      -install_name /Users/haolu/Software/snac/snac-1/build/lib/libmpich.dylib
libpetsc (proxy lib) isnt being built as PETSc isnt detected.
make[4]: Nothing to be done for `all_build'.
make[4]: Nothing to be done for `all_build'.
mpicc-mpich-mp -pipe  -DVERSION=\"0\" -DCURR_MODULE_NAME=\"StGermainBaseFoundation\" -Wall -g     -c -o /Users/haolu/Software/snac/snac-1/build/tmp/lib-libStGermainBaseFoundation/CommonRoutines.o -I/Users/haolu/Software/snac/snac-1/build/include   -I/Users/haolu/Software/snac/snac-1/build/include/StGermain  -I/opt/passcal/other/include/mpich-mp    CommonRoutines.c
mpicc-mpich-mp -pipe  -DVERSION=\"0\" -DCURR_MODULE_NAME=\"StGermainBaseFoundation\" -Wall -g     -c -o /Users/haolu/Software/snac/snac-1/build/tmp/lib-libStGermainBaseFoundation/MemoryField.o -I/Users/haolu/Software/snac/snac-1/build/include   -I/Users/haolu/Software/snac/snac-1/build/include/StGermain  -I/opt/passcal/other/include/mpich-mp    MemoryField.c
MemoryField.c:180:8: warning: logical not is only applied to the left hand side of this comparison [-Wlogical-not-parentheses]
                if ( !MemoryField_StringCompare( memoryField->subFields[i]->value, Memory_IgnoreName ) == 0 )
                     ^                                                                                 ~~
MemoryField.c:180:8: note: add parentheses after the '!' to evaluate the comparison first
                if ( !MemoryField_StringCompare( memoryField->subFields[i]->value, Memory_IgnoreName ) == 0 )
                     ^
                      (                                                                                    )
MemoryField.c:180:8: note: add parentheses around left hand side expression to silence this warning
                if ( !MemoryField_StringCompare( memoryField->subFields[i]->value, Memory_IgnoreName ) == 0 )
                     ^
                     (                                                                                )
1 warning generated.
mpicc-mpich-mp -pipe  -DVERSION=\"0\" -DCURR_MODULE_NAME=\"StGermainBaseFoundation\" -Wall -g     -c -o /Users/haolu/Software/snac/snac-1/build/tmp/lib-libStGermainBaseFoundation/MemoryPointer.o -I/Users/haolu/Software/snac/snac-1/build/include   -I/Users/haolu/Software/snac/snac-1/build/include/StGermain  -I/opt/passcal/other/include/mpich-mp    MemoryPointer.c
mpicc-mpich-mp -pipe  -DVERSION=\"0\" -DCURR_MODULE_NAME=\"StGermainBaseFoundation\" -Wall -g     -c -o /Users/haolu/Software/snac/snac-1/build/tmp/lib-libStGermainBaseFoundation/MemoryReport.o -I/Users/haolu/Software/snac/snac-1/build/include   -I/Users/haolu/Software/snac/snac-1/build/include/StGermain  -I/opt/passcal/other/include/mpich-mp    MemoryReport.c
mpicc-mpich-mp -pipe  -DVERSION=\"0\" -DCURR_MODULE_NAME=\"StGermainBaseFoundation\" -Wall -g     -c -o /Users/haolu/Software/snac/snac-1/build/tmp/lib-libStGermainBaseFoundation/Memory.o -I/Users/haolu/Software/snac/snac-1/build/include   -I/Users/haolu/Software/snac/snac-1/build/include/StGermain  -I/opt/passcal/other/include/mpich-mp    Memory.c
mpicc-mpich-mp -pipe  -DVERSION=\"0\" -DCURR_MODULE_NAME=\"StGermainBaseFoundation\" -Wall -g     -c -o /Users/haolu/Software/snac/snac-1/build/tmp/lib-libStGermainBaseFoundation/Class.o -I/Users/haolu/Software/snac/snac-1/build/include   -I/Users/haolu/Software/snac/snac-1/build/include/StGermain  -I/opt/passcal/other/include/mpich-mp    Class.c
mpicc-mpich-mp -pipe  -DVERSION=\"0\" -DCURR_MODULE_NAME=\"StGermainBaseFoundation\" -Wall -g     -c -o /Users/haolu/Software/snac/snac-1/build/tmp/lib-libStGermainBaseFoundation/Object.o -I/Users/haolu/Software/snac/snac-1/build/include   -I/Users/haolu/Software/snac/snac-1/build/include/StGermain  -I/opt/passcal/other/include/mpich-mp    Object.c
mpicc-mpich-mp -pipe  -DVERSION=\"0\" -DCURR_MODULE_NAME=\"StGermainBaseFoundation\" -Wall -g     -c -o /Users/haolu/Software/snac/snac-1/build/tmp/lib-libStGermainBaseFoundation/ObjectAdaptor.o -I/Users/haolu/Software/snac/snac-1/build/include   -I/Users/haolu/Software/snac/snac-1/build/include/StGermain  -I/opt/passcal/other/include/mpich-mp    ObjectAdaptor.c
mpicc-mpich-mp -pipe  -DVERSION=\"0\" -DCURR_MODULE_NAME=\"StGermainBaseFoundation\" -Wall -g     -c -o /Users/haolu/Software/snac/snac-1/build/tmp/lib-libStGermainBaseFoundation/PrimitiveObject.o -I/Users/haolu/Software/snac/snac-1/build/include   -I/Users/haolu/Software/snac/snac-1/build/include/StGermain  -I/opt/passcal/other/include/mpich-mp    PrimitiveObject.c
mpicc-mpich-mp -pipe  -DVERSION=\"0\" -DCURR_MODULE_NAME=\"StGermainBaseFoundation\" -Wall -g     -c -o /Users/haolu/Software/snac/snac-1/build/tmp/lib-libStGermainBaseFoundation/ObjectList.o -I/Users/haolu/Software/snac/snac-1/build/include   -I/Users/haolu/Software/snac/snac-1/build/include/StGermain  -I/opt/passcal/other/include/mpich-mp    ObjectList.c
mpicc-mpich-mp -pipe  -DVERSION=\"0\" -DCURR_MODULE_NAME=\"StGermainBaseFoundation\" -Wall -g     -c -o /Users/haolu/Software/snac/snac-1/build/tmp/lib-libStGermainBaseFoundation/NamedObject_Register.o -I/Users/haolu/Software/snac/snac-1/build/include   -I/Users/haolu/Software/snac/snac-1/build/include/StGermain  -I/opt/passcal/other/include/mpich-mp    NamedObject_Register.c
mpicc-mpich-mp -pipe  -DVERSION=\"0\" -DCURR_MODULE_NAME=\"StGermainBaseFoundation\" -Wall -g     -c -o /Users/haolu/Software/snac/snac-1/build/tmp/lib-libStGermainBaseFoundation/TimeMonitor.o -I/Users/haolu/Software/snac/snac-1/build/include   -I/Users/haolu/Software/snac/snac-1/build/include/StGermain  -I/opt/passcal/other/include/mpich-mp    TimeMonitor.c
mpicc-mpich-mp -pipe  -DVERSION=\"0\" -DCURR_MODULE_NAME=\"StGermainBaseFoundation\" -Wall -g     -c -o /Users/haolu/Software/snac/snac-1/build/tmp/lib-libStGermainBaseFoundation/MemMonitor.o -I/Users/haolu/Software/snac/snac-1/build/include   -I/Users/haolu/Software/snac/snac-1/build/include/StGermain  -I/opt/passcal/other/include/mpich-mp    MemMonitor.c
mpicc-mpich-mp -pipe  -DVERSION=\"0\" -DCURR_MODULE_NAME=\"StGermainBaseFoundation\" -Wall -g     -c -o /Users/haolu/Software/snac/snac-1/build/tmp/lib-libStGermainBaseFoundation/TestSuite.o -I/Users/haolu/Software/snac/snac-1/build/include   -I/Users/haolu/Software/snac/snac-1/build/include/StGermain  -I/opt/passcal/other/include/mpich-mp    TestSuite.c
mpicc-mpich-mp -pipe  -DVERSION=\"0\" -DCURR_MODULE_NAME=\"StGermainBaseFoundation\" -Wall -g     -c -o /Users/haolu/Software/snac/snac-1/build/tmp/lib-libStGermainBaseFoundation/Init.o -I/Users/haolu/Software/snac/snac-1/build/include   -I/Users/haolu/Software/snac/snac-1/build/include/StGermain  -I/opt/passcal/other/include/mpich-mp    Init.c
mpicc-mpich-mp -pipe  -DVERSION=\"0\" -DCURR_MODULE_NAME=\"StGermainBaseFoundation\" -Wall -g     -c -o /Users/haolu/Software/snac/snac-1/build/tmp/lib-libStGermainBaseFoundation/Finalise.o -I/Users/haolu/Software/snac/snac-1/build/include   -I/Users/haolu/Software/snac/snac-1/build/include/StGermain  -I/opt/passcal/other/include/mpich-mp    Finalise.c
ar -cru /Users/haolu/Software/snac/snac-1/build/tmp/lib-libStGermainBaseFoundation.a/libStGermainBaseFoundation.a. /Users/haolu/Software/snac/snac-1/build/tmp/lib-libStGermainBaseFoundation/CommonRoutines.o /Users/haolu/Software/snac/snac-1/build/tmp/lib-libStGermainBaseFoundation/MemoryField.o /Users/haolu/Software/snac/snac-1/build/tmp/lib-libStGermainBaseFoundation/MemoryPointer.o /Users/haolu/Software/snac/snac-1/build/tmp/lib-libStGermainBaseFoundation/MemoryReport.o /Users/haolu/Software/snac/snac-1/build/tmp/lib-libStGermainBaseFoundation/Memory.o /Users/haolu/Software/snac/snac-1/build/tmp/lib-libStGermainBaseFoundation/Class.o /Users/haolu/Software/snac/snac-1/build/tmp/lib-libStGermainBaseFoundation/Object.o /Users/haolu/Software/snac/snac-1/build/tmp/lib-libStGermainBaseFoundation/ObjectAdaptor.o /Users/haolu/Software/snac/snac-1/build/tmp/lib-libStGermainBaseFoundation/PrimitiveObject.o /Users/haolu/Software/snac/snac-1/build/tmp/lib-libStGermainBaseFoundation/ObjectList.o /Users/haolu/Software/snac/snac-1/build/tmp/lib-libStGermainBaseFoundation/NamedObject_Register.o /Users/haolu/Software/snac/snac-1/build/tmp/lib-libStGermainBaseFoundation/TimeMonitor.o /Users/haolu/Software/snac/snac-1/build/tmp/lib-libStGermainBaseFoundation/MemMonitor.o /Users/haolu/Software/snac/snac-1/build/tmp/lib-libStGermainBaseFoundation/TestSuite.o /Users/haolu/Software/snac/snac-1/build/tmp/lib-libStGermainBaseFoundation/Init.o /Users/haolu/Software/snac/snac-1/build/tmp/lib-libStGermainBaseFoundation/Finalise.o
/usr/bin/ranlib /Users/haolu/Software/snac/snac-1/build/tmp/lib-libStGermainBaseFoundation.a/libStGermainBaseFoundation.a.
Install name: -install_name /Users/haolu/Software/snac/snac-1/build/lib/libStGermainBaseFoundation.dylib
mpicc-mpich-mp -pipe  -DVERSION=\"0\" -DCURR_MODULE_NAME=\"StGermainBaseFoundation\" -Wall -g    -o /Users/haolu/Software/snac/snac-1/build/tmp/lib-libStGermainBaseFoundation.dylib/libStGermainBaseFoundation.dylib. -dynamiclib -flat_namespace -undefined suppress -single_module  /Users/haolu/Software/snac/snac-1/build/tmp/lib-libStGermainBaseFoundation/CommonRoutines.o /Users/haolu/Software/snac/snac-1/build/tmp/lib-libStGermainBaseFoundation/MemoryField.o /Users/haolu/Software/snac/snac-1/build/tmp/lib-libStGermainBaseFoundation/MemoryPointer.o /Users/haolu/Software/snac/snac-1/build/tmp/lib-libStGermainBaseFoundation/MemoryReport.o /Users/haolu/Software/snac/snac-1/build/tmp/lib-libStGermainBaseFoundation/Memory.o /Users/haolu/Software/snac/snac-1/build/tmp/lib-libStGermainBaseFoundation/Class.o /Users/haolu/Software/snac/snac-1/build/tmp/lib-libStGermainBaseFoundation/Object.o /Users/haolu/Software/snac/snac-1/build/tmp/lib-libStGermainBaseFoundation/ObjectAdaptor.o /Users/haolu/Software/snac/snac-1/build/tmp/lib-libStGermainBaseFoundation/PrimitiveObject.o /Users/haolu/Software/snac/snac-1/build/tmp/lib-libStGermainBaseFoundation/ObjectList.o /Users/haolu/Software/snac/snac-1/build/tmp/lib-libStGermainBaseFoundation/NamedObject_Register.o /Users/haolu/Software/snac/snac-1/build/tmp/lib-libStGermainBaseFoundation/TimeMonitor.o /Users/haolu/Software/snac/snac-1/build/tmp/lib-libStGermainBaseFoundation/MemMonitor.o /Users/haolu/Software/snac/snac-1/build/tmp/lib-libStGermainBaseFoundation/TestSuite.o /Users/haolu/Software/snac/snac-1/build/tmp/lib-libStGermainBaseFoundation/Init.o /Users/haolu/Software/snac/snac-1/build/tmp/lib-libStGermainBaseFoundation/Finalise.o  -L/Users/haolu/Software/snac/snac-1/build/lib    -L/Users/haolu/Software/snac/snac-1/build/lib -lmpich -L/opt/passcal/other/lib/mpich-mp -lmpich  -L/sw/lib        -install_name /Users/haolu/Software/snac/snac-1/build/lib/libStGermainBaseFoundation.dylib
ld: warning: directory not found for option '-L/sw/lib'
mpicc-mpich-mp -pipe  -DVERSION=\"0\" -Wall -g  -DCURR_MODULE_NAME=\"libStGermainBaseFoundation\"   -c -o /Users/haolu/Software/snac/snac-1/build/tmp/test-libStGermainBaseFoundation/JournalWrappers.o -I/Users/haolu/Software/snac/snac-1/build/include   -I/Users/haolu/Software/snac/snac-1/build/include/StGermain  -I/opt/passcal/other/include/mpich-mp   -I/opt/passcal/other/include/libxml2      JournalWrappers.c
mpicc-mpich-mp -pipe  -DVERSION=\"0\" -Wall -g  -DCURR_MODULE_NAME=\"libStGermainBaseFoundation\"   -c -o /Users/haolu/Software/snac/snac-1/build/tmp/test-libStGermainBaseFoundation/BTreeWrappers.o -I/Users/haolu/Software/snac/snac-1/build/include   -I/Users/haolu/Software/snac/snac-1/build/include/StGermain  -I/opt/passcal/other/include/mpich-mp   -I/opt/passcal/other/include/libxml2      BTreeWrappers.c
mpicc-mpich-mp -pipe  -DVERSION=\"0\" -Wall -g  -DCURR_MODULE_NAME=\"libStGermainBaseFoundation\"   -c -o /Users/haolu/Software/snac/snac-1/build/tmp/test-libStGermainBaseFoundation/PtrMapWrappers.o -I/Users/haolu/Software/snac/snac-1/build/include   -I/Users/haolu/Software/snac/snac-1/build/include/StGermain  -I/opt/passcal/other/include/mpich-mp   -I/opt/passcal/other/include/libxml2      PtrMapWrappers.c
mpicc-mpich-mp -pipe  -DVERSION=\"0\" -Wall -g  -DCURR_MODULE_NAME=\"libStGermainBaseFoundation\"  -o /Users/haolu/Software/snac/snac-1/build/tests/testMemory2DArray /Users/haolu/Software/snac/snac-1/build/tmp/test-libStGermainBaseFoundation/JournalWrappers.o /Users/haolu/Software/snac/snac-1/build/tmp/test-libStGermainBaseFoundation/BTreeWrappers.o /Users/haolu/Software/snac/snac-1/build/tmp/test-libStGermainBaseFoundation/PtrMapWrappers.o -I/Users/haolu/Software/snac/snac-1/build/include   -I/Users/haolu/Software/snac/snac-1/build/include/StGermain  -I/opt/passcal/other/include/mpich-mp   -I/opt/passcal/other/include/libxml2      testMemory2DArray.c   -L/Users/haolu/Software/snac/snac-1/build/lib   -L/Users/haolu/Software/snac/snac-1/build/lib -lStGermainBaseFoundation   -L/Users/haolu/Software/snac/snac-1/build/lib -lmpich -L/opt/passcal/other/lib/mpich-mp -lmpich  -L/sw/lib    -L/opt/passcal/other/lib -lxml2 -lz -lpthread -liconv -lm   -lm -lmx            
ld: warning: directory not found for option '-L/sw/lib'
mpicc-mpich-mp -pipe  -DVERSION=\"0\" -Wall -g  -DCURR_MODULE_NAME=\"libStGermainBaseFoundation\"  -o /Users/haolu/Software/snac/snac-1/build/tests/testMemory2DArrayAs1D /Users/haolu/Software/snac/snac-1/build/tmp/test-libStGermainBaseFoundation/JournalWrappers.o /Users/haolu/Software/snac/snac-1/build/tmp/test-libStGermainBaseFoundation/BTreeWrappers.o /Users/haolu/Software/snac/snac-1/build/tmp/test-libStGermainBaseFoundation/PtrMapWrappers.o -I/Users/haolu/Software/snac/snac-1/build/include   -I/Users/haolu/Software/snac/snac-1/build/include/StGermain  -I/opt/passcal/other/include/mpich-mp   -I/opt/passcal/other/include/libxml2      testMemory2DArrayAs1D.c   -L/Users/haolu/Software/snac/snac-1/build/lib   -L/Users/haolu/Software/snac/snac-1/build/lib -lStGermainBaseFoundation   -L/Users/haolu/Software/snac/snac-1/build/lib -lmpich -L/opt/passcal/other/lib/mpich-mp -lmpich  -L/sw/lib    -L/opt/passcal/other/lib -lxml2 -lz -lpthread -liconv -lm   -lm -lmx            
ld: warning: directory not found for option '-L/sw/lib'
mpicc-mpich-mp -pipe  -DVERSION=\"0\" -Wall -g  -DCURR_MODULE_NAME=\"libStGermainBaseFoundation\"  -o /Users/haolu/Software/snac/snac-1/build/tests/testMemory2DComplex /Users/haolu/Software/snac/snac-1/build/tmp/test-libStGermainBaseFoundation/JournalWrappers.o /Users/haolu/Software/snac/snac-1/build/tmp/test-libStGermainBaseFoundation/BTreeWrappers.o /Users/haolu/Software/snac/snac-1/build/tmp/test-libStGermainBaseFoundation/PtrMapWrappers.o -I/Users/haolu/Software/snac/snac-1/build/include   -I/Users/haolu/Software/snac/snac-1/build/include/StGermain  -I/opt/passcal/other/include/mpich-mp   -I/opt/passcal/other/include/libxml2      testMemory2DComplex.c   -L/Users/haolu/Software/snac/snac-1/build/lib   -L/Users/haolu/Software/snac/snac-1/build/lib -lStGermainBaseFoundation   -L/Users/haolu/Software/snac/snac-1/build/lib -lmpich -L/opt/passcal/other/lib/mpich-mp -lmpich  -L/sw/lib    -L/opt/passcal/other/lib -lxml2 -lz -lpthread -liconv -lm   -lm -lmx            
ld: warning: directory not found for option '-L/sw/lib'
mpicc-mpich-mp -pipe  -DVERSION=\"0\" -Wall -g  -DCURR_MODULE_NAME=\"libStGermainBaseFoundation\"  -o /Users/haolu/Software/snac/snac-1/build/tests/testMemory3DArray /Users/haolu/Software/snac/snac-1/build/tmp/test-libStGermainBaseFoundation/JournalWrappers.o /Users/haolu/Software/snac/snac-1/build/tmp/test-libStGermainBaseFoundation/BTreeWrappers.o /Users/haolu/Software/snac/snac-1/build/tmp/test-libStGermainBaseFoundation/PtrMapWrappers.o -I/Users/haolu/Software/snac/snac-1/build/include   -I/Users/haolu/Software/snac/snac-1/build/include/StGermain  -I/opt/passcal/other/include/mpich-mp   -I/opt/passcal/other/include/libxml2      testMemory3DArray.c   -L/Users/haolu/Software/snac/snac-1/build/lib   -L/Users/haolu/Software/snac/snac-1/build/lib -lStGermainBaseFoundation   -L/Users/haolu/Software/snac/snac-1/build/lib -lmpich -L/opt/passcal/other/lib/mpich-mp -lmpich  -L/sw/lib    -L/opt/passcal/other/lib -lxml2 -lz -lpthread -liconv -lm   -lm -lmx            
ld: warning: directory not found for option '-L/sw/lib'
mpicc-mpich-mp -pipe  -DVERSION=\"0\" -Wall -g  -DCURR_MODULE_NAME=\"libStGermainBaseFoundation\"  -o /Users/haolu/Software/snac/snac-1/build/tests/testMemory3DArrayAs1D /Users/haolu/Software/snac/snac-1/build/tmp/test-libStGermainBaseFoundation/JournalWrappers.o /Users/haolu/Software/snac/snac-1/build/tmp/test-libStGermainBaseFoundation/BTreeWrappers.o /Users/haolu/Software/snac/snac-1/build/tmp/test-libStGermainBaseFoundation/PtrMapWrappers.o -I/Users/haolu/Software/snac/snac-1/build/include   -I/Users/haolu/Software/snac/snac-1/build/include/StGermain  -I/opt/passcal/other/include/mpich-mp   -I/opt/passcal/other/include/libxml2      testMemory3DArrayAs1D.c   -L/Users/haolu/Software/snac/snac-1/build/lib   -L/Users/haolu/Software/snac/snac-1/build/lib -lStGermainBaseFoundation   -L/Users/haolu/Software/snac/snac-1/build/lib -lmpich -L/opt/passcal/other/lib/mpich-mp -lmpich  -L/sw/lib    -L/opt/passcal/other/lib -lxml2 -lz -lpthread -liconv -lm   -lm -lmx            
ld: warning: directory not found for option '-L/sw/lib'
mpicc-mpich-mp -pipe  -DVERSION=\"0\" -Wall -g  -DCURR_MODULE_NAME=\"libStGermainBaseFoundation\"  -o /Users/haolu/Software/snac/snac-1/build/tests/testMemory3DComplex /Users/haolu/Software/snac/snac-1/build/tmp/test-libStGermainBaseFoundation/JournalWrappers.o /Users/haolu/Software/snac/snac-1/build/tmp/test-libStGermainBaseFoundation/BTreeWrappers.o /Users/haolu/Software/snac/snac-1/build/tmp/test-libStGermainBaseFoundation/PtrMapWrappers.o -I/Users/haolu/Software/snac/snac-1/build/include   -I/Users/haolu/Software/snac/snac-1/build/include/StGermain  -I/opt/passcal/other/include/mpich-mp   -I/opt/passcal/other/include/libxml2      testMemory3DComplex.c   -L/Users/haolu/Software/snac/snac-1/build/lib   -L/Users/haolu/Software/snac/snac-1/build/lib -lStGermainBaseFoundation   -L/Users/haolu/Software/snac/snac-1/build/lib -lmpich -L/opt/passcal/other/lib/mpich-mp -lmpich  -L/sw/lib    -L/opt/passcal/other/lib -lxml2 -lz -lpthread -liconv -lm   -lm -lmx            
ld: warning: directory not found for option '-L/sw/lib'
mpicc-mpich-mp -pipe  -DVERSION=\"0\" -Wall -g  -DCURR_MODULE_NAME=\"libStGermainBaseFoundation\"  -o /Users/haolu/Software/snac/snac-1/build/tests/testMemory4DArray /Users/haolu/Software/snac/snac-1/build/tmp/test-libStGermainBaseFoundation/JournalWrappers.o /Users/haolu/Software/snac/snac-1/build/tmp/test-libStGermainBaseFoundation/BTreeWrappers.o /Users/haolu/Software/snac/snac-1/build/tmp/test-libStGermainBaseFoundation/PtrMapWrappers.o -I/Users/haolu/Software/snac/snac-1/build/include   -I/Users/haolu/Software/snac/snac-1/build/include/StGermain  -I/opt/passcal/other/include/mpich-mp   -I/opt/passcal/other/include/libxml2      testMemory4DArray.c   -L/Users/haolu/Software/snac/snac-1/build/lib   -L/Users/haolu/Software/snac/snac-1/build/lib -lStGermainBaseFoundation   -L/Users/haolu/Software/snac/snac-1/build/lib -lmpich -L/opt/passcal/other/lib/mpich-mp -lmpich  -L/sw/lib    -L/opt/passcal/other/lib -lxml2 -lz -lpthread -liconv -lm   -lm -lmx            
ld: warning: directory not found for option '-L/sw/lib'
mpicc-mpich-mp -pipe  -DVERSION=\"0\" -Wall -g  -DCURR_MODULE_NAME=\"libStGermainBaseFoundation\"  -o /Users/haolu/Software/snac/snac-1/build/tests/testMemory4DArrayAs1D /Users/haolu/Software/snac/snac-1/build/tmp/test-libStGermainBaseFoundation/JournalWrappers.o /Users/haolu/Software/snac/snac-1/build/tmp/test-libStGermainBaseFoundation/BTreeWrappers.o /Users/haolu/Software/snac/snac-1/build/tmp/test-libStGermainBaseFoundation/PtrMapWrappers.o -I/Users/haolu/Software/snac/snac-1/build/include   -I/Users/haolu/Software/snac/snac-1/build/include/StGermain  -I/opt/passcal/other/include/mpich-mp   -I/opt/passcal/other/include/libxml2      testMemory4DArrayAs1D.c   -L/Users/haolu/Software/snac/snac-1/build/lib   -L/Users/haolu/Software/snac/snac-1/build/lib -lStGermainBaseFoundation   -L/Users/haolu/Software/snac/snac-1/build/lib -lmpich -L/opt/passcal/other/lib/mpich-mp -lmpich  -L/sw/lib    -L/opt/passcal/other/lib -lxml2 -lz -lpthread -liconv -lm   -lm -lmx            
ld: warning: directory not found for option '-L/sw/lib'
mpicc-mpich-mp -pipe  -DVERSION=\"0\" -Wall -g  -DCURR_MODULE_NAME=\"libStGermainBaseFoundation\"  -o /Users/haolu/Software/snac/snac-1/build/tests/testMemoryRealloc /Users/haolu/Software/snac/snac-1/build/tmp/test-libStGermainBaseFoundation/JournalWrappers.o /Users/haolu/Software/snac/snac-1/build/tmp/test-libStGermainBaseFoundation/BTreeWrappers.o /Users/haolu/Software/snac/snac-1/build/tmp/test-libStGermainBaseFoundation/PtrMapWrappers.o -I/Users/haolu/Software/snac/snac-1/build/include   -I/Users/haolu/Software/snac/snac-1/build/include/StGermain  -I/opt/passcal/other/include/mpich-mp   -I/opt/passcal/other/include/libxml2      testMemoryRealloc.c   -L/Users/haolu/Software/snac/snac-1/build/lib   -L/Users/haolu/Software/snac/snac-1/build/lib -lStGermainBaseFoundation   -L/Users/haolu/Software/snac/snac-1/build/lib -lmpich -L/opt/passcal/other/lib/mpich-mp -lmpich  -L/sw/lib    -L/opt/passcal/other/lib -lxml2 -lz -lpthread -liconv -lm   -lm -lmx            
ld: warning: directory not found for option '-L/sw/lib'
mpicc-mpich-mp -pipe  -DVERSION=\"0\" -Wall -g  -DCURR_MODULE_NAME=\"libStGermainBaseFoundation\"  -o /Users/haolu/Software/snac/snac-1/build/tests/testObjectList /Users/haolu/Software/snac/snac-1/build/tmp/test-libStGermainBaseFoundation/JournalWrappers.o /Users/haolu/Software/snac/snac-1/build/tmp/test-libStGermainBaseFoundation/BTreeWrappers.o /Users/haolu/Software/snac/snac-1/build/tmp/test-libStGermainBaseFoundation/PtrMapWrappers.o -I/Users/haolu/Software/snac/snac-1/build/include   -I/Users/haolu/Software/snac/snac-1/build/include/StGermain  -I/opt/passcal/other/include/mpich-mp   -I/opt/passcal/other/include/libxml2      testObjectList.c   -L/Users/haolu/Software/snac/snac-1/build/lib   -L/Users/haolu/Software/snac/snac-1/build/lib -lStGermainBaseFoundation   -L/Users/haolu/Software/snac/snac-1/build/lib -lmpich -L/opt/passcal/other/lib/mpich-mp -lmpich  -L/sw/lib    -L/opt/passcal/other/lib -lxml2 -lz -lpthread -liconv -lm   -lm -lmx            
ld: warning: directory not found for option '-L/sw/lib'
mpicc-mpich-mp -pipe  -DVERSION=\"0\" -Wall -g  -DCURR_MODULE_NAME=\"libStGermainBaseFoundation\"  -o /Users/haolu/Software/snac/snac-1/build/tests/testNamedObject_Register /Users/haolu/Software/snac/snac-1/build/tmp/test-libStGermainBaseFoundation/JournalWrappers.o /Users/haolu/Software/snac/snac-1/build/tmp/test-libStGermainBaseFoundation/BTreeWrappers.o /Users/haolu/Software/snac/snac-1/build/tmp/test-libStGermainBaseFoundation/PtrMapWrappers.o -I/Users/haolu/Software/snac/snac-1/build/include   -I/Users/haolu/Software/snac/snac-1/build/include/StGermain  -I/opt/passcal/other/include/mpich-mp   -I/opt/passcal/other/include/libxml2      testNamedObject_Register.c   -L/Users/haolu/Software/snac/snac-1/build/lib   -L/Users/haolu/Software/snac/snac-1/build/lib -lStGermainBaseFoundation   -L/Users/haolu/Software/snac/snac-1/build/lib -lmpich -L/opt/passcal/other/lib/mpich-mp -lmpich  -L/sw/lib    -L/opt/passcal/other/lib -lxml2 -lz -lpthread -liconv -lm   -lm -lmx            
ld: warning: directory not found for option '-L/sw/lib'
mpicc-mpich-mp -pipe  -DVERSION=\"0\" -Wall -g  -DCURR_MODULE_NAME=\"libStGermainBaseFoundation\"  -o /Users/haolu/Software/snac/snac-1/build/tests/testCommonRoutines /Users/haolu/Software/snac/snac-1/build/tmp/test-libStGermainBaseFoundation/JournalWrappers.o /Users/haolu/Software/snac/snac-1/build/tmp/test-libStGermainBaseFoundation/BTreeWrappers.o /Users/haolu/Software/snac/snac-1/build/tmp/test-libStGermainBaseFoundation/PtrMapWrappers.o -I/Users/haolu/Software/snac/snac-1/build/include   -I/Users/haolu/Software/snac/snac-1/build/include/StGermain  -I/opt/passcal/other/include/mpich-mp   -I/opt/passcal/other/include/libxml2      testCommonRoutines.c   -L/Users/haolu/Software/snac/snac-1/build/lib   -L/Users/haolu/Software/snac/snac-1/build/lib -lStGermainBaseFoundation   -L/Users/haolu/Software/snac/snac-1/build/lib -lmpich -L/opt/passcal/other/lib/mpich-mp -lmpich  -L/sw/lib    -L/opt/passcal/other/lib -lxml2 -lz -lpthread -liconv -lm   -lm -lmx            
ld: warning: directory not found for option '-L/sw/lib'
mpicc-mpich-mp -pipe  -DVERSION=\"0\" -Wall -g  -DCURR_MODULE_NAME=\"libStGermainBaseFoundation\"  -o /Users/haolu/Software/snac/snac-1/build/tests/testTimeMonitor /Users/haolu/Software/snac/snac-1/build/tmp/test-libStGermainBaseFoundation/JournalWrappers.o /Users/haolu/Software/snac/snac-1/build/tmp/test-libStGermainBaseFoundation/BTreeWrappers.o /Users/haolu/Software/snac/snac-1/build/tmp/test-libStGermainBaseFoundation/PtrMapWrappers.o -I/Users/haolu/Software/snac/snac-1/build/include   -I/Users/haolu/Software/snac/snac-1/build/include/StGermain  -I/opt/passcal/other/include/mpich-mp   -I/opt/passcal/other/include/libxml2      testTimeMonitor.c   -L/Users/haolu/Software/snac/snac-1/build/lib   -L/Users/haolu/Software/snac/snac-1/build/lib -lStGermainBaseFoundation   -L/Users/haolu/Software/snac/snac-1/build/lib -lmpich -L/opt/passcal/other/lib/mpich-mp -lmpich  -L/sw/lib    -L/opt/passcal/other/lib -lxml2 -lz -lpthread -liconv -lm   -lm -lmx            
ld: warning: directory not found for option '-L/sw/lib'
mpicc-mpich-mp -pipe  -DVERSION=\"0\" -Wall -g  -DCURR_MODULE_NAME=\"libStGermainBaseFoundation\"  -o /Users/haolu/Software/snac/snac-1/build/tests/testMemMonitor /Users/haolu/Software/snac/snac-1/build/tmp/test-libStGermainBaseFoundation/JournalWrappers.o /Users/haolu/Software/snac/snac-1/build/tmp/test-libStGermainBaseFoundation/BTreeWrappers.o /Users/haolu/Software/snac/snac-1/build/tmp/test-libStGermainBaseFoundation/PtrMapWrappers.o -I/Users/haolu/Software/snac/snac-1/build/include   -I/Users/haolu/Software/snac/snac-1/build/include/StGermain  -I/opt/passcal/other/include/mpich-mp   -I/opt/passcal/other/include/libxml2      testMemMonitor.c   -L/Users/haolu/Software/snac/snac-1/build/lib   -L/Users/haolu/Software/snac/snac-1/build/lib -lStGermainBaseFoundation   -L/Users/haolu/Software/snac/snac-1/build/lib -lmpich -L/opt/passcal/other/lib/mpich-mp -lmpich  -L/sw/lib    -L/opt/passcal/other/lib -lxml2 -lz -lpthread -liconv -lm   -lm -lmx            
ld: warning: directory not found for option '-L/sw/lib'
mpicc-mpich-mp -pipe  -DVERSION=\"0\" -Wall -g  -DCURR_MODULE_NAME=\"libStGermainBaseFoundation\"  -o /Users/haolu/Software/snac/snac-1/build/tests/testPrimitiveObject /Users/haolu/Software/snac/snac-1/build/tmp/test-libStGermainBaseFoundation/JournalWrappers.o /Users/haolu/Software/snac/snac-1/build/tmp/test-libStGermainBaseFoundation/BTreeWrappers.o /Users/haolu/Software/snac/snac-1/build/tmp/test-libStGermainBaseFoundation/PtrMapWrappers.o -I/Users/haolu/Software/snac/snac-1/build/include   -I/Users/haolu/Software/snac/snac-1/build/include/StGermain  -I/opt/passcal/other/include/mpich-mp   -I/opt/passcal/other/include/libxml2      testPrimitiveObject.c   -L/Users/haolu/Software/snac/snac-1/build/lib   -L/Users/haolu/Software/snac/snac-1/build/lib -lStGermainBaseFoundation   -L/Users/haolu/Software/snac/snac-1/build/lib -lmpich -L/opt/passcal/other/lib/mpich-mp -lmpich  -L/sw/lib    -L/opt/passcal/other/lib -lxml2 -lz -lpthread -liconv -lm   -lm -lmx            
ld: warning: directory not found for option '-L/sw/lib'
mpicc-mpich-mp -pipe  -DVERSION=\"0\" -Wall -g  -DCURR_MODULE_NAME=\"libStGermainBaseFoundation\"  -o /Users/haolu/Software/snac/snac-1/build/tests/testStg_asprintf /Users/haolu/Software/snac/snac-1/build/tmp/test-libStGermainBaseFoundation/JournalWrappers.o /Users/haolu/Software/snac/snac-1/build/tmp/test-libStGermainBaseFoundation/BTreeWrappers.o /Users/haolu/Software/snac/snac-1/build/tmp/test-libStGermainBaseFoundation/PtrMapWrappers.o -I/Users/haolu/Software/snac/snac-1/build/include   -I/Users/haolu/Software/snac/snac-1/build/include/StGermain  -I/opt/passcal/other/include/mpich-mp   -I/opt/passcal/other/include/libxml2      testStg_asprintf.c   -L/Users/haolu/Software/snac/snac-1/build/lib   -L/Users/haolu/Software/snac/snac-1/build/lib -lStGermainBaseFoundation   -L/Users/haolu/Software/snac/snac-1/build/lib -lmpich -L/opt/passcal/other/lib/mpich-mp -lmpich  -L/sw/lib    -L/opt/passcal/other/lib -lxml2 -lz -lpthread -liconv -lm   -lm -lmx            
ld: warning: directory not found for option '-L/sw/lib'
rm /Users/haolu/Software/snac/snac-1/build/tmp/test-libStGermainBaseFoundation/JournalWrappers.o /Users/haolu/Software/snac/snac-1/build/tmp/test-libStGermainBaseFoundation/BTreeWrappers.o /Users/haolu/Software/snac/snac-1/build/tmp/test-libStGermainBaseFoundation/PtrMapWrappers.o
mpicc-mpich-mp -pipe  -DSTG_MODULE_PATH=\"\" -DVERSION=\"0\" -DCURR_MODULE_NAME=\"StGermainBaseIO\" -Wall -g     -c -o /Users/haolu/Software/snac/snac-1/build/tmp/lib-libStGermainBaseIO/Init.o -I/Users/haolu/Software/snac/snac-1/build/include   -I/Users/haolu/Software/snac/snac-1/build/include/StGermain  -I/opt/passcal/other/include/mpich-mp   -I/opt/passcal/other/include/libxml2    Init.c
mpicc-mpich-mp -pipe  -DSTG_MODULE_PATH=\"\" -DVERSION=\"0\" -DCURR_MODULE_NAME=\"StGermainBaseIO\" -Wall -g     -c -o /Users/haolu/Software/snac/snac-1/build/tmp/lib-libStGermainBaseIO/Dictionary.o -I/Users/haolu/Software/snac/snac-1/build/include   -I/Users/haolu/Software/snac/snac-1/build/include/StGermain  -I/opt/passcal/other/include/mpich-mp   -I/opt/passcal/other/include/libxml2    Dictionary.c
Dictionary.c:53:18: warning: unused variable 'STRUCT_INIT_SIZE' [-Wunused-const-variable]
static const int STRUCT_INIT_SIZE = 2;
                 ^
Dictionary.c:54:18: warning: unused variable 'STRUCT_DELTA' [-Wunused-const-variable]
static const int STRUCT_DELTA = 2;
                 ^
2 warnings generated.
mpicc-mpich-mp -pipe  -DSTG_MODULE_PATH=\"\" -DVERSION=\"0\" -DCURR_MODULE_NAME=\"StGermainBaseIO\" -Wall -g     -c -o /Users/haolu/Software/snac/snac-1/build/tmp/lib-libStGermainBaseIO/Dictionary_Entry.o -I/Users/haolu/Software/snac/snac-1/build/include   -I/Users/haolu/Software/snac/snac-1/build/include/StGermain  -I/opt/passcal/other/include/mpich-mp   -I/opt/passcal/other/include/libxml2    Dictionary_Entry.c
mpicc-mpich-mp -pipe  -DSTG_MODULE_PATH=\"\" -DVERSION=\"0\" -DCURR_MODULE_NAME=\"StGermainBaseIO\" -Wall -g     -c -o /Users/haolu/Software/snac/snac-1/build/tmp/lib-libStGermainBaseIO/Dictionary_Entry_Value.o -I/Users/haolu/Software/snac/snac-1/build/include   -I/Users/haolu/Software/snac/snac-1/build/include/StGermain  -I/opt/passcal/other/include/mpich-mp   -I/opt/passcal/other/include/libxml2    Dictionary_Entry_Value.c
Dictionary_Entry_Value.c:326:4: warning: variable 'copy' is used uninitialized whenever switch default is taken [-Wsometimes-uninitialized]
                        default: {
                        ^~~~~~~
Dictionary_Entry_Value.c:333:44: note: uninitialized use occurs here
                Dictionary_Entry_Value_AddElement( self, copy );
                                                         ^~~~
Dictionary_Entry_Value.c:301:31: note: initialize the variable 'copy' to silence this warning
                Dictionary_Entry_Value* copy;
                                            ^
                                             = NULL
Dictionary_Entry_Value.c:376:4: warning: variable 'copy' is used uninitialized whenever switch default is taken [-Wsometimes-uninitialized]
                        default: {
                        ^~~~~~~
Dictionary_Entry_Value.c:383:54: note: uninitialized use occurs here
                Dictionary_Entry_Value_AddElementWithSource( self, copy, source );
                                                                   ^~~~
Dictionary_Entry_Value.c:351:31: note: initialize the variable 'copy' to silence this warning
                Dictionary_Entry_Value* copy;
                                            ^
                                             = NULL
2 warnings generated.
mpicc-mpich-mp -pipe  -DSTG_MODULE_PATH=\"\" -DVERSION=\"0\" -DCURR_MODULE_NAME=\"StGermainBaseIO\" -Wall -g     -c -o /Users/haolu/Software/snac/snac-1/build/tmp/lib-libStGermainBaseIO/IO_Handler.o -I/Users/haolu/Software/snac/snac-1/build/include   -I/Users/haolu/Software/snac/snac-1/build/include/StGermain  -I/opt/passcal/other/include/mpich-mp   -I/opt/passcal/other/include/libxml2    IO_Handler.c
mpicc-mpich-mp -pipe  -DSTG_MODULE_PATH=\"\" -DVERSION=\"0\" -DCURR_MODULE_NAME=\"StGermainBaseIO\" -Wall -g     -c -o /Users/haolu/Software/snac/snac-1/build/tmp/lib-libStGermainBaseIO/XML_IO_Handler.o -I/Users/haolu/Software/snac/snac-1/build/include   -I/Users/haolu/Software/snac/snac-1/build/include/StGermain  -I/opt/passcal/other/include/mpich-mp   -I/opt/passcal/other/include/libxml2    XML_IO_Handler.c
mpicc-mpich-mp -pipe  -DSTG_MODULE_PATH=\"\" -DVERSION=\"0\" -DCURR_MODULE_NAME=\"StGermainBaseIO\" -Wall -g     -c -o /Users/haolu/Software/snac/snac-1/build/tmp/lib-libStGermainBaseIO/Journal.o -I/Users/haolu/Software/snac/snac-1/build/include   -I/Users/haolu/Software/snac/snac-1/build/include/StGermain  -I/opt/passcal/other/include/mpich-mp   -I/opt/passcal/other/include/libxml2    Journal.c
mpicc-mpich-mp -pipe  -DSTG_MODULE_PATH=\"\" -DVERSION=\"0\" -DCURR_MODULE_NAME=\"StGermainBaseIO\" -Wall -g     -c -o /Users/haolu/Software/snac/snac-1/build/tmp/lib-libStGermainBaseIO/JournalFile.o -I/Users/haolu/Software/snac/snac-1/build/include   -I/Users/haolu/Software/snac/snac-1/build/include/StGermain  -I/opt/passcal/other/include/mpich-mp   -I/opt/passcal/other/include/libxml2    JournalFile.c
mpicc-mpich-mp -pipe  -DSTG_MODULE_PATH=\"\" -DVERSION=\"0\" -DCURR_MODULE_NAME=\"StGermainBaseIO\" -Wall -g     -c -o /Users/haolu/Software/snac/snac-1/build/tmp/lib-libStGermainBaseIO/CFile.o -I/Users/haolu/Software/snac/snac-1/build/include   -I/Users/haolu/Software/snac/snac-1/build/include/StGermain  -I/opt/passcal/other/include/mpich-mp   -I/opt/passcal/other/include/libxml2    CFile.c
mpicc-mpich-mp -pipe  -DSTG_MODULE_PATH=\"\" -DVERSION=\"0\" -DCURR_MODULE_NAME=\"StGermainBaseIO\" -Wall -g     -c -o /Users/haolu/Software/snac/snac-1/build/tmp/lib-libStGermainBaseIO/MPIFile.o -I/Users/haolu/Software/snac/snac-1/build/include   -I/Users/haolu/Software/snac/snac-1/build/include/StGermain  -I/opt/passcal/other/include/mpich-mp   -I/opt/passcal/other/include/libxml2    MPIFile.c
mpicc-mpich-mp -pipe  -DSTG_MODULE_PATH=\"\" -DVERSION=\"0\" -DCURR_MODULE_NAME=\"StGermainBaseIO\" -Wall -g     -c -o /Users/haolu/Software/snac/snac-1/build/tmp/lib-libStGermainBaseIO/Stream.o -I/Users/haolu/Software/snac/snac-1/build/include   -I/Users/haolu/Software/snac/snac-1/build/include/StGermain  -I/opt/passcal/other/include/mpich-mp   -I/opt/passcal/other/include/libxml2    Stream.c
mpicc-mpich-mp -pipe  -DSTG_MODULE_PATH=\"\" -DVERSION=\"0\" -DCURR_MODULE_NAME=\"StGermainBaseIO\" -Wall -g     -c -o /Users/haolu/Software/snac/snac-1/build/tmp/lib-libStGermainBaseIO/CStream.o -I/Users/haolu/Software/snac/snac-1/build/include   -I/Users/haolu/Software/snac/snac-1/build/include/StGermain  -I/opt/passcal/other/include/mpich-mp   -I/opt/passcal/other/include/libxml2    CStream.c
mpicc-mpich-mp -pipe  -DSTG_MODULE_PATH=\"\" -DVERSION=\"0\" -DCURR_MODULE_NAME=\"StGermainBaseIO\" -Wall -g     -c -o /Users/haolu/Software/snac/snac-1/build/tmp/lib-libStGermainBaseIO/MPIStream.o -I/Users/haolu/Software/snac/snac-1/build/include   -I/Users/haolu/Software/snac/snac-1/build/include/StGermain  -I/opt/passcal/other/include/mpich-mp   -I/opt/passcal/other/include/libxml2    MPIStream.c
mpicc-mpich-mp -pipe  -DSTG_MODULE_PATH=\"\" -DVERSION=\"0\" -DCURR_MODULE_NAME=\"StGermainBaseIO\" -Wall -g     -c -o /Users/haolu/Software/snac/snac-1/build/tmp/lib-libStGermainBaseIO/StreamFormatter.o -I/Users/haolu/Software/snac/snac-1/build/include   -I/Users/haolu/Software/snac/snac-1/build/include/StGermain  -I/opt/passcal/other/include/mpich-mp   -I/opt/passcal/other/include/libxml2    StreamFormatter.c
mpicc-mpich-mp -pipe  -DSTG_MODULE_PATH=\"\" -DVERSION=\"0\" -DCURR_MODULE_NAME=\"StGermainBaseIO\" -Wall -g     -c -o /Users/haolu/Software/snac/snac-1/build/tmp/lib-libStGermainBaseIO/LineFormatter.o -I/Users/haolu/Software/snac/snac-1/build/include   -I/Users/haolu/Software/snac/snac-1/build/include/StGermain  -I/opt/passcal/other/include/mpich-mp   -I/opt/passcal/other/include/libxml2    LineFormatter.c
mpicc-mpich-mp -pipe  -DSTG_MODULE_PATH=\"\" -DVERSION=\"0\" -DCURR_MODULE_NAME=\"StGermainBaseIO\" -Wall -g     -c -o /Users/haolu/Software/snac/snac-1/build/tmp/lib-libStGermainBaseIO/RankFormatter.o -I/Users/haolu/Software/snac/snac-1/build/include   -I/Users/haolu/Software/snac/snac-1/build/include/StGermain  -I/opt/passcal/other/include/mpich-mp   -I/opt/passcal/other/include/libxml2    RankFormatter.c
mpicc-mpich-mp -pipe  -DSTG_MODULE_PATH=\"\" -DVERSION=\"0\" -DCURR_MODULE_NAME=\"StGermainBaseIO\" -Wall -g     -c -o /Users/haolu/Software/snac/snac-1/build/tmp/lib-libStGermainBaseIO/IndentFormatter.o -I/Users/haolu/Software/snac/snac-1/build/include   -I/Users/haolu/Software/snac/snac-1/build/include/StGermain  -I/opt/passcal/other/include/mpich-mp   -I/opt/passcal/other/include/libxml2    IndentFormatter.c
mpicc-mpich-mp -pipe  -DSTG_MODULE_PATH=\"\" -DVERSION=\"0\" -DCURR_MODULE_NAME=\"StGermainBaseIO\" -Wall -g     -c -o /Users/haolu/Software/snac/snac-1/build/tmp/lib-libStGermainBaseIO/PathUtils.o -I/Users/haolu/Software/snac/snac-1/build/include   -I/Users/haolu/Software/snac/snac-1/build/include/StGermain  -I/opt/passcal/other/include/mpich-mp   -I/opt/passcal/other/include/libxml2    PathUtils.c
mpicc-mpich-mp -pipe  -DSTG_MODULE_PATH=\"\" -DVERSION=\"0\" -DCURR_MODULE_NAME=\"StGermainBaseIO\" -Wall -g     -c -o /Users/haolu/Software/snac/snac-1/build/tmp/lib-libStGermainBaseIO/Finalise.o -I/Users/haolu/Software/snac/snac-1/build/include   -I/Users/haolu/Software/snac/snac-1/build/include/StGermain  -I/opt/passcal/other/include/mpich-mp   -I/opt/passcal/other/include/libxml2    Finalise.c
mpicc-mpich-mp -pipe  -DSTG_MODULE_PATH=\"\" -DVERSION=\"0\" -DCURR_MODULE_NAME=\"StGermainBaseIO\" -Wall -g     -c -o /Users/haolu/Software/snac/snac-1/build/tmp/lib-libStGermainBaseIO/shortcuts.o -I/Users/haolu/Software/snac/snac-1/build/include   -I/Users/haolu/Software/snac/snac-1/build/include/StGermain  -I/opt/passcal/other/include/mpich-mp   -I/opt/passcal/other/include/libxml2    shortcuts.c
ar -cru /Users/haolu/Software/snac/snac-1/build/tmp/lib-libStGermainBaseIO.a/libStGermainBaseIO.a. /Users/haolu/Software/snac/snac-1/build/tmp/lib-libStGermainBaseIO/Init.o /Users/haolu/Software/snac/snac-1/build/tmp/lib-libStGermainBaseIO/Dictionary.o /Users/haolu/Software/snac/snac-1/build/tmp/lib-libStGermainBaseIO/Dictionary_Entry.o /Users/haolu/Software/snac/snac-1/build/tmp/lib-libStGermainBaseIO/Dictionary_Entry_Value.o /Users/haolu/Software/snac/snac-1/build/tmp/lib-libStGermainBaseIO/IO_Handler.o /Users/haolu/Software/snac/snac-1/build/tmp/lib-libStGermainBaseIO/XML_IO_Handler.o /Users/haolu/Software/snac/snac-1/build/tmp/lib-libStGermainBaseIO/Journal.o /Users/haolu/Software/snac/snac-1/build/tmp/lib-libStGermainBaseIO/JournalFile.o /Users/haolu/Software/snac/snac-1/build/tmp/lib-libStGermainBaseIO/CFile.o /Users/haolu/Software/snac/snac-1/build/tmp/lib-libStGermainBaseIO/MPIFile.o /Users/haolu/Software/snac/snac-1/build/tmp/lib-libStGermainBaseIO/Stream.o /Users/haolu/Software/snac/snac-1/build/tmp/lib-libStGermainBaseIO/CStream.o /Users/haolu/Software/snac/snac-1/build/tmp/lib-libStGermainBaseIO/MPIStream.o /Users/haolu/Software/snac/snac-1/build/tmp/lib-libStGermainBaseIO/StreamFormatter.o /Users/haolu/Software/snac/snac-1/build/tmp/lib-libStGermainBaseIO/LineFormatter.o /Users/haolu/Software/snac/snac-1/build/tmp/lib-libStGermainBaseIO/RankFormatter.o /Users/haolu/Software/snac/snac-1/build/tmp/lib-libStGermainBaseIO/IndentFormatter.o /Users/haolu/Software/snac/snac-1/build/tmp/lib-libStGermainBaseIO/PathUtils.o /Users/haolu/Software/snac/snac-1/build/tmp/lib-libStGermainBaseIO/Finalise.o /Users/haolu/Software/snac/snac-1/build/tmp/lib-libStGermainBaseIO/shortcuts.o
/usr/bin/ranlib /Users/haolu/Software/snac/snac-1/build/tmp/lib-libStGermainBaseIO.a/libStGermainBaseIO.a.
Install name: -install_name /Users/haolu/Software/snac/snac-1/build/lib/libStGermainBaseIO.dylib
mpicc-mpich-mp -pipe  -DSTG_MODULE_PATH=\"\" -DVERSION=\"0\" -DCURR_MODULE_NAME=\"StGermainBaseIO\" -Wall -g    -o /Users/haolu/Software/snac/snac-1/build/tmp/lib-libStGermainBaseIO.dylib/libStGermainBaseIO.dylib. -dynamiclib -flat_namespace -undefined suppress -single_module  /Users/haolu/Software/snac/snac-1/build/tmp/lib-libStGermainBaseIO/Init.o /Users/haolu/Software/snac/snac-1/build/tmp/lib-libStGermainBaseIO/Dictionary.o /Users/haolu/Software/snac/snac-1/build/tmp/lib-libStGermainBaseIO/Dictionary_Entry.o /Users/haolu/Software/snac/snac-1/build/tmp/lib-libStGermainBaseIO/Dictionary_Entry_Value.o /Users/haolu/Software/snac/snac-1/build/tmp/lib-libStGermainBaseIO/IO_Handler.o /Users/haolu/Software/snac/snac-1/build/tmp/lib-libStGermainBaseIO/XML_IO_Handler.o /Users/haolu/Software/snac/snac-1/build/tmp/lib-libStGermainBaseIO/Journal.o /Users/haolu/Software/snac/snac-1/build/tmp/lib-libStGermainBaseIO/JournalFile.o /Users/haolu/Software/snac/snac-1/build/tmp/lib-libStGermainBaseIO/CFile.o /Users/haolu/Software/snac/snac-1/build/tmp/lib-libStGermainBaseIO/MPIFile.o /Users/haolu/Software/snac/snac-1/build/tmp/lib-libStGermainBaseIO/Stream.o /Users/haolu/Software/snac/snac-1/build/tmp/lib-libStGermainBaseIO/CStream.o /Users/haolu/Software/snac/snac-1/build/tmp/lib-libStGermainBaseIO/MPIStream.o /Users/haolu/Software/snac/snac-1/build/tmp/lib-libStGermainBaseIO/StreamFormatter.o /Users/haolu/Software/snac/snac-1/build/tmp/lib-libStGermainBaseIO/LineFormatter.o /Users/haolu/Software/snac/snac-1/build/tmp/lib-libStGermainBaseIO/RankFormatter.o /Users/haolu/Software/snac/snac-1/build/tmp/lib-libStGermainBaseIO/IndentFormatter.o /Users/haolu/Software/snac/snac-1/build/tmp/lib-libStGermainBaseIO/PathUtils.o /Users/haolu/Software/snac/snac-1/build/tmp/lib-libStGermainBaseIO/Finalise.o /Users/haolu/Software/snac/snac-1/build/tmp/lib-libStGermainBaseIO/shortcuts.o  -L/Users/haolu/Software/snac/snac-1/build/lib   -L/Users/haolu/Software/snac/snac-1/build/lib -lStGermainBaseFoundation   -L/Users/haolu/Software/snac/snac-1/build/lib -lmpich -L/opt/passcal/other/lib/mpich-mp -lmpich  -L/sw/lib    -L/opt/passcal/other/lib -lxml2 -lz -lpthread -liconv -lm          -install_name /Users/haolu/Software/snac/snac-1/build/lib/libStGermainBaseIO.dylib
ld: warning: directory not found for option '-L/sw/lib'
mpicc-mpich-mp -pipe  -DVERSION=\"0\" -Wall -g  -DCURR_MODULE_NAME=\"libStGermainBaseIO\"   -c -o /Users/haolu/Software/snac/snac-1/build/tmp/test-libStGermainBaseIO/BTreeWrappers.o -I/Users/haolu/Software/snac/snac-1/build/include   -I/Users/haolu/Software/snac/snac-1/build/include/StGermain   -I/opt/passcal/other/include/mpich-mp   -I/opt/passcal/other/include/libxml2      BTreeWrappers.c
mpicc-mpich-mp -pipe  -DVERSION=\"0\" -Wall -g  -DCURR_MODULE_NAME=\"libStGermainBaseIO\"   -c -o /Users/haolu/Software/snac/snac-1/build/tmp/test-libStGermainBaseIO/PtrMapWrappers.o -I/Users/haolu/Software/snac/snac-1/build/include   -I/Users/haolu/Software/snac/snac-1/build/include/StGermain   -I/opt/passcal/other/include/mpich-mp   -I/opt/passcal/other/include/libxml2      PtrMapWrappers.c
mpicc-mpich-mp -pipe  -DVERSION=\"0\" -Wall -g  -DCURR_MODULE_NAME=\"libStGermainBaseIO\"  -o /Users/haolu/Software/snac/snac-1/build/tests/testDictionary /Users/haolu/Software/snac/snac-1/build/tmp/test-libStGermainBaseIO/BTreeWrappers.o /Users/haolu/Software/snac/snac-1/build/tmp/test-libStGermainBaseIO/PtrMapWrappers.o -I/Users/haolu/Software/snac/snac-1/build/include   -I/Users/haolu/Software/snac/snac-1/build/include/StGermain   -I/opt/passcal/other/include/mpich-mp   -I/opt/passcal/other/include/libxml2      testDictionary.c   -L/Users/haolu/Software/snac/snac-1/build/lib   -L/Users/haolu/Software/snac/snac-1/build/lib -lStGermainBaseIO -lStGermainBaseFoundation   -L/Users/haolu/Software/snac/snac-1/build/lib -lmpich -L/opt/passcal/other/lib/mpich-mp -lmpich  -L/sw/lib    -L/opt/passcal/other/lib -lxml2 -lz -lpthread -liconv -lm   -lm -lmx            
ld: warning: directory not found for option '-L/sw/lib'
mpicc-mpich-mp -pipe  -DVERSION=\"0\" -Wall -g  -DCURR_MODULE_NAME=\"libStGermainBaseIO\"  -o /Users/haolu/Software/snac/snac-1/build/tests/testDictionary-merge /Users/haolu/Software/snac/snac-1/build/tmp/test-libStGermainBaseIO/BTreeWrappers.o /Users/haolu/Software/snac/snac-1/build/tmp/test-libStGermainBaseIO/PtrMapWrappers.o -I/Users/haolu/Software/snac/snac-1/build/include   -I/Users/haolu/Software/snac/snac-1/build/include/StGermain   -I/opt/passcal/other/include/mpich-mp   -I/opt/passcal/other/include/libxml2      testDictionary-merge.c   -L/Users/haolu/Software/snac/snac-1/build/lib   -L/Users/haolu/Software/snac/snac-1/build/lib -lStGermainBaseIO -lStGermainBaseFoundation   -L/Users/haolu/Software/snac/snac-1/build/lib -lmpich -L/opt/passcal/other/lib/mpich-mp -lmpich  -L/sw/lib    -L/opt/passcal/other/lib -lxml2 -lz -lpthread -liconv -lm   -lm -lmx            
ld: warning: directory not found for option '-L/sw/lib'
mpicc-mpich-mp -pipe  -DVERSION=\"0\" -Wall -g  -DCURR_MODULE_NAME=\"libStGermainBaseIO\"  -o /Users/haolu/Software/snac/snac-1/build/tests/testDictionary-commandLine /Users/haolu/Software/snac/snac-1/build/tmp/test-libStGermainBaseIO/BTreeWrappers.o /Users/haolu/Software/snac/snac-1/build/tmp/test-libStGermainBaseIO/PtrMapWrappers.o -I/Users/haolu/Software/snac/snac-1/build/include   -I/Users/haolu/Software/snac/snac-1/build/include/StGermain   -I/opt/passcal/other/include/mpich-mp   -I/opt/passcal/other/include/libxml2      testDictionary-commandLine.c   -L/Users/haolu/Software/snac/snac-1/build/lib   -L/Users/haolu/Software/snac/snac-1/build/lib -lStGermainBaseIO -lStGermainBaseFoundation   -L/Users/haolu/Software/snac/snac-1/build/lib -lmpich -L/opt/passcal/other/lib/mpich-mp -lmpich  -L/sw/lib    -L/opt/passcal/other/lib -lxml2 -lz -lpthread -liconv -lm   -lm -lmx            
ld: warning: directory not found for option '-L/sw/lib'
mpicc-mpich-mp -pipe  -DVERSION=\"0\" -Wall -g  -DCURR_MODULE_NAME=\"libStGermainBaseIO\"  -o /Users/haolu/Software/snac/snac-1/build/tests/testDictionary-shortcuts /Users/haolu/Software/snac/snac-1/build/tmp/test-libStGermainBaseIO/BTreeWrappers.o /Users/haolu/Software/snac/snac-1/build/tmp/test-libStGermainBaseIO/PtrMapWrappers.o -I/Users/haolu/Software/snac/snac-1/build/include   -I/Users/haolu/Software/snac/snac-1/build/include/StGermain   -I/opt/passcal/other/include/mpich-mp   -I/opt/passcal/other/include/libxml2      testDictionary-shortcuts.c   -L/Users/haolu/Software/snac/snac-1/build/lib   -L/Users/haolu/Software/snac/snac-1/build/lib -lStGermainBaseIO -lStGermainBaseFoundation   -L/Users/haolu/Software/snac/snac-1/build/lib -lmpich -L/opt/passcal/other/lib/mpich-mp -lmpich  -L/sw/lib    -L/opt/passcal/other/lib -lxml2 -lz -lpthread -liconv -lm   -lm -lmx            
ld: warning: directory not found for option '-L/sw/lib'
mpicc-mpich-mp -pipe  -DVERSION=\"0\" -Wall -g  -DCURR_MODULE_NAME=\"libStGermainBaseIO\"  -o /Users/haolu/Software/snac/snac-1/build/tests/testIO_Handler-file_sanity /Users/haolu/Software/snac/snac-1/build/tmp/test-libStGermainBaseIO/BTreeWrappers.o /Users/haolu/Software/snac/snac-1/build/tmp/test-libStGermainBaseIO/PtrMapWrappers.o -I/Users/haolu/Software/snac/snac-1/build/include   -I/Users/haolu/Software/snac/snac-1/build/include/StGermain   -I/opt/passcal/other/include/mpich-mp   -I/opt/passcal/other/include/libxml2      testIO_Handler-file_sanity.c   -L/Users/haolu/Software/snac/snac-1/build/lib   -L/Users/haolu/Software/snac/snac-1/build/lib -lStGermainBaseIO -lStGermainBaseFoundation   -L/Users/haolu/Software/snac/snac-1/build/lib -lmpich -L/opt/passcal/other/lib/mpich-mp -lmpich  -L/sw/lib    -L/opt/passcal/other/lib -lxml2 -lz -lpthread -liconv -lm   -lm -lmx            
ld: warning: directory not found for option '-L/sw/lib'
mpicc-mpich-mp -pipe  -DVERSION=\"0\" -Wall -g  -DCURR_MODULE_NAME=\"libStGermainBaseIO\"  -o /Users/haolu/Software/snac/snac-1/build/tests/testIO_Handler-normal /Users/haolu/Software/snac/snac-1/build/tmp/test-libStGermainBaseIO/BTreeWrappers.o /Users/haolu/Software/snac/snac-1/build/tmp/test-libStGermainBaseIO/PtrMapWrappers.o -I/Users/haolu/Software/snac/snac-1/build/include   -I/Users/haolu/Software/snac/snac-1/build/include/StGermain   -I/opt/passcal/other/include/mpich-mp   -I/opt/passcal/other/include/libxml2      testIO_Handler-normal.c   -L/Users/haolu/Software/snac/snac-1/build/lib   -L/Users/haolu/Software/snac/snac-1/build/lib -lStGermainBaseIO -lStGermainBaseFoundation   -L/Users/haolu/Software/snac/snac-1/build/lib -lmpich -L/opt/passcal/other/lib/mpich-mp -lmpich  -L/sw/lib    -L/opt/passcal/other/lib -lxml2 -lz -lpthread -liconv -lm   -lm -lmx            
ld: warning: directory not found for option '-L/sw/lib'
mpicc-mpich-mp -pipe  -DVERSION=\"0\" -Wall -g  -DCURR_MODULE_NAME=\"libStGermainBaseIO\"  -o /Users/haolu/Software/snac/snac-1/build/tests/testIO_Handler-raw_data /Users/haolu/Software/snac/snac-1/build/tmp/test-libStGermainBaseIO/BTreeWrappers.o /Users/haolu/Software/snac/snac-1/build/tmp/test-libStGermainBaseIO/PtrMapWrappers.o -I/Users/haolu/Software/snac/snac-1/build/include   -I/Users/haolu/Software/snac/snac-1/build/include/StGermain   -I/opt/passcal/other/include/mpich-mp   -I/opt/passcal/other/include/libxml2      testIO_Handler-raw_data.c   -L/Users/haolu/Software/snac/snac-1/build/lib   -L/Users/haolu/Software/snac/snac-1/build/lib -lStGermainBaseIO -lStGermainBaseFoundation   -L/Users/haolu/Software/snac/snac-1/build/lib -lmpich -L/opt/passcal/other/lib/mpich-mp -lmpich  -L/sw/lib    -L/opt/passcal/other/lib -lxml2 -lz -lpthread -liconv -lm   -lm -lmx            
ld: warning: directory not found for option '-L/sw/lib'
mpicc-mpich-mp -pipe  -DVERSION=\"0\" -Wall -g  -DCURR_MODULE_NAME=\"libStGermainBaseIO\"  -o /Users/haolu/Software/snac/snac-1/build/tests/testIO_Handler-duplicate /Users/haolu/Software/snac/snac-1/build/tmp/test-libStGermainBaseIO/BTreeWrappers.o /Users/haolu/Software/snac/snac-1/build/tmp/test-libStGermainBaseIO/PtrMapWrappers.o -I/Users/haolu/Software/snac/snac-1/build/include   -I/Users/haolu/Software/snac/snac-1/build/include/StGermain   -I/opt/passcal/other/include/mpich-mp   -I/opt/passcal/other/include/libxml2      testIO_Handler-duplicate.c   -L/Users/haolu/Software/snac/snac-1/build/lib   -L/Users/haolu/Software/snac/snac-1/build/lib -lStGermainBaseIO -lStGermainBaseFoundation   -L/Users/haolu/Software/snac/snac-1/build/lib -lmpich -L/opt/passcal/other/lib/mpich-mp -lmpich  -L/sw/lib    -L/opt/passcal/other/lib -lxml2 -lz -lpthread -liconv -lm   -lm -lmx            
ld: warning: directory not found for option '-L/sw/lib'
mpicc-mpich-mp -pipe  -DVERSION=\"0\" -Wall -g  -DCURR_MODULE_NAME=\"libStGermainBaseIO\"  -o /Users/haolu/Software/snac/snac-1/build/tests/testIO_Handler-commandLine /Users/haolu/Software/snac/snac-1/build/tmp/test-libStGermainBaseIO/BTreeWrappers.o /Users/haolu/Software/snac/snac-1/build/tmp/test-libStGermainBaseIO/PtrMapWrappers.o -I/Users/haolu/Software/snac/snac-1/build/include   -I/Users/haolu/Software/snac/snac-1/build/include/StGermain   -I/opt/passcal/other/include/mpich-mp   -I/opt/passcal/other/include/libxml2      testIO_Handler-commandLine.c   -L/Users/haolu/Software/snac/snac-1/build/lib   -L/Users/haolu/Software/snac/snac-1/build/lib -lStGermainBaseIO -lStGermainBaseFoundation   -L/Users/haolu/Software/snac/snac-1/build/lib -lmpich -L/opt/passcal/other/lib/mpich-mp -lmpich  -L/sw/lib    -L/opt/passcal/other/lib -lxml2 -lz -lpthread -liconv -lm   -lm -lmx            
ld: warning: directory not found for option '-L/sw/lib'
mpicc-mpich-mp -pipe  -DVERSION=\"0\" -Wall -g  -DCURR_MODULE_NAME=\"libStGermainBaseIO\"  -o /Users/haolu/Software/snac/snac-1/build/tests/testJournal /Users/haolu/Software/snac/snac-1/build/tmp/test-libStGermainBaseIO/BTreeWrappers.o /Users/haolu/Software/snac/snac-1/build/tmp/test-libStGermainBaseIO/PtrMapWrappers.o -I/Users/haolu/Software/snac/snac-1/build/include   -I/Users/haolu/Software/snac/snac-1/build/include/StGermain   -I/opt/passcal/other/include/mpich-mp   -I/opt/passcal/other/include/libxml2      testJournal.c   -L/Users/haolu/Software/snac/snac-1/build/lib   -L/Users/haolu/Software/snac/snac-1/build/lib -lStGermainBaseIO -lStGermainBaseFoundation   -L/Users/haolu/Software/snac/snac-1/build/lib -lmpich -L/opt/passcal/other/lib/mpich-mp -lmpich  -L/sw/lib    -L/opt/passcal/other/lib -lxml2 -lz -lpthread -liconv -lm   -lm -lmx            
ld: warning: directory not found for option '-L/sw/lib'
mpicc-mpich-mp -pipe  -DVERSION=\"0\" -Wall -g  -DCURR_MODULE_NAME=\"libStGermainBaseIO\"  -o /Users/haolu/Software/snac/snac-1/build/tests/testJournal1 /Users/haolu/Software/snac/snac-1/build/tmp/test-libStGermainBaseIO/BTreeWrappers.o /Users/haolu/Software/snac/snac-1/build/tmp/test-libStGermainBaseIO/PtrMapWrappers.o -I/Users/haolu/Software/snac/snac-1/build/include   -I/Users/haolu/Software/snac/snac-1/build/include/StGermain   -I/opt/passcal/other/include/mpich-mp   -I/opt/passcal/other/include/libxml2      testJournal1.c   -L/Users/haolu/Software/snac/snac-1/build/lib   -L/Users/haolu/Software/snac/snac-1/build/lib -lStGermainBaseIO -lStGermainBaseFoundation   -L/Users/haolu/Software/snac/snac-1/build/lib -lmpich -L/opt/passcal/other/lib/mpich-mp -lmpich  -L/sw/lib    -L/opt/passcal/other/lib -lxml2 -lz -lpthread -liconv -lm   -lm -lmx            
ld: warning: directory not found for option '-L/sw/lib'
mpicc-mpich-mp -pipe  -DVERSION=\"0\" -Wall -g  -DCURR_MODULE_NAME=\"libStGermainBaseIO\"  -o /Users/haolu/Software/snac/snac-1/build/tests/testJournal-Dictionary /Users/haolu/Software/snac/snac-1/build/tmp/test-libStGermainBaseIO/BTreeWrappers.o /Users/haolu/Software/snac/snac-1/build/tmp/test-libStGermainBaseIO/PtrMapWrappers.o -I/Users/haolu/Software/snac/snac-1/build/include   -I/Users/haolu/Software/snac/snac-1/build/include/StGermain   -I/opt/passcal/other/include/mpich-mp   -I/opt/passcal/other/include/libxml2      testJournal-Dictionary.c   -L/Users/haolu/Software/snac/snac-1/build/lib   -L/Users/haolu/Software/snac/snac-1/build/lib -lStGermainBaseIO -lStGermainBaseFoundation   -L/Users/haolu/Software/snac/snac-1/build/lib -lmpich -L/opt/passcal/other/lib/mpich-mp -lmpich  -L/sw/lib    -L/opt/passcal/other/lib -lxml2 -lz -lpthread -liconv -lm   -lm -lmx            
ld: warning: directory not found for option '-L/sw/lib'
mpicc-mpich-mp -pipe  -DVERSION=\"0\" -Wall -g  -DCURR_MODULE_NAME=\"libStGermainBaseIO\"  -o /Users/haolu/Software/snac/snac-1/build/tests/testJournal-Firewall /Users/haolu/Software/snac/snac-1/build/tmp/test-libStGermainBaseIO/BTreeWrappers.o /Users/haolu/Software/snac/snac-1/build/tmp/test-libStGermainBaseIO/PtrMapWrappers.o -I/Users/haolu/Software/snac/snac-1/build/include   -I/Users/haolu/Software/snac/snac-1/build/include/StGermain   -I/opt/passcal/other/include/mpich-mp   -I/opt/passcal/other/include/libxml2      testJournal-Firewall.c   -L/Users/haolu/Software/snac/snac-1/build/lib   -L/Users/haolu/Software/snac/snac-1/build/lib -lStGermainBaseIO -lStGermainBaseFoundation   -L/Users/haolu/Software/snac/snac-1/build/lib -lmpich -L/opt/passcal/other/lib/mpich-mp -lmpich  -L/sw/lib    -L/opt/passcal/other/lib -lxml2 -lz -lpthread -liconv -lm   -lm -lmx            
ld: warning: directory not found for option '-L/sw/lib'
mpicc-mpich-mp -pipe  -DVERSION=\"0\" -Wall -g  -DCURR_MODULE_NAME=\"libStGermainBaseIO\"  -o /Users/haolu/Software/snac/snac-1/build/tests/testRankFormatter /Users/haolu/Software/snac/snac-1/build/tmp/test-libStGermainBaseIO/BTreeWrappers.o /Users/haolu/Software/snac/snac-1/build/tmp/test-libStGermainBaseIO/PtrMapWrappers.o -I/Users/haolu/Software/snac/snac-1/build/include   -I/Users/haolu/Software/snac/snac-1/build/include/StGermain   -I/opt/passcal/other/include/mpich-mp   -I/opt/passcal/other/include/libxml2      testRankFormatter.c   -L/Users/haolu/Software/snac/snac-1/build/lib   -L/Users/haolu/Software/snac/snac-1/build/lib -lStGermainBaseIO -lStGermainBaseFoundation   -L/Users/haolu/Software/snac/snac-1/build/lib -lmpich -L/opt/passcal/other/lib/mpich-mp -lmpich  -L/sw/lib    -L/opt/passcal/other/lib -lxml2 -lz -lpthread -liconv -lm   -lm -lmx            
ld: warning: directory not found for option '-L/sw/lib'
mpicc-mpich-mp -pipe  -DVERSION=\"0\" -Wall -g  -DCURR_MODULE_NAME=\"libStGermainBaseIO\"  -o /Users/haolu/Software/snac/snac-1/build/tests/testPathUtils /Users/haolu/Software/snac/snac-1/build/tmp/test-libStGermainBaseIO/BTreeWrappers.o /Users/haolu/Software/snac/snac-1/build/tmp/test-libStGermainBaseIO/PtrMapWrappers.o -I/Users/haolu/Software/snac/snac-1/build/include   -I/Users/haolu/Software/snac/snac-1/build/include/StGermain   -I/opt/passcal/other/include/mpich-mp   -I/opt/passcal/other/include/libxml2      testPathUtils.c   -L/Users/haolu/Software/snac/snac-1/build/lib   -L/Users/haolu/Software/snac/snac-1/build/lib -lStGermainBaseIO -lStGermainBaseFoundation   -L/Users/haolu/Software/snac/snac-1/build/lib -lmpich -L/opt/passcal/other/lib/mpich-mp -lmpich  -L/sw/lib    -L/opt/passcal/other/lib -lxml2 -lz -lpthread -liconv -lm   -lm -lmx            
ld: warning: directory not found for option '-L/sw/lib'
mpicc-mpich-mp -pipe  -DVERSION=\"0\" -Wall -g  -DCURR_MODULE_NAME=\"libStGermainBaseIO\"  -o /Users/haolu/Software/snac/snac-1/build/tests/testJournalShortcuts /Users/haolu/Software/snac/snac-1/build/tmp/test-libStGermainBaseIO/BTreeWrappers.o /Users/haolu/Software/snac/snac-1/build/tmp/test-libStGermainBaseIO/PtrMapWrappers.o -I/Users/haolu/Software/snac/snac-1/build/include   -I/Users/haolu/Software/snac/snac-1/build/include/StGermain   -I/opt/passcal/other/include/mpich-mp   -I/opt/passcal/other/include/libxml2      testJournalShortcuts.c   -L/Users/haolu/Software/snac/snac-1/build/lib   -L/Users/haolu/Software/snac/snac-1/build/lib -lStGermainBaseIO -lStGermainBaseFoundation   -L/Users/haolu/Software/snac/snac-1/build/lib -lmpich -L/opt/passcal/other/lib/mpich-mp -lmpich  -L/sw/lib    -L/opt/passcal/other/lib -lxml2 -lz -lpthread -liconv -lm   -lm -lmx            
ld: warning: directory not found for option '-L/sw/lib'
mpicc-mpich-mp -pipe  -DVERSION=\"0\" -Wall -g  -DCURR_MODULE_NAME=\"libStGermainBaseIO\"  -o /Users/haolu/Software/snac/snac-1/build/tests/testMPIStream /Users/haolu/Software/snac/snac-1/build/tmp/test-libStGermainBaseIO/BTreeWrappers.o /Users/haolu/Software/snac/snac-1/build/tmp/test-libStGermainBaseIO/PtrMapWrappers.o -I/Users/haolu/Software/snac/snac-1/build/include   -I/Users/haolu/Software/snac/snac-1/build/include/StGermain   -I/opt/passcal/other/include/mpich-mp   -I/opt/passcal/other/include/libxml2      testMPIStream.c   -L/Users/haolu/Software/snac/snac-1/build/lib   -L/Users/haolu/Software/snac/snac-1/build/lib -lStGermainBaseIO -lStGermainBaseFoundation   -L/Users/haolu/Software/snac/snac-1/build/lib -lmpich -L/opt/passcal/other/lib/mpich-mp -lmpich  -L/sw/lib    -L/opt/passcal/other/lib -lxml2 -lz -lpthread -liconv -lm   -lm -lmx            
ld: warning: directory not found for option '-L/sw/lib'
rm /Users/haolu/Software/snac/snac-1/build/tmp/test-libStGermainBaseIO/BTreeWrappers.o /Users/haolu/Software/snac/snac-1/build/tmp/test-libStGermainBaseIO/PtrMapWrappers.o
make[5]: Nothing to be done for `all_build'.
mpicc-mpich-mp -pipe  -DVERSION=\"0\" -DCURR_MODULE_NAME=\"StGermainBaseContainer\" -Wall -g   -DSYSTEM_SIZEOF_LONG=8   -c -o /Users/haolu/Software/snac/snac-1/build/tmp/lib-libStGermainBaseContainer/MPIRoutines.o -I/Users/haolu/Software/snac/snac-1/build/include   -I/Users/haolu/Software/snac/snac-1/build/include/StGermain -I/opt/passcal/other/include/mpich-mp -I/opt/passcal/other/include/libxml2   MPIRoutines.c
mpicc-mpich-mp -pipe  -DVERSION=\"0\" -DCURR_MODULE_NAME=\"StGermainBaseContainer\" -Wall -g   -DSYSTEM_SIZEOF_LONG=8   -c -o /Users/haolu/Software/snac/snac-1/build/tmp/lib-libStGermainBaseContainer/IndexSet.o -I/Users/haolu/Software/snac/snac-1/build/include   -I/Users/haolu/Software/snac/snac-1/build/include/StGermain -I/opt/passcal/other/include/mpich-mp -I/opt/passcal/other/include/libxml2   IndexSet.c
mpicc-mpich-mp -pipe  -DVERSION=\"0\" -DCURR_MODULE_NAME=\"StGermainBaseContainer\" -Wall -g   -DSYSTEM_SIZEOF_LONG=8   -c -o /Users/haolu/Software/snac/snac-1/build/tmp/lib-libStGermainBaseContainer/PtrMap.o -I/Users/haolu/Software/snac/snac-1/build/include   -I/Users/haolu/Software/snac/snac-1/build/include/StGermain -I/opt/passcal/other/include/mpich-mp -I/opt/passcal/other/include/libxml2   PtrMap.c
mpicc-mpich-mp -pipe  -DVERSION=\"0\" -DCURR_MODULE_NAME=\"StGermainBaseContainer\" -Wall -g   -DSYSTEM_SIZEOF_LONG=8   -c -o /Users/haolu/Software/snac/snac-1/build/tmp/lib-libStGermainBaseContainer/IndexMap.o -I/Users/haolu/Software/snac/snac-1/build/include   -I/Users/haolu/Software/snac/snac-1/build/include/StGermain -I/opt/passcal/other/include/mpich-mp -I/opt/passcal/other/include/libxml2   IndexMap.c
mpicc-mpich-mp -pipe  -DVERSION=\"0\" -DCURR_MODULE_NAME=\"StGermainBaseContainer\" -Wall -g   -DSYSTEM_SIZEOF_LONG=8   -c -o /Users/haolu/Software/snac/snac-1/build/tmp/lib-libStGermainBaseContainer/List.o -I/Users/haolu/Software/snac/snac-1/build/include   -I/Users/haolu/Software/snac/snac-1/build/include/StGermain -I/opt/passcal/other/include/mpich-mp -I/opt/passcal/other/include/libxml2   List.c
mpicc-mpich-mp -pipe  -DVERSION=\"0\" -DCURR_MODULE_NAME=\"StGermainBaseContainer\" -Wall -g   -DSYSTEM_SIZEOF_LONG=8   -c -o /Users/haolu/Software/snac/snac-1/build/tmp/lib-libStGermainBaseContainer/Array.o -I/Users/haolu/Software/snac/snac-1/build/include   -I/Users/haolu/Software/snac/snac-1/build/include/StGermain -I/opt/passcal/other/include/mpich-mp -I/opt/passcal/other/include/libxml2   Array.c
mpicc-mpich-mp -pipe  -DVERSION=\"0\" -DCURR_MODULE_NAME=\"StGermainBaseContainer\" -Wall -g   -DSYSTEM_SIZEOF_LONG=8   -c -o /Users/haolu/Software/snac/snac-1/build/tmp/lib-libStGermainBaseContainer/UniqueList.o -I/Users/haolu/Software/snac/snac-1/build/include   -I/Users/haolu/Software/snac/snac-1/build/include/StGermain -I/opt/passcal/other/include/mpich-mp -I/opt/passcal/other/include/libxml2   UniqueList.c
mpicc-mpich-mp -pipe  -DVERSION=\"0\" -DCURR_MODULE_NAME=\"StGermainBaseContainer\" -Wall -g   -DSYSTEM_SIZEOF_LONG=8   -c -o /Users/haolu/Software/snac/snac-1/build/tmp/lib-libStGermainBaseContainer/BTreeNode.o -I/Users/haolu/Software/snac/snac-1/build/include   -I/Users/haolu/Software/snac/snac-1/build/include/StGermain -I/opt/passcal/other/include/mpich-mp -I/opt/passcal/other/include/libxml2   BTreeNode.c
mpicc-mpich-mp -pipe  -DVERSION=\"0\" -DCURR_MODULE_NAME=\"StGermainBaseContainer\" -Wall -g   -DSYSTEM_SIZEOF_LONG=8   -c -o /Users/haolu/Software/snac/snac-1/build/tmp/lib-libStGermainBaseContainer/BTree.o -I/Users/haolu/Software/snac/snac-1/build/include   -I/Users/haolu/Software/snac/snac-1/build/include/StGermain -I/opt/passcal/other/include/mpich-mp -I/opt/passcal/other/include/libxml2   BTree.c
mpicc-mpich-mp -pipe  -DVERSION=\"0\" -DCURR_MODULE_NAME=\"StGermainBaseContainer\" -Wall -g   -DSYSTEM_SIZEOF_LONG=8   -c -o /Users/haolu/Software/snac/snac-1/build/tmp/lib-libStGermainBaseContainer/BTreeIterator.o -I/Users/haolu/Software/snac/snac-1/build/include   -I/Users/haolu/Software/snac/snac-1/build/include/StGermain -I/opt/passcal/other/include/mpich-mp -I/opt/passcal/other/include/libxml2   BTreeIterator.c
mpicc-mpich-mp -pipe  -DVERSION=\"0\" -DCURR_MODULE_NAME=\"StGermainBaseContainer\" -Wall -g   -DSYSTEM_SIZEOF_LONG=8   -c -o /Users/haolu/Software/snac/snac-1/build/tmp/lib-libStGermainBaseContainer/UIntMap.o -I/Users/haolu/Software/snac/snac-1/build/include   -I/Users/haolu/Software/snac/snac-1/build/include/StGermain -I/opt/passcal/other/include/mpich-mp -I/opt/passcal/other/include/libxml2   UIntMap.c
mpicc-mpich-mp -pipe  -DVERSION=\"0\" -DCURR_MODULE_NAME=\"StGermainBaseContainer\" -Wall -g   -DSYSTEM_SIZEOF_LONG=8   -c -o /Users/haolu/Software/snac/snac-1/build/tmp/lib-libStGermainBaseContainer/RangeSet.o -I/Users/haolu/Software/snac/snac-1/build/include   -I/Users/haolu/Software/snac/snac-1/build/include/StGermain -I/opt/passcal/other/include/mpich-mp -I/opt/passcal/other/include/libxml2   RangeSet.c
mpicc-mpich-mp -pipe  -DVERSION=\"0\" -DCURR_MODULE_NAME=\"StGermainBaseContainer\" -Wall -g   -DSYSTEM_SIZEOF_LONG=8   -c -o /Users/haolu/Software/snac/snac-1/build/tmp/lib-libStGermainBaseContainer/LinkedListNode.o -I/Users/haolu/Software/snac/snac-1/build/include   -I/Users/haolu/Software/snac/snac-1/build/include/StGermain -I/opt/passcal/other/include/mpich-mp -I/opt/passcal/other/include/libxml2   LinkedListNode.c
mpicc-mpich-mp -pipe  -DVERSION=\"0\" -DCURR_MODULE_NAME=\"StGermainBaseContainer\" -Wall -g   -DSYSTEM_SIZEOF_LONG=8   -c -o /Users/haolu/Software/snac/snac-1/build/tmp/lib-libStGermainBaseContainer/LinkedList.o -I/Users/haolu/Software/snac/snac-1/build/include   -I/Users/haolu/Software/snac/snac-1/build/include/StGermain -I/opt/passcal/other/include/mpich-mp -I/opt/passcal/other/include/libxml2   LinkedList.c
mpicc-mpich-mp -pipe  -DVERSION=\"0\" -DCURR_MODULE_NAME=\"StGermainBaseContainer\" -Wall -g   -DSYSTEM_SIZEOF_LONG=8   -c -o /Users/haolu/Software/snac/snac-1/build/tmp/lib-libStGermainBaseContainer/LinkedListIterator.o -I/Users/haolu/Software/snac/snac-1/build/include   -I/Users/haolu/Software/snac/snac-1/build/include/StGermain -I/opt/passcal/other/include/mpich-mp -I/opt/passcal/other/include/libxml2   LinkedListIterator.c
mpicc-mpich-mp -pipe  -DVERSION=\"0\" -DCURR_MODULE_NAME=\"StGermainBaseContainer\" -Wall -g   -DSYSTEM_SIZEOF_LONG=8   -c -o /Users/haolu/Software/snac/snac-1/build/tmp/lib-libStGermainBaseContainer/HashTable.o -I/Users/haolu/Software/snac/snac-1/build/include   -I/Users/haolu/Software/snac/snac-1/build/include/StGermain -I/opt/passcal/other/include/mpich-mp -I/opt/passcal/other/include/libxml2   HashTable.c
mpicc-mpich-mp -pipe  -DVERSION=\"0\" -DCURR_MODULE_NAME=\"StGermainBaseContainer\" -Wall -g   -DSYSTEM_SIZEOF_LONG=8   -c -o /Users/haolu/Software/snac/snac-1/build/tmp/lib-libStGermainBaseContainer/Set.o -I/Users/haolu/Software/snac/snac-1/build/include   -I/Users/haolu/Software/snac/snac-1/build/include/StGermain -I/opt/passcal/other/include/mpich-mp -I/opt/passcal/other/include/libxml2   Set.c
mpicc-mpich-mp -pipe  -DVERSION=\"0\" -DCURR_MODULE_NAME=\"StGermainBaseContainer\" -Wall -g   -DSYSTEM_SIZEOF_LONG=8   -c -o /Users/haolu/Software/snac/snac-1/build/tmp/lib-libStGermainBaseContainer/PtrSet.o -I/Users/haolu/Software/snac/snac-1/build/include   -I/Users/haolu/Software/snac/snac-1/build/include/StGermain -I/opt/passcal/other/include/mpich-mp -I/opt/passcal/other/include/libxml2   PtrSet.c
mpicc-mpich-mp -pipe  -DVERSION=\"0\" -DCURR_MODULE_NAME=\"StGermainBaseContainer\" -Wall -g   -DSYSTEM_SIZEOF_LONG=8   -c -o /Users/haolu/Software/snac/snac-1/build/tmp/lib-libStGermainBaseContainer/Map.o -I/Users/haolu/Software/snac/snac-1/build/include   -I/Users/haolu/Software/snac/snac-1/build/include/StGermain -I/opt/passcal/other/include/mpich-mp -I/opt/passcal/other/include/libxml2   Map.c
mpicc-mpich-mp -pipe  -DVERSION=\"0\" -DCURR_MODULE_NAME=\"StGermainBaseContainer\" -Wall -g   -DSYSTEM_SIZEOF_LONG=8   -c -o /Users/haolu/Software/snac/snac-1/build/tmp/lib-libStGermainBaseContainer/Heap.o -I/Users/haolu/Software/snac/snac-1/build/include   -I/Users/haolu/Software/snac/snac-1/build/include/StGermain -I/opt/passcal/other/include/mpich-mp -I/opt/passcal/other/include/libxml2   Heap.c
mpicc-mpich-mp -pipe  -DVERSION=\"0\" -DCURR_MODULE_NAME=\"StGermainBaseContainer\" -Wall -g   -DSYSTEM_SIZEOF_LONG=8   -c -o /Users/haolu/Software/snac/snac-1/build/tmp/lib-libStGermainBaseContainer/MaxHeap.o -I/Users/haolu/Software/snac/snac-1/build/include   -I/Users/haolu/Software/snac/snac-1/build/include/StGermain -I/opt/passcal/other/include/mpich-mp -I/opt/passcal/other/include/libxml2   MaxHeap.c
mpicc-mpich-mp -pipe  -DVERSION=\"0\" -DCURR_MODULE_NAME=\"StGermainBaseContainer\" -Wall -g   -DSYSTEM_SIZEOF_LONG=8   -c -o /Users/haolu/Software/snac/snac-1/build/tmp/lib-libStGermainBaseContainer/MemoryPool.o -I/Users/haolu/Software/snac/snac-1/build/include   -I/Users/haolu/Software/snac/snac-1/build/include/StGermain -I/opt/passcal/other/include/mpich-mp -I/opt/passcal/other/include/libxml2   MemoryPool.c
mpicc-mpich-mp -pipe  -DVERSION=\"0\" -DCURR_MODULE_NAME=\"StGermainBaseContainer\" -Wall -g   -DSYSTEM_SIZEOF_LONG=8   -c -o /Users/haolu/Software/snac/snac-1/build/tmp/lib-libStGermainBaseContainer/Init.o -I/Users/haolu/Software/snac/snac-1/build/include   -I/Users/haolu/Software/snac/snac-1/build/include/StGermain -I/opt/passcal/other/include/mpich-mp -I/opt/passcal/other/include/libxml2   Init.c
mpicc-mpich-mp -pipe  -DVERSION=\"0\" -DCURR_MODULE_NAME=\"StGermainBaseContainer\" -Wall -g   -DSYSTEM_SIZEOF_LONG=8   -c -o /Users/haolu/Software/snac/snac-1/build/tmp/lib-libStGermainBaseContainer/Finalise.o -I/Users/haolu/Software/snac/snac-1/build/include   -I/Users/haolu/Software/snac/snac-1/build/include/StGermain -I/opt/passcal/other/include/mpich-mp -I/opt/passcal/other/include/libxml2   Finalise.c
ar -cru /Users/haolu/Software/snac/snac-1/build/tmp/lib-libStGermainBaseContainer.a/libStGermainBaseContainer.a. /Users/haolu/Software/snac/snac-1/build/tmp/lib-libStGermainBaseContainer/MPIRoutines.o /Users/haolu/Software/snac/snac-1/build/tmp/lib-libStGermainBaseContainer/IndexSet.o /Users/haolu/Software/snac/snac-1/build/tmp/lib-libStGermainBaseContainer/PtrMap.o /Users/haolu/Software/snac/snac-1/build/tmp/lib-libStGermainBaseContainer/IndexMap.o /Users/haolu/Software/snac/snac-1/build/tmp/lib-libStGermainBaseContainer/List.o /Users/haolu/Software/snac/snac-1/build/tmp/lib-libStGermainBaseContainer/Array.o /Users/haolu/Software/snac/snac-1/build/tmp/lib-libStGermainBaseContainer/UniqueList.o /Users/haolu/Software/snac/snac-1/build/tmp/lib-libStGermainBaseContainer/BTreeNode.o /Users/haolu/Software/snac/snac-1/build/tmp/lib-libStGermainBaseContainer/BTree.o /Users/haolu/Software/snac/snac-1/build/tmp/lib-libStGermainBaseContainer/BTreeIterator.o /Users/haolu/Software/snac/snac-1/build/tmp/lib-libStGermainBaseContainer/UIntMap.o /Users/haolu/Software/snac/snac-1/build/tmp/lib-libStGermainBaseContainer/RangeSet.o /Users/haolu/Software/snac/snac-1/build/tmp/lib-libStGermainBaseContainer/LinkedListNode.o /Users/haolu/Software/snac/snac-1/build/tmp/lib-libStGermainBaseContainer/LinkedList.o /Users/haolu/Software/snac/snac-1/build/tmp/lib-libStGermainBaseContainer/LinkedListIterator.o /Users/haolu/Software/snac/snac-1/build/tmp/lib-libStGermainBaseContainer/HashTable.o /Users/haolu/Software/snac/snac-1/build/tmp/lib-libStGermainBaseContainer/Set.o /Users/haolu/Software/snac/snac-1/build/tmp/lib-libStGermainBaseContainer/PtrSet.o /Users/haolu/Software/snac/snac-1/build/tmp/lib-libStGermainBaseContainer/Map.o /Users/haolu/Software/snac/snac-1/build/tmp/lib-libStGermainBaseContainer/Heap.o /Users/haolu/Software/snac/snac-1/build/tmp/lib-libStGermainBaseContainer/MaxHeap.o /Users/haolu/Software/snac/snac-1/build/tmp/lib-libStGermainBaseContainer/MemoryPool.o /Users/haolu/Software/snac/snac-1/build/tmp/lib-libStGermainBaseContainer/Init.o /Users/haolu/Software/snac/snac-1/build/tmp/lib-libStGermainBaseContainer/Finalise.o
/usr/bin/ranlib /Users/haolu/Software/snac/snac-1/build/tmp/lib-libStGermainBaseContainer.a/libStGermainBaseContainer.a.
Install name: -install_name /Users/haolu/Software/snac/snac-1/build/lib/libStGermainBaseContainer.dylib
mpicc-mpich-mp -pipe  -DVERSION=\"0\" -DCURR_MODULE_NAME=\"StGermainBaseContainer\" -Wall -g   -DSYSTEM_SIZEOF_LONG=8  -o /Users/haolu/Software/snac/snac-1/build/tmp/lib-libStGermainBaseContainer.dylib/libStGermainBaseContainer.dylib. -dynamiclib -flat_namespace -undefined suppress -single_module  /Users/haolu/Software/snac/snac-1/build/tmp/lib-libStGermainBaseContainer/MPIRoutines.o /Users/haolu/Software/snac/snac-1/build/tmp/lib-libStGermainBaseContainer/IndexSet.o /Users/haolu/Software/snac/snac-1/build/tmp/lib-libStGermainBaseContainer/PtrMap.o /Users/haolu/Software/snac/snac-1/build/tmp/lib-libStGermainBaseContainer/IndexMap.o /Users/haolu/Software/snac/snac-1/build/tmp/lib-libStGermainBaseContainer/List.o /Users/haolu/Software/snac/snac-1/build/tmp/lib-libStGermainBaseContainer/Array.o /Users/haolu/Software/snac/snac-1/build/tmp/lib-libStGermainBaseContainer/UniqueList.o /Users/haolu/Software/snac/snac-1/build/tmp/lib-libStGermainBaseContainer/BTreeNode.o /Users/haolu/Software/snac/snac-1/build/tmp/lib-libStGermainBaseContainer/BTree.o /Users/haolu/Software/snac/snac-1/build/tmp/lib-libStGermainBaseContainer/BTreeIterator.o /Users/haolu/Software/snac/snac-1/build/tmp/lib-libStGermainBaseContainer/UIntMap.o /Users/haolu/Software/snac/snac-1/build/tmp/lib-libStGermainBaseContainer/RangeSet.o /Users/haolu/Software/snac/snac-1/build/tmp/lib-libStGermainBaseContainer/LinkedListNode.o /Users/haolu/Software/snac/snac-1/build/tmp/lib-libStGermainBaseContainer/LinkedList.o /Users/haolu/Software/snac/snac-1/build/tmp/lib-libStGermainBaseContainer/LinkedListIterator.o /Users/haolu/Software/snac/snac-1/build/tmp/lib-libStGermainBaseContainer/HashTable.o /Users/haolu/Software/snac/snac-1/build/tmp/lib-libStGermainBaseContainer/Set.o /Users/haolu/Software/snac/snac-1/build/tmp/lib-libStGermainBaseContainer/PtrSet.o /Users/haolu/Software/snac/snac-1/build/tmp/lib-libStGermainBaseContainer/Map.o /Users/haolu/Software/snac/snac-1/build/tmp/lib-libStGermainBaseContainer/Heap.o /Users/haolu/Software/snac/snac-1/build/tmp/lib-libStGermainBaseContainer/MaxHeap.o /Users/haolu/Software/snac/snac-1/build/tmp/lib-libStGermainBaseContainer/MemoryPool.o /Users/haolu/Software/snac/snac-1/build/tmp/lib-libStGermainBaseContainer/Init.o /Users/haolu/Software/snac/snac-1/build/tmp/lib-libStGermainBaseContainer/Finalise.o  -L/Users/haolu/Software/snac/snac-1/build/lib   -L/Users/haolu/Software/snac/snac-1/build/lib -lStGermainBaseIO    -install_name /Users/haolu/Software/snac/snac-1/build/lib/libStGermainBaseContainer.dylib
mpicc-mpich-mp -pipe  -DVERSION=\"0\" -Wall -g  -DCURR_MODULE_NAME=\"libStGermainBaseContainer\"  -o /Users/haolu/Software/snac/snac-1/build/tests/testIndexSet  -I/Users/haolu/Software/snac/snac-1/build/include   -I/Users/haolu/Software/snac/snac-1/build/include/StGermain  -I/opt/passcal/other/include/mpich-mp   -I/opt/passcal/other/include/libxml2      testIndexSet.c   -L/Users/haolu/Software/snac/snac-1/build/lib   -L/Users/haolu/Software/snac/snac-1/build/lib -lStGermainBaseContainer -lStGermainBaseIO -lStGermainBaseFoundation   -L/Users/haolu/Software/snac/snac-1/build/lib -lmpich -L/opt/passcal/other/lib/mpich-mp -lmpich  -L/sw/lib    -L/opt/passcal/other/lib -lxml2 -lz -lpthread -liconv -lm   -lm -lmx            
ld: warning: directory not found for option '-L/sw/lib'
mpicc-mpich-mp -pipe  -DVERSION=\"0\" -Wall -g  -DCURR_MODULE_NAME=\"libStGermainBaseContainer\"  -o /Users/haolu/Software/snac/snac-1/build/tests/testIndexSet-badAssign  -I/Users/haolu/Software/snac/snac-1/build/include   -I/Users/haolu/Software/snac/snac-1/build/include/StGermain  -I/opt/passcal/other/include/mpich-mp   -I/opt/passcal/other/include/libxml2      testIndexSet-badAssign.c   -L/Users/haolu/Software/snac/snac-1/build/lib   -L/Users/haolu/Software/snac/snac-1/build/lib -lStGermainBaseContainer -lStGermainBaseIO -lStGermainBaseFoundation   -L/Users/haolu/Software/snac/snac-1/build/lib -lmpich -L/opt/passcal/other/lib/mpich-mp -lmpich  -L/sw/lib    -L/opt/passcal/other/lib -lxml2 -lz -lpthread -liconv -lm   -lm -lmx            
ld: warning: directory not found for option '-L/sw/lib'
mpicc-mpich-mp -pipe  -DVERSION=\"0\" -Wall -g  -DCURR_MODULE_NAME=\"libStGermainBaseContainer\"  -o /Users/haolu/Software/snac/snac-1/build/tests/testIndexSet-badAccess  -I/Users/haolu/Software/snac/snac-1/build/include   -I/Users/haolu/Software/snac/snac-1/build/include/StGermain  -I/opt/passcal/other/include/mpich-mp   -I/opt/passcal/other/include/libxml2      testIndexSet-badAccess.c   -L/Users/haolu/Software/snac/snac-1/build/lib   -L/Users/haolu/Software/snac/snac-1/build/lib -lStGermainBaseContainer -lStGermainBaseIO -lStGermainBaseFoundation   -L/Users/haolu/Software/snac/snac-1/build/lib -lmpich -L/opt/passcal/other/lib/mpich-mp -lmpich  -L/sw/lib    -L/opt/passcal/other/lib -lxml2 -lz -lpthread -liconv -lm   -lm -lmx            
ld: warning: directory not found for option '-L/sw/lib'
mpicc-mpich-mp -pipe  -DVERSION=\"0\" -Wall -g  -DCURR_MODULE_NAME=\"libStGermainBaseContainer\"  -o /Users/haolu/Software/snac/snac-1/build/tests/testPtrMap  -I/Users/haolu/Software/snac/snac-1/build/include   -I/Users/haolu/Software/snac/snac-1/build/include/StGermain  -I/opt/passcal/other/include/mpich-mp   -I/opt/passcal/other/include/libxml2      testPtrMap.c   -L/Users/haolu/Software/snac/snac-1/build/lib   -L/Users/haolu/Software/snac/snac-1/build/lib -lStGermainBaseContainer -lStGermainBaseIO -lStGermainBaseFoundation   -L/Users/haolu/Software/snac/snac-1/build/lib -lmpich -L/opt/passcal/other/lib/mpich-mp -lmpich  -L/sw/lib    -L/opt/passcal/other/lib -lxml2 -lz -lpthread -liconv -lm   -lm -lmx            
ld: warning: directory not found for option '-L/sw/lib'
mpicc-mpich-mp -pipe  -DVERSION=\"0\" -Wall -g  -DCURR_MODULE_NAME=\"libStGermainBaseContainer\"  -o /Users/haolu/Software/snac/snac-1/build/tests/testIndexMap  -I/Users/haolu/Software/snac/snac-1/build/include   -I/Users/haolu/Software/snac/snac-1/build/include/StGermain  -I/opt/passcal/other/include/mpich-mp   -I/opt/passcal/other/include/libxml2      testIndexMap.c   -L/Users/haolu/Software/snac/snac-1/build/lib   -L/Users/haolu/Software/snac/snac-1/build/lib -lStGermainBaseContainer -lStGermainBaseIO -lStGermainBaseFoundation   -L/Users/haolu/Software/snac/snac-1/build/lib -lmpich -L/opt/passcal/other/lib/mpich-mp -lmpich  -L/sw/lib    -L/opt/passcal/other/lib -lxml2 -lz -lpthread -liconv -lm   -lm -lmx            
ld: warning: directory not found for option '-L/sw/lib'
mpicc-mpich-mp -pipe  -DVERSION=\"0\" -Wall -g  -DCURR_MODULE_NAME=\"libStGermainBaseContainer\"  -o /Users/haolu/Software/snac/snac-1/build/tests/testList  -I/Users/haolu/Software/snac/snac-1/build/include   -I/Users/haolu/Software/snac/snac-1/build/include/StGermain  -I/opt/passcal/other/include/mpich-mp   -I/opt/passcal/other/include/libxml2      testList.c   -L/Users/haolu/Software/snac/snac-1/build/lib   -L/Users/haolu/Software/snac/snac-1/build/lib -lStGermainBaseContainer -lStGermainBaseIO -lStGermainBaseFoundation   -L/Users/haolu/Software/snac/snac-1/build/lib -lmpich -L/opt/passcal/other/lib/mpich-mp -lmpich  -L/sw/lib    -L/opt/passcal/other/lib -lxml2 -lz -lpthread -liconv -lm   -lm -lmx            
ld: warning: directory not found for option '-L/sw/lib'
mpicc-mpich-mp -pipe  -DVERSION=\"0\" -Wall -g  -DCURR_MODULE_NAME=\"libStGermainBaseContainer\"  -o /Users/haolu/Software/snac/snac-1/build/tests/testArray  -I/Users/haolu/Software/snac/snac-1/build/include   -I/Users/haolu/Software/snac/snac-1/build/include/StGermain  -I/opt/passcal/other/include/mpich-mp   -I/opt/passcal/other/include/libxml2      testArray.c   -L/Users/haolu/Software/snac/snac-1/build/lib   -L/Users/haolu/Software/snac/snac-1/build/lib -lStGermainBaseContainer -lStGermainBaseIO -lStGermainBaseFoundation   -L/Users/haolu/Software/snac/snac-1/build/lib -lmpich -L/opt/passcal/other/lib/mpich-mp -lmpich  -L/sw/lib    -L/opt/passcal/other/lib -lxml2 -lz -lpthread -liconv -lm   -lm -lmx            
ld: warning: directory not found for option '-L/sw/lib'
mpicc-mpich-mp -pipe  -DVERSION=\"0\" -Wall -g  -DCURR_MODULE_NAME=\"libStGermainBaseContainer\"  -o /Users/haolu/Software/snac/snac-1/build/tests/testUniqueList  -I/Users/haolu/Software/snac/snac-1/build/include   -I/Users/haolu/Software/snac/snac-1/build/include/StGermain  -I/opt/passcal/other/include/mpich-mp   -I/opt/passcal/other/include/libxml2      testUniqueList.c   -L/Users/haolu/Software/snac/snac-1/build/lib   -L/Users/haolu/Software/snac/snac-1/build/lib -lStGermainBaseContainer -lStGermainBaseIO -lStGermainBaseFoundation   -L/Users/haolu/Software/snac/snac-1/build/lib -lmpich -L/opt/passcal/other/lib/mpich-mp -lmpich  -L/sw/lib    -L/opt/passcal/other/lib -lxml2 -lz -lpthread -liconv -lm   -lm -lmx            
ld: warning: directory not found for option '-L/sw/lib'
mpicc-mpich-mp -pipe  -DVERSION=\"0\" -Wall -g  -DCURR_MODULE_NAME=\"libStGermainBaseContainer\"  -o /Users/haolu/Software/snac/snac-1/build/tests/testLinkedList  -I/Users/haolu/Software/snac/snac-1/build/include   -I/Users/haolu/Software/snac/snac-1/build/include/StGermain  -I/opt/passcal/other/include/mpich-mp   -I/opt/passcal/other/include/libxml2      testLinkedList.c   -L/Users/haolu/Software/snac/snac-1/build/lib   -L/Users/haolu/Software/snac/snac-1/build/lib -lStGermainBaseContainer -lStGermainBaseIO -lStGermainBaseFoundation   -L/Users/haolu/Software/snac/snac-1/build/lib -lmpich -L/opt/passcal/other/lib/mpich-mp -lmpich  -L/sw/lib    -L/opt/passcal/other/lib -lxml2 -lz -lpthread -liconv -lm   -lm -lmx            
ld: warning: directory not found for option '-L/sw/lib'
mpicc-mpich-mp -pipe  -DVERSION=\"0\" -Wall -g  -DCURR_MODULE_NAME=\"libStGermainBaseContainer\"  -o /Users/haolu/Software/snac/snac-1/build/tests/testLinkedListIterator  -I/Users/haolu/Software/snac/snac-1/build/include   -I/Users/haolu/Software/snac/snac-1/build/include/StGermain  -I/opt/passcal/other/include/mpich-mp   -I/opt/passcal/other/include/libxml2      testLinkedListIterator.c   -L/Users/haolu/Software/snac/snac-1/build/lib   -L/Users/haolu/Software/snac/snac-1/build/lib -lStGermainBaseContainer -lStGermainBaseIO -lStGermainBaseFoundation   -L/Users/haolu/Software/snac/snac-1/build/lib -lmpich -L/opt/passcal/other/lib/mpich-mp -lmpich  -L/sw/lib    -L/opt/passcal/other/lib -lxml2 -lz -lpthread -liconv -lm   -lm -lmx            
ld: warning: directory not found for option '-L/sw/lib'
mpicc-mpich-mp -pipe  -DVERSION=\"0\" -Wall -g  -DCURR_MODULE_NAME=\"libStGermainBaseContainer\"  -o /Users/haolu/Software/snac/snac-1/build/tests/testSet  -I/Users/haolu/Software/snac/snac-1/build/include   -I/Users/haolu/Software/snac/snac-1/build/include/StGermain  -I/opt/passcal/other/include/mpich-mp   -I/opt/passcal/other/include/libxml2      testSet.c   -L/Users/haolu/Software/snac/snac-1/build/lib   -L/Users/haolu/Software/snac/snac-1/build/lib -lStGermainBaseContainer -lStGermainBaseIO -lStGermainBaseFoundation   -L/Users/haolu/Software/snac/snac-1/build/lib -lmpich -L/opt/passcal/other/lib/mpich-mp -lmpich  -L/sw/lib    -L/opt/passcal/other/lib -lxml2 -lz -lpthread -liconv -lm   -lm -lmx            
ld: warning: directory not found for option '-L/sw/lib'
mpicc-mpich-mp -pipe  -DVERSION=\"0\" -Wall -g  -DCURR_MODULE_NAME=\"libStGermainBaseContainer\"  -o /Users/haolu/Software/snac/snac-1/build/tests/testHashTable  -I/Users/haolu/Software/snac/snac-1/build/include   -I/Users/haolu/Software/snac/snac-1/build/include/StGermain  -I/opt/passcal/other/include/mpich-mp   -I/opt/passcal/other/include/libxml2      testHashTable.c   -L/Users/haolu/Software/snac/snac-1/build/lib   -L/Users/haolu/Software/snac/snac-1/build/lib -lStGermainBaseContainer -lStGermainBaseIO -lStGermainBaseFoundation   -L/Users/haolu/Software/snac/snac-1/build/lib -lmpich -L/opt/passcal/other/lib/mpich-mp -lmpich  -L/sw/lib    -L/opt/passcal/other/lib -lxml2 -lz -lpthread -liconv -lm   -lm -lmx            
ld: warning: directory not found for option '-L/sw/lib'
mpicc-mpich-mp -pipe  -DVERSION=\"0\" -Wall -g  -DCURR_MODULE_NAME=\"libStGermainBaseContainer\"  -o /Users/haolu/Software/snac/snac-1/build/tests/testPtrSet  -I/Users/haolu/Software/snac/snac-1/build/include   -I/Users/haolu/Software/snac/snac-1/build/include/StGermain  -I/opt/passcal/other/include/mpich-mp   -I/opt/passcal/other/include/libxml2      testPtrSet.c   -L/Users/haolu/Software/snac/snac-1/build/lib   -L/Users/haolu/Software/snac/snac-1/build/lib -lStGermainBaseContainer -lStGermainBaseIO -lStGermainBaseFoundation   -L/Users/haolu/Software/snac/snac-1/build/lib -lmpich -L/opt/passcal/other/lib/mpich-mp -lmpich  -L/sw/lib    -L/opt/passcal/other/lib -lxml2 -lz -lpthread -liconv -lm   -lm -lmx            
ld: warning: directory not found for option '-L/sw/lib'
mpicc-mpich-mp -pipe  -DVERSION=\"0\" -Wall -g  -DCURR_MODULE_NAME=\"libStGermainBaseContainer\"  -o /Users/haolu/Software/snac/snac-1/build/tests/testMap  -I/Users/haolu/Software/snac/snac-1/build/include   -I/Users/haolu/Software/snac/snac-1/build/include/StGermain  -I/opt/passcal/other/include/mpich-mp   -I/opt/passcal/other/include/libxml2      testMap.c   -L/Users/haolu/Software/snac/snac-1/build/lib   -L/Users/haolu/Software/snac/snac-1/build/lib -lStGermainBaseContainer -lStGermainBaseIO -lStGermainBaseFoundation   -L/Users/haolu/Software/snac/snac-1/build/lib -lmpich -L/opt/passcal/other/lib/mpich-mp -lmpich  -L/sw/lib    -L/opt/passcal/other/lib -lxml2 -lz -lpthread -liconv -lm   -lm -lmx            
ld: warning: directory not found for option '-L/sw/lib'
mpicc-mpich-mp -pipe  -DVERSION=\"0\" -Wall -g  -DCURR_MODULE_NAME=\"libStGermainBaseContainer\"  -o /Users/haolu/Software/snac/snac-1/build/tests/testBTree  -I/Users/haolu/Software/snac/snac-1/build/include   -I/Users/haolu/Software/snac/snac-1/build/include/StGermain  -I/opt/passcal/other/include/mpich-mp   -I/opt/passcal/other/include/libxml2      testBTree.c   -L/Users/haolu/Software/snac/snac-1/build/lib   -L/Users/haolu/Software/snac/snac-1/build/lib -lStGermainBaseContainer -lStGermainBaseIO -lStGermainBaseFoundation   -L/Users/haolu/Software/snac/snac-1/build/lib -lmpich -L/opt/passcal/other/lib/mpich-mp -lmpich  -L/sw/lib    -L/opt/passcal/other/lib -lxml2 -lz -lpthread -liconv -lm   -lm -lmx            
ld: warning: directory not found for option '-L/sw/lib'
mpicc-mpich-mp -pipe  -DVERSION=\"0\" -Wall -g  -DCURR_MODULE_NAME=\"libStGermainBaseContainer\"  -o /Users/haolu/Software/snac/snac-1/build/tests/testMaxHeap  -I/Users/haolu/Software/snac/snac-1/build/include   -I/Users/haolu/Software/snac/snac-1/build/include/StGermain  -I/opt/passcal/other/include/mpich-mp   -I/opt/passcal/other/include/libxml2      testMaxHeap.c   -L/Users/haolu/Software/snac/snac-1/build/lib   -L/Users/haolu/Software/snac/snac-1/build/lib -lStGermainBaseContainer -lStGermainBaseIO -lStGermainBaseFoundation   -L/Users/haolu/Software/snac/snac-1/build/lib -lmpich -L/opt/passcal/other/lib/mpich-mp -lmpich  -L/sw/lib    -L/opt/passcal/other/lib -lxml2 -lz -lpthread -liconv -lm   -lm -lmx            
ld: warning: directory not found for option '-L/sw/lib'
mpicc-mpich-mp -pipe  -DVERSION=\"0\" -Wall -g  -DCURR_MODULE_NAME=\"libStGermainBaseContainer\"  -o /Users/haolu/Software/snac/snac-1/build/tests/testMPIRoutines  -I/Users/haolu/Software/snac/snac-1/build/include   -I/Users/haolu/Software/snac/snac-1/build/include/StGermain  -I/opt/passcal/other/include/mpich-mp   -I/opt/passcal/other/include/libxml2      testMPIRoutines.c   -L/Users/haolu/Software/snac/snac-1/build/lib   -L/Users/haolu/Software/snac/snac-1/build/lib -lStGermainBaseContainer -lStGermainBaseIO -lStGermainBaseFoundation   -L/Users/haolu/Software/snac/snac-1/build/lib -lmpich -L/opt/passcal/other/lib/mpich-mp -lmpich  -L/sw/lib    -L/opt/passcal/other/lib -lxml2 -lz -lpthread -liconv -lm   -lm -lmx            
ld: warning: directory not found for option '-L/sw/lib'
mpicc-mpich-mp -pipe  -DVERSION=\"0\" -Wall -g  -DCURR_MODULE_NAME=\"libStGermainBaseContainer\"  -o /Users/haolu/Software/snac/snac-1/build/tests/testUIntMap  -I/Users/haolu/Software/snac/snac-1/build/include   -I/Users/haolu/Software/snac/snac-1/build/include/StGermain  -I/opt/passcal/other/include/mpich-mp   -I/opt/passcal/other/include/libxml2      testUIntMap.c   -L/Users/haolu/Software/snac/snac-1/build/lib   -L/Users/haolu/Software/snac/snac-1/build/lib -lStGermainBaseContainer -lStGermainBaseIO -lStGermainBaseFoundation   -L/Users/haolu/Software/snac/snac-1/build/lib -lmpich -L/opt/passcal/other/lib/mpich-mp -lmpich  -L/sw/lib    -L/opt/passcal/other/lib -lxml2 -lz -lpthread -liconv -lm   -lm -lmx            
ld: warning: directory not found for option '-L/sw/lib'
mpicc-mpich-mp -pipe  -DVERSION=\"0\" -Wall -g  -DCURR_MODULE_NAME=\"libStGermainBaseContainer\"  -o /Users/haolu/Software/snac/snac-1/build/tests/testMemoryPool  -I/Users/haolu/Software/snac/snac-1/build/include   -I/Users/haolu/Software/snac/snac-1/build/include/StGermain  -I/opt/passcal/other/include/mpich-mp   -I/opt/passcal/other/include/libxml2      testMemoryPool.c   -L/Users/haolu/Software/snac/snac-1/build/lib   -L/Users/haolu/Software/snac/snac-1/build/lib -lStGermainBaseContainer -lStGermainBaseIO -lStGermainBaseFoundation   -L/Users/haolu/Software/snac/snac-1/build/lib -lmpich -L/opt/passcal/other/lib/mpich-mp -lmpich  -L/sw/lib    -L/opt/passcal/other/lib -lxml2 -lz -lpthread -liconv -lm   -lm -lmx            
ld: warning: directory not found for option '-L/sw/lib'
mpicc-mpich-mp -pipe  -DVERSION=\"0\" -Wall -g  -DCURR_MODULE_NAME=\"libStGermainBaseContainer\"  -o /Users/haolu/Software/snac/snac-1/build/tests/testRangeSet  -I/Users/haolu/Software/snac/snac-1/build/include   -I/Users/haolu/Software/snac/snac-1/build/include/StGermain  -I/opt/passcal/other/include/mpich-mp   -I/opt/passcal/other/include/libxml2      testRangeSet.c   -L/Users/haolu/Software/snac/snac-1/build/lib   -L/Users/haolu/Software/snac/snac-1/build/lib -lStGermainBaseContainer -lStGermainBaseIO -lStGermainBaseFoundation   -L/Users/haolu/Software/snac/snac-1/build/lib -lmpich -L/opt/passcal/other/lib/mpich-mp -lmpich  -L/sw/lib    -L/opt/passcal/other/lib -lxml2 -lz -lpthread -liconv -lm   -lm -lmx            
testRangeSet.c:68:7: warning: variable 'dstInds' is used uninitialized whenever 'if' condition is true [-Wsometimes-uninitialized]
                if( set->nInds != nInds || 
                    ^~~~~~~~~~~~~~~~~~~~~~
testRangeSet.c:95:13: note: uninitialized use occurs here
        FreeArray( dstInds );
                   ^~~~~~~
/Users/haolu/Software/snac/snac-1/build/include/StGermain/Base/Foundation/shortcuts.h:53:6: note: expanded from macro 'FreeArray'
        if( ptr )                               \
            ^~~
testRangeSet.c:68:3: note: remove the 'if' if its condition is always false
                if( set->nInds != nInds || 
                ^~~~~~~~~~~~~~~~~~~~~~~~~~~
testRangeSet.c:68:7: warning: variable 'dstInds' is used uninitialized whenever '||' condition is true [-Wsometimes-uninitialized]
                if( set->nInds != nInds || 
                    ^~~~~~~~~~~~~~~~~~~
testRangeSet.c:95:13: note: uninitialized use occurs here
        FreeArray( dstInds );
                   ^~~~~~~
/Users/haolu/Software/snac/snac-1/build/include/StGermain/Base/Foundation/shortcuts.h:53:6: note: expanded from macro 'FreeArray'
        if( ptr )                               \
            ^~~
testRangeSet.c:68:7: note: remove the '||' if its condition is always false
                if( set->nInds != nInds || 
                    ^~~~~~~~~~~~~~~~~~~~~~~
testRangeSet.c:58:19: note: initialize the variable 'dstInds' to silence this warning
        unsigned*       dstInds;
                               ^
                                = NULL
2 warnings generated.
ld: warning: directory not found for option '-L/sw/lib'
mpicc-mpich-mp -pipe  -DVERSION=\"0\" -DCURR_MODULE_NAME=\"StGermainBaseAutomation\" -Wall -g     -c -o /Users/haolu/Software/snac/snac-1/build/tmp/lib-libStGermainBaseAutomation/Variable.o -I/Users/haolu/Software/snac/snac-1/build/include   -I/Users/haolu/Software/snac/snac-1/build/include/StGermain -I/opt/passcal/other/include/mpich-mp -I/opt/passcal/other/include/libxml2   Variable.c
mpicc-mpich-mp -pipe  -DVERSION=\"0\" -DCURR_MODULE_NAME=\"StGermainBaseAutomation\" -Wall -g     -c -o /Users/haolu/Software/snac/snac-1/build/tmp/lib-libStGermainBaseAutomation/Variable_Register.o -I/Users/haolu/Software/snac/snac-1/build/include   -I/Users/haolu/Software/snac/snac-1/build/include/StGermain -I/opt/passcal/other/include/mpich-mp -I/opt/passcal/other/include/libxml2   Variable_Register.c
mpicc-mpich-mp -pipe  -DVERSION=\"0\" -DCURR_MODULE_NAME=\"StGermainBaseAutomation\" -Wall -g     -c -o /Users/haolu/Software/snac/snac-1/build/tmp/lib-libStGermainBaseAutomation/VariableDumpStream.o -I/Users/haolu/Software/snac/snac-1/build/include   -I/Users/haolu/Software/snac/snac-1/build/include/StGermain -I/opt/passcal/other/include/mpich-mp -I/opt/passcal/other/include/libxml2   VariableDumpStream.c
mpicc-mpich-mp -pipe  -DVERSION=\"0\" -DCURR_MODULE_NAME=\"StGermainBaseAutomation\" -Wall -g     -c -o /Users/haolu/Software/snac/snac-1/build/tmp/lib-libStGermainBaseAutomation/ConditionFunction.o -I/Users/haolu/Software/snac/snac-1/build/include   -I/Users/haolu/Software/snac/snac-1/build/include/StGermain -I/opt/passcal/other/include/mpich-mp -I/opt/passcal/other/include/libxml2   ConditionFunction.c
mpicc-mpich-mp -pipe  -DVERSION=\"0\" -DCURR_MODULE_NAME=\"StGermainBaseAutomation\" -Wall -g     -c -o /Users/haolu/Software/snac/snac-1/build/tmp/lib-libStGermainBaseAutomation/ConditionFunction_Register.o -I/Users/haolu/Software/snac/snac-1/build/include   -I/Users/haolu/Software/snac/snac-1/build/include/StGermain -I/opt/passcal/other/include/mpich-mp -I/opt/passcal/other/include/libxml2   ConditionFunction_Register.c
mpicc-mpich-mp -pipe  -DVERSION=\"0\" -DCURR_MODULE_NAME=\"StGermainBaseAutomation\" -Wall -g     -c -o /Users/haolu/Software/snac/snac-1/build/tmp/lib-libStGermainBaseAutomation/VariableCondition.o -I/Users/haolu/Software/snac/snac-1/build/include   -I/Users/haolu/Software/snac/snac-1/build/include/StGermain -I/opt/passcal/other/include/mpich-mp -I/opt/passcal/other/include/libxml2   VariableCondition.c
mpicc-mpich-mp -pipe  -DVERSION=\"0\" -DCURR_MODULE_NAME=\"StGermainBaseAutomation\" -Wall -g     -c -o /Users/haolu/Software/snac/snac-1/build/tmp/lib-libStGermainBaseAutomation/VariableCondition_Register.o -I/Users/haolu/Software/snac/snac-1/build/include   -I/Users/haolu/Software/snac/snac-1/build/include/StGermain -I/opt/passcal/other/include/mpich-mp -I/opt/passcal/other/include/libxml2   VariableCondition_Register.c
mpicc-mpich-mp -pipe  -DVERSION=\"0\" -DCURR_MODULE_NAME=\"StGermainBaseAutomation\" -Wall -g     -c -o /Users/haolu/Software/snac/snac-1/build/tmp/lib-libStGermainBaseAutomation/CompositeVC.o -I/Users/haolu/Software/snac/snac-1/build/include   -I/Users/haolu/Software/snac/snac-1/build/include/StGermain -I/opt/passcal/other/include/mpich-mp -I/opt/passcal/other/include/libxml2   CompositeVC.c
mpicc-mpich-mp -pipe  -DVERSION=\"0\" -DCURR_MODULE_NAME=\"StGermainBaseAutomation\" -Wall -g     -c -o /Users/haolu/Software/snac/snac-1/build/tmp/lib-libStGermainBaseAutomation/SetVC.o -I/Users/haolu/Software/snac/snac-1/build/include   -I/Users/haolu/Software/snac/snac-1/build/include/StGermain -I/opt/passcal/other/include/mpich-mp -I/opt/passcal/other/include/libxml2   SetVC.c
mpicc-mpich-mp -pipe  -DVERSION=\"0\" -DCURR_MODULE_NAME=\"StGermainBaseAutomation\" -Wall -g     -c -o /Users/haolu/Software/snac/snac-1/build/tmp/lib-libStGermainBaseAutomation/VariableAllVC.o -I/Users/haolu/Software/snac/snac-1/build/include   -I/Users/haolu/Software/snac/snac-1/build/include/StGermain -I/opt/passcal/other/include/mpich-mp -I/opt/passcal/other/include/libxml2   VariableAllVC.c
mpicc-mpich-mp -pipe  -DVERSION=\"0\" -DCURR_MODULE_NAME=\"StGermainBaseAutomation\" -Wall -g     -c -o /Users/haolu/Software/snac/snac-1/build/tmp/lib-libStGermainBaseAutomation/Stg_Component.o -I/Users/haolu/Software/snac/snac-1/build/include   -I/Users/haolu/Software/snac/snac-1/build/include/StGermain -I/opt/passcal/other/include/mpich-mp -I/opt/passcal/other/include/libxml2   Stg_Component.c
mpicc-mpich-mp -pipe  -DVERSION=\"0\" -DCURR_MODULE_NAME=\"StGermainBaseAutomation\" -Wall -g     -c -o /Users/haolu/Software/snac/snac-1/build/tmp/lib-libStGermainBaseAutomation/Stg_ComponentMeta.o -I/Users/haolu/Software/snac/snac-1/build/include   -I/Users/haolu/Software/snac/snac-1/build/include/StGermain -I/opt/passcal/other/include/mpich-mp -I/opt/passcal/other/include/libxml2   Stg_ComponentMeta.c
mpicc-mpich-mp -pipe  -DVERSION=\"0\" -DCURR_MODULE_NAME=\"StGermainBaseAutomation\" -Wall -g     -c -o /Users/haolu/Software/snac/snac-1/build/tmp/lib-libStGermainBaseAutomation/Stg_ComponentRegister.o -I/Users/haolu/Software/snac/snac-1/build/include   -I/Users/haolu/Software/snac/snac-1/build/include/StGermain -I/opt/passcal/other/include/mpich-mp -I/opt/passcal/other/include/libxml2   Stg_ComponentRegister.c
mpicc-mpich-mp -pipe  -DVERSION=\"0\" -DCURR_MODULE_NAME=\"StGermainBaseAutomation\" -Wall -g     -c -o /Users/haolu/Software/snac/snac-1/build/tmp/lib-libStGermainBaseAutomation/LiveComponentRegister.o -I/Users/haolu/Software/snac/snac-1/build/include   -I/Users/haolu/Software/snac/snac-1/build/include/StGermain -I/opt/passcal/other/include/mpich-mp -I/opt/passcal/other/include/libxml2   LiveComponentRegister.c
mpicc-mpich-mp -pipe  -DVERSION=\"0\" -DCURR_MODULE_NAME=\"StGermainBaseAutomation\" -Wall -g     -c -o /Users/haolu/Software/snac/snac-1/build/tmp/lib-libStGermainBaseAutomation/Stg_ComponentFactory.o -I/Users/haolu/Software/snac/snac-1/build/include   -I/Users/haolu/Software/snac/snac-1/build/include/StGermain -I/opt/passcal/other/include/mpich-mp -I/opt/passcal/other/include/libxml2   Stg_ComponentFactory.c
Stg_ComponentFactory.c:290:19: warning: variable 'stream' is uninitialized when used here [-Wuninitialized]
                Journal_Printf( stream, "No Stg_ComponentList found..!\n" );
                                ^~~~~~
Stg_ComponentFactory.c:265:47: note: initialize the variable 'stream' to silence this warning
        Stream*                                stream;
                                                     ^
                                                      = NULL
1 warning generated.
mpicc-mpich-mp -pipe  -DVERSION=\"0\" -DCURR_MODULE_NAME=\"StGermainBaseAutomation\" -Wall -g     -c -o /Users/haolu/Software/snac/snac-1/build/tmp/lib-libStGermainBaseAutomation/DocumentationComponentFactory.o -I/Users/haolu/Software/snac/snac-1/build/include   -I/Users/haolu/Software/snac/snac-1/build/include/StGermain -I/opt/passcal/other/include/mpich-mp -I/opt/passcal/other/include/libxml2   DocumentationComponentFactory.c
mpicc-mpich-mp -pipe  -DVERSION=\"0\" -DCURR_MODULE_NAME=\"StGermainBaseAutomation\" -Wall -g     -c -o /Users/haolu/Software/snac/snac-1/build/tmp/lib-libStGermainBaseAutomation/HierarchyTable.o -I/Users/haolu/Software/snac/snac-1/build/include   -I/Users/haolu/Software/snac/snac-1/build/include/StGermain -I/opt/passcal/other/include/mpich-mp -I/opt/passcal/other/include/libxml2   HierarchyTable.c
mpicc-mpich-mp -pipe  -DVERSION=\"0\" -DCURR_MODULE_NAME=\"StGermainBaseAutomation\" -Wall -g     -c -o /Users/haolu/Software/snac/snac-1/build/tmp/lib-libStGermainBaseAutomation/CallGraph.o -I/Users/haolu/Software/snac/snac-1/build/include   -I/Users/haolu/Software/snac/snac-1/build/include/StGermain -I/opt/passcal/other/include/mpich-mp -I/opt/passcal/other/include/libxml2   CallGraph.c
CallGraph.c:210:82: warning: all paths through this function will call itself [-Winfinite-recursion]
static void _Stg_CallGraph_Copy_Stack_ShallowIncr( _Stg_CallGraph_Stack* stack ) {
                                                                                 ^
CallGraph.c:46:19: warning: unused variable '_Stg_CallGraph_Stack_Type' [-Wunused-const-variable]
static const Type _Stg_CallGraph_Stack_Type = "_Stg_CallGraph_Stack";
                  ^
CallGraph.c:47:19: warning: unused variable '_Stg_CallGraph_Entry_Type' [-Wunused-const-variable]
static const Type _Stg_CallGraph_Entry_Type = "_Stg_CallGraph_Entry";
                  ^
3 warnings generated.
mpicc-mpich-mp -pipe  -DVERSION=\"0\" -DCURR_MODULE_NAME=\"StGermainBaseAutomation\" -Wall -g     -c -o /Users/haolu/Software/snac/snac-1/build/tmp/lib-libStGermainBaseAutomation/Init.o -I/Users/haolu/Software/snac/snac-1/build/include   -I/Users/haolu/Software/snac/snac-1/build/include/StGermain -I/opt/passcal/other/include/mpich-mp -I/opt/passcal/other/include/libxml2   Init.c
mpicc-mpich-mp -pipe  -DVERSION=\"0\" -DCURR_MODULE_NAME=\"StGermainBaseAutomation\" -Wall -g     -c -o /Users/haolu/Software/snac/snac-1/build/tmp/lib-libStGermainBaseAutomation/Finalise.o -I/Users/haolu/Software/snac/snac-1/build/include   -I/Users/haolu/Software/snac/snac-1/build/include/StGermain -I/opt/passcal/other/include/mpich-mp -I/opt/passcal/other/include/libxml2   Finalise.c
Creating metadata CompositeVC-meta.c from CompositeVC.meta
mpicc-mpich-mp -pipe  -DVERSION=\"0\" -DCURR_MODULE_NAME=\"StGermainBaseAutomation\" -Wall -g     -c -o /Users/haolu/Software/snac/snac-1/build/tmp/lib-libStGermainBaseAutomation/CompositeVC-meta.o -I/Users/haolu/Software/snac/snac-1/build/include   -I/Users/haolu/Software/snac/snac-1/build/include/StGermain -I/opt/passcal/other/include/mpich-mp -I/opt/passcal/other/include/libxml2   CompositeVC-meta.c
Creating metadata SetVC-meta.c from SetVC.meta
mpicc-mpich-mp -pipe  -DVERSION=\"0\" -DCURR_MODULE_NAME=\"StGermainBaseAutomation\" -Wall -g     -c -o /Users/haolu/Software/snac/snac-1/build/tmp/lib-libStGermainBaseAutomation/SetVC-meta.o -I/Users/haolu/Software/snac/snac-1/build/include   -I/Users/haolu/Software/snac/snac-1/build/include/StGermain -I/opt/passcal/other/include/mpich-mp -I/opt/passcal/other/include/libxml2   SetVC-meta.c
Creating metadata Stg_Component-meta.c from Stg_Component.meta
mpicc-mpich-mp -pipe  -DVERSION=\"0\" -DCURR_MODULE_NAME=\"StGermainBaseAutomation\" -Wall -g     -c -o /Users/haolu/Software/snac/snac-1/build/tmp/lib-libStGermainBaseAutomation/Stg_Component-meta.o -I/Users/haolu/Software/snac/snac-1/build/include   -I/Users/haolu/Software/snac/snac-1/build/include/StGermain -I/opt/passcal/other/include/mpich-mp -I/opt/passcal/other/include/libxml2   Stg_Component-meta.c
Creating metadata Variable-meta.c from Variable.meta
mpicc-mpich-mp -pipe  -DVERSION=\"0\" -DCURR_MODULE_NAME=\"StGermainBaseAutomation\" -Wall -g     -c -o /Users/haolu/Software/snac/snac-1/build/tmp/lib-libStGermainBaseAutomation/Variable-meta.o -I/Users/haolu/Software/snac/snac-1/build/include   -I/Users/haolu/Software/snac/snac-1/build/include/StGermain -I/opt/passcal/other/include/mpich-mp -I/opt/passcal/other/include/libxml2   Variable-meta.c
Creating metadata VariableAllVC-meta.c from VariableAllVC.meta
mpicc-mpich-mp -pipe  -DVERSION=\"0\" -DCURR_MODULE_NAME=\"StGermainBaseAutomation\" -Wall -g     -c -o /Users/haolu/Software/snac/snac-1/build/tmp/lib-libStGermainBaseAutomation/VariableAllVC-meta.o -I/Users/haolu/Software/snac/snac-1/build/include   -I/Users/haolu/Software/snac/snac-1/build/include/StGermain -I/opt/passcal/other/include/mpich-mp -I/opt/passcal/other/include/libxml2   VariableAllVC-meta.c
Creating metadata VariableCondition-meta.c from VariableCondition.meta
mpicc-mpich-mp -pipe  -DVERSION=\"0\" -DCURR_MODULE_NAME=\"StGermainBaseAutomation\" -Wall -g     -c -o /Users/haolu/Software/snac/snac-1/build/tmp/lib-libStGermainBaseAutomation/VariableCondition-meta.o -I/Users/haolu/Software/snac/snac-1/build/include   -I/Users/haolu/Software/snac/snac-1/build/include/StGermain -I/opt/passcal/other/include/mpich-mp -I/opt/passcal/other/include/libxml2   VariableCondition-meta.c
ar -cru /Users/haolu/Software/snac/snac-1/build/tmp/lib-libStGermainBaseAutomation.a/libStGermainBaseAutomation.a. /Users/haolu/Software/snac/snac-1/build/tmp/lib-libStGermainBaseAutomation/Variable.o /Users/haolu/Software/snac/snac-1/build/tmp/lib-libStGermainBaseAutomation/Variable_Register.o /Users/haolu/Software/snac/snac-1/build/tmp/lib-libStGermainBaseAutomation/VariableDumpStream.o /Users/haolu/Software/snac/snac-1/build/tmp/lib-libStGermainBaseAutomation/ConditionFunction.o /Users/haolu/Software/snac/snac-1/build/tmp/lib-libStGermainBaseAutomation/ConditionFunction_Register.o /Users/haolu/Software/snac/snac-1/build/tmp/lib-libStGermainBaseAutomation/VariableCondition.o /Users/haolu/Software/snac/snac-1/build/tmp/lib-libStGermainBaseAutomation/VariableCondition_Register.o /Users/haolu/Software/snac/snac-1/build/tmp/lib-libStGermainBaseAutomation/CompositeVC.o /Users/haolu/Software/snac/snac-1/build/tmp/lib-libStGermainBaseAutomation/SetVC.o /Users/haolu/Software/snac/snac-1/build/tmp/lib-libStGermainBaseAutomation/VariableAllVC.o /Users/haolu/Software/snac/snac-1/build/tmp/lib-libStGermainBaseAutomation/Stg_Component.o /Users/haolu/Software/snac/snac-1/build/tmp/lib-libStGermainBaseAutomation/Stg_ComponentMeta.o /Users/haolu/Software/snac/snac-1/build/tmp/lib-libStGermainBaseAutomation/Stg_ComponentRegister.o /Users/haolu/Software/snac/snac-1/build/tmp/lib-libStGermainBaseAutomation/LiveComponentRegister.o /Users/haolu/Software/snac/snac-1/build/tmp/lib-libStGermainBaseAutomation/Stg_ComponentFactory.o /Users/haolu/Software/snac/snac-1/build/tmp/lib-libStGermainBaseAutomation/DocumentationComponentFactory.o /Users/haolu/Software/snac/snac-1/build/tmp/lib-libStGermainBaseAutomation/HierarchyTable.o /Users/haolu/Software/snac/snac-1/build/tmp/lib-libStGermainBaseAutomation/CallGraph.o /Users/haolu/Software/snac/snac-1/build/tmp/lib-libStGermainBaseAutomation/Init.o /Users/haolu/Software/snac/snac-1/build/tmp/lib-libStGermainBaseAutomation/Finalise.o /Users/haolu/Software/snac/snac-1/build/tmp/lib-libStGermainBaseAutomation/CompositeVC-meta.o /Users/haolu/Software/snac/snac-1/build/tmp/lib-libStGermainBaseAutomation/SetVC-meta.o /Users/haolu/Software/snac/snac-1/build/tmp/lib-libStGermainBaseAutomation/Stg_Component-meta.o /Users/haolu/Software/snac/snac-1/build/tmp/lib-libStGermainBaseAutomation/Variable-meta.o /Users/haolu/Software/snac/snac-1/build/tmp/lib-libStGermainBaseAutomation/VariableAllVC-meta.o /Users/haolu/Software/snac/snac-1/build/tmp/lib-libStGermainBaseAutomation/VariableCondition-meta.o
/usr/bin/ranlib /Users/haolu/Software/snac/snac-1/build/tmp/lib-libStGermainBaseAutomation.a/libStGermainBaseAutomation.a.
Install name: -install_name /Users/haolu/Software/snac/snac-1/build/lib/libStGermainBaseAutomation.dylib
mpicc-mpich-mp -pipe  -DVERSION=\"0\" -DCURR_MODULE_NAME=\"StGermainBaseAutomation\" -Wall -g    -o /Users/haolu/Software/snac/snac-1/build/tmp/lib-libStGermainBaseAutomation.dylib/libStGermainBaseAutomation.dylib. -dynamiclib -flat_namespace -undefined suppress -single_module  /Users/haolu/Software/snac/snac-1/build/tmp/lib-libStGermainBaseAutomation/Variable.o /Users/haolu/Software/snac/snac-1/build/tmp/lib-libStGermainBaseAutomation/Variable_Register.o /Users/haolu/Software/snac/snac-1/build/tmp/lib-libStGermainBaseAutomation/VariableDumpStream.o /Users/haolu/Software/snac/snac-1/build/tmp/lib-libStGermainBaseAutomation/ConditionFunction.o /Users/haolu/Software/snac/snac-1/build/tmp/lib-libStGermainBaseAutomation/ConditionFunction_Register.o /Users/haolu/Software/snac/snac-1/build/tmp/lib-libStGermainBaseAutomation/VariableCondition.o /Users/haolu/Software/snac/snac-1/build/tmp/lib-libStGermainBaseAutomation/VariableCondition_Register.o /Users/haolu/Software/snac/snac-1/build/tmp/lib-libStGermainBaseAutomation/CompositeVC.o /Users/haolu/Software/snac/snac-1/build/tmp/lib-libStGermainBaseAutomation/SetVC.o /Users/haolu/Software/snac/snac-1/build/tmp/lib-libStGermainBaseAutomation/VariableAllVC.o /Users/haolu/Software/snac/snac-1/build/tmp/lib-libStGermainBaseAutomation/Stg_Component.o /Users/haolu/Software/snac/snac-1/build/tmp/lib-libStGermainBaseAutomation/Stg_ComponentMeta.o /Users/haolu/Software/snac/snac-1/build/tmp/lib-libStGermainBaseAutomation/Stg_ComponentRegister.o /Users/haolu/Software/snac/snac-1/build/tmp/lib-libStGermainBaseAutomation/LiveComponentRegister.o /Users/haolu/Software/snac/snac-1/build/tmp/lib-libStGermainBaseAutomation/Stg_ComponentFactory.o /Users/haolu/Software/snac/snac-1/build/tmp/lib-libStGermainBaseAutomation/DocumentationComponentFactory.o /Users/haolu/Software/snac/snac-1/build/tmp/lib-libStGermainBaseAutomation/HierarchyTable.o /Users/haolu/Software/snac/snac-1/build/tmp/lib-libStGermainBaseAutomation/CallGraph.o /Users/haolu/Software/snac/snac-1/build/tmp/lib-libStGermainBaseAutomation/Init.o /Users/haolu/Software/snac/snac-1/build/tmp/lib-libStGermainBaseAutomation/Finalise.o /Users/haolu/Software/snac/snac-1/build/tmp/lib-libStGermainBaseAutomation/CompositeVC-meta.o /Users/haolu/Software/snac/snac-1/build/tmp/lib-libStGermainBaseAutomation/SetVC-meta.o /Users/haolu/Software/snac/snac-1/build/tmp/lib-libStGermainBaseAutomation/Stg_Component-meta.o /Users/haolu/Software/snac/snac-1/build/tmp/lib-libStGermainBaseAutomation/Variable-meta.o /Users/haolu/Software/snac/snac-1/build/tmp/lib-libStGermainBaseAutomation/VariableAllVC-meta.o /Users/haolu/Software/snac/snac-1/build/tmp/lib-libStGermainBaseAutomation/VariableCondition-meta.o  -L/Users/haolu/Software/snac/snac-1/build/lib   -L/Users/haolu/Software/snac/snac-1/build/lib -lStGermainBaseContainer    -install_name /Users/haolu/Software/snac/snac-1/build/lib/libStGermainBaseAutomation.dylib
rm Variable-meta.c VariableCondition-meta.c CompositeVC-meta.c Stg_Component-meta.c SetVC-meta.c VariableAllVC-meta.c
mpicc-mpich-mp -pipe  -DVERSION=\"0\" -Wall -g  -DCURR_MODULE_NAME=\"libStGermainBaseAutomation\"  -o /Users/haolu/Software/snac/snac-1/build/tests/testComponentCopy  -I/Users/haolu/Software/snac/snac-1/build/include   -I/Users/haolu/Software/snac/snac-1/build/include/StGermain  -I/opt/passcal/other/include/mpich-mp   -I/opt/passcal/other/include/libxml2      testComponentCopy.c   -L/Users/haolu/Software/snac/snac-1/build/lib   -L/Users/haolu/Software/snac/snac-1/build/lib -lStGermainBaseAutomation -lStGermainBaseContainer -lStGermainBaseIO -lStGermainBaseFoundation   -L/Users/haolu/Software/snac/snac-1/build/lib -lmpich -L/opt/passcal/other/lib/mpich-mp -lmpich  -L/sw/lib    -L/opt/passcal/other/lib -lxml2 -lz -lpthread -liconv -lm   -lm -lmx            
ld: warning: directory not found for option '-L/sw/lib'
mpicc-mpich-mp -pipe  -DVERSION=\"0\" -Wall -g  -DCURR_MODULE_NAME=\"libStGermainBaseAutomation\"  -o /Users/haolu/Software/snac/snac-1/build/tests/testLiveComponentRegister  -I/Users/haolu/Software/snac/snac-1/build/include   -I/Users/haolu/Software/snac/snac-1/build/include/StGermain  -I/opt/passcal/other/include/mpich-mp   -I/opt/passcal/other/include/libxml2      testLiveComponentRegister.c   -L/Users/haolu/Software/snac/snac-1/build/lib   -L/Users/haolu/Software/snac/snac-1/build/lib -lStGermainBaseAutomation -lStGermainBaseContainer -lStGermainBaseIO -lStGermainBaseFoundation   -L/Users/haolu/Software/snac/snac-1/build/lib -lmpich -L/opt/passcal/other/lib/mpich-mp -lmpich  -L/sw/lib    -L/opt/passcal/other/lib -lxml2 -lz -lpthread -liconv -lm   -lm -lmx            
ld: warning: directory not found for option '-L/sw/lib'
mpicc-mpich-mp -pipe  -DVERSION=\"0\" -Wall -g  -DCURR_MODULE_NAME=\"libStGermainBaseAutomation\"  -o /Users/haolu/Software/snac/snac-1/build/tests/testVariable  -I/Users/haolu/Software/snac/snac-1/build/include   -I/Users/haolu/Software/snac/snac-1/build/include/StGermain  -I/opt/passcal/other/include/mpich-mp   -I/opt/passcal/other/include/libxml2      testVariable.c   -L/Users/haolu/Software/snac/snac-1/build/lib   -L/Users/haolu/Software/snac/snac-1/build/lib -lStGermainBaseAutomation -lStGermainBaseContainer -lStGermainBaseIO -lStGermainBaseFoundation   -L/Users/haolu/Software/snac/snac-1/build/lib -lmpich -L/opt/passcal/other/lib/mpich-mp -lmpich  -L/sw/lib    -L/opt/passcal/other/lib -lxml2 -lz -lpthread -liconv -lm   -lm -lmx            
ld: warning: directory not found for option '-L/sw/lib'
mpicc-mpich-mp -pipe  -DVERSION=\"0\" -Wall -g  -DCURR_MODULE_NAME=\"libStGermainBaseAutomation\"  -o /Users/haolu/Software/snac/snac-1/build/tests/testVariable-Char  -I/Users/haolu/Software/snac/snac-1/build/include   -I/Users/haolu/Software/snac/snac-1/build/include/StGermain  -I/opt/passcal/other/include/mpich-mp   -I/opt/passcal/other/include/libxml2      testVariable-Char.c   -L/Users/haolu/Software/snac/snac-1/build/lib   -L/Users/haolu/Software/snac/snac-1/build/lib -lStGermainBaseAutomation -lStGermainBaseContainer -lStGermainBaseIO -lStGermainBaseFoundation   -L/Users/haolu/Software/snac/snac-1/build/lib -lmpich -L/opt/passcal/other/lib/mpich-mp -lmpich  -L/sw/lib    -L/opt/passcal/other/lib -lxml2 -lz -lpthread -liconv -lm   -lm -lmx            
ld: warning: directory not found for option '-L/sw/lib'
mpicc-mpich-mp -pipe  -DVERSION=\"0\" -Wall -g  -DCURR_MODULE_NAME=\"libStGermainBaseAutomation\"  -o /Users/haolu/Software/snac/snac-1/build/tests/testVariable-Short  -I/Users/haolu/Software/snac/snac-1/build/include   -I/Users/haolu/Software/snac/snac-1/build/include/StGermain  -I/opt/passcal/other/include/mpich-mp   -I/opt/passcal/other/include/libxml2      testVariable-Short.c   -L/Users/haolu/Software/snac/snac-1/build/lib   -L/Users/haolu/Software/snac/snac-1/build/lib -lStGermainBaseAutomation -lStGermainBaseContainer -lStGermainBaseIO -lStGermainBaseFoundation   -L/Users/haolu/Software/snac/snac-1/build/lib -lmpich -L/opt/passcal/other/lib/mpich-mp -lmpich  -L/sw/lib    -L/opt/passcal/other/lib -lxml2 -lz -lpthread -liconv -lm   -lm -lmx            
ld: warning: directory not found for option '-L/sw/lib'
mpicc-mpich-mp -pipe  -DVERSION=\"0\" -Wall -g  -DCURR_MODULE_NAME=\"libStGermainBaseAutomation\"  -o /Users/haolu/Software/snac/snac-1/build/tests/testVariable-Int  -I/Users/haolu/Software/snac/snac-1/build/include   -I/Users/haolu/Software/snac/snac-1/build/include/StGermain  -I/opt/passcal/other/include/mpich-mp   -I/opt/passcal/other/include/libxml2      testVariable-Int.c   -L/Users/haolu/Software/snac/snac-1/build/lib   -L/Users/haolu/Software/snac/snac-1/build/lib -lStGermainBaseAutomation -lStGermainBaseContainer -lStGermainBaseIO -lStGermainBaseFoundation   -L/Users/haolu/Software/snac/snac-1/build/lib -lmpich -L/opt/passcal/other/lib/mpich-mp -lmpich  -L/sw/lib    -L/opt/passcal/other/lib -lxml2 -lz -lpthread -liconv -lm   -lm -lmx            
ld: warning: directory not found for option '-L/sw/lib'
mpicc-mpich-mp -pipe  -DVERSION=\"0\" -Wall -g  -DCURR_MODULE_NAME=\"libStGermainBaseAutomation\"  -o /Users/haolu/Software/snac/snac-1/build/tests/testVariable-Float  -I/Users/haolu/Software/snac/snac-1/build/include   -I/Users/haolu/Software/snac/snac-1/build/include/StGermain  -I/opt/passcal/other/include/mpich-mp   -I/opt/passcal/other/include/libxml2      testVariable-Float.c   -L/Users/haolu/Software/snac/snac-1/build/lib   -L/Users/haolu/Software/snac/snac-1/build/lib -lStGermainBaseAutomation -lStGermainBaseContainer -lStGermainBaseIO -lStGermainBaseFoundation   -L/Users/haolu/Software/snac/snac-1/build/lib -lmpich -L/opt/passcal/other/lib/mpich-mp -lmpich  -L/sw/lib    -L/opt/passcal/other/lib -lxml2 -lz -lpthread -liconv -lm   -lm -lmx            
ld: warning: directory not found for option '-L/sw/lib'
mpicc-mpich-mp -pipe  -DVERSION=\"0\" -Wall -g  -DCURR_MODULE_NAME=\"libStGermainBaseAutomation\"  -o /Users/haolu/Software/snac/snac-1/build/tests/testVariable-Double  -I/Users/haolu/Software/snac/snac-1/build/include   -I/Users/haolu/Software/snac/snac-1/build/include/StGermain  -I/opt/passcal/other/include/mpich-mp   -I/opt/passcal/other/include/libxml2      testVariable-Double.c   -L/Users/haolu/Software/snac/snac-1/build/lib   -L/Users/haolu/Software/snac/snac-1/build/lib -lStGermainBaseAutomation -lStGermainBaseContainer -lStGermainBaseIO -lStGermainBaseFoundation   -L/Users/haolu/Software/snac/snac-1/build/lib -lmpich -L/opt/passcal/other/lib/mpich-mp -lmpich  -L/sw/lib    -L/opt/passcal/other/lib -lxml2 -lz -lpthread -liconv -lm   -lm -lmx            
ld: warning: directory not found for option '-L/sw/lib'
mpicc-mpich-mp -pipe  -DVERSION=\"0\" -Wall -g  -DCURR_MODULE_NAME=\"libStGermainBaseAutomation\"  -o /Users/haolu/Software/snac/snac-1/build/tests/testVariable_Register  -I/Users/haolu/Software/snac/snac-1/build/include   -I/Users/haolu/Software/snac/snac-1/build/include/StGermain  -I/opt/passcal/other/include/mpich-mp   -I/opt/passcal/other/include/libxml2      testVariable_Register.c   -L/Users/haolu/Software/snac/snac-1/build/lib   -L/Users/haolu/Software/snac/snac-1/build/lib -lStGermainBaseAutomation -lStGermainBaseContainer -lStGermainBaseIO -lStGermainBaseFoundation   -L/Users/haolu/Software/snac/snac-1/build/lib -lmpich -L/opt/passcal/other/lib/mpich-mp -lmpich  -L/sw/lib    -L/opt/passcal/other/lib -lxml2 -lz -lpthread -liconv -lm   -lm -lmx            
ld: warning: directory not found for option '-L/sw/lib'
mpicc-mpich-mp -pipe  -DVERSION=\"0\" -Wall -g  -DCURR_MODULE_NAME=\"libStGermainBaseAutomation\"  -o /Users/haolu/Software/snac/snac-1/build/tests/testVariableDumpStream  -I/Users/haolu/Software/snac/snac-1/build/include   -I/Users/haolu/Software/snac/snac-1/build/include/StGermain  -I/opt/passcal/other/include/mpich-mp   -I/opt/passcal/other/include/libxml2      testVariableDumpStream.c   -L/Users/haolu/Software/snac/snac-1/build/lib   -L/Users/haolu/Software/snac/snac-1/build/lib -lStGermainBaseAutomation -lStGermainBaseContainer -lStGermainBaseIO -lStGermainBaseFoundation   -L/Users/haolu/Software/snac/snac-1/build/lib -lmpich -L/opt/passcal/other/lib/mpich-mp -lmpich  -L/sw/lib    -L/opt/passcal/other/lib -lxml2 -lz -lpthread -liconv -lm   -lm -lmx            
ld: warning: directory not found for option '-L/sw/lib'
mpicc-mpich-mp -pipe  -DVERSION=\"0\" -Wall -g  -DCURR_MODULE_NAME=\"libStGermainBaseAutomation\"  -o /Users/haolu/Software/snac/snac-1/build/tests/testVariableValueCompare  -I/Users/haolu/Software/snac/snac-1/build/include   -I/Users/haolu/Software/snac/snac-1/build/include/StGermain  -I/opt/passcal/other/include/mpich-mp   -I/opt/passcal/other/include/libxml2      testVariableValueCompare.c   -L/Users/haolu/Software/snac/snac-1/build/lib   -L/Users/haolu/Software/snac/snac-1/build/lib -lStGermainBaseAutomation -lStGermainBaseContainer -lStGermainBaseIO -lStGermainBaseFoundation   -L/Users/haolu/Software/snac/snac-1/build/lib -lmpich -L/opt/passcal/other/lib/mpich-mp -lmpich  -L/sw/lib    -L/opt/passcal/other/lib -lxml2 -lz -lpthread -liconv -lm   -lm -lmx            
ld: warning: directory not found for option '-L/sw/lib'
mpicc-mpich-mp -pipe  -DVERSION=\"0\" -Wall -g  -DCURR_MODULE_NAME=\"libStGermainBaseAutomation\"  -o /Users/haolu/Software/snac/snac-1/build/tests/testVariableCopy  -I/Users/haolu/Software/snac/snac-1/build/include   -I/Users/haolu/Software/snac/snac-1/build/include/StGermain  -I/opt/passcal/other/include/mpich-mp   -I/opt/passcal/other/include/libxml2      testVariableCopy.c   -L/Users/haolu/Software/snac/snac-1/build/lib   -L/Users/haolu/Software/snac/snac-1/build/lib -lStGermainBaseAutomation -lStGermainBaseContainer -lStGermainBaseIO -lStGermainBaseFoundation   -L/Users/haolu/Software/snac/snac-1/build/lib -lmpich -L/opt/passcal/other/lib/mpich-mp -lmpich  -L/sw/lib    -L/opt/passcal/other/lib -lxml2 -lz -lpthread -liconv -lm   -lm -lmx            
ld: warning: directory not found for option '-L/sw/lib'
mpicc-mpich-mp -pipe  -DVERSION=\"0\" -Wall -g  -DCURR_MODULE_NAME=\"libStGermainBaseAutomation\"  -o /Users/haolu/Software/snac/snac-1/build/tests/testSetVC  -I/Users/haolu/Software/snac/snac-1/build/include   -I/Users/haolu/Software/snac/snac-1/build/include/StGermain  -I/opt/passcal/other/include/mpich-mp   -I/opt/passcal/other/include/libxml2      testSetVC.c   -L/Users/haolu/Software/snac/snac-1/build/lib   -L/Users/haolu/Software/snac/snac-1/build/lib -lStGermainBaseAutomation -lStGermainBaseContainer -lStGermainBaseIO -lStGermainBaseFoundation   -L/Users/haolu/Software/snac/snac-1/build/lib -lmpich -L/opt/passcal/other/lib/mpich-mp -lmpich  -L/sw/lib    -L/opt/passcal/other/lib -lxml2 -lz -lpthread -liconv -lm   -lm -lmx            
ld: warning: directory not found for option '-L/sw/lib'
mpicc-mpich-mp -pipe  -DVERSION=\"0\" -Wall -g  -DCURR_MODULE_NAME=\"libStGermainBaseAutomation\"  -o /Users/haolu/Software/snac/snac-1/build/tests/testConditionFunction  -I/Users/haolu/Software/snac/snac-1/build/include   -I/Users/haolu/Software/snac/snac-1/build/include/StGermain  -I/opt/passcal/other/include/mpich-mp   -I/opt/passcal/other/include/libxml2      testConditionFunction.c   -L/Users/haolu/Software/snac/snac-1/build/lib   -L/Users/haolu/Software/snac/snac-1/build/lib -lStGermainBaseAutomation -lStGermainBaseContainer -lStGermainBaseIO -lStGermainBaseFoundation   -L/Users/haolu/Software/snac/snac-1/build/lib -lmpich -L/opt/passcal/other/lib/mpich-mp -lmpich  -L/sw/lib    -L/opt/passcal/other/lib -lxml2 -lz -lpthread -liconv -lm   -lm -lmx            
ld: warning: directory not found for option '-L/sw/lib'
mpicc-mpich-mp -pipe  -DVERSION=\"0\" -Wall -g  -DCURR_MODULE_NAME=\"libStGermainBaseAutomation\"  -o /Users/haolu/Software/snac/snac-1/build/tests/testConditionFunction_Register  -I/Users/haolu/Software/snac/snac-1/build/include   -I/Users/haolu/Software/snac/snac-1/build/include/StGermain  -I/opt/passcal/other/include/mpich-mp   -I/opt/passcal/other/include/libxml2      testConditionFunction_Register.c   -L/Users/haolu/Software/snac/snac-1/build/lib   -L/Users/haolu/Software/snac/snac-1/build/lib -lStGermainBaseAutomation -lStGermainBaseContainer -lStGermainBaseIO -lStGermainBaseFoundation   -L/Users/haolu/Software/snac/snac-1/build/lib -lmpich -L/opt/passcal/other/lib/mpich-mp -lmpich  -L/sw/lib    -L/opt/passcal/other/lib -lxml2 -lz -lpthread -liconv -lm   -lm -lmx            
ld: warning: directory not found for option '-L/sw/lib'
mpicc-mpich-mp -pipe  -DVERSION=\"0\" -Wall -g  -DCURR_MODULE_NAME=\"libStGermainBaseAutomation\"  -o /Users/haolu/Software/snac/snac-1/build/tests/testHierarchyTable  -I/Users/haolu/Software/snac/snac-1/build/include   -I/Users/haolu/Software/snac/snac-1/build/include/StGermain  -I/opt/passcal/other/include/mpich-mp   -I/opt/passcal/other/include/libxml2      testHierarchyTable.c   -L/Users/haolu/Software/snac/snac-1/build/lib   -L/Users/haolu/Software/snac/snac-1/build/lib -lStGermainBaseAutomation -lStGermainBaseContainer -lStGermainBaseIO -lStGermainBaseFoundation   -L/Users/haolu/Software/snac/snac-1/build/lib -lmpich -L/opt/passcal/other/lib/mpich-mp -lmpich  -L/sw/lib    -L/opt/passcal/other/lib -lxml2 -lz -lpthread -liconv -lm   -lm -lmx            
ld: warning: directory not found for option '-L/sw/lib'
mpicc-mpich-mp -pipe  -DVERSION=\"0\" -Wall -g  -DCURR_MODULE_NAME=\"libStGermainBaseAutomation\"  -o /Users/haolu/Software/snac/snac-1/build/tests/testCallGraph  -I/Users/haolu/Software/snac/snac-1/build/include   -I/Users/haolu/Software/snac/snac-1/build/include/StGermain  -I/opt/passcal/other/include/mpich-mp   -I/opt/passcal/other/include/libxml2      testCallGraph.c   -L/Users/haolu/Software/snac/snac-1/build/lib   -L/Users/haolu/Software/snac/snac-1/build/lib -lStGermainBaseAutomation -lStGermainBaseContainer -lStGermainBaseIO -lStGermainBaseFoundation   -L/Users/haolu/Software/snac/snac-1/build/lib -lmpich -L/opt/passcal/other/lib/mpich-mp -lmpich  -L/sw/lib    -L/opt/passcal/other/lib -lxml2 -lz -lpthread -liconv -lm   -lm -lmx            
testCallGraph.c:176:40: warning: cast to 'Name' (aka 'char *') from smaller integer type 'Index' (aka 'unsigned int') [-Wint-to-pointer-cast]
                        Stg_CallGraph_Push( cg3, TestFunc1, (Name)i );
                                                            ^
1 warning generated.
ld: warning: directory not found for option '-L/sw/lib'
mpicc-mpich-mp -pipe  -DVERSION=\"0\" -Wall -g  -DCURR_MODULE_NAME=\"libStGermainBaseAutomation\"  -o /Users/haolu/Software/snac/snac-1/build/tests/testVariableAllVC  -I/Users/haolu/Software/snac/snac-1/build/include   -I/Users/haolu/Software/snac/snac-1/build/include/StGermain  -I/opt/passcal/other/include/mpich-mp   -I/opt/passcal/other/include/libxml2      testVariableAllVC.c   -L/Users/haolu/Software/snac/snac-1/build/lib   -L/Users/haolu/Software/snac/snac-1/build/lib -lStGermainBaseAutomation -lStGermainBaseContainer -lStGermainBaseIO -lStGermainBaseFoundation   -L/Users/haolu/Software/snac/snac-1/build/lib -lmpich -L/opt/passcal/other/lib/mpich-mp -lmpich  -L/sw/lib    -L/opt/passcal/other/lib -lxml2 -lz -lpthread -liconv -lm   -lm -lmx            
ld: warning: directory not found for option '-L/sw/lib'
mpicc-mpich-mp -pipe  -DVERSION=\"0\" -Wall -g  -DCURR_MODULE_NAME=\"libStGermainBaseAutomation\"  -o /Users/haolu/Software/snac/snac-1/build/tests/testComponentMetadata  -I/Users/haolu/Software/snac/snac-1/build/include   -I/Users/haolu/Software/snac/snac-1/build/include/StGermain  -I/opt/passcal/other/include/mpich-mp   -I/opt/passcal/other/include/libxml2      testComponentMetadata.c   -L/Users/haolu/Software/snac/snac-1/build/lib   -L/Users/haolu/Software/snac/snac-1/build/lib -lStGermainBaseAutomation -lStGermainBaseContainer -lStGermainBaseIO -lStGermainBaseFoundation   -L/Users/haolu/Software/snac/snac-1/build/lib -lmpich -L/opt/passcal/other/lib/mpich-mp -lmpich  -L/sw/lib    -L/opt/passcal/other/lib -lxml2 -lz -lpthread -liconv -lm   -lm -lmx            
ld: warning: directory not found for option '-L/sw/lib'
mpicc-mpich-mp -pipe  -DVERSION=\"0\" -DCURR_MODULE_NAME=\"StGermainBaseExtensibility\" -Wall -g     -c -o /Users/haolu/Software/snac/snac-1/build/tmp/lib-libStGermainBaseExtensibility/ExtensionInfo.o -I/Users/haolu/Software/snac/snac-1/build/include   -I/Users/haolu/Software/snac/snac-1/build/include/StGermain -I/opt/passcal/other/include/mpich-mp -I/opt/passcal/other/include/libxml2  -I/include -DMODULE_EXT=\"so\"  -I/include    ExtensionInfo.c
mpicc-mpich-mp -pipe  -DVERSION=\"0\" -DCURR_MODULE_NAME=\"StGermainBaseExtensibility\" -Wall -g     -c -o /Users/haolu/Software/snac/snac-1/build/tmp/lib-libStGermainBaseExtensibility/SimpleExtensionInfo.o -I/Users/haolu/Software/snac/snac-1/build/include   -I/Users/haolu/Software/snac/snac-1/build/include/StGermain -I/opt/passcal/other/include/mpich-mp -I/opt/passcal/other/include/libxml2  -I/include -DMODULE_EXT=\"so\"  -I/include    SimpleExtensionInfo.c
mpicc-mpich-mp -pipe  -DVERSION=\"0\" -DCURR_MODULE_NAME=\"StGermainBaseExtensibility\" -Wall -g     -c -o /Users/haolu/Software/snac/snac-1/build/tmp/lib-libStGermainBaseExtensibility/ClassPtrExtensionInfo.o -I/Users/haolu/Software/snac/snac-1/build/include   -I/Users/haolu/Software/snac/snac-1/build/include/StGermain -I/opt/passcal/other/include/mpich-mp -I/opt/passcal/other/include/libxml2  -I/include -DMODULE_EXT=\"so\"  -I/include    ClassPtrExtensionInfo.c
mpicc-mpich-mp -pipe  -DVERSION=\"0\" -DCURR_MODULE_NAME=\"StGermainBaseExtensibility\" -Wall -g     -c -o /Users/haolu/Software/snac/snac-1/build/tmp/lib-libStGermainBaseExtensibility/ExtensionManager.o -I/Users/haolu/Software/snac/snac-1/build/include   -I/Users/haolu/Software/snac/snac-1/build/include/StGermain -I/opt/passcal/other/include/mpich-mp -I/opt/passcal/other/include/libxml2  -I/include -DMODULE_EXT=\"so\"  -I/include    ExtensionManager.c
ExtensionManager.c:469:63: warning: variable 'item_I' is uninitialized when used here [-Wuninitialized]
                                (void*)( ((ArithPointer)self->_array) + (self->itemSize * item_I) ),
                                                                                          ^~~~~~
ExtensionManager.c:381:12: note: initialize the variable 'item_I' to silence this warning
        int item_I;
                  ^
                   = 0
1 warning generated.
mpicc-mpich-mp -pipe  -DVERSION=\"0\" -DCURR_MODULE_NAME=\"StGermainBaseExtensibility\" -Wall -g     -c -o /Users/haolu/Software/snac/snac-1/build/tmp/lib-libStGermainBaseExtensibility/ExtensionManager_Register.o -I/Users/haolu/Software/snac/snac-1/build/include   -I/Users/haolu/Software/snac/snac-1/build/include/StGermain -I/opt/passcal/other/include/mpich-mp -I/opt/passcal/other/include/libxml2  -I/include -DMODULE_EXT=\"so\"  -I/include    ExtensionManager_Register.c
mpicc-mpich-mp -pipe  -DVERSION=\"0\" -DCURR_MODULE_NAME=\"StGermainBaseExtensibility\" -Wall -g     -c -o /Users/haolu/Software/snac/snac-1/build/tmp/lib-libStGermainBaseExtensibility/Hook.o -I/Users/haolu/Software/snac/snac-1/build/include   -I/Users/haolu/Software/snac/snac-1/build/include/StGermain -I/opt/passcal/other/include/mpich-mp -I/opt/passcal/other/include/libxml2  -I/include -DMODULE_EXT=\"so\"  -I/include    Hook.c
mpicc-mpich-mp -pipe  -DVERSION=\"0\" -DCURR_MODULE_NAME=\"StGermainBaseExtensibility\" -Wall -g     -c -o /Users/haolu/Software/snac/snac-1/build/tmp/lib-libStGermainBaseExtensibility/ClassHook.o -I/Users/haolu/Software/snac/snac-1/build/include   -I/Users/haolu/Software/snac/snac-1/build/include/StGermain -I/opt/passcal/other/include/mpich-mp -I/opt/passcal/other/include/libxml2  -I/include -DMODULE_EXT=\"so\"  -I/include    ClassHook.c
mpicc-mpich-mp -pipe  -DVERSION=\"0\" -DCURR_MODULE_NAME=\"StGermainBaseExtensibility\" -Wall -g     -c -o /Users/haolu/Software/snac/snac-1/build/tmp/lib-libStGermainBaseExtensibility/EntryPoint.o -I/Users/haolu/Software/snac/snac-1/build/include   -I/Users/haolu/Software/snac/snac-1/build/include/StGermain -I/opt/passcal/other/include/mpich-mp -I/opt/passcal/other/include/libxml2  -I/include -DMODULE_EXT=\"so\"  -I/include    EntryPoint.c
EntryPoint.c:57:19: warning: unused variable '_EntryPoint_Run_Type' [-Wunused-const-variable]
static const Type _EntryPoint_Run_Type = "EntryPoint->Run";
                  ^
1 warning generated.
mpicc-mpich-mp -pipe  -DVERSION=\"0\" -DCURR_MODULE_NAME=\"StGermainBaseExtensibility\" -Wall -g     -c -o /Users/haolu/Software/snac/snac-1/build/tmp/lib-libStGermainBaseExtensibility/EntryPoint_Register.o -I/Users/haolu/Software/snac/snac-1/build/include   -I/Users/haolu/Software/snac/snac-1/build/include/StGermain -I/opt/passcal/other/include/mpich-mp -I/opt/passcal/other/include/libxml2  -I/include -DMODULE_EXT=\"so\"  -I/include    EntryPoint_Register.c
mpicc-mpich-mp -pipe  -DVERSION=\"0\" -DCURR_MODULE_NAME=\"StGermainBaseExtensibility\" -Wall -g     -c -o /Users/haolu/Software/snac/snac-1/build/tmp/lib-libStGermainBaseExtensibility/Codelet.o -I/Users/haolu/Software/snac/snac-1/build/include   -I/Users/haolu/Software/snac/snac-1/build/include/StGermain -I/opt/passcal/other/include/mpich-mp -I/opt/passcal/other/include/libxml2  -I/include -DMODULE_EXT=\"so\"  -I/include    Codelet.c
mpicc-mpich-mp -pipe  -DVERSION=\"0\" -DCURR_MODULE_NAME=\"StGermainBaseExtensibility\" -Wall -g     -c -o /Users/haolu/Software/snac/snac-1/build/tmp/lib-libStGermainBaseExtensibility/PluginLoader.o -I/Users/haolu/Software/snac/snac-1/build/include   -I/Users/haolu/Software/snac/snac-1/build/include/StGermain -I/opt/passcal/other/include/mpich-mp -I/opt/passcal/other/include/libxml2  -I/include -DMODULE_EXT=\"so\"  -I/include    PluginLoader.c
mpicc-mpich-mp -pipe  -DVERSION=\"0\" -DCURR_MODULE_NAME=\"StGermainBaseExtensibility\" -Wall -g     -c -o /Users/haolu/Software/snac/snac-1/build/tmp/lib-libStGermainBaseExtensibility/PluginsManager.o -I/Users/haolu/Software/snac/snac-1/build/include   -I/Users/haolu/Software/snac/snac-1/build/include/StGermain -I/opt/passcal/other/include/mpich-mp -I/opt/passcal/other/include/libxml2  -I/include -DMODULE_EXT=\"so\"  -I/include    PluginsManager.c
mpicc-mpich-mp -pipe  -DVERSION=\"0\" -DCURR_MODULE_NAME=\"StGermainBaseExtensibility\" -Wall -g     -c -o /Users/haolu/Software/snac/snac-1/build/tmp/lib-libStGermainBaseExtensibility/Init.o -I/Users/haolu/Software/snac/snac-1/build/include   -I/Users/haolu/Software/snac/snac-1/build/include/StGermain -I/opt/passcal/other/include/mpich-mp -I/opt/passcal/other/include/libxml2  -I/include -DMODULE_EXT=\"so\"  -I/include    Init.c
mpicc-mpich-mp -pipe  -DVERSION=\"0\" -DCURR_MODULE_NAME=\"StGermainBaseExtensibility\" -Wall -g     -c -o /Users/haolu/Software/snac/snac-1/build/tmp/lib-libStGermainBaseExtensibility/Finalise.o -I/Users/haolu/Software/snac/snac-1/build/include   -I/Users/haolu/Software/snac/snac-1/build/include/StGermain -I/opt/passcal/other/include/mpich-mp -I/opt/passcal/other/include/libxml2  -I/include -DMODULE_EXT=\"so\"  -I/include    Finalise.c
Creating metadata Codelet-meta.c from Codelet.meta
mpicc-mpich-mp -pipe  -DVERSION=\"0\" -DCURR_MODULE_NAME=\"StGermainBaseExtensibility\" -Wall -g     -c -o /Users/haolu/Software/snac/snac-1/build/tmp/lib-libStGermainBaseExtensibility/Codelet-meta.o -I/Users/haolu/Software/snac/snac-1/build/include   -I/Users/haolu/Software/snac/snac-1/build/include/StGermain -I/opt/passcal/other/include/mpich-mp -I/opt/passcal/other/include/libxml2  -I/include -DMODULE_EXT=\"so\"  -I/include    Codelet-meta.c
ar -cru /Users/haolu/Software/snac/snac-1/build/tmp/lib-libStGermainBaseExtensibility.a/libStGermainBaseExtensibility.a. /Users/haolu/Software/snac/snac-1/build/tmp/lib-libStGermainBaseExtensibility/ExtensionInfo.o /Users/haolu/Software/snac/snac-1/build/tmp/lib-libStGermainBaseExtensibility/SimpleExtensionInfo.o /Users/haolu/Software/snac/snac-1/build/tmp/lib-libStGermainBaseExtensibility/ClassPtrExtensionInfo.o /Users/haolu/Software/snac/snac-1/build/tmp/lib-libStGermainBaseExtensibility/ExtensionManager.o /Users/haolu/Software/snac/snac-1/build/tmp/lib-libStGermainBaseExtensibility/ExtensionManager_Register.o /Users/haolu/Software/snac/snac-1/build/tmp/lib-libStGermainBaseExtensibility/Hook.o /Users/haolu/Software/snac/snac-1/build/tmp/lib-libStGermainBaseExtensibility/ClassHook.o /Users/haolu/Software/snac/snac-1/build/tmp/lib-libStGermainBaseExtensibility/EntryPoint.o /Users/haolu/Software/snac/snac-1/build/tmp/lib-libStGermainBaseExtensibility/EntryPoint_Register.o /Users/haolu/Software/snac/snac-1/build/tmp/lib-libStGermainBaseExtensibility/Codelet.o /Users/haolu/Software/snac/snac-1/build/tmp/lib-libStGermainBaseExtensibility/PluginLoader.o /Users/haolu/Software/snac/snac-1/build/tmp/lib-libStGermainBaseExtensibility/PluginsManager.o /Users/haolu/Software/snac/snac-1/build/tmp/lib-libStGermainBaseExtensibility/Init.o /Users/haolu/Software/snac/snac-1/build/tmp/lib-libStGermainBaseExtensibility/Finalise.o /Users/haolu/Software/snac/snac-1/build/tmp/lib-libStGermainBaseExtensibility/Codelet-meta.o
/usr/bin/ranlib /Users/haolu/Software/snac/snac-1/build/tmp/lib-libStGermainBaseExtensibility.a/libStGermainBaseExtensibility.a.
Install name: -install_name /Users/haolu/Software/snac/snac-1/build/lib/libStGermainBaseExtensibility.dylib
mpicc-mpich-mp -pipe  -DVERSION=\"0\" -DCURR_MODULE_NAME=\"StGermainBaseExtensibility\" -Wall -g    -o /Users/haolu/Software/snac/snac-1/build/tmp/lib-libStGermainBaseExtensibility.dylib/libStGermainBaseExtensibility.dylib. -dynamiclib -flat_namespace -undefined suppress -single_module  /Users/haolu/Software/snac/snac-1/build/tmp/lib-libStGermainBaseExtensibility/ExtensionInfo.o /Users/haolu/Software/snac/snac-1/build/tmp/lib-libStGermainBaseExtensibility/SimpleExtensionInfo.o /Users/haolu/Software/snac/snac-1/build/tmp/lib-libStGermainBaseExtensibility/ClassPtrExtensionInfo.o /Users/haolu/Software/snac/snac-1/build/tmp/lib-libStGermainBaseExtensibility/ExtensionManager.o /Users/haolu/Software/snac/snac-1/build/tmp/lib-libStGermainBaseExtensibility/ExtensionManager_Register.o /Users/haolu/Software/snac/snac-1/build/tmp/lib-libStGermainBaseExtensibility/Hook.o /Users/haolu/Software/snac/snac-1/build/tmp/lib-libStGermainBaseExtensibility/ClassHook.o /Users/haolu/Software/snac/snac-1/build/tmp/lib-libStGermainBaseExtensibility/EntryPoint.o /Users/haolu/Software/snac/snac-1/build/tmp/lib-libStGermainBaseExtensibility/EntryPoint_Register.o /Users/haolu/Software/snac/snac-1/build/tmp/lib-libStGermainBaseExtensibility/Codelet.o /Users/haolu/Software/snac/snac-1/build/tmp/lib-libStGermainBaseExtensibility/PluginLoader.o /Users/haolu/Software/snac/snac-1/build/tmp/lib-libStGermainBaseExtensibility/PluginsManager.o /Users/haolu/Software/snac/snac-1/build/tmp/lib-libStGermainBaseExtensibility/Init.o /Users/haolu/Software/snac/snac-1/build/tmp/lib-libStGermainBaseExtensibility/Finalise.o /Users/haolu/Software/snac/snac-1/build/tmp/lib-libStGermainBaseExtensibility/Codelet-meta.o  -L/Users/haolu/Software/snac/snac-1/build/lib   -L/Users/haolu/Software/snac/snac-1/build/lib -lStGermainBaseAutomation   -L/lib -ldl       -install_name /Users/haolu/Software/snac/snac-1/build/lib/libStGermainBaseExtensibility.dylib
ld: warning: directory not found for option '-L/lib'
rm Codelet-meta.c
mpicc-mpich-mp -pipe  -DVERSION=\"0\" -Wall -g  -DCURR_MODULE_NAME=\"libStGermainBaseExtensibility\"  -o /Users/haolu/Software/snac/snac-1/build/tests/testExtension-ofStruct  -I/Users/haolu/Software/snac/snac-1/build/include   -I/Users/haolu/Software/snac/snac-1/build/include/StGermain  -I/opt/passcal/other/include/mpich-mp   -I/opt/passcal/other/include/libxml2      testExtension-ofStruct.c   -L/Users/haolu/Software/snac/snac-1/build/lib   -L/Users/haolu/Software/snac/snac-1/build/lib -lStGermainBaseExtensibility -lStGermainBaseAutomation -lStGermainBaseContainer -lStGermainBaseIO -lStGermainBaseFoundation   -L/Users/haolu/Software/snac/snac-1/build/lib -lmpich -L/opt/passcal/other/lib/mpich-mp -lmpich  -L/sw/lib    -L/opt/passcal/other/lib -lxml2 -lz -lpthread -liconv -lm   -lm -lmx            
ld: warning: directory not found for option '-L/sw/lib'
mpicc-mpich-mp -pipe  -DVERSION=\"0\" -Wall -g  -DCURR_MODULE_NAME=\"libStGermainBaseExtensibility\"  -o /Users/haolu/Software/snac/snac-1/build/tests/testExtension-ofObject  -I/Users/haolu/Software/snac/snac-1/build/include   -I/Users/haolu/Software/snac/snac-1/build/include/StGermain  -I/opt/passcal/other/include/mpich-mp   -I/opt/passcal/other/include/libxml2      testExtension-ofObject.c   -L/Users/haolu/Software/snac/snac-1/build/lib   -L/Users/haolu/Software/snac/snac-1/build/lib -lStGermainBaseExtensibility -lStGermainBaseAutomation -lStGermainBaseContainer -lStGermainBaseIO -lStGermainBaseFoundation   -L/Users/haolu/Software/snac/snac-1/build/lib -lmpich -L/opt/passcal/other/lib/mpich-mp -lmpich  -L/sw/lib    -L/opt/passcal/other/lib -lxml2 -lz -lpthread -liconv -lm   -lm -lmx            
ld: warning: directory not found for option '-L/sw/lib'
mpicc-mpich-mp -pipe  -DVERSION=\"0\" -Wall -g  -DCURR_MODULE_NAME=\"libStGermainBaseExtensibility\"  -o /Users/haolu/Software/snac/snac-1/build/tests/testExtensionSimple  -I/Users/haolu/Software/snac/snac-1/build/include   -I/Users/haolu/Software/snac/snac-1/build/include/StGermain  -I/opt/passcal/other/include/mpich-mp   -I/opt/passcal/other/include/libxml2      testExtensionSimple.c   -L/Users/haolu/Software/snac/snac-1/build/lib   -L/Users/haolu/Software/snac/snac-1/build/lib -lStGermainBaseExtensibility -lStGermainBaseAutomation -lStGermainBaseContainer -lStGermainBaseIO -lStGermainBaseFoundation   -L/Users/haolu/Software/snac/snac-1/build/lib -lmpich -L/opt/passcal/other/lib/mpich-mp -lmpich  -L/sw/lib    -L/opt/passcal/other/lib -lxml2 -lz -lpthread -liconv -lm   -lm -lmx            
ld: warning: directory not found for option '-L/sw/lib'
mpicc-mpich-mp -pipe  -DVERSION=\"0\" -Wall -g  -DCURR_MODULE_NAME=\"libStGermainBaseExtensibility\"  -o /Users/haolu/Software/snac/snac-1/build/tests/testEntryPoint0  -I/Users/haolu/Software/snac/snac-1/build/include   -I/Users/haolu/Software/snac/snac-1/build/include/StGermain  -I/opt/passcal/other/include/mpich-mp   -I/opt/passcal/other/include/libxml2      testEntryPoint0.c   -L/Users/haolu/Software/snac/snac-1/build/lib   -L/Users/haolu/Software/snac/snac-1/build/lib -lStGermainBaseExtensibility -lStGermainBaseAutomation -lStGermainBaseContainer -lStGermainBaseIO -lStGermainBaseFoundation   -L/Users/haolu/Software/snac/snac-1/build/lib -lmpich -L/opt/passcal/other/lib/mpich-mp -lmpich  -L/sw/lib    -L/opt/passcal/other/lib -lxml2 -lz -lpthread -liconv -lm   -lm -lmx            
ld: warning: directory not found for option '-L/sw/lib'
mpicc-mpich-mp -pipe  -DVERSION=\"0\" -Wall -g  -DCURR_MODULE_NAME=\"libStGermainBaseExtensibility\"  -o /Users/haolu/Software/snac/snac-1/build/tests/testEntryPoint1  -I/Users/haolu/Software/snac/snac-1/build/include   -I/Users/haolu/Software/snac/snac-1/build/include/StGermain  -I/opt/passcal/other/include/mpich-mp   -I/opt/passcal/other/include/libxml2      testEntryPoint1.c   -L/Users/haolu/Software/snac/snac-1/build/lib   -L/Users/haolu/Software/snac/snac-1/build/lib -lStGermainBaseExtensibility -lStGermainBaseAutomation -lStGermainBaseContainer -lStGermainBaseIO -lStGermainBaseFoundation   -L/Users/haolu/Software/snac/snac-1/build/lib -lmpich -L/opt/passcal/other/lib/mpich-mp -lmpich  -L/sw/lib    -L/opt/passcal/other/lib -lxml2 -lz -lpthread -liconv -lm   -lm -lmx            
ld: warning: directory not found for option '-L/sw/lib'
mpicc-mpich-mp -pipe  -DVERSION=\"0\" -Wall -g  -DCURR_MODULE_NAME=\"libStGermainBaseExtensibility\"  -o /Users/haolu/Software/snac/snac-1/build/tests/testEntryPoint2  -I/Users/haolu/Software/snac/snac-1/build/include   -I/Users/haolu/Software/snac/snac-1/build/include/StGermain  -I/opt/passcal/other/include/mpich-mp   -I/opt/passcal/other/include/libxml2      testEntryPoint2.c   -L/Users/haolu/Software/snac/snac-1/build/lib   -L/Users/haolu/Software/snac/snac-1/build/lib -lStGermainBaseExtensibility -lStGermainBaseAutomation -lStGermainBaseContainer -lStGermainBaseIO -lStGermainBaseFoundation   -L/Users/haolu/Software/snac/snac-1/build/lib -lmpich -L/opt/passcal/other/lib/mpich-mp -lmpich  -L/sw/lib    -L/opt/passcal/other/lib -lxml2 -lz -lpthread -liconv -lm   -lm -lmx            
ld: warning: directory not found for option '-L/sw/lib'
mpicc-mpich-mp -pipe  -DVERSION=\"0\" -Wall -g  -DCURR_MODULE_NAME=\"libStGermainBaseExtensibility\"  -o /Users/haolu/Software/snac/snac-1/build/tests/testEntryPoint3  -I/Users/haolu/Software/snac/snac-1/build/include   -I/Users/haolu/Software/snac/snac-1/build/include/StGermain  -I/opt/passcal/other/include/mpich-mp   -I/opt/passcal/other/include/libxml2      testEntryPoint3.c   -L/Users/haolu/Software/snac/snac-1/build/lib   -L/Users/haolu/Software/snac/snac-1/build/lib -lStGermainBaseExtensibility -lStGermainBaseAutomation -lStGermainBaseContainer -lStGermainBaseIO -lStGermainBaseFoundation   -L/Users/haolu/Software/snac/snac-1/build/lib -lmpich -L/opt/passcal/other/lib/mpich-mp -lmpich  -L/sw/lib    -L/opt/passcal/other/lib -lxml2 -lz -lpthread -liconv -lm   -lm -lmx            
ld: warning: directory not found for option '-L/sw/lib'
mpicc-mpich-mp -pipe  -DVERSION=\"0\" -Wall -g  -DCURR_MODULE_NAME=\"libStGermainBaseExtensibility\"  -o /Users/haolu/Software/snac/snac-1/build/tests/testEntryPoint-min-max  -I/Users/haolu/Software/snac/snac-1/build/include   -I/Users/haolu/Software/snac/snac-1/build/include/StGermain  -I/opt/passcal/other/include/mpich-mp   -I/opt/passcal/other/include/libxml2      testEntryPoint-min-max.c   -L/Users/haolu/Software/snac/snac-1/build/lib   -L/Users/haolu/Software/snac/snac-1/build/lib -lStGermainBaseExtensibility -lStGermainBaseAutomation -lStGermainBaseContainer -lStGermainBaseIO -lStGermainBaseFoundation   -L/Users/haolu/Software/snac/snac-1/build/lib -lmpich -L/opt/passcal/other/lib/mpich-mp -lmpich  -L/sw/lib    -L/opt/passcal/other/lib -lxml2 -lz -lpthread -liconv -lm   -lm -lmx            
ld: warning: directory not found for option '-L/sw/lib'
mpicc-mpich-mp -pipe  -DVERSION=\"0\" -Wall -g  -DCURR_MODULE_NAME=\"libStGermainBaseExtensibility\"  -o /Users/haolu/Software/snac/snac-1/build/tests/testEntryPoint-printConcise  -I/Users/haolu/Software/snac/snac-1/build/include   -I/Users/haolu/Software/snac/snac-1/build/include/StGermain  -I/opt/passcal/other/include/mpich-mp   -I/opt/passcal/other/include/libxml2      testEntryPoint-printConcise.c   -L/Users/haolu/Software/snac/snac-1/build/lib   -L/Users/haolu/Software/snac/snac-1/build/lib -lStGermainBaseExtensibility -lStGermainBaseAutomation -lStGermainBaseContainer -lStGermainBaseIO -lStGermainBaseFoundation   -L/Users/haolu/Software/snac/snac-1/build/lib -lmpich -L/opt/passcal/other/lib/mpich-mp -lmpich  -L/sw/lib    -L/opt/passcal/other/lib -lxml2 -lz -lpthread -liconv -lm   -lm -lmx            
ld: warning: directory not found for option '-L/sw/lib'
mpicc-mpich-mp -pipe  -DVERSION=\"0\" -Wall -g  -DCURR_MODULE_NAME=\"libStGermainBaseExtensibility\"  -o /Users/haolu/Software/snac/snac-1/build/tests/testEntryPoint-ClassHook  -I/Users/haolu/Software/snac/snac-1/build/include   -I/Users/haolu/Software/snac/snac-1/build/include/StGermain  -I/opt/passcal/other/include/mpich-mp   -I/opt/passcal/other/include/libxml2      testEntryPoint-ClassHook.c   -L/Users/haolu/Software/snac/snac-1/build/lib   -L/Users/haolu/Software/snac/snac-1/build/lib -lStGermainBaseExtensibility -lStGermainBaseAutomation -lStGermainBaseContainer -lStGermainBaseIO -lStGermainBaseFoundation   -L/Users/haolu/Software/snac/snac-1/build/lib -lmpich -L/opt/passcal/other/lib/mpich-mp -lmpich  -L/sw/lib    -L/opt/passcal/other/lib -lxml2 -lz -lpthread -liconv -lm   -lm -lmx            
ld: warning: directory not found for option '-L/sw/lib'
mpicc-mpich-mp -pipe  -DVERSION=\"0\" -DCURR_MODULE_NAME=\"LocalPlugin\" -DPLUGIN_NAME=LocalPlugin -Wall -g    -c -o /Users/haolu/Software/snac/snac-1/build/tmp/mod-LocalPluginmodule.so/LocalPlugin.o -I/Users/haolu/Software/snac/snac-1/build/include   -I/Users/haolu/Software/snac/snac-1/build/include/StGermain  -I/opt/passcal/other/include/mpich-mp   -I/opt/passcal/other/include/libxml2      LocalPlugin.c
mpicc-mpich-mp -pipe  -DVERSION=\"0\" -DCURR_MODULE_NAME=\"LocalPlugin\" -DPLUGIN_NAME=LocalPlugin -Wall -g   -o /Users/haolu/Software/snac/snac-1/build/tmp/mod-LocalPluginmodule.so/LocalPluginmodule.so /Users/haolu/Software/snac/snac-1/build/tmp/mod-LocalPluginmodule.so/LocalPlugin.o  -bundle -flat_namespace -undefined suppress  -L/Users/haolu/Software/snac/snac-1/build/lib   -L/Users/haolu/Software/snac/snac-1/build/lib -lStGermainBaseExtensibility -lStGermainBaseAutomation -lStGermainBaseIO -lStGermainBaseFoundation -lStGermainBaseContainer  -L/Users/haolu/Software/snac/snac-1/build/lib -lmpich -L/opt/passcal/other/lib/mpich-mp -lmpich  -L/sw/lib    -L/opt/passcal/other/lib -lxml2 -lz -lpthread -liconv -lm   -lm -lmx            
ld: warning: directory not found for option '-L/sw/lib'
/bin/cp -f /Users/haolu/Software/snac/snac-1/build/tmp/mod-LocalPluginmodule.so/LocalPluginmodule.so /Users/haolu/Software/snac/snac-1/build/lib/LocalPluginmodule.so
Creating metadata LocalPlugin1-meta.c from LocalPlugin1.meta
mpicc-mpich-mp -pipe  -DVERSION=\"0\" -DCURR_MODULE_NAME=\"LocalPluginDep\" -Wall -g    -c -o /Users/haolu/Software/snac/snac-1/build/tmp/plugin-LocalPluginDepmodule.so/LocalPlugin1-meta.o -I/Users/haolu/Software/snac/snac-1/build/include   -I/Users/haolu/Software/snac/snac-1/build/include/StGermain  -I/opt/passcal/other/include/mpich-mp   -I/opt/passcal/other/include/libxml2      LocalPlugin1-meta.c
mpicc-mpich-mp -pipe  -DVERSION=\"0\" -DCURR_MODULE_NAME=\"LocalPluginDep\" -Wall -g    -c -o /Users/haolu/Software/snac/snac-1/build/tmp/plugin-LocalPluginDepmodule.so/LocalPlugin1.o -I/Users/haolu/Software/snac/snac-1/build/include   -I/Users/haolu/Software/snac/snac-1/build/include/StGermain  -I/opt/passcal/other/include/mpich-mp   -I/opt/passcal/other/include/libxml2      LocalPlugin1.c
mpicc-mpich-mp -pipe  -DVERSION=\"0\" -DCURR_MODULE_NAME=\"LocalPluginDep\" -Wall -g    -c -o /Users/haolu/Software/snac/snac-1/build/tmp/plugin-LocalPluginDepmodule.so/LocalPlugin2.o -I/Users/haolu/Software/snac/snac-1/build/include   -I/Users/haolu/Software/snac/snac-1/build/include/StGermain  -I/opt/passcal/other/include/mpich-mp   -I/opt/passcal/other/include/libxml2      LocalPlugin2.c
mpicc-mpich-mp -pipe  -DVERSION=\"0\" -DCURR_MODULE_NAME=\"LocalPluginDep\" -Wall -g   -o /Users/haolu/Software/snac/snac-1/build/lib/LocalPlugin1module.so /Users/haolu/Software/snac/snac-1/build/tmp/plugin-LocalPluginDepmodule.so/LocalPlugin1.o /Users/haolu/Software/snac/snac-1/build/tmp/plugin-LocalPluginDepmodule.so/LocalPlugin1-meta.o  -bundle -flat_namespace -undefined suppress     -L/Users/haolu/Software/snac/snac-1/build/lib -lStGermainBaseExtensibility -lStGermainBaseAutomation -lStGermainBaseIO -lStGermainBaseFoundation -lStGermainBaseContainer  -L/Users/haolu/Software/snac/snac-1/build/lib -lmpich -L/opt/passcal/other/lib/mpich-mp -lmpich  -L/sw/lib    -L/opt/passcal/other/lib -lxml2 -lz -lpthread -liconv -lm   -lm -lmx            
ld: warning: directory not found for option '-L/sw/lib'
mpicc-mpich-mp -pipe  -DVERSION=\"0\" -DCURR_MODULE_NAME=\"LocalPluginDep\" -Wall -g   -o /Users/haolu/Software/snac/snac-1/build/lib/LocalPlugin2module.so /Users/haolu/Software/snac/snac-1/build/tmp/plugin-LocalPluginDepmodule.so/LocalPlugin2.o   -bundle -flat_namespace -undefined suppress     -L/Users/haolu/Software/snac/snac-1/build/lib -lStGermainBaseExtensibility -lStGermainBaseAutomation -lStGermainBaseIO -lStGermainBaseFoundation -lStGermainBaseContainer  -L/Users/haolu/Software/snac/snac-1/build/lib -lmpich -L/opt/passcal/other/lib/mpich-mp -lmpich  -L/sw/lib    -L/opt/passcal/other/lib -lxml2 -lz -lpthread -liconv -lm   -lm -lmx            
ld: warning: directory not found for option '-L/sw/lib'
rm LocalPlugin1-meta.c
mpicc-mpich-mp -pipe  -DVERSION=\"0\" -Wall -g  -DCURR_MODULE_NAME=\"libStGermainBaseExtensibility\"   -c -o /Users/haolu/Software/snac/snac-1/build/tmp/test-libStGermainBaseExtensibility/MockContext.o -I/Users/haolu/Software/snac/snac-1/build/include   -I/Users/haolu/Software/snac/snac-1/build/include/StGermain -DLIB_DIR=\"/Users/haolu/Software/snac/snac-1/build/lib\"  -I/opt/passcal/other/include/mpich-mp   -I/opt/passcal/other/include/libxml2     -I/include    MockContext.c
mpicc-mpich-mp -pipe  -DVERSION=\"0\" -Wall -g  -DCURR_MODULE_NAME=\"libStGermainBaseExtensibility\"  -o /Users/haolu/Software/snac/snac-1/build/tests/testPlugin /Users/haolu/Software/snac/snac-1/build/tmp/test-libStGermainBaseExtensibility/MockContext.o -I/Users/haolu/Software/snac/snac-1/build/include   -I/Users/haolu/Software/snac/snac-1/build/include/StGermain -DLIB_DIR=\"/Users/haolu/Software/snac/snac-1/build/lib\"  -I/opt/passcal/other/include/mpich-mp   -I/opt/passcal/other/include/libxml2     -I/include    testPlugin.c   -L/Users/haolu/Software/snac/snac-1/build/lib   -L/Users/haolu/Software/snac/snac-1/build/lib -lStGermainBaseExtensibility -lStGermainBaseAutomation -lStGermainBaseContainer -lStGermainBaseIO -lStGermainBaseFoundation   -L/Users/haolu/Software/snac/snac-1/build/lib -lmpich -L/opt/passcal/other/lib/mpich-mp -lmpich  -L/sw/lib    -L/opt/passcal/other/lib -lxml2 -lz -lpthread -liconv -lm   -lm -lmx   -L/lib -ldl               
ld: warning: directory not found for option '-L/sw/lib'
ld: warning: directory not found for option '-L/lib'
mpicc-mpich-mp -pipe  -DVERSION=\"0\" -Wall -g  -DCURR_MODULE_NAME=\"libStGermainBaseExtensibility\"  -o /Users/haolu/Software/snac/snac-1/build/tests/testDistributedPlugin /Users/haolu/Software/snac/snac-1/build/tmp/test-libStGermainBaseExtensibility/MockContext.o -I/Users/haolu/Software/snac/snac-1/build/include   -I/Users/haolu/Software/snac/snac-1/build/include/StGermain -DLIB_DIR=\"/Users/haolu/Software/snac/snac-1/build/lib\"  -I/opt/passcal/other/include/mpich-mp   -I/opt/passcal/other/include/libxml2     -I/include    testDistributedPlugin.c   -L/Users/haolu/Software/snac/snac-1/build/lib   -L/Users/haolu/Software/snac/snac-1/build/lib -lStGermainBaseExtensibility -lStGermainBaseAutomation -lStGermainBaseContainer -lStGermainBaseIO -lStGermainBaseFoundation   -L/Users/haolu/Software/snac/snac-1/build/lib -lmpich -L/opt/passcal/other/lib/mpich-mp -lmpich  -L/sw/lib    -L/opt/passcal/other/lib -lxml2 -lz -lpthread -liconv -lm   -lm -lmx   -L/lib -ldl               
ld: warning: directory not found for option '-L/sw/lib'
ld: warning: directory not found for option '-L/lib'
rm /Users/haolu/Software/snac/snac-1/build/tmp/test-libStGermainBaseExtensibility/MockContext.o
mpicc-mpich-mp -pipe  -DVERSION=\"0\" -DCURR_MODULE_NAME=\"StGermainBaseContext\" -Wall -g     -c -o /Users/haolu/Software/snac/snac-1/build/tmp/lib-libStGermainBaseContext/ContextEntryPoint.o -I/Users/haolu/Software/snac/snac-1/build/include   -I/Users/haolu/Software/snac/snac-1/build/include/StGermain -I/opt/passcal/other/include/mpich-mp -I/opt/passcal/other/include/libxml2 -DLIB_DIR=\"/Users/haolu/Software/snac/snac-1/build/lib\"   ContextEntryPoint.c
mpicc-mpich-mp -pipe  -DVERSION=\"0\" -DCURR_MODULE_NAME=\"StGermainBaseContext\" -Wall -g     -c -o /Users/haolu/Software/snac/snac-1/build/tmp/lib-libStGermainBaseContext/AbstractContext.o -I/Users/haolu/Software/snac/snac-1/build/include   -I/Users/haolu/Software/snac/snac-1/build/include/StGermain -I/opt/passcal/other/include/mpich-mp -I/opt/passcal/other/include/libxml2 -DLIB_DIR=\"/Users/haolu/Software/snac/snac-1/build/lib\"   AbstractContext.c
mpicc-mpich-mp -pipe  -DVERSION=\"0\" -DCURR_MODULE_NAME=\"StGermainBaseContext\" -Wall -g     -c -o /Users/haolu/Software/snac/snac-1/build/tmp/lib-libStGermainBaseContext/Init.o -I/Users/haolu/Software/snac/snac-1/build/include   -I/Users/haolu/Software/snac/snac-1/build/include/StGermain -I/opt/passcal/other/include/mpich-mp -I/opt/passcal/other/include/libxml2 -DLIB_DIR=\"/Users/haolu/Software/snac/snac-1/build/lib\"   Init.c
mpicc-mpich-mp -pipe  -DVERSION=\"0\" -DCURR_MODULE_NAME=\"StGermainBaseContext\" -Wall -g     -c -o /Users/haolu/Software/snac/snac-1/build/tmp/lib-libStGermainBaseContext/Finalise.o -I/Users/haolu/Software/snac/snac-1/build/include   -I/Users/haolu/Software/snac/snac-1/build/include/StGermain -I/opt/passcal/other/include/mpich-mp -I/opt/passcal/other/include/libxml2 -DLIB_DIR=\"/Users/haolu/Software/snac/snac-1/build/lib\"   Finalise.c
mpicc-mpich-mp -pipe  -DVERSION=\"0\" -DCURR_MODULE_NAME=\"StGermainBaseContext\" -Wall -g     -c -o /Users/haolu/Software/snac/snac-1/build/tmp/lib-libStGermainBaseContext/DictionaryCheck.o -I/Users/haolu/Software/snac/snac-1/build/include   -I/Users/haolu/Software/snac/snac-1/build/include/StGermain -I/opt/passcal/other/include/mpich-mp -I/opt/passcal/other/include/libxml2 -DLIB_DIR=\"/Users/haolu/Software/snac/snac-1/build/lib\"   DictionaryCheck.c
Creating metadata AbstractContext-meta.c from AbstractContext.meta
mpicc-mpich-mp -pipe  -DVERSION=\"0\" -DCURR_MODULE_NAME=\"StGermainBaseContext\" -Wall -g     -c -o /Users/haolu/Software/snac/snac-1/build/tmp/lib-libStGermainBaseContext/AbstractContext-meta.o -I/Users/haolu/Software/snac/snac-1/build/include   -I/Users/haolu/Software/snac/snac-1/build/include/StGermain -I/opt/passcal/other/include/mpich-mp -I/opt/passcal/other/include/libxml2 -DLIB_DIR=\"/Users/haolu/Software/snac/snac-1/build/lib\"   AbstractContext-meta.c
ar -cru /Users/haolu/Software/snac/snac-1/build/tmp/lib-libStGermainBaseContext.a/libStGermainBaseContext.a. /Users/haolu/Software/snac/snac-1/build/tmp/lib-libStGermainBaseContext/ContextEntryPoint.o /Users/haolu/Software/snac/snac-1/build/tmp/lib-libStGermainBaseContext/AbstractContext.o /Users/haolu/Software/snac/snac-1/build/tmp/lib-libStGermainBaseContext/Init.o /Users/haolu/Software/snac/snac-1/build/tmp/lib-libStGermainBaseContext/Finalise.o /Users/haolu/Software/snac/snac-1/build/tmp/lib-libStGermainBaseContext/DictionaryCheck.o /Users/haolu/Software/snac/snac-1/build/tmp/lib-libStGermainBaseContext/AbstractContext-meta.o
/usr/bin/ranlib /Users/haolu/Software/snac/snac-1/build/tmp/lib-libStGermainBaseContext.a/libStGermainBaseContext.a.
Install name: -install_name /Users/haolu/Software/snac/snac-1/build/lib/libStGermainBaseContext.dylib
mpicc-mpich-mp -pipe  -DVERSION=\"0\" -DCURR_MODULE_NAME=\"StGermainBaseContext\" -Wall -g    -o /Users/haolu/Software/snac/snac-1/build/tmp/lib-libStGermainBaseContext.dylib/libStGermainBaseContext.dylib. -dynamiclib -flat_namespace -undefined suppress -single_module  /Users/haolu/Software/snac/snac-1/build/tmp/lib-libStGermainBaseContext/ContextEntryPoint.o /Users/haolu/Software/snac/snac-1/build/tmp/lib-libStGermainBaseContext/AbstractContext.o /Users/haolu/Software/snac/snac-1/build/tmp/lib-libStGermainBaseContext/Init.o /Users/haolu/Software/snac/snac-1/build/tmp/lib-libStGermainBaseContext/Finalise.o /Users/haolu/Software/snac/snac-1/build/tmp/lib-libStGermainBaseContext/DictionaryCheck.o /Users/haolu/Software/snac/snac-1/build/tmp/lib-libStGermainBaseContext/AbstractContext-meta.o  -L/Users/haolu/Software/snac/snac-1/build/lib   -L/Users/haolu/Software/snac/snac-1/build/lib -lStGermainBaseExtensibility    -install_name /Users/haolu/Software/snac/snac-1/build/lib/libStGermainBaseContext.dylib
rm AbstractContext-meta.c
mpicc-mpich-mp -pipe  -DVERSION=\"0\" -Wall -g  -DCURR_MODULE_NAME=\"libStGermainBaseContext\"  -o /Users/haolu/Software/snac/snac-1/build/tests/testAbstractContext-noDtDefined  -I/Users/haolu/Software/snac/snac-1/build/include   -I/Users/haolu/Software/snac/snac-1/build/include/StGermain  -I/opt/passcal/other/include/mpich-mp   -I/opt/passcal/other/include/libxml2     -I/include    testAbstractContext-noDtDefined.c   -L/Users/haolu/Software/snac/snac-1/build/lib   -L/Users/haolu/Software/snac/snac-1/build/lib -lStGermainBaseContext -lStGermainBaseExtensibility -lStGermainBaseAutomation -lStGermainBaseContainer -lStGermainBaseIO -lStGermainBaseFoundation   -L/Users/haolu/Software/snac/snac-1/build/lib -lmpich -L/opt/passcal/other/lib/mpich-mp -lmpich  -L/sw/lib    -L/opt/passcal/other/lib -lxml2 -lz -lpthread -liconv -lm   -lm -lmx   -L/lib -ldl               
ld: warning: directory not found for option '-L/sw/lib'
ld: warning: directory not found for option '-L/lib'
mpicc-mpich-mp -pipe  -DVERSION=\"0\" -Wall -g  -DCURR_MODULE_NAME=\"libStGermainBaseContext\"  -o /Users/haolu/Software/snac/snac-1/build/tests/testAbstractContext-noOptionsDefined  -I/Users/haolu/Software/snac/snac-1/build/include   -I/Users/haolu/Software/snac/snac-1/build/include/StGermain  -I/opt/passcal/other/include/mpich-mp   -I/opt/passcal/other/include/libxml2     -I/include    testAbstractContext-noOptionsDefined.c   -L/Users/haolu/Software/snac/snac-1/build/lib   -L/Users/haolu/Software/snac/snac-1/build/lib -lStGermainBaseContext -lStGermainBaseExtensibility -lStGermainBaseAutomation -lStGermainBaseContainer -lStGermainBaseIO -lStGermainBaseFoundation   -L/Users/haolu/Software/snac/snac-1/build/lib -lmpich -L/opt/passcal/other/lib/mpich-mp -lmpich  -L/sw/lib    -L/opt/passcal/other/lib -lxml2 -lz -lpthread -liconv -lm   -lm -lmx   -L/lib -ldl               
ld: warning: directory not found for option '-L/sw/lib'
ld: warning: directory not found for option '-L/lib'
mpicc-mpich-mp -pipe  -DVERSION=\"0\" -Wall -g  -DCURR_MODULE_NAME=\"libStGermainBaseContext\"  -o /Users/haolu/Software/snac/snac-1/build/tests/testAbstractContext0  -I/Users/haolu/Software/snac/snac-1/build/include   -I/Users/haolu/Software/snac/snac-1/build/include/StGermain  -I/opt/passcal/other/include/mpich-mp   -I/opt/passcal/other/include/libxml2     -I/include    testAbstractContext0.c   -L/Users/haolu/Software/snac/snac-1/build/lib   -L/Users/haolu/Software/snac/snac-1/build/lib -lStGermainBaseContext -lStGermainBaseExtensibility -lStGermainBaseAutomation -lStGermainBaseContainer -lStGermainBaseIO -lStGermainBaseFoundation   -L/Users/haolu/Software/snac/snac-1/build/lib -lmpich -L/opt/passcal/other/lib/mpich-mp -lmpich  -L/sw/lib    -L/opt/passcal/other/lib -lxml2 -lz -lpthread -liconv -lm   -lm -lmx   -L/lib -ldl               
ld: warning: directory not found for option '-L/sw/lib'
ld: warning: directory not found for option '-L/lib'
mpicc-mpich-mp -pipe  -DVERSION=\"0\" -Wall -g  -DCURR_MODULE_NAME=\"libStGermainBaseContext\"  -o /Users/haolu/Software/snac/snac-1/build/tests/testAbstractContext1  -I/Users/haolu/Software/snac/snac-1/build/include   -I/Users/haolu/Software/snac/snac-1/build/include/StGermain  -I/opt/passcal/other/include/mpich-mp   -I/opt/passcal/other/include/libxml2     -I/include    testAbstractContext1.c   -L/Users/haolu/Software/snac/snac-1/build/lib   -L/Users/haolu/Software/snac/snac-1/build/lib -lStGermainBaseContext -lStGermainBaseExtensibility -lStGermainBaseAutomation -lStGermainBaseContainer -lStGermainBaseIO -lStGermainBaseFoundation   -L/Users/haolu/Software/snac/snac-1/build/lib -lmpich -L/opt/passcal/other/lib/mpich-mp -lmpich  -L/sw/lib    -L/opt/passcal/other/lib -lxml2 -lz -lpthread -liconv -lm   -lm -lmx   -L/lib -ldl               
ld: warning: directory not found for option '-L/sw/lib'
ld: warning: directory not found for option '-L/lib'
mpicc-mpich-mp -pipe  -DVERSION=\"0\" -Wall -g  -DCURR_MODULE_NAME=\"libStGermainBaseContext\"  -o /Users/haolu/Software/snac/snac-1/build/tests/testAbstractContextCheckPoint  -I/Users/haolu/Software/snac/snac-1/build/include   -I/Users/haolu/Software/snac/snac-1/build/include/StGermain  -I/opt/passcal/other/include/mpich-mp   -I/opt/passcal/other/include/libxml2     -I/include    testAbstractContextCheckPoint.c   -L/Users/haolu/Software/snac/snac-1/build/lib   -L/Users/haolu/Software/snac/snac-1/build/lib -lStGermainBaseContext -lStGermainBaseExtensibility -lStGermainBaseAutomation -lStGermainBaseContainer -lStGermainBaseIO -lStGermainBaseFoundation   -L/Users/haolu/Software/snac/snac-1/build/lib -lmpich -L/opt/passcal/other/lib/mpich-mp -lmpich  -L/sw/lib    -L/opt/passcal/other/lib -lxml2 -lz -lpthread -liconv -lm   -lm -lmx   -L/lib -ldl               
ld: warning: directory not found for option '-L/sw/lib'
ld: warning: directory not found for option '-L/lib'
mpicc-mpich-mp -pipe  -DVERSION=\"0\" -Wall -g  -DCURR_MODULE_NAME=\"libStGermainBaseContext\"  -o /Users/haolu/Software/snac/snac-1/build/tests/testDictionaryCheck  -I/Users/haolu/Software/snac/snac-1/build/include   -I/Users/haolu/Software/snac/snac-1/build/include/StGermain  -I/opt/passcal/other/include/mpich-mp   -I/opt/passcal/other/include/libxml2     -I/include    testDictionaryCheck.c   -L/Users/haolu/Software/snac/snac-1/build/lib   -L/Users/haolu/Software/snac/snac-1/build/lib -lStGermainBaseContext -lStGermainBaseExtensibility -lStGermainBaseAutomation -lStGermainBaseContainer -lStGermainBaseIO -lStGermainBaseFoundation   -L/Users/haolu/Software/snac/snac-1/build/lib -lmpich -L/opt/passcal/other/lib/mpich-mp -lmpich  -L/sw/lib    -L/opt/passcal/other/lib -lxml2 -lz -lpthread -liconv -lm   -lm -lmx   -L/lib -ldl               
ld: warning: directory not found for option '-L/sw/lib'
ld: warning: directory not found for option '-L/lib'
make[5]: Nothing to be done for `all_build'.
mpicc-mpich-mp -pipe  -DVERSION=\"0\" -DCURR_MODULE_NAME=\"StGermainBase\" -Wall -g     -c -o /Users/haolu/Software/snac/snac-1/build/tmp/lib-libStGermainBase/Init.o -I/Users/haolu/Software/snac/snac-1/build/include   -I/Users/haolu/Software/snac/snac-1/build/include/StGermain -I/opt/passcal/other/include/mpich-mp  -I/opt/passcal/other/include/mpich-mp   -I/opt/passcal/other/include/libxml2     -I/include    Init.c
mpicc-mpich-mp -pipe  -DVERSION=\"0\" -DCURR_MODULE_NAME=\"StGermainBase\" -Wall -g     -c -o /Users/haolu/Software/snac/snac-1/build/tmp/lib-libStGermainBase/Finalise.o -I/Users/haolu/Software/snac/snac-1/build/include   -I/Users/haolu/Software/snac/snac-1/build/include/StGermain -I/opt/passcal/other/include/mpich-mp  -I/opt/passcal/other/include/mpich-mp   -I/opt/passcal/other/include/libxml2     -I/include    Finalise.c
ar -cru /Users/haolu/Software/snac/snac-1/build/tmp/lib-libStGermainBase.a/libStGermainBase.a. /Users/haolu/Software/snac/snac-1/build/tmp/lib-libStGermainBase/Init.o /Users/haolu/Software/snac/snac-1/build/tmp/lib-libStGermainBase/Finalise.o /Users/haolu/Software/snac/snac-1/build/tmp/lib-libStGermainBaseContext/ContextEntryPoint.o /Users/haolu/Software/snac/snac-1/build/tmp/lib-libStGermainBaseContext/AbstractContext.o /Users/haolu/Software/snac/snac-1/build/tmp/lib-libStGermainBaseContext/Init.o /Users/haolu/Software/snac/snac-1/build/tmp/lib-libStGermainBaseContext/Finalise.o /Users/haolu/Software/snac/snac-1/build/tmp/lib-libStGermainBaseContext/DictionaryCheck.o /Users/haolu/Software/snac/snac-1/build/tmp/lib-libStGermainBaseContext/AbstractContext-meta.o /Users/haolu/Software/snac/snac-1/build/tmp/lib-libStGermainBaseExtensibility/ExtensionInfo.o /Users/haolu/Software/snac/snac-1/build/tmp/lib-libStGermainBaseExtensibility/SimpleExtensionInfo.o /Users/haolu/Software/snac/snac-1/build/tmp/lib-libStGermainBaseExtensibility/ClassPtrExtensionInfo.o /Users/haolu/Software/snac/snac-1/build/tmp/lib-libStGermainBaseExtensibility/ExtensionManager.o /Users/haolu/Software/snac/snac-1/build/tmp/lib-libStGermainBaseExtensibility/ExtensionManager_Register.o /Users/haolu/Software/snac/snac-1/build/tmp/lib-libStGermainBaseExtensibility/Hook.o /Users/haolu/Software/snac/snac-1/build/tmp/lib-libStGermainBaseExtensibility/ClassHook.o /Users/haolu/Software/snac/snac-1/build/tmp/lib-libStGermainBaseExtensibility/EntryPoint.o /Users/haolu/Software/snac/snac-1/build/tmp/lib-libStGermainBaseExtensibility/EntryPoint_Register.o /Users/haolu/Software/snac/snac-1/build/tmp/lib-libStGermainBaseExtensibility/Codelet.o /Users/haolu/Software/snac/snac-1/build/tmp/lib-libStGermainBaseExtensibility/PluginLoader.o /Users/haolu/Software/snac/snac-1/build/tmp/lib-libStGermainBaseExtensibility/PluginsManager.o /Users/haolu/Software/snac/snac-1/build/tmp/lib-libStGermainBaseExtensibility/Init.o /Users/haolu/Software/snac/snac-1/build/tmp/lib-libStGermainBaseExtensibility/Finalise.o /Users/haolu/Software/snac/snac-1/build/tmp/lib-libStGermainBaseExtensibility/Codelet-meta.o /Users/haolu/Software/snac/snac-1/build/tmp/lib-libStGermainBaseAutomation/Variable.o /Users/haolu/Software/snac/snac-1/build/tmp/lib-libStGermainBaseAutomation/Variable_Register.o /Users/haolu/Software/snac/snac-1/build/tmp/lib-libStGermainBaseAutomation/VariableDumpStream.o /Users/haolu/Software/snac/snac-1/build/tmp/lib-libStGermainBaseAutomation/ConditionFunction.o /Users/haolu/Software/snac/snac-1/build/tmp/lib-libStGermainBaseAutomation/ConditionFunction_Register.o /Users/haolu/Software/snac/snac-1/build/tmp/lib-libStGermainBaseAutomation/VariableCondition.o /Users/haolu/Software/snac/snac-1/build/tmp/lib-libStGermainBaseAutomation/VariableCondition_Register.o /Users/haolu/Software/snac/snac-1/build/tmp/lib-libStGermainBaseAutomation/CompositeVC.o /Users/haolu/Software/snac/snac-1/build/tmp/lib-libStGermainBaseAutomation/SetVC.o /Users/haolu/Software/snac/snac-1/build/tmp/lib-libStGermainBaseAutomation/VariableAllVC.o /Users/haolu/Software/snac/snac-1/build/tmp/lib-libStGermainBaseAutomation/Stg_Component.o /Users/haolu/Software/snac/snac-1/build/tmp/lib-libStGermainBaseAutomation/Stg_ComponentMeta.o /Users/haolu/Software/snac/snac-1/build/tmp/lib-libStGermainBaseAutomation/Stg_ComponentRegister.o /Users/haolu/Software/snac/snac-1/build/tmp/lib-libStGermainBaseAutomation/LiveComponentRegister.o /Users/haolu/Software/snac/snac-1/build/tmp/lib-libStGermainBaseAutomation/Stg_ComponentFactory.o /Users/haolu/Software/snac/snac-1/build/tmp/lib-libStGermainBaseAutomation/DocumentationComponentFactory.o /Users/haolu/Software/snac/snac-1/build/tmp/lib-libStGermainBaseAutomation/HierarchyTable.o /Users/haolu/Software/snac/snac-1/build/tmp/lib-libStGermainBaseAutomation/CallGraph.o /Users/haolu/Software/snac/snac-1/build/tmp/lib-libStGermainBaseAutomation/Init.o /Users/haolu/Software/snac/snac-1/build/tmp/lib-libStGermainBaseAutomation/Finalise.o /Users/haolu/Software/snac/snac-1/build/tmp/lib-libStGermainBaseAutomation/CompositeVC-meta.o /Users/haolu/Software/snac/snac-1/build/tmp/lib-libStGermainBaseAutomation/SetVC-meta.o /Users/haolu/Software/snac/snac-1/build/tmp/lib-libStGermainBaseAutomation/Stg_Component-meta.o /Users/haolu/Software/snac/snac-1/build/tmp/lib-libStGermainBaseAutomation/Variable-meta.o /Users/haolu/Software/snac/snac-1/build/tmp/lib-libStGermainBaseAutomation/VariableAllVC-meta.o /Users/haolu/Software/snac/snac-1/build/tmp/lib-libStGermainBaseAutomation/VariableCondition-meta.o /Users/haolu/Software/snac/snac-1/build/tmp/lib-libStGermainBaseContainer/MPIRoutines.o /Users/haolu/Software/snac/snac-1/build/tmp/lib-libStGermainBaseContainer/IndexSet.o /Users/haolu/Software/snac/snac-1/build/tmp/lib-libStGermainBaseContainer/PtrMap.o /Users/haolu/Software/snac/snac-1/build/tmp/lib-libStGermainBaseContainer/IndexMap.o /Users/haolu/Software/snac/snac-1/build/tmp/lib-libStGermainBaseContainer/List.o /Users/haolu/Software/snac/snac-1/build/tmp/lib-libStGermainBaseContainer/Array.o /Users/haolu/Software/snac/snac-1/build/tmp/lib-libStGermainBaseContainer/UniqueList.o /Users/haolu/Software/snac/snac-1/build/tmp/lib-libStGermainBaseContainer/BTreeNode.o /Users/haolu/Software/snac/snac-1/build/tmp/lib-libStGermainBaseContainer/BTree.o /Users/haolu/Software/snac/snac-1/build/tmp/lib-libStGermainBaseContainer/BTreeIterator.o /Users/haolu/Software/snac/snac-1/build/tmp/lib-libStGermainBaseContainer/UIntMap.o /Users/haolu/Software/snac/snac-1/build/tmp/lib-libStGermainBaseContainer/RangeSet.o /Users/haolu/Software/snac/snac-1/build/tmp/lib-libStGermainBaseContainer/LinkedListNode.o /Users/haolu/Software/snac/snac-1/build/tmp/lib-libStGermainBaseContainer/LinkedList.o /Users/haolu/Software/snac/snac-1/build/tmp/lib-libStGermainBaseContainer/LinkedListIterator.o /Users/haolu/Software/snac/snac-1/build/tmp/lib-libStGermainBaseContainer/HashTable.o /Users/haolu/Software/snac/snac-1/build/tmp/lib-libStGermainBaseContainer/Set.o /Users/haolu/Software/snac/snac-1/build/tmp/lib-libStGermainBaseContainer/PtrSet.o /Users/haolu/Software/snac/snac-1/build/tmp/lib-libStGermainBaseContainer/Map.o /Users/haolu/Software/snac/snac-1/build/tmp/lib-libStGermainBaseContainer/Heap.o /Users/haolu/Software/snac/snac-1/build/tmp/lib-libStGermainBaseContainer/MaxHeap.o /Users/haolu/Software/snac/snac-1/build/tmp/lib-libStGermainBaseContainer/MemoryPool.o /Users/haolu/Software/snac/snac-1/build/tmp/lib-libStGermainBaseContainer/Init.o /Users/haolu/Software/snac/snac-1/build/tmp/lib-libStGermainBaseContainer/Finalise.o /Users/haolu/Software/snac/snac-1/build/tmp/lib-libStGermainBaseIO/Init.o /Users/haolu/Software/snac/snac-1/build/tmp/lib-libStGermainBaseIO/Dictionary.o /Users/haolu/Software/snac/snac-1/build/tmp/lib-libStGermainBaseIO/Dictionary_Entry.o /Users/haolu/Software/snac/snac-1/build/tmp/lib-libStGermainBaseIO/Dictionary_Entry_Value.o /Users/haolu/Software/snac/snac-1/build/tmp/lib-libStGermainBaseIO/IO_Handler.o /Users/haolu/Software/snac/snac-1/build/tmp/lib-libStGermainBaseIO/XML_IO_Handler.o /Users/haolu/Software/snac/snac-1/build/tmp/lib-libStGermainBaseIO/Journal.o /Users/haolu/Software/snac/snac-1/build/tmp/lib-libStGermainBaseIO/JournalFile.o /Users/haolu/Software/snac/snac-1/build/tmp/lib-libStGermainBaseIO/CFile.o /Users/haolu/Software/snac/snac-1/build/tmp/lib-libStGermainBaseIO/MPIFile.o /Users/haolu/Software/snac/snac-1/build/tmp/lib-libStGermainBaseIO/Stream.o /Users/haolu/Software/snac/snac-1/build/tmp/lib-libStGermainBaseIO/CStream.o /Users/haolu/Software/snac/snac-1/build/tmp/lib-libStGermainBaseIO/MPIStream.o /Users/haolu/Software/snac/snac-1/build/tmp/lib-libStGermainBaseIO/StreamFormatter.o /Users/haolu/Software/snac/snac-1/build/tmp/lib-libStGermainBaseIO/LineFormatter.o /Users/haolu/Software/snac/snac-1/build/tmp/lib-libStGermainBaseIO/RankFormatter.o /Users/haolu/Software/snac/snac-1/build/tmp/lib-libStGermainBaseIO/IndentFormatter.o /Users/haolu/Software/snac/snac-1/build/tmp/lib-libStGermainBaseIO/PathUtils.o /Users/haolu/Software/snac/snac-1/build/tmp/lib-libStGermainBaseIO/Finalise.o /Users/haolu/Software/snac/snac-1/build/tmp/lib-libStGermainBaseIO/shortcuts.o /Users/haolu/Software/snac/snac-1/build/tmp/lib-libStGermainBaseFoundation/CommonRoutines.o /Users/haolu/Software/snac/snac-1/build/tmp/lib-libStGermainBaseFoundation/MemoryField.o /Users/haolu/Software/snac/snac-1/build/tmp/lib-libStGermainBaseFoundation/MemoryPointer.o /Users/haolu/Software/snac/snac-1/build/tmp/lib-libStGermainBaseFoundation/MemoryReport.o /Users/haolu/Software/snac/snac-1/build/tmp/lib-libStGermainBaseFoundation/Memory.o /Users/haolu/Software/snac/snac-1/build/tmp/lib-libStGermainBaseFoundation/Class.o /Users/haolu/Software/snac/snac-1/build/tmp/lib-libStGermainBaseFoundation/Object.o /Users/haolu/Software/snac/snac-1/build/tmp/lib-libStGermainBaseFoundation/ObjectAdaptor.o /Users/haolu/Software/snac/snac-1/build/tmp/lib-libStGermainBaseFoundation/PrimitiveObject.o /Users/haolu/Software/snac/snac-1/build/tmp/lib-libStGermainBaseFoundation/ObjectList.o /Users/haolu/Software/snac/snac-1/build/tmp/lib-libStGermainBaseFoundation/NamedObject_Register.o /Users/haolu/Software/snac/snac-1/build/tmp/lib-libStGermainBaseFoundation/TimeMonitor.o /Users/haolu/Software/snac/snac-1/build/tmp/lib-libStGermainBaseFoundation/MemMonitor.o /Users/haolu/Software/snac/snac-1/build/tmp/lib-libStGermainBaseFoundation/TestSuite.o /Users/haolu/Software/snac/snac-1/build/tmp/lib-libStGermainBaseFoundation/Init.o /Users/haolu/Software/snac/snac-1/build/tmp/lib-libStGermainBaseFoundation/Finalise.o
/usr/bin/ranlib /Users/haolu/Software/snac/snac-1/build/tmp/lib-libStGermainBase.a/libStGermainBase.a.
Install name: -install_name /Users/haolu/Software/snac/snac-1/build/lib/libStGermainBase.dylib
mpicc-mpich-mp -pipe  -DVERSION=\"0\" -DCURR_MODULE_NAME=\"StGermainBase\" -Wall -g    -o /Users/haolu/Software/snac/snac-1/build/tmp/lib-libStGermainBase.dylib/libStGermainBase.dylib. -dynamiclib -flat_namespace -undefined suppress -single_module  /Users/haolu/Software/snac/snac-1/build/tmp/lib-libStGermainBase/Init.o /Users/haolu/Software/snac/snac-1/build/tmp/lib-libStGermainBase/Finalise.o /Users/haolu/Software/snac/snac-1/build/tmp/lib-libStGermainBaseContext/ContextEntryPoint.o /Users/haolu/Software/snac/snac-1/build/tmp/lib-libStGermainBaseContext/AbstractContext.o /Users/haolu/Software/snac/snac-1/build/tmp/lib-libStGermainBaseContext/Init.o /Users/haolu/Software/snac/snac-1/build/tmp/lib-libStGermainBaseContext/Finalise.o /Users/haolu/Software/snac/snac-1/build/tmp/lib-libStGermainBaseContext/DictionaryCheck.o /Users/haolu/Software/snac/snac-1/build/tmp/lib-libStGermainBaseContext/AbstractContext-meta.o /Users/haolu/Software/snac/snac-1/build/tmp/lib-libStGermainBaseExtensibility/ExtensionInfo.o /Users/haolu/Software/snac/snac-1/build/tmp/lib-libStGermainBaseExtensibility/SimpleExtensionInfo.o /Users/haolu/Software/snac/snac-1/build/tmp/lib-libStGermainBaseExtensibility/ClassPtrExtensionInfo.o /Users/haolu/Software/snac/snac-1/build/tmp/lib-libStGermainBaseExtensibility/ExtensionManager.o /Users/haolu/Software/snac/snac-1/build/tmp/lib-libStGermainBaseExtensibility/ExtensionManager_Register.o /Users/haolu/Software/snac/snac-1/build/tmp/lib-libStGermainBaseExtensibility/Hook.o /Users/haolu/Software/snac/snac-1/build/tmp/lib-libStGermainBaseExtensibility/ClassHook.o /Users/haolu/Software/snac/snac-1/build/tmp/lib-libStGermainBaseExtensibility/EntryPoint.o /Users/haolu/Software/snac/snac-1/build/tmp/lib-libStGermainBaseExtensibility/EntryPoint_Register.o /Users/haolu/Software/snac/snac-1/build/tmp/lib-libStGermainBaseExtensibility/Codelet.o /Users/haolu/Software/snac/snac-1/build/tmp/lib-libStGermainBaseExtensibility/PluginLoader.o /Users/haolu/Software/snac/snac-1/build/tmp/lib-libStGermainBaseExtensibility/PluginsManager.o /Users/haolu/Software/snac/snac-1/build/tmp/lib-libStGermainBaseExtensibility/Init.o /Users/haolu/Software/snac/snac-1/build/tmp/lib-libStGermainBaseExtensibility/Finalise.o /Users/haolu/Software/snac/snac-1/build/tmp/lib-libStGermainBaseExtensibility/Codelet-meta.o /Users/haolu/Software/snac/snac-1/build/tmp/lib-libStGermainBaseAutomation/Variable.o /Users/haolu/Software/snac/snac-1/build/tmp/lib-libStGermainBaseAutomation/Variable_Register.o /Users/haolu/Software/snac/snac-1/build/tmp/lib-libStGermainBaseAutomation/VariableDumpStream.o /Users/haolu/Software/snac/snac-1/build/tmp/lib-libStGermainBaseAutomation/ConditionFunction.o /Users/haolu/Software/snac/snac-1/build/tmp/lib-libStGermainBaseAutomation/ConditionFunction_Register.o /Users/haolu/Software/snac/snac-1/build/tmp/lib-libStGermainBaseAutomation/VariableCondition.o /Users/haolu/Software/snac/snac-1/build/tmp/lib-libStGermainBaseAutomation/VariableCondition_Register.o /Users/haolu/Software/snac/snac-1/build/tmp/lib-libStGermainBaseAutomation/CompositeVC.o /Users/haolu/Software/snac/snac-1/build/tmp/lib-libStGermainBaseAutomation/SetVC.o /Users/haolu/Software/snac/snac-1/build/tmp/lib-libStGermainBaseAutomation/VariableAllVC.o /Users/haolu/Software/snac/snac-1/build/tmp/lib-libStGermainBaseAutomation/Stg_Component.o /Users/haolu/Software/snac/snac-1/build/tmp/lib-libStGermainBaseAutomation/Stg_ComponentMeta.o /Users/haolu/Software/snac/snac-1/build/tmp/lib-libStGermainBaseAutomation/Stg_ComponentRegister.o /Users/haolu/Software/snac/snac-1/build/tmp/lib-libStGermainBaseAutomation/LiveComponentRegister.o /Users/haolu/Software/snac/snac-1/build/tmp/lib-libStGermainBaseAutomation/Stg_ComponentFactory.o /Users/haolu/Software/snac/snac-1/build/tmp/lib-libStGermainBaseAutomation/DocumentationComponentFactory.o /Users/haolu/Software/snac/snac-1/build/tmp/lib-libStGermainBaseAutomation/HierarchyTable.o /Users/haolu/Software/snac/snac-1/build/tmp/lib-libStGermainBaseAutomation/CallGraph.o /Users/haolu/Software/snac/snac-1/build/tmp/lib-libStGermainBaseAutomation/Init.o /Users/haolu/Software/snac/snac-1/build/tmp/lib-libStGermainBaseAutomation/Finalise.o /Users/haolu/Software/snac/snac-1/build/tmp/lib-libStGermainBaseAutomation/CompositeVC-meta.o /Users/haolu/Software/snac/snac-1/build/tmp/lib-libStGermainBaseAutomation/SetVC-meta.o /Users/haolu/Software/snac/snac-1/build/tmp/lib-libStGermainBaseAutomation/Stg_Component-meta.o /Users/haolu/Software/snac/snac-1/build/tmp/lib-libStGermainBaseAutomation/Variable-meta.o /Users/haolu/Software/snac/snac-1/build/tmp/lib-libStGermainBaseAutomation/VariableAllVC-meta.o /Users/haolu/Software/snac/snac-1/build/tmp/lib-libStGermainBaseAutomation/VariableCondition-meta.o /Users/haolu/Software/snac/snac-1/build/tmp/lib-libStGermainBaseContainer/MPIRoutines.o /Users/haolu/Software/snac/snac-1/build/tmp/lib-libStGermainBaseContainer/IndexSet.o /Users/haolu/Software/snac/snac-1/build/tmp/lib-libStGermainBaseContainer/PtrMap.o /Users/haolu/Software/snac/snac-1/build/tmp/lib-libStGermainBaseContainer/IndexMap.o /Users/haolu/Software/snac/snac-1/build/tmp/lib-libStGermainBaseContainer/List.o /Users/haolu/Software/snac/snac-1/build/tmp/lib-libStGermainBaseContainer/Array.o /Users/haolu/Software/snac/snac-1/build/tmp/lib-libStGermainBaseContainer/UniqueList.o /Users/haolu/Software/snac/snac-1/build/tmp/lib-libStGermainBaseContainer/BTreeNode.o /Users/haolu/Software/snac/snac-1/build/tmp/lib-libStGermainBaseContainer/BTree.o /Users/haolu/Software/snac/snac-1/build/tmp/lib-libStGermainBaseContainer/BTreeIterator.o /Users/haolu/Software/snac/snac-1/build/tmp/lib-libStGermainBaseContainer/UIntMap.o /Users/haolu/Software/snac/snac-1/build/tmp/lib-libStGermainBaseContainer/RangeSet.o /Users/haolu/Software/snac/snac-1/build/tmp/lib-libStGermainBaseContainer/LinkedListNode.o /Users/haolu/Software/snac/snac-1/build/tmp/lib-libStGermainBaseContainer/LinkedList.o /Users/haolu/Software/snac/snac-1/build/tmp/lib-libStGermainBaseContainer/LinkedListIterator.o /Users/haolu/Software/snac/snac-1/build/tmp/lib-libStGermainBaseContainer/HashTable.o /Users/haolu/Software/snac/snac-1/build/tmp/lib-libStGermainBaseContainer/Set.o /Users/haolu/Software/snac/snac-1/build/tmp/lib-libStGermainBaseContainer/PtrSet.o /Users/haolu/Software/snac/snac-1/build/tmp/lib-libStGermainBaseContainer/Map.o /Users/haolu/Software/snac/snac-1/build/tmp/lib-libStGermainBaseContainer/Heap.o /Users/haolu/Software/snac/snac-1/build/tmp/lib-libStGermainBaseContainer/MaxHeap.o /Users/haolu/Software/snac/snac-1/build/tmp/lib-libStGermainBaseContainer/MemoryPool.o /Users/haolu/Software/snac/snac-1/build/tmp/lib-libStGermainBaseContainer/Init.o /Users/haolu/Software/snac/snac-1/build/tmp/lib-libStGermainBaseContainer/Finalise.o /Users/haolu/Software/snac/snac-1/build/tmp/lib-libStGermainBaseIO/Init.o /Users/haolu/Software/snac/snac-1/build/tmp/lib-libStGermainBaseIO/Dictionary.o /Users/haolu/Software/snac/snac-1/build/tmp/lib-libStGermainBaseIO/Dictionary_Entry.o /Users/haolu/Software/snac/snac-1/build/tmp/lib-libStGermainBaseIO/Dictionary_Entry_Value.o /Users/haolu/Software/snac/snac-1/build/tmp/lib-libStGermainBaseIO/IO_Handler.o /Users/haolu/Software/snac/snac-1/build/tmp/lib-libStGermainBaseIO/XML_IO_Handler.o /Users/haolu/Software/snac/snac-1/build/tmp/lib-libStGermainBaseIO/Journal.o /Users/haolu/Software/snac/snac-1/build/tmp/lib-libStGermainBaseIO/JournalFile.o /Users/haolu/Software/snac/snac-1/build/tmp/lib-libStGermainBaseIO/CFile.o /Users/haolu/Software/snac/snac-1/build/tmp/lib-libStGermainBaseIO/MPIFile.o /Users/haolu/Software/snac/snac-1/build/tmp/lib-libStGermainBaseIO/Stream.o /Users/haolu/Software/snac/snac-1/build/tmp/lib-libStGermainBaseIO/CStream.o /Users/haolu/Software/snac/snac-1/build/tmp/lib-libStGermainBaseIO/MPIStream.o /Users/haolu/Software/snac/snac-1/build/tmp/lib-libStGermainBaseIO/StreamFormatter.o /Users/haolu/Software/snac/snac-1/build/tmp/lib-libStGermainBaseIO/LineFormatter.o /Users/haolu/Software/snac/snac-1/build/tmp/lib-libStGermainBaseIO/RankFormatter.o /Users/haolu/Software/snac/snac-1/build/tmp/lib-libStGermainBaseIO/IndentFormatter.o /Users/haolu/Software/snac/snac-1/build/tmp/lib-libStGermainBaseIO/PathUtils.o /Users/haolu/Software/snac/snac-1/build/tmp/lib-libStGermainBaseIO/Finalise.o /Users/haolu/Software/snac/snac-1/build/tmp/lib-libStGermainBaseIO/shortcuts.o /Users/haolu/Software/snac/snac-1/build/tmp/lib-libStGermainBaseFoundation/CommonRoutines.o /Users/haolu/Software/snac/snac-1/build/tmp/lib-libStGermainBaseFoundation/MemoryField.o /Users/haolu/Software/snac/snac-1/build/tmp/lib-libStGermainBaseFoundation/MemoryPointer.o /Users/haolu/Software/snac/snac-1/build/tmp/lib-libStGermainBaseFoundation/MemoryReport.o /Users/haolu/Software/snac/snac-1/build/tmp/lib-libStGermainBaseFoundation/Memory.o /Users/haolu/Software/snac/snac-1/build/tmp/lib-libStGermainBaseFoundation/Class.o /Users/haolu/Software/snac/snac-1/build/tmp/lib-libStGermainBaseFoundation/Object.o /Users/haolu/Software/snac/snac-1/build/tmp/lib-libStGermainBaseFoundation/ObjectAdaptor.o /Users/haolu/Software/snac/snac-1/build/tmp/lib-libStGermainBaseFoundation/PrimitiveObject.o /Users/haolu/Software/snac/snac-1/build/tmp/lib-libStGermainBaseFoundation/ObjectList.o /Users/haolu/Software/snac/snac-1/build/tmp/lib-libStGermainBaseFoundation/NamedObject_Register.o /Users/haolu/Software/snac/snac-1/build/tmp/lib-libStGermainBaseFoundation/TimeMonitor.o /Users/haolu/Software/snac/snac-1/build/tmp/lib-libStGermainBaseFoundation/MemMonitor.o /Users/haolu/Software/snac/snac-1/build/tmp/lib-libStGermainBaseFoundation/TestSuite.o /Users/haolu/Software/snac/snac-1/build/tmp/lib-libStGermainBaseFoundation/Init.o /Users/haolu/Software/snac/snac-1/build/tmp/lib-libStGermainBaseFoundation/Finalise.o  -L/Users/haolu/Software/snac/snac-1/build/lib    -L/Users/haolu/Software/snac/snac-1/build/lib -lmpich -L/opt/passcal/other/lib/mpich-mp -lmpich  -L/sw/lib    -L/opt/passcal/other/lib -lxml2 -lz -lpthread -liconv -lm   -lm -lmx   -L/lib -ldl                -install_name /Users/haolu/Software/snac/snac-1/build/lib/libStGermainBase.dylib
ld: warning: directory not found for option '-L/sw/lib'
ld: warning: directory not found for option '-L/lib'
mpicc-mpich-mp -pipe  -flat_namespace -DVERSION=\"0\" -Wall -g  -DCURR_MODULE_NAME=\"libStGermainBase\"  -o /Users/haolu/Software/snac/snac-1/build/tests/testLibBase  -I/Users/haolu/Software/snac/snac-1/build/include   -I/Users/haolu/Software/snac/snac-1/build/include/StGermain  -I/opt/passcal/other/include/mpich-mp   -I/opt/passcal/other/include/libxml2     -I/include    testLibBase.c   -L/Users/haolu/Software/snac/snac-1/build/lib   -lStGermainBase  -L/Users/haolu/Software/snac/snac-1/build/lib -lmpich -L/opt/passcal/other/lib/mpich-mp -lmpich  -L/sw/lib    -L/opt/passcal/other/lib -lxml2 -lz -lpthread -liconv -lm   -lm -lmx   -L/lib -ldl               
ld: warning: directory not found for option '-L/sw/lib'
ld: warning: directory not found for option '-L/lib'
mpicc-mpich-mp -pipe  -DVERSION=\"0\" -Wall -g  -DCURR_MODULE_NAME=\"FlattenXML\"   -c -o /Users/haolu/Software/snac/snac-1/build/tmp/bin-FlattenXML/main.o -I/Users/haolu/Software/snac/snac-1/build/include   -I/Users/haolu/Software/snac/snac-1/build/include/StGermain  -I/opt/passcal/other/include/mpich-mp   -I/opt/passcal/other/include/libxml2     -I/include    main.c
main.c:69:23: warning: variable 'dictionary' is uninitialized when used here [-Wuninitialized]
                                Stg_Class_Delete( dictionary );
                                                  ^~~~~~~~~~
main.c:48:26: note: initialize the variable 'dictionary' to silence this warning
        Dictionary*                     dictionary;
                                                  ^
                                                   = NULL
1 warning generated.
mpicc-mpich-mp -pipe  -DVERSION=\"0\" -Wall -g  -DCURR_MODULE_NAME=\"FlattenXML\"  -o /Users/haolu/Software/snac/snac-1/build/bin/FlattenXML /Users/haolu/Software/snac/snac-1/build/tmp/bin-FlattenXML/main.o    -L/Users/haolu/Software/snac/snac-1/build/lib   -L/Users/haolu/Software/snac/snac-1/build/lib -lStGermainBase   -L/Users/haolu/Software/snac/snac-1/build/lib -lmpich -L/opt/passcal/other/lib/mpich-mp -lmpich  -L/sw/lib    -L/opt/passcal/other/lib -lxml2 -lz -lpthread -liconv -lm   -lm -lmx   -L/lib -ldl               
ld: warning: directory not found for option '-L/sw/lib'
ld: warning: directory not found for option '-L/lib'
make[5]: Nothing to be done for `all_build'.
make[4]: Nothing to be done for `all_build'.
mpicc-mpich-mp -pipe   -DSYSTEM_SIZEOF_LONG=8 -DVERSION=\"0\" -DCURR_MODULE_NAME=\"StGermainDiscretisationGeometry\" -Wall -g     -c -o /Users/haolu/Software/snac/snac-1/build/tmp/lib-libStGermainDiscretisationGeometry/Dimension.o -I/Users/haolu/Software/snac/snac-1/build/include   -I/Users/haolu/Software/snac/snac-1/build/include/StGermain   -I/opt/passcal/other/include/mpich-mp   -I/opt/passcal/other/include/libxml2    Dimension.c
mpicc-mpich-mp -pipe   -DSYSTEM_SIZEOF_LONG=8 -DVERSION=\"0\" -DCURR_MODULE_NAME=\"StGermainDiscretisationGeometry\" -Wall -g     -c -o /Users/haolu/Software/snac/snac-1/build/tmp/lib-libStGermainDiscretisationGeometry/VectorMath.o -I/Users/haolu/Software/snac/snac-1/build/include   -I/Users/haolu/Software/snac/snac-1/build/include/StGermain   -I/opt/passcal/other/include/mpich-mp   -I/opt/passcal/other/include/libxml2    VectorMath.c
mpicc-mpich-mp -pipe   -DSYSTEM_SIZEOF_LONG=8 -DVERSION=\"0\" -DCURR_MODULE_NAME=\"StGermainDiscretisationGeometry\" -Wall -g     -c -o /Users/haolu/Software/snac/snac-1/build/tmp/lib-libStGermainDiscretisationGeometry/TensorMath.o -I/Users/haolu/Software/snac/snac-1/build/include   -I/Users/haolu/Software/snac/snac-1/build/include/StGermain   -I/opt/passcal/other/include/mpich-mp   -I/opt/passcal/other/include/libxml2    TensorMath.c
mpicc-mpich-mp -pipe   -DSYSTEM_SIZEOF_LONG=8 -DVERSION=\"0\" -DCURR_MODULE_NAME=\"StGermainDiscretisationGeometry\" -Wall -g     -c -o /Users/haolu/Software/snac/snac-1/build/tmp/lib-libStGermainDiscretisationGeometry/TrigMath.o -I/Users/haolu/Software/snac/snac-1/build/include   -I/Users/haolu/Software/snac/snac-1/build/include/StGermain   -I/opt/passcal/other/include/mpich-mp   -I/opt/passcal/other/include/libxml2    TrigMath.c
mpicc-mpich-mp -pipe   -DSYSTEM_SIZEOF_LONG=8 -DVERSION=\"0\" -DCURR_MODULE_NAME=\"StGermainDiscretisationGeometry\" -Wall -g     -c -o /Users/haolu/Software/snac/snac-1/build/tmp/lib-libStGermainDiscretisationGeometry/ComplexMath.o -I/Users/haolu/Software/snac/snac-1/build/include   -I/Users/haolu/Software/snac/snac-1/build/include/StGermain   -I/opt/passcal/other/include/mpich-mp   -I/opt/passcal/other/include/libxml2    ComplexMath.c
mpicc-mpich-mp -pipe   -DSYSTEM_SIZEOF_LONG=8 -DVERSION=\"0\" -DCURR_MODULE_NAME=\"StGermainDiscretisationGeometry\" -Wall -g     -c -o /Users/haolu/Software/snac/snac-1/build/tmp/lib-libStGermainDiscretisationGeometry/Line.o -I/Users/haolu/Software/snac/snac-1/build/include   -I/Users/haolu/Software/snac/snac-1/build/include/StGermain   -I/opt/passcal/other/include/mpich-mp   -I/opt/passcal/other/include/libxml2    Line.c
mpicc-mpich-mp -pipe   -DSYSTEM_SIZEOF_LONG=8 -DVERSION=\"0\" -DCURR_MODULE_NAME=\"StGermainDiscretisationGeometry\" -Wall -g     -c -o /Users/haolu/Software/snac/snac-1/build/tmp/lib-libStGermainDiscretisationGeometry/Plane.o -I/Users/haolu/Software/snac/snac-1/build/include   -I/Users/haolu/Software/snac/snac-1/build/include/StGermain   -I/opt/passcal/other/include/mpich-mp   -I/opt/passcal/other/include/libxml2    Plane.c
mpicc-mpich-mp -pipe   -DSYSTEM_SIZEOF_LONG=8 -DVERSION=\"0\" -DCURR_MODULE_NAME=\"StGermainDiscretisationGeometry\" -Wall -g     -c -o /Users/haolu/Software/snac/snac-1/build/tmp/lib-libStGermainDiscretisationGeometry/Edge.o -I/Users/haolu/Software/snac/snac-1/build/include   -I/Users/haolu/Software/snac/snac-1/build/include/StGermain   -I/opt/passcal/other/include/mpich-mp   -I/opt/passcal/other/include/libxml2    Edge.c
mpicc-mpich-mp -pipe   -DSYSTEM_SIZEOF_LONG=8 -DVERSION=\"0\" -DCURR_MODULE_NAME=\"StGermainDiscretisationGeometry\" -Wall -g     -c -o /Users/haolu/Software/snac/snac-1/build/tmp/lib-libStGermainDiscretisationGeometry/RMatrix.o -I/Users/haolu/Software/snac/snac-1/build/include   -I/Users/haolu/Software/snac/snac-1/build/include/StGermain   -I/opt/passcal/other/include/mpich-mp   -I/opt/passcal/other/include/libxml2    RMatrix.c
mpicc-mpich-mp -pipe   -DSYSTEM_SIZEOF_LONG=8 -DVERSION=\"0\" -DCURR_MODULE_NAME=\"StGermainDiscretisationGeometry\" -Wall -g     -c -o /Users/haolu/Software/snac/snac-1/build/tmp/lib-libStGermainDiscretisationGeometry/Topology.o -I/Users/haolu/Software/snac/snac-1/build/include   -I/Users/haolu/Software/snac/snac-1/build/include/StGermain   -I/opt/passcal/other/include/mpich-mp   -I/opt/passcal/other/include/libxml2    Topology.c
mpicc-mpich-mp -pipe   -DSYSTEM_SIZEOF_LONG=8 -DVERSION=\"0\" -DCURR_MODULE_NAME=\"StGermainDiscretisationGeometry\" -Wall -g     -c -o /Users/haolu/Software/snac/snac-1/build/tmp/lib-libStGermainDiscretisationGeometry/IJKTopology.o -I/Users/haolu/Software/snac/snac-1/build/include   -I/Users/haolu/Software/snac/snac-1/build/include/StGermain   -I/opt/passcal/other/include/mpich-mp   -I/opt/passcal/other/include/libxml2    IJKTopology.c
mpicc-mpich-mp -pipe   -DSYSTEM_SIZEOF_LONG=8 -DVERSION=\"0\" -DCURR_MODULE_NAME=\"StGermainDiscretisationGeometry\" -Wall -g     -c -o /Users/haolu/Software/snac/snac-1/build/tmp/lib-libStGermainDiscretisationGeometry/IJK6Topology.o -I/Users/haolu/Software/snac/snac-1/build/include   -I/Users/haolu/Software/snac/snac-1/build/include/StGermain   -I/opt/passcal/other/include/mpich-mp   -I/opt/passcal/other/include/libxml2    IJK6Topology.c
mpicc-mpich-mp -pipe   -DSYSTEM_SIZEOF_LONG=8 -DVERSION=\"0\" -DCURR_MODULE_NAME=\"StGermainDiscretisationGeometry\" -Wall -g     -c -o /Users/haolu/Software/snac/snac-1/build/tmp/lib-libStGermainDiscretisationGeometry/IJK26Topology.o -I/Users/haolu/Software/snac/snac-1/build/include   -I/Users/haolu/Software/snac/snac-1/build/include/StGermain   -I/opt/passcal/other/include/mpich-mp   -I/opt/passcal/other/include/libxml2    IJK26Topology.c
mpicc-mpich-mp -pipe   -DSYSTEM_SIZEOF_LONG=8 -DVERSION=\"0\" -DCURR_MODULE_NAME=\"StGermainDiscretisationGeometry\" -Wall -g     -c -o /Users/haolu/Software/snac/snac-1/build/tmp/lib-libStGermainDiscretisationGeometry/IrregTopology.o -I/Users/haolu/Software/snac/snac-1/build/include   -I/Users/haolu/Software/snac/snac-1/build/include/StGermain   -I/opt/passcal/other/include/mpich-mp   -I/opt/passcal/other/include/libxml2    IrregTopology.c
mpicc-mpich-mp -pipe   -DSYSTEM_SIZEOF_LONG=8 -DVERSION=\"0\" -DCURR_MODULE_NAME=\"StGermainDiscretisationGeometry\" -Wall -g     -c -o /Users/haolu/Software/snac/snac-1/build/tmp/lib-libStGermainDiscretisationGeometry/GeometryClass.o -I/Users/haolu/Software/snac/snac-1/build/include   -I/Users/haolu/Software/snac/snac-1/build/include/StGermain   -I/opt/passcal/other/include/mpich-mp   -I/opt/passcal/other/include/libxml2    GeometryClass.c
mpicc-mpich-mp -pipe   -DSYSTEM_SIZEOF_LONG=8 -DVERSION=\"0\" -DCURR_MODULE_NAME=\"StGermainDiscretisationGeometry\" -Wall -g     -c -o /Users/haolu/Software/snac/snac-1/build/tmp/lib-libStGermainDiscretisationGeometry/BlockGeometry.o -I/Users/haolu/Software/snac/snac-1/build/include   -I/Users/haolu/Software/snac/snac-1/build/include/StGermain   -I/opt/passcal/other/include/mpich-mp   -I/opt/passcal/other/include/libxml2    BlockGeometry.c
mpicc-mpich-mp -pipe   -DSYSTEM_SIZEOF_LONG=8 -DVERSION=\"0\" -DCURR_MODULE_NAME=\"StGermainDiscretisationGeometry\" -Wall -g     -c -o /Users/haolu/Software/snac/snac-1/build/tmp/lib-libStGermainDiscretisationGeometry/RefinedRegionsGeometry.o -I/Users/haolu/Software/snac/snac-1/build/include   -I/Users/haolu/Software/snac/snac-1/build/include/StGermain   -I/opt/passcal/other/include/mpich-mp   -I/opt/passcal/other/include/libxml2    RefinedRegionsGeometry.c
mpicc-mpich-mp -pipe   -DSYSTEM_SIZEOF_LONG=8 -DVERSION=\"0\" -DCURR_MODULE_NAME=\"StGermainDiscretisationGeometry\" -Wall -g     -c -o /Users/haolu/Software/snac/snac-1/build/tmp/lib-libStGermainDiscretisationGeometry/ShellGeometry.o -I/Users/haolu/Software/snac/snac-1/build/include   -I/Users/haolu/Software/snac/snac-1/build/include/StGermain   -I/opt/passcal/other/include/mpich-mp   -I/opt/passcal/other/include/libxml2    ShellGeometry.c
mpicc-mpich-mp -pipe   -DSYSTEM_SIZEOF_LONG=8 -DVERSION=\"0\" -DCURR_MODULE_NAME=\"StGermainDiscretisationGeometry\" -Wall -g     -c -o /Users/haolu/Software/snac/snac-1/build/tmp/lib-libStGermainDiscretisationGeometry/IrregGeometry.o -I/Users/haolu/Software/snac/snac-1/build/include   -I/Users/haolu/Software/snac/snac-1/build/include/StGermain   -I/opt/passcal/other/include/mpich-mp   -I/opt/passcal/other/include/libxml2    IrregGeometry.c
mpicc-mpich-mp -pipe   -DSYSTEM_SIZEOF_LONG=8 -DVERSION=\"0\" -DCURR_MODULE_NAME=\"StGermainDiscretisationGeometry\" -Wall -g     -c -o /Users/haolu/Software/snac/snac-1/build/tmp/lib-libStGermainDiscretisationGeometry/QuadEdge.o -I/Users/haolu/Software/snac/snac-1/build/include   -I/Users/haolu/Software/snac/snac-1/build/include/StGermain   -I/opt/passcal/other/include/mpich-mp   -I/opt/passcal/other/include/libxml2    QuadEdge.c
mpicc-mpich-mp -pipe   -DSYSTEM_SIZEOF_LONG=8 -DVERSION=\"0\" -DCURR_MODULE_NAME=\"StGermainDiscretisationGeometry\" -Wall -g     -c -o /Users/haolu/Software/snac/snac-1/build/tmp/lib-libStGermainDiscretisationGeometry/Delaunay.o -I/Users/haolu/Software/snac/snac-1/build/include   -I/Users/haolu/Software/snac/snac-1/build/include/StGermain   -I/opt/passcal/other/include/mpich-mp   -I/opt/passcal/other/include/libxml2    Delaunay.c
mpicc-mpich-mp -pipe   -DSYSTEM_SIZEOF_LONG=8 -DVERSION=\"0\" -DCURR_MODULE_NAME=\"StGermainDiscretisationGeometry\" -Wall -g     -c -o /Users/haolu/Software/snac/snac-1/build/tmp/lib-libStGermainDiscretisationGeometry/ParallelDelaunay.o -I/Users/haolu/Software/snac/snac-1/build/include   -I/Users/haolu/Software/snac/snac-1/build/include/StGermain   -I/opt/passcal/other/include/mpich-mp   -I/opt/passcal/other/include/libxml2    ParallelDelaunay.c
ParallelDelaunay.c:711:16: warning: argument type 'unsigned int *' doesn't match specified 'MPI' type tag that requires 'int *' [-Wtype-safety]
                                        MPI_Recv( &(pd->numNeighbours[pd->initialOrder[i]]), 1, MPI_INT, pd->processor[i], NUM_NEIGHBOUR_TAG, (*pd->comm), &st );
                                                  ^~~~~~~~~~~~~~~~~~~~~~~~~~~~~~~~~~~~~~~~~     ~~~~~~~
ParallelDelaunay.c:761:16: warning: argument type 'unsigned int *' doesn't match specified 'MPI' type tag that requires 'int *' [-Wtype-safety]
                                        MPI_Recv( (pd->neighbours[pd->initialOrder[j]]), pd->numNeighbours[pd->initialOrder[j]], MPI_INT, pd->processor[j], NEIGHBOURS_TAG, *(pd->comm), &st );
                                                  ^~~~~~~~~~~~~~~~~~~~~~~~~~~~~~~~~~~~~                                          ~~~~~~~
ParallelDelaunay.c:776:15: warning: argument type 'unsigned int *' doesn't match specified 'MPI' type tag that requires 'int *' [-Wtype-safety]
                                MPI_Send( &(pd->localTriangulation->numNeighbours[i]), 1, MPI_INT, MASTER_PROC, NUM_NEIGHBOUR_TAG, (*pd->comm) );
                                          ^~~~~~~~~~~~~~~~~~~~~~~~~~~~~~~~~~~~~~~~~~~     ~~~~~~~
ParallelDelaunay.c:851:16: warning: argument type 'unsigned int *' doesn't match specified 'MPI' type tag that requires 'int *' [-Wtype-safety]
                                        MPI_Recv( pd->triangleIndices[j], 3, MPI_INT, i, DATA_TAG, MPI_COMM_WORLD, &st );                                       
                                                  ^~~~~~~~~~~~~~~~~~~~~~     ~~~~~~~
ParallelDelaunay.c:942:15: warning: argument type 'unsigned int *' doesn't match specified 'MPI' type tag that requires 'int *' [-Wtype-safety]
                                MPI_Send( triIndices[j], 3, MPI_INT, MASTER_PROC, DATA_TAG, MPI_COMM_WORLD );
                                          ^~~~~~~~~~~~~     ~~~~~~~
ParallelDelaunay.c:1133:28: warning: cast to 'void *' from smaller integer type 'int' [-Wint-to-void-pointer-cast]
        for( result=(QuadEdgeRef)((void*)LinkedListIterator_First(iter));
                                  ^
ParallelDelaunay.c:1135:25: warning: cast to 'void *' from smaller integer type 'int' [-Wint-to-void-pointer-cast]
                        result=(QuadEdgeRef)((void*)LinkedListIterator_Next(iter)) ){
                                             ^
7 warnings generated.
mpicc-mpich-mp -pipe   -DSYSTEM_SIZEOF_LONG=8 -DVERSION=\"0\" -DCURR_MODULE_NAME=\"StGermainDiscretisationGeometry\" -Wall -g     -c -o /Users/haolu/Software/snac/snac-1/build/tmp/lib-libStGermainDiscretisationGeometry/Init.o -I/Users/haolu/Software/snac/snac-1/build/include   -I/Users/haolu/Software/snac/snac-1/build/include/StGermain   -I/opt/passcal/other/include/mpich-mp   -I/opt/passcal/other/include/libxml2    Init.c
mpicc-mpich-mp -pipe   -DSYSTEM_SIZEOF_LONG=8 -DVERSION=\"0\" -DCURR_MODULE_NAME=\"StGermainDiscretisationGeometry\" -Wall -g     -c -o /Users/haolu/Software/snac/snac-1/build/tmp/lib-libStGermainDiscretisationGeometry/Finalise.o -I/Users/haolu/Software/snac/snac-1/build/include   -I/Users/haolu/Software/snac/snac-1/build/include/StGermain   -I/opt/passcal/other/include/mpich-mp   -I/opt/passcal/other/include/libxml2    Finalise.c
mpicc-mpich-mp -pipe   -DSYSTEM_SIZEOF_LONG=8 -DVERSION=\"0\" -DCURR_MODULE_NAME=\"StGermainDiscretisationGeometry\" -Wall -g     -c -o /Users/haolu/Software/snac/snac-1/build/tmp/lib-libStGermainDiscretisationGeometry/ComplexVectorMath.o -I/Users/haolu/Software/snac/snac-1/build/include   -I/Users/haolu/Software/snac/snac-1/build/include/StGermain   -I/opt/passcal/other/include/mpich-mp   -I/opt/passcal/other/include/libxml2    ComplexVectorMath.c
mpicc-mpich-mp -pipe   -DSYSTEM_SIZEOF_LONG=8 -DVERSION=\"0\" -DCURR_MODULE_NAME=\"StGermainDiscretisationGeometry\" -Wall -g     -c -o /Users/haolu/Software/snac/snac-1/build/tmp/lib-libStGermainDiscretisationGeometry/TensorMultMath.o -I/Users/haolu/Software/snac/snac-1/build/include   -I/Users/haolu/Software/snac/snac-1/build/include/StGermain   -I/opt/passcal/other/include/mpich-mp   -I/opt/passcal/other/include/libxml2    TensorMultMath.c
Creating metadata BlockGeometry-meta.c from BlockGeometry.meta
mpicc-mpich-mp -pipe   -DSYSTEM_SIZEOF_LONG=8 -DVERSION=\"0\" -DCURR_MODULE_NAME=\"StGermainDiscretisationGeometry\" -Wall -g     -c -o /Users/haolu/Software/snac/snac-1/build/tmp/lib-libStGermainDiscretisationGeometry/BlockGeometry-meta.o -I/Users/haolu/Software/snac/snac-1/build/include   -I/Users/haolu/Software/snac/snac-1/build/include/StGermain   -I/opt/passcal/other/include/mpich-mp   -I/opt/passcal/other/include/libxml2    BlockGeometry-meta.c
Creating metadata Delaunay-meta.c from Delaunay.meta
mpicc-mpich-mp -pipe   -DSYSTEM_SIZEOF_LONG=8 -DVERSION=\"0\" -DCURR_MODULE_NAME=\"StGermainDiscretisationGeometry\" -Wall -g     -c -o /Users/haolu/Software/snac/snac-1/build/tmp/lib-libStGermainDiscretisationGeometry/Delaunay-meta.o -I/Users/haolu/Software/snac/snac-1/build/include   -I/Users/haolu/Software/snac/snac-1/build/include/StGermain   -I/opt/passcal/other/include/mpich-mp   -I/opt/passcal/other/include/libxml2    Delaunay-meta.c
Creating metadata GeometryClass-meta.c from GeometryClass.meta
mpicc-mpich-mp -pipe   -DSYSTEM_SIZEOF_LONG=8 -DVERSION=\"0\" -DCURR_MODULE_NAME=\"StGermainDiscretisationGeometry\" -Wall -g     -c -o /Users/haolu/Software/snac/snac-1/build/tmp/lib-libStGermainDiscretisationGeometry/GeometryClass-meta.o -I/Users/haolu/Software/snac/snac-1/build/include   -I/Users/haolu/Software/snac/snac-1/build/include/StGermain   -I/opt/passcal/other/include/mpich-mp   -I/opt/passcal/other/include/libxml2    GeometryClass-meta.c
Creating metadata IJK26Topology-meta.c from IJK26Topology.meta
mpicc-mpich-mp -pipe   -DSYSTEM_SIZEOF_LONG=8 -DVERSION=\"0\" -DCURR_MODULE_NAME=\"StGermainDiscretisationGeometry\" -Wall -g     -c -o /Users/haolu/Software/snac/snac-1/build/tmp/lib-libStGermainDiscretisationGeometry/IJK26Topology-meta.o -I/Users/haolu/Software/snac/snac-1/build/include   -I/Users/haolu/Software/snac/snac-1/build/include/StGermain   -I/opt/passcal/other/include/mpich-mp   -I/opt/passcal/other/include/libxml2    IJK26Topology-meta.c
Creating metadata IJK6Topology-meta.c from IJK6Topology.meta
mpicc-mpich-mp -pipe   -DSYSTEM_SIZEOF_LONG=8 -DVERSION=\"0\" -DCURR_MODULE_NAME=\"StGermainDiscretisationGeometry\" -Wall -g     -c -o /Users/haolu/Software/snac/snac-1/build/tmp/lib-libStGermainDiscretisationGeometry/IJK6Topology-meta.o -I/Users/haolu/Software/snac/snac-1/build/include   -I/Users/haolu/Software/snac/snac-1/build/include/StGermain   -I/opt/passcal/other/include/mpich-mp   -I/opt/passcal/other/include/libxml2    IJK6Topology-meta.c
Creating metadata IJKTopology-meta.c from IJKTopology.meta
mpicc-mpich-mp -pipe   -DSYSTEM_SIZEOF_LONG=8 -DVERSION=\"0\" -DCURR_MODULE_NAME=\"StGermainDiscretisationGeometry\" -Wall -g     -c -o /Users/haolu/Software/snac/snac-1/build/tmp/lib-libStGermainDiscretisationGeometry/IJKTopology-meta.o -I/Users/haolu/Software/snac/snac-1/build/include   -I/Users/haolu/Software/snac/snac-1/build/include/StGermain   -I/opt/passcal/other/include/mpich-mp   -I/opt/passcal/other/include/libxml2    IJKTopology-meta.c
Creating metadata IrregGeometry-meta.c from IrregGeometry.meta
mpicc-mpich-mp -pipe   -DSYSTEM_SIZEOF_LONG=8 -DVERSION=\"0\" -DCURR_MODULE_NAME=\"StGermainDiscretisationGeometry\" -Wall -g     -c -o /Users/haolu/Software/snac/snac-1/build/tmp/lib-libStGermainDiscretisationGeometry/IrregGeometry-meta.o -I/Users/haolu/Software/snac/snac-1/build/include   -I/Users/haolu/Software/snac/snac-1/build/include/StGermain   -I/opt/passcal/other/include/mpich-mp   -I/opt/passcal/other/include/libxml2    IrregGeometry-meta.c
Creating metadata IrregTopology-meta.c from IrregTopology.meta
mpicc-mpich-mp -pipe   -DSYSTEM_SIZEOF_LONG=8 -DVERSION=\"0\" -DCURR_MODULE_NAME=\"StGermainDiscretisationGeometry\" -Wall -g     -c -o /Users/haolu/Software/snac/snac-1/build/tmp/lib-libStGermainDiscretisationGeometry/IrregTopology-meta.o -I/Users/haolu/Software/snac/snac-1/build/include   -I/Users/haolu/Software/snac/snac-1/build/include/StGermain   -I/opt/passcal/other/include/mpich-mp   -I/opt/passcal/other/include/libxml2    IrregTopology-meta.c
Creating metadata ParallelDelaunay-meta.c from ParallelDelaunay.meta
mpicc-mpich-mp -pipe   -DSYSTEM_SIZEOF_LONG=8 -DVERSION=\"0\" -DCURR_MODULE_NAME=\"StGermainDiscretisationGeometry\" -Wall -g     -c -o /Users/haolu/Software/snac/snac-1/build/tmp/lib-libStGermainDiscretisationGeometry/ParallelDelaunay-meta.o -I/Users/haolu/Software/snac/snac-1/build/include   -I/Users/haolu/Software/snac/snac-1/build/include/StGermain   -I/opt/passcal/other/include/mpich-mp   -I/opt/passcal/other/include/libxml2    ParallelDelaunay-meta.c
Creating metadata RefinedRegionsGeometry-meta.c from RefinedRegionsGeometry.meta
mpicc-mpich-mp -pipe   -DSYSTEM_SIZEOF_LONG=8 -DVERSION=\"0\" -DCURR_MODULE_NAME=\"StGermainDiscretisationGeometry\" -Wall -g     -c -o /Users/haolu/Software/snac/snac-1/build/tmp/lib-libStGermainDiscretisationGeometry/RefinedRegionsGeometry-meta.o -I/Users/haolu/Software/snac/snac-1/build/include   -I/Users/haolu/Software/snac/snac-1/build/include/StGermain   -I/opt/passcal/other/include/mpich-mp   -I/opt/passcal/other/include/libxml2    RefinedRegionsGeometry-meta.c
Creating metadata ShellGeometry-meta.c from ShellGeometry.meta
mpicc-mpich-mp -pipe   -DSYSTEM_SIZEOF_LONG=8 -DVERSION=\"0\" -DCURR_MODULE_NAME=\"StGermainDiscretisationGeometry\" -Wall -g     -c -o /Users/haolu/Software/snac/snac-1/build/tmp/lib-libStGermainDiscretisationGeometry/ShellGeometry-meta.o -I/Users/haolu/Software/snac/snac-1/build/include   -I/Users/haolu/Software/snac/snac-1/build/include/StGermain   -I/opt/passcal/other/include/mpich-mp   -I/opt/passcal/other/include/libxml2    ShellGeometry-meta.c
Creating metadata Topology-meta.c from Topology.meta
mpicc-mpich-mp -pipe   -DSYSTEM_SIZEOF_LONG=8 -DVERSION=\"0\" -DCURR_MODULE_NAME=\"StGermainDiscretisationGeometry\" -Wall -g     -c -o /Users/haolu/Software/snac/snac-1/build/tmp/lib-libStGermainDiscretisationGeometry/Topology-meta.o -I/Users/haolu/Software/snac/snac-1/build/include   -I/Users/haolu/Software/snac/snac-1/build/include/StGermain   -I/opt/passcal/other/include/mpich-mp   -I/opt/passcal/other/include/libxml2    Topology-meta.c
ar -cru /Users/haolu/Software/snac/snac-1/build/tmp/lib-libStGermainDiscretisationGeometry.a/libStGermainDiscretisationGeometry.a. /Users/haolu/Software/snac/snac-1/build/tmp/lib-libStGermainDiscretisationGeometry/Dimension.o /Users/haolu/Software/snac/snac-1/build/tmp/lib-libStGermainDiscretisationGeometry/VectorMath.o /Users/haolu/Software/snac/snac-1/build/tmp/lib-libStGermainDiscretisationGeometry/TensorMath.o /Users/haolu/Software/snac/snac-1/build/tmp/lib-libStGermainDiscretisationGeometry/TrigMath.o /Users/haolu/Software/snac/snac-1/build/tmp/lib-libStGermainDiscretisationGeometry/ComplexMath.o /Users/haolu/Software/snac/snac-1/build/tmp/lib-libStGermainDiscretisationGeometry/Line.o /Users/haolu/Software/snac/snac-1/build/tmp/lib-libStGermainDiscretisationGeometry/Plane.o /Users/haolu/Software/snac/snac-1/build/tmp/lib-libStGermainDiscretisationGeometry/Edge.o /Users/haolu/Software/snac/snac-1/build/tmp/lib-libStGermainDiscretisationGeometry/RMatrix.o /Users/haolu/Software/snac/snac-1/build/tmp/lib-libStGermainDiscretisationGeometry/Topology.o /Users/haolu/Software/snac/snac-1/build/tmp/lib-libStGermainDiscretisationGeometry/IJKTopology.o /Users/haolu/Software/snac/snac-1/build/tmp/lib-libStGermainDiscretisationGeometry/IJK6Topology.o /Users/haolu/Software/snac/snac-1/build/tmp/lib-libStGermainDiscretisationGeometry/IJK26Topology.o /Users/haolu/Software/snac/snac-1/build/tmp/lib-libStGermainDiscretisationGeometry/IrregTopology.o /Users/haolu/Software/snac/snac-1/build/tmp/lib-libStGermainDiscretisationGeometry/GeometryClass.o /Users/haolu/Software/snac/snac-1/build/tmp/lib-libStGermainDiscretisationGeometry/BlockGeometry.o /Users/haolu/Software/snac/snac-1/build/tmp/lib-libStGermainDiscretisationGeometry/RefinedRegionsGeometry.o /Users/haolu/Software/snac/snac-1/build/tmp/lib-libStGermainDiscretisationGeometry/ShellGeometry.o /Users/haolu/Software/snac/snac-1/build/tmp/lib-libStGermainDiscretisationGeometry/IrregGeometry.o /Users/haolu/Software/snac/snac-1/build/tmp/lib-libStGermainDiscretisationGeometry/QuadEdge.o /Users/haolu/Software/snac/snac-1/build/tmp/lib-libStGermainDiscretisationGeometry/Delaunay.o /Users/haolu/Software/snac/snac-1/build/tmp/lib-libStGermainDiscretisationGeometry/ParallelDelaunay.o /Users/haolu/Software/snac/snac-1/build/tmp/lib-libStGermainDiscretisationGeometry/Init.o /Users/haolu/Software/snac/snac-1/build/tmp/lib-libStGermainDiscretisationGeometry/Finalise.o /Users/haolu/Software/snac/snac-1/build/tmp/lib-libStGermainDiscretisationGeometry/ComplexVectorMath.o /Users/haolu/Software/snac/snac-1/build/tmp/lib-libStGermainDiscretisationGeometry/TensorMultMath.o /Users/haolu/Software/snac/snac-1/build/tmp/lib-libStGermainDiscretisationGeometry/BlockGeometry-meta.o /Users/haolu/Software/snac/snac-1/build/tmp/lib-libStGermainDiscretisationGeometry/Delaunay-meta.o /Users/haolu/Software/snac/snac-1/build/tmp/lib-libStGermainDiscretisationGeometry/GeometryClass-meta.o /Users/haolu/Software/snac/snac-1/build/tmp/lib-libStGermainDiscretisationGeometry/IJK26Topology-meta.o /Users/haolu/Software/snac/snac-1/build/tmp/lib-libStGermainDiscretisationGeometry/IJK6Topology-meta.o /Users/haolu/Software/snac/snac-1/build/tmp/lib-libStGermainDiscretisationGeometry/IJKTopology-meta.o /Users/haolu/Software/snac/snac-1/build/tmp/lib-libStGermainDiscretisationGeometry/IrregGeometry-meta.o /Users/haolu/Software/snac/snac-1/build/tmp/lib-libStGermainDiscretisationGeometry/IrregTopology-meta.o /Users/haolu/Software/snac/snac-1/build/tmp/lib-libStGermainDiscretisationGeometry/ParallelDelaunay-meta.o /Users/haolu/Software/snac/snac-1/build/tmp/lib-libStGermainDiscretisationGeometry/RefinedRegionsGeometry-meta.o /Users/haolu/Software/snac/snac-1/build/tmp/lib-libStGermainDiscretisationGeometry/ShellGeometry-meta.o /Users/haolu/Software/snac/snac-1/build/tmp/lib-libStGermainDiscretisationGeometry/Topology-meta.o
/opt/passcal/other/bin/ranlib: file: /Users/haolu/Software/snac/snac-1/build/tmp/lib-libStGermainDiscretisationGeometry.a/libStGermainDiscretisationGeometry.a.(Line.o) has no symbols
/usr/bin/ranlib /Users/haolu/Software/snac/snac-1/build/tmp/lib-libStGermainDiscretisationGeometry.a/libStGermainDiscretisationGeometry.a.
/Applications/Xcode.app/Contents/Developer/Toolchains/XcodeDefault.xctoolchain/usr/bin/ranlib: file: /Users/haolu/Software/snac/snac-1/build/tmp/lib-libStGermainDiscretisationGeometry.a/libStGermainDiscretisationGeometry.a.(Line.o) has no symbols
Install name: -install_name /Users/haolu/Software/snac/snac-1/build/lib/libStGermainDiscretisationGeometry.dylib
mpicc-mpich-mp -pipe   -DSYSTEM_SIZEOF_LONG=8 -DVERSION=\"0\" -DCURR_MODULE_NAME=\"StGermainDiscretisationGeometry\" -Wall -g    -o /Users/haolu/Software/snac/snac-1/build/tmp/lib-libStGermainDiscretisationGeometry.dylib/libStGermainDiscretisationGeometry.dylib. -dynamiclib -flat_namespace -undefined suppress -single_module  /Users/haolu/Software/snac/snac-1/build/tmp/lib-libStGermainDiscretisationGeometry/Dimension.o /Users/haolu/Software/snac/snac-1/build/tmp/lib-libStGermainDiscretisationGeometry/VectorMath.o /Users/haolu/Software/snac/snac-1/build/tmp/lib-libStGermainDiscretisationGeometry/TensorMath.o /Users/haolu/Software/snac/snac-1/build/tmp/lib-libStGermainDiscretisationGeometry/TrigMath.o /Users/haolu/Software/snac/snac-1/build/tmp/lib-libStGermainDiscretisationGeometry/ComplexMath.o /Users/haolu/Software/snac/snac-1/build/tmp/lib-libStGermainDiscretisationGeometry/Line.o /Users/haolu/Software/snac/snac-1/build/tmp/lib-libStGermainDiscretisationGeometry/Plane.o /Users/haolu/Software/snac/snac-1/build/tmp/lib-libStGermainDiscretisationGeometry/Edge.o /Users/haolu/Software/snac/snac-1/build/tmp/lib-libStGermainDiscretisationGeometry/RMatrix.o /Users/haolu/Software/snac/snac-1/build/tmp/lib-libStGermainDiscretisationGeometry/Topology.o /Users/haolu/Software/snac/snac-1/build/tmp/lib-libStGermainDiscretisationGeometry/IJKTopology.o /Users/haolu/Software/snac/snac-1/build/tmp/lib-libStGermainDiscretisationGeometry/IJK6Topology.o /Users/haolu/Software/snac/snac-1/build/tmp/lib-libStGermainDiscretisationGeometry/IJK26Topology.o /Users/haolu/Software/snac/snac-1/build/tmp/lib-libStGermainDiscretisationGeometry/IrregTopology.o /Users/haolu/Software/snac/snac-1/build/tmp/lib-libStGermainDiscretisationGeometry/GeometryClass.o /Users/haolu/Software/snac/snac-1/build/tmp/lib-libStGermainDiscretisationGeometry/BlockGeometry.o /Users/haolu/Software/snac/snac-1/build/tmp/lib-libStGermainDiscretisationGeometry/RefinedRegionsGeometry.o /Users/haolu/Software/snac/snac-1/build/tmp/lib-libStGermainDiscretisationGeometry/ShellGeometry.o /Users/haolu/Software/snac/snac-1/build/tmp/lib-libStGermainDiscretisationGeometry/IrregGeometry.o /Users/haolu/Software/snac/snac-1/build/tmp/lib-libStGermainDiscretisationGeometry/QuadEdge.o /Users/haolu/Software/snac/snac-1/build/tmp/lib-libStGermainDiscretisationGeometry/Delaunay.o /Users/haolu/Software/snac/snac-1/build/tmp/lib-libStGermainDiscretisationGeometry/ParallelDelaunay.o /Users/haolu/Software/snac/snac-1/build/tmp/lib-libStGermainDiscretisationGeometry/Init.o /Users/haolu/Software/snac/snac-1/build/tmp/lib-libStGermainDiscretisationGeometry/Finalise.o /Users/haolu/Software/snac/snac-1/build/tmp/lib-libStGermainDiscretisationGeometry/ComplexVectorMath.o /Users/haolu/Software/snac/snac-1/build/tmp/lib-libStGermainDiscretisationGeometry/TensorMultMath.o /Users/haolu/Software/snac/snac-1/build/tmp/lib-libStGermainDiscretisationGeometry/BlockGeometry-meta.o /Users/haolu/Software/snac/snac-1/build/tmp/lib-libStGermainDiscretisationGeometry/Delaunay-meta.o /Users/haolu/Software/snac/snac-1/build/tmp/lib-libStGermainDiscretisationGeometry/GeometryClass-meta.o /Users/haolu/Software/snac/snac-1/build/tmp/lib-libStGermainDiscretisationGeometry/IJK26Topology-meta.o /Users/haolu/Software/snac/snac-1/build/tmp/lib-libStGermainDiscretisationGeometry/IJK6Topology-meta.o /Users/haolu/Software/snac/snac-1/build/tmp/lib-libStGermainDiscretisationGeometry/IJKTopology-meta.o /Users/haolu/Software/snac/snac-1/build/tmp/lib-libStGermainDiscretisationGeometry/IrregGeometry-meta.o /Users/haolu/Software/snac/snac-1/build/tmp/lib-libStGermainDiscretisationGeometry/IrregTopology-meta.o /Users/haolu/Software/snac/snac-1/build/tmp/lib-libStGermainDiscretisationGeometry/ParallelDelaunay-meta.o /Users/haolu/Software/snac/snac-1/build/tmp/lib-libStGermainDiscretisationGeometry/RefinedRegionsGeometry-meta.o /Users/haolu/Software/snac/snac-1/build/tmp/lib-libStGermainDiscretisationGeometry/ShellGeometry-meta.o /Users/haolu/Software/snac/snac-1/build/tmp/lib-libStGermainDiscretisationGeometry/Topology-meta.o  -L/Users/haolu/Software/snac/snac-1/build/lib   -L/Users/haolu/Software/snac/snac-1/build/lib -lStGermainBase   -L/Users/haolu/Software/snac/snac-1/build/lib -lmpich -L/opt/passcal/other/lib/mpich-mp -lmpich  -L/sw/lib    -L/opt/passcal/other/lib -lxml2 -lz -lpthread -liconv -lm          -install_name /Users/haolu/Software/snac/snac-1/build/lib/libStGermainDiscretisationGeometry.dylib
ld: warning: directory not found for option '-L/sw/lib'
rm IrregGeometry-meta.c GeometryClass-meta.c Topology-meta.c IJKTopology-meta.c IJK26Topology-meta.c RefinedRegionsGeometry-meta.c BlockGeometry-meta.c ParallelDelaunay-meta.c IrregTopology-meta.c IJK6Topology-meta.c Delaunay-meta.c ShellGeometry-meta.c
mpicc-mpich-mp -pipe  -DVERSION=\"0\" -Wall -g  -DCURR_MODULE_NAME=\"libStGermainDiscretisationGeometry\"  -o /Users/haolu/Software/snac/snac-1/build/tests/testDimensionMacros  -I/Users/haolu/Software/snac/snac-1/build/include   -I/Users/haolu/Software/snac/snac-1/build/include/StGermain   -I/opt/passcal/other/include/mpich-mp   -I/opt/passcal/other/include/libxml2      testDimensionMacros.c   -L/Users/haolu/Software/snac/snac-1/build/lib   -L/Users/haolu/Software/snac/snac-1/build/lib -lStGermainDiscretisationGeometry -lStGermainBase   -L/Users/haolu/Software/snac/snac-1/build/lib -lmpich -L/opt/passcal/other/lib/mpich-mp -lmpich  -L/sw/lib    -L/opt/passcal/other/lib -lxml2 -lz -lpthread -liconv -lm   -lm -lmx            
ld: warning: directory not found for option '-L/sw/lib'
mpicc-mpich-mp -pipe  -DVERSION=\"0\" -Wall -g  -DCURR_MODULE_NAME=\"libStGermainDiscretisationGeometry\"  -o /Users/haolu/Software/snac/snac-1/build/tests/testVectorMath  -I/Users/haolu/Software/snac/snac-1/build/include   -I/Users/haolu/Software/snac/snac-1/build/include/StGermain   -I/opt/passcal/other/include/mpich-mp   -I/opt/passcal/other/include/libxml2      testVectorMath.c   -L/Users/haolu/Software/snac/snac-1/build/lib   -L/Users/haolu/Software/snac/snac-1/build/lib -lStGermainDiscretisationGeometry -lStGermainBase   -L/Users/haolu/Software/snac/snac-1/build/lib -lmpich -L/opt/passcal/other/lib/mpich-mp -lmpich  -L/sw/lib    -L/opt/passcal/other/lib -lxml2 -lz -lpthread -liconv -lm   -lm -lmx            
ld: warning: directory not found for option '-L/sw/lib'
mpicc-mpich-mp -pipe  -DVERSION=\"0\" -Wall -g  -DCURR_MODULE_NAME=\"libStGermainDiscretisationGeometry\"  -o /Users/haolu/Software/snac/snac-1/build/tests/testTensorMath  -I/Users/haolu/Software/snac/snac-1/build/include   -I/Users/haolu/Software/snac/snac-1/build/include/StGermain   -I/opt/passcal/other/include/mpich-mp   -I/opt/passcal/other/include/libxml2      testTensorMath.c   -L/Users/haolu/Software/snac/snac-1/build/lib   -L/Users/haolu/Software/snac/snac-1/build/lib -lStGermainDiscretisationGeometry -lStGermainBase   -L/Users/haolu/Software/snac/snac-1/build/lib -lmpich -L/opt/passcal/other/lib/mpich-mp -lmpich  -L/sw/lib    -L/opt/passcal/other/lib -lxml2 -lz -lpthread -liconv -lm   -lm -lmx            
ld: warning: directory not found for option '-L/sw/lib'
mpicc-mpich-mp -pipe  -DVERSION=\"0\" -Wall -g  -DCURR_MODULE_NAME=\"libStGermainDiscretisationGeometry\"  -o /Users/haolu/Software/snac/snac-1/build/tests/testTrigMath  -I/Users/haolu/Software/snac/snac-1/build/include   -I/Users/haolu/Software/snac/snac-1/build/include/StGermain   -I/opt/passcal/other/include/mpich-mp   -I/opt/passcal/other/include/libxml2      testTrigMath.c   -L/Users/haolu/Software/snac/snac-1/build/lib   -L/Users/haolu/Software/snac/snac-1/build/lib -lStGermainDiscretisationGeometry -lStGermainBase   -L/Users/haolu/Software/snac/snac-1/build/lib -lmpich -L/opt/passcal/other/lib/mpich-mp -lmpich  -L/sw/lib    -L/opt/passcal/other/lib -lxml2 -lz -lpthread -liconv -lm   -lm -lmx            
ld: warning: directory not found for option '-L/sw/lib'
mpicc-mpich-mp -pipe  -DVERSION=\"0\" -Wall -g  -DCURR_MODULE_NAME=\"libStGermainDiscretisationGeometry\"  -o /Users/haolu/Software/snac/snac-1/build/tests/testComplexMath  -I/Users/haolu/Software/snac/snac-1/build/include   -I/Users/haolu/Software/snac/snac-1/build/include/StGermain   -I/opt/passcal/other/include/mpich-mp   -I/opt/passcal/other/include/libxml2      testComplexMath.c   -L/Users/haolu/Software/snac/snac-1/build/lib   -L/Users/haolu/Software/snac/snac-1/build/lib -lStGermainDiscretisationGeometry -lStGermainBase   -L/Users/haolu/Software/snac/snac-1/build/lib -lmpich -L/opt/passcal/other/lib/mpich-mp -lmpich  -L/sw/lib    -L/opt/passcal/other/lib -lxml2 -lz -lpthread -liconv -lm   -lm -lmx            
testComplexMath.c:130:5: warning: using floating point absolute value function 'fabs' when argument is of integer type [-Wabsolute-value]
                                fabs(0));
                                ^
testComplexMath.c:130:5: note: use function 'abs' instead
                                fabs(0));
                                ^~~~
                                abs
1 warning generated.
ld: warning: directory not found for option '-L/sw/lib'
mpicc-mpich-mp -pipe  -DVERSION=\"0\" -Wall -g  -DCURR_MODULE_NAME=\"libStGermainDiscretisationGeometry\"  -o /Users/haolu/Software/snac/snac-1/build/tests/testEdge  -I/Users/haolu/Software/snac/snac-1/build/include   -I/Users/haolu/Software/snac/snac-1/build/include/StGermain   -I/opt/passcal/other/include/mpich-mp   -I/opt/passcal/other/include/libxml2      testEdge.c   -L/Users/haolu/Software/snac/snac-1/build/lib   -L/Users/haolu/Software/snac/snac-1/build/lib -lStGermainDiscretisationGeometry -lStGermainBase   -L/Users/haolu/Software/snac/snac-1/build/lib -lmpich -L/opt/passcal/other/lib/mpich-mp -lmpich  -L/sw/lib    -L/opt/passcal/other/lib -lxml2 -lz -lpthread -liconv -lm   -lm -lmx            
ld: warning: directory not found for option '-L/sw/lib'
mpicc-mpich-mp -pipe  -DVERSION=\"0\" -Wall -g  -DCURR_MODULE_NAME=\"libStGermainDiscretisationGeometry\"  -o /Users/haolu/Software/snac/snac-1/build/tests/testPlane  -I/Users/haolu/Software/snac/snac-1/build/include   -I/Users/haolu/Software/snac/snac-1/build/include/StGermain   -I/opt/passcal/other/include/mpich-mp   -I/opt/passcal/other/include/libxml2      testPlane.c   -L/Users/haolu/Software/snac/snac-1/build/lib   -L/Users/haolu/Software/snac/snac-1/build/lib -lStGermainDiscretisationGeometry -lStGermainBase   -L/Users/haolu/Software/snac/snac-1/build/lib -lmpich -L/opt/passcal/other/lib/mpich-mp -lmpich  -L/sw/lib    -L/opt/passcal/other/lib -lxml2 -lz -lpthread -liconv -lm   -lm -lmx            
ld: warning: directory not found for option '-L/sw/lib'
mpicc-mpich-mp -pipe  -DVERSION=\"0\" -Wall -g  -DCURR_MODULE_NAME=\"libStGermainDiscretisationGeometry\"  -o /Users/haolu/Software/snac/snac-1/build/tests/testLine  -I/Users/haolu/Software/snac/snac-1/build/include   -I/Users/haolu/Software/snac/snac-1/build/include/StGermain   -I/opt/passcal/other/include/mpich-mp   -I/opt/passcal/other/include/libxml2      testLine.c   -L/Users/haolu/Software/snac/snac-1/build/lib   -L/Users/haolu/Software/snac/snac-1/build/lib -lStGermainDiscretisationGeometry -lStGermainBase   -L/Users/haolu/Software/snac/snac-1/build/lib -lmpich -L/opt/passcal/other/lib/mpich-mp -lmpich  -L/sw/lib    -L/opt/passcal/other/lib -lxml2 -lz -lpthread -liconv -lm   -lm -lmx            
ld: warning: directory not found for option '-L/sw/lib'
mpicc-mpich-mp -pipe  -DVERSION=\"0\" -Wall -g  -DCURR_MODULE_NAME=\"libStGermainDiscretisationGeometry\"  -o /Users/haolu/Software/snac/snac-1/build/tests/testRMatrix  -I/Users/haolu/Software/snac/snac-1/build/include   -I/Users/haolu/Software/snac/snac-1/build/include/StGermain   -I/opt/passcal/other/include/mpich-mp   -I/opt/passcal/other/include/libxml2      testRMatrix.c   -L/Users/haolu/Software/snac/snac-1/build/lib   -L/Users/haolu/Software/snac/snac-1/build/lib -lStGermainDiscretisationGeometry -lStGermainBase   -L/Users/haolu/Software/snac/snac-1/build/lib -lmpich -L/opt/passcal/other/lib/mpich-mp -lmpich  -L/sw/lib    -L/opt/passcal/other/lib -lxml2 -lz -lpthread -liconv -lm   -lm -lmx            
ld: warning: directory not found for option '-L/sw/lib'
mpicc-mpich-mp -pipe  -DVERSION=\"0\" -Wall -g  -DCURR_MODULE_NAME=\"libStGermainDiscretisationGeometry\"  -o /Users/haolu/Software/snac/snac-1/build/tests/testBlockGeometry  -I/Users/haolu/Software/snac/snac-1/build/include   -I/Users/haolu/Software/snac/snac-1/build/include/StGermain   -I/opt/passcal/other/include/mpich-mp   -I/opt/passcal/other/include/libxml2      testBlockGeometry.c   -L/Users/haolu/Software/snac/snac-1/build/lib   -L/Users/haolu/Software/snac/snac-1/build/lib -lStGermainDiscretisationGeometry -lStGermainBase   -L/Users/haolu/Software/snac/snac-1/build/lib -lmpich -L/opt/passcal/other/lib/mpich-mp -lmpich  -L/sw/lib    -L/opt/passcal/other/lib -lxml2 -lz -lpthread -liconv -lm   -lm -lmx            
ld: warning: directory not found for option '-L/sw/lib'
mpicc-mpich-mp -pipe  -DVERSION=\"0\" -Wall -g  -DCURR_MODULE_NAME=\"libStGermainDiscretisationGeometry\"  -o /Users/haolu/Software/snac/snac-1/build/tests/testRefinedRegionsGeometry  -I/Users/haolu/Software/snac/snac-1/build/include   -I/Users/haolu/Software/snac/snac-1/build/include/StGermain   -I/opt/passcal/other/include/mpich-mp   -I/opt/passcal/other/include/libxml2      testRefinedRegionsGeometry.c   -L/Users/haolu/Software/snac/snac-1/build/lib   -L/Users/haolu/Software/snac/snac-1/build/lib -lStGermainDiscretisationGeometry -lStGermainBase   -L/Users/haolu/Software/snac/snac-1/build/lib -lmpich -L/opt/passcal/other/lib/mpich-mp -lmpich  -L/sw/lib    -L/opt/passcal/other/lib -lxml2 -lz -lpthread -liconv -lm   -lm -lmx            
ld: warning: directory not found for option '-L/sw/lib'
mpicc-mpich-mp -pipe  -DVERSION=\"0\" -Wall -g  -DCURR_MODULE_NAME=\"libStGermainDiscretisationGeometry\"  -o /Users/haolu/Software/snac/snac-1/build/tests/testShellGeometry  -I/Users/haolu/Software/snac/snac-1/build/include   -I/Users/haolu/Software/snac/snac-1/build/include/StGermain   -I/opt/passcal/other/include/mpich-mp   -I/opt/passcal/other/include/libxml2      testShellGeometry.c   -L/Users/haolu/Software/snac/snac-1/build/lib   -L/Users/haolu/Software/snac/snac-1/build/lib -lStGermainDiscretisationGeometry -lStGermainBase   -L/Users/haolu/Software/snac/snac-1/build/lib -lmpich -L/opt/passcal/other/lib/mpich-mp -lmpich  -L/sw/lib    -L/opt/passcal/other/lib -lxml2 -lz -lpthread -liconv -lm   -lm -lmx            
ld: warning: directory not found for option '-L/sw/lib'
mpicc-mpich-mp -pipe  -DVERSION=\"0\" -Wall -g  -DCURR_MODULE_NAME=\"libStGermainDiscretisationGeometry\"  -o /Users/haolu/Software/snac/snac-1/build/tests/testIrregGeometry  -I/Users/haolu/Software/snac/snac-1/build/include   -I/Users/haolu/Software/snac/snac-1/build/include/StGermain   -I/opt/passcal/other/include/mpich-mp   -I/opt/passcal/other/include/libxml2      testIrregGeometry.c   -L/Users/haolu/Software/snac/snac-1/build/lib   -L/Users/haolu/Software/snac/snac-1/build/lib -lStGermainDiscretisationGeometry -lStGermainBase   -L/Users/haolu/Software/snac/snac-1/build/lib -lmpich -L/opt/passcal/other/lib/mpich-mp -lmpich  -L/sw/lib    -L/opt/passcal/other/lib -lxml2 -lz -lpthread -liconv -lm   -lm -lmx            
ld: warning: directory not found for option '-L/sw/lib'
mpicc-mpich-mp -pipe  -DVERSION=\"0\" -Wall -g  -DCURR_MODULE_NAME=\"libStGermainDiscretisationGeometry\"  -o /Users/haolu/Software/snac/snac-1/build/tests/testIJK6Topology  -I/Users/haolu/Software/snac/snac-1/build/include   -I/Users/haolu/Software/snac/snac-1/build/include/StGermain   -I/opt/passcal/other/include/mpich-mp   -I/opt/passcal/other/include/libxml2      testIJK6Topology.c   -L/Users/haolu/Software/snac/snac-1/build/lib   -L/Users/haolu/Software/snac/snac-1/build/lib -lStGermainDiscretisationGeometry -lStGermainBase   -L/Users/haolu/Software/snac/snac-1/build/lib -lmpich -L/opt/passcal/other/lib/mpich-mp -lmpich  -L/sw/lib    -L/opt/passcal/other/lib -lxml2 -lz -lpthread -liconv -lm   -lm -lmx            
ld: warning: directory not found for option '-L/sw/lib'
mpicc-mpich-mp -pipe  -DVERSION=\"0\" -Wall -g  -DCURR_MODULE_NAME=\"libStGermainDiscretisationGeometry\"  -o /Users/haolu/Software/snac/snac-1/build/tests/testIJK26Topology  -I/Users/haolu/Software/snac/snac-1/build/include   -I/Users/haolu/Software/snac/snac-1/build/include/StGermain   -I/opt/passcal/other/include/mpich-mp   -I/opt/passcal/other/include/libxml2      testIJK26Topology.c   -L/Users/haolu/Software/snac/snac-1/build/lib   -L/Users/haolu/Software/snac/snac-1/build/lib -lStGermainDiscretisationGeometry -lStGermainBase   -L/Users/haolu/Software/snac/snac-1/build/lib -lmpich -L/opt/passcal/other/lib/mpich-mp -lmpich  -L/sw/lib    -L/opt/passcal/other/lib -lxml2 -lz -lpthread -liconv -lm   -lm -lmx            
ld: warning: directory not found for option '-L/sw/lib'
mpicc-mpich-mp -pipe  -DVERSION=\"0\" -Wall -g  -DCURR_MODULE_NAME=\"libStGermainDiscretisationGeometry\"  -o /Users/haolu/Software/snac/snac-1/build/tests/testDelaunay  -I/Users/haolu/Software/snac/snac-1/build/include   -I/Users/haolu/Software/snac/snac-1/build/include/StGermain   -I/opt/passcal/other/include/mpich-mp   -I/opt/passcal/other/include/libxml2      testDelaunay.c   -L/Users/haolu/Software/snac/snac-1/build/lib   -L/Users/haolu/Software/snac/snac-1/build/lib -lStGermainDiscretisationGeometry -lStGermainBase   -L/Users/haolu/Software/snac/snac-1/build/lib -lmpich -L/opt/passcal/other/lib/mpich-mp -lmpich  -L/sw/lib    -L/opt/passcal/other/lib -lxml2 -lz -lpthread -liconv -lm   -lm -lmx            
ld: warning: directory not found for option '-L/sw/lib'
mpicc-mpich-mp -pipe  -DVERSION=\"0\" -Wall -g  -DCURR_MODULE_NAME=\"libStGermainDiscretisationGeometry\"  -o /Users/haolu/Software/snac/snac-1/build/tests/testParallelDelaunay  -I/Users/haolu/Software/snac/snac-1/build/include   -I/Users/haolu/Software/snac/snac-1/build/include/StGermain   -I/opt/passcal/other/include/mpich-mp   -I/opt/passcal/other/include/libxml2      testParallelDelaunay.c   -L/Users/haolu/Software/snac/snac-1/build/lib   -L/Users/haolu/Software/snac/snac-1/build/lib -lStGermainDiscretisationGeometry -lStGermainBase   -L/Users/haolu/Software/snac/snac-1/build/lib -lmpich -L/opt/passcal/other/lib/mpich-mp -lmpich  -L/sw/lib    -L/opt/passcal/other/lib -lxml2 -lz -lpthread -liconv -lm   -lm -lmx            
ld: warning: directory not found for option '-L/sw/lib'
mpicc-mpich-mp -pipe  -DVERSION=\"0\" -Wall -g  -DCURR_MODULE_NAME=\"libStGermainDiscretisationGeometry\"  -o /Users/haolu/Software/snac/snac-1/build/tests/testComplexVectorMath  -I/Users/haolu/Software/snac/snac-1/build/include   -I/Users/haolu/Software/snac/snac-1/build/include/StGermain   -I/opt/passcal/other/include/mpich-mp   -I/opt/passcal/other/include/libxml2      testComplexVectorMath.c   -L/Users/haolu/Software/snac/snac-1/build/lib   -L/Users/haolu/Software/snac/snac-1/build/lib -lStGermainDiscretisationGeometry -lStGermainBase   -L/Users/haolu/Software/snac/snac-1/build/lib -lmpich -L/opt/passcal/other/lib/mpich-mp -lmpich  -L/sw/lib    -L/opt/passcal/other/lib -lxml2 -lz -lpthread -liconv -lm   -lm -lmx            
ld: warning: directory not found for option '-L/sw/lib'
mpicc-mpich-mp -pipe  -DVERSION=\"0\" -Wall -g  -DCURR_MODULE_NAME=\"libStGermainDiscretisationGeometry\"  -o /Users/haolu/Software/snac/snac-1/build/tests/testTensorMultMath  -I/Users/haolu/Software/snac/snac-1/build/include   -I/Users/haolu/Software/snac/snac-1/build/include/StGermain   -I/opt/passcal/other/include/mpich-mp   -I/opt/passcal/other/include/libxml2      testTensorMultMath.c   -L/Users/haolu/Software/snac/snac-1/build/lib   -L/Users/haolu/Software/snac/snac-1/build/lib -lStGermainDiscretisationGeometry -lStGermainBase   -L/Users/haolu/Software/snac/snac-1/build/lib -lmpich -L/opt/passcal/other/lib/mpich-mp -lmpich  -L/sw/lib    -L/opt/passcal/other/lib -lxml2 -lz -lpthread -liconv -lm   -lm -lmx            
ld: warning: directory not found for option '-L/sw/lib'
mpicc-mpich-mp -pipe  -DVERSION=\"0\" -DCURR_MODULE_NAME=\"StGermainDiscretisationShape\" -Wall -g     -c -o /Users/haolu/Software/snac/snac-1/build/tmp/lib-libStGermainDiscretisationShape/BelowCosinePlane.o -I/Users/haolu/Software/snac/snac-1/build/include   -I/Users/haolu/Software/snac/snac-1/build/include/StGermain  -I/opt/passcal/other/include/mpich-mp   -I/opt/passcal/other/include/libxml2    BelowCosinePlane.c
BelowCosinePlane.c:266:7: warning: using floating point absolute value function 'fabs' when argument is of integer type [-Wabsolute-value]
        if ( fabs( newCoord[ J_AXIS ] < y) ) {
             ^
BelowCosinePlane.c:266:7: note: use function 'abs' instead
        if ( fabs( newCoord[ J_AXIS ] < y) ) {
             ^~~~
             abs
1 warning generated.
mpicc-mpich-mp -pipe  -DVERSION=\"0\" -DCURR_MODULE_NAME=\"StGermainDiscretisationShape\" -Wall -g     -c -o /Users/haolu/Software/snac/snac-1/build/tmp/lib-libStGermainDiscretisationShape/BelowPlane.o -I/Users/haolu/Software/snac/snac-1/build/include   -I/Users/haolu/Software/snac/snac-1/build/include/StGermain  -I/opt/passcal/other/include/mpich-mp   -I/opt/passcal/other/include/libxml2    BelowPlane.c
BelowPlane.c:257:7: warning: using floating point absolute value function 'fabs' when argument is of integer type [-Wabsolute-value]
        if ( fabs( newCoord[ J_AXIS ] < self->offset ) ) {
             ^
BelowPlane.c:257:7: note: use function 'abs' instead
        if ( fabs( newCoord[ J_AXIS ] < self->offset ) ) {
             ^~~~
             abs
1 warning generated.
mpicc-mpich-mp -pipe  -DVERSION=\"0\" -DCURR_MODULE_NAME=\"StGermainDiscretisationShape\" -Wall -g     -c -o /Users/haolu/Software/snac/snac-1/build/tmp/lib-libStGermainDiscretisationShape/Box.o -I/Users/haolu/Software/snac/snac-1/build/include   -I/Users/haolu/Software/snac/snac-1/build/include/StGermain  -I/opt/passcal/other/include/mpich-mp   -I/opt/passcal/other/include/libxml2    Box.c
mpicc-mpich-mp -pipe  -DVERSION=\"0\" -DCURR_MODULE_NAME=\"StGermainDiscretisationShape\" -Wall -g     -c -o /Users/haolu/Software/snac/snac-1/build/tmp/lib-libStGermainDiscretisationShape/ConvexHull.o -I/Users/haolu/Software/snac/snac-1/build/include   -I/Users/haolu/Software/snac/snac-1/build/include/StGermain  -I/opt/passcal/other/include/mpich-mp   -I/opt/passcal/other/include/libxml2    ConvexHull.c
mpicc-mpich-mp -pipe  -DVERSION=\"0\" -DCURR_MODULE_NAME=\"StGermainDiscretisationShape\" -Wall -g     -c -o /Users/haolu/Software/snac/snac-1/build/tmp/lib-libStGermainDiscretisationShape/Cylinder.o -I/Users/haolu/Software/snac/snac-1/build/include   -I/Users/haolu/Software/snac/snac-1/build/include/StGermain  -I/opt/passcal/other/include/mpich-mp   -I/opt/passcal/other/include/libxml2    Cylinder.c
mpicc-mpich-mp -pipe  -DVERSION=\"0\" -DCURR_MODULE_NAME=\"StGermainDiscretisationShape\" -Wall -g     -c -o /Users/haolu/Software/snac/snac-1/build/tmp/lib-libStGermainDiscretisationShape/Everywhere.o -I/Users/haolu/Software/snac/snac-1/build/include   -I/Users/haolu/Software/snac/snac-1/build/include/StGermain  -I/opt/passcal/other/include/mpich-mp   -I/opt/passcal/other/include/libxml2    Everywhere.c
mpicc-mpich-mp -pipe  -DVERSION=\"0\" -DCURR_MODULE_NAME=\"StGermainDiscretisationShape\" -Wall -g     -c -o /Users/haolu/Software/snac/snac-1/build/tmp/lib-libStGermainDiscretisationShape/Finalise.o -I/Users/haolu/Software/snac/snac-1/build/include   -I/Users/haolu/Software/snac/snac-1/build/include/StGermain  -I/opt/passcal/other/include/mpich-mp   -I/opt/passcal/other/include/libxml2    Finalise.c
mpicc-mpich-mp -pipe  -DVERSION=\"0\" -DCURR_MODULE_NAME=\"StGermainDiscretisationShape\" -Wall -g     -c -o /Users/haolu/Software/snac/snac-1/build/tmp/lib-libStGermainDiscretisationShape/Init.o -I/Users/haolu/Software/snac/snac-1/build/include   -I/Users/haolu/Software/snac/snac-1/build/include/StGermain  -I/opt/passcal/other/include/mpich-mp   -I/opt/passcal/other/include/libxml2    Init.c
mpicc-mpich-mp -pipe  -DVERSION=\"0\" -DCURR_MODULE_NAME=\"StGermainDiscretisationShape\" -Wall -g     -c -o /Users/haolu/Software/snac/snac-1/build/tmp/lib-libStGermainDiscretisationShape/Intersection.o -I/Users/haolu/Software/snac/snac-1/build/include   -I/Users/haolu/Software/snac/snac-1/build/include/StGermain  -I/opt/passcal/other/include/mpich-mp   -I/opt/passcal/other/include/libxml2    Intersection.c
mpicc-mpich-mp -pipe  -DVERSION=\"0\" -DCURR_MODULE_NAME=\"StGermainDiscretisationShape\" -Wall -g     -c -o /Users/haolu/Software/snac/snac-1/build/tmp/lib-libStGermainDiscretisationShape/PolygonShape.o -I/Users/haolu/Software/snac/snac-1/build/include   -I/Users/haolu/Software/snac/snac-1/build/include/StGermain  -I/opt/passcal/other/include/mpich-mp   -I/opt/passcal/other/include/libxml2    PolygonShape.c
mpicc-mpich-mp -pipe  -DVERSION=\"0\" -DCURR_MODULE_NAME=\"StGermainDiscretisationShape\" -Wall -g     -c -o /Users/haolu/Software/snac/snac-1/build/tmp/lib-libStGermainDiscretisationShape/PythonShape.o -I/Users/haolu/Software/snac/snac-1/build/include   -I/Users/haolu/Software/snac/snac-1/build/include/StGermain  -I/opt/passcal/other/include/mpich-mp   -I/opt/passcal/other/include/libxml2    PythonShape.c
mpicc-mpich-mp -pipe  -DVERSION=\"0\" -DCURR_MODULE_NAME=\"StGermainDiscretisationShape\" -Wall -g     -c -o /Users/haolu/Software/snac/snac-1/build/tmp/lib-libStGermainDiscretisationShape/ShapeClass.o -I/Users/haolu/Software/snac/snac-1/build/include   -I/Users/haolu/Software/snac/snac-1/build/include/StGermain  -I/opt/passcal/other/include/mpich-mp   -I/opt/passcal/other/include/libxml2    ShapeClass.c
mpicc-mpich-mp -pipe  -DVERSION=\"0\" -DCURR_MODULE_NAME=\"StGermainDiscretisationShape\" -Wall -g     -c -o /Users/haolu/Software/snac/snac-1/build/tmp/lib-libStGermainDiscretisationShape/Sphere.o -I/Users/haolu/Software/snac/snac-1/build/include   -I/Users/haolu/Software/snac/snac-1/build/include/StGermain  -I/opt/passcal/other/include/mpich-mp   -I/opt/passcal/other/include/libxml2    Sphere.c
mpicc-mpich-mp -pipe  -DVERSION=\"0\" -DCURR_MODULE_NAME=\"StGermainDiscretisationShape\" -Wall -g     -c -o /Users/haolu/Software/snac/snac-1/build/tmp/lib-libStGermainDiscretisationShape/Superellipsoid.o -I/Users/haolu/Software/snac/snac-1/build/include   -I/Users/haolu/Software/snac/snac-1/build/include/StGermain  -I/opt/passcal/other/include/mpich-mp   -I/opt/passcal/other/include/libxml2    Superellipsoid.c
mpicc-mpich-mp -pipe  -DVERSION=\"0\" -DCURR_MODULE_NAME=\"StGermainDiscretisationShape\" -Wall -g     -c -o /Users/haolu/Software/snac/snac-1/build/tmp/lib-libStGermainDiscretisationShape/Union.o -I/Users/haolu/Software/snac/snac-1/build/include   -I/Users/haolu/Software/snac/snac-1/build/include/StGermain  -I/opt/passcal/other/include/mpich-mp   -I/opt/passcal/other/include/libxml2    Union.c
Creating metadata BelowCosinePlane-meta.c from BelowCosinePlane.meta
mpicc-mpich-mp -pipe  -DVERSION=\"0\" -DCURR_MODULE_NAME=\"StGermainDiscretisationShape\" -Wall -g     -c -o /Users/haolu/Software/snac/snac-1/build/tmp/lib-libStGermainDiscretisationShape/BelowCosinePlane-meta.o -I/Users/haolu/Software/snac/snac-1/build/include   -I/Users/haolu/Software/snac/snac-1/build/include/StGermain  -I/opt/passcal/other/include/mpich-mp   -I/opt/passcal/other/include/libxml2    BelowCosinePlane-meta.c
Creating metadata BelowPlane-meta.c from BelowPlane.meta
mpicc-mpich-mp -pipe  -DVERSION=\"0\" -DCURR_MODULE_NAME=\"StGermainDiscretisationShape\" -Wall -g     -c -o /Users/haolu/Software/snac/snac-1/build/tmp/lib-libStGermainDiscretisationShape/BelowPlane-meta.o -I/Users/haolu/Software/snac/snac-1/build/include   -I/Users/haolu/Software/snac/snac-1/build/include/StGermain  -I/opt/passcal/other/include/mpich-mp   -I/opt/passcal/other/include/libxml2    BelowPlane-meta.c
Creating metadata Box-meta.c from Box.meta
mpicc-mpich-mp -pipe  -DVERSION=\"0\" -DCURR_MODULE_NAME=\"StGermainDiscretisationShape\" -Wall -g     -c -o /Users/haolu/Software/snac/snac-1/build/tmp/lib-libStGermainDiscretisationShape/Box-meta.o -I/Users/haolu/Software/snac/snac-1/build/include   -I/Users/haolu/Software/snac/snac-1/build/include/StGermain  -I/opt/passcal/other/include/mpich-mp   -I/opt/passcal/other/include/libxml2    Box-meta.c
Creating metadata ConvexHull-meta.c from ConvexHull.meta
mpicc-mpich-mp -pipe  -DVERSION=\"0\" -DCURR_MODULE_NAME=\"StGermainDiscretisationShape\" -Wall -g     -c -o /Users/haolu/Software/snac/snac-1/build/tmp/lib-libStGermainDiscretisationShape/ConvexHull-meta.o -I/Users/haolu/Software/snac/snac-1/build/include   -I/Users/haolu/Software/snac/snac-1/build/include/StGermain  -I/opt/passcal/other/include/mpich-mp   -I/opt/passcal/other/include/libxml2    ConvexHull-meta.c
Creating metadata Cylinder-meta.c from Cylinder.meta
mpicc-mpich-mp -pipe  -DVERSION=\"0\" -DCURR_MODULE_NAME=\"StGermainDiscretisationShape\" -Wall -g     -c -o /Users/haolu/Software/snac/snac-1/build/tmp/lib-libStGermainDiscretisationShape/Cylinder-meta.o -I/Users/haolu/Software/snac/snac-1/build/include   -I/Users/haolu/Software/snac/snac-1/build/include/StGermain  -I/opt/passcal/other/include/mpich-mp   -I/opt/passcal/other/include/libxml2    Cylinder-meta.c
Creating metadata Everywhere-meta.c from Everywhere.meta
mpicc-mpich-mp -pipe  -DVERSION=\"0\" -DCURR_MODULE_NAME=\"StGermainDiscretisationShape\" -Wall -g     -c -o /Users/haolu/Software/snac/snac-1/build/tmp/lib-libStGermainDiscretisationShape/Everywhere-meta.o -I/Users/haolu/Software/snac/snac-1/build/include   -I/Users/haolu/Software/snac/snac-1/build/include/StGermain  -I/opt/passcal/other/include/mpich-mp   -I/opt/passcal/other/include/libxml2    Everywhere-meta.c
Creating metadata Intersection-meta.c from Intersection.meta
mpicc-mpich-mp -pipe  -DVERSION=\"0\" -DCURR_MODULE_NAME=\"StGermainDiscretisationShape\" -Wall -g     -c -o /Users/haolu/Software/snac/snac-1/build/tmp/lib-libStGermainDiscretisationShape/Intersection-meta.o -I/Users/haolu/Software/snac/snac-1/build/include   -I/Users/haolu/Software/snac/snac-1/build/include/StGermain  -I/opt/passcal/other/include/mpich-mp   -I/opt/passcal/other/include/libxml2    Intersection-meta.c
Creating metadata PolygonShape-meta.c from PolygonShape.meta
mpicc-mpich-mp -pipe  -DVERSION=\"0\" -DCURR_MODULE_NAME=\"StGermainDiscretisationShape\" -Wall -g     -c -o /Users/haolu/Software/snac/snac-1/build/tmp/lib-libStGermainDiscretisationShape/PolygonShape-meta.o -I/Users/haolu/Software/snac/snac-1/build/include   -I/Users/haolu/Software/snac/snac-1/build/include/StGermain  -I/opt/passcal/other/include/mpich-mp   -I/opt/passcal/other/include/libxml2    PolygonShape-meta.c
Creating metadata PythonShape-meta.c from PythonShape.meta
mpicc-mpich-mp -pipe  -DVERSION=\"0\" -DCURR_MODULE_NAME=\"StGermainDiscretisationShape\" -Wall -g     -c -o /Users/haolu/Software/snac/snac-1/build/tmp/lib-libStGermainDiscretisationShape/PythonShape-meta.o -I/Users/haolu/Software/snac/snac-1/build/include   -I/Users/haolu/Software/snac/snac-1/build/include/StGermain  -I/opt/passcal/other/include/mpich-mp   -I/opt/passcal/other/include/libxml2    PythonShape-meta.c
Creating metadata ShapeClass-meta.c from ShapeClass.meta
mpicc-mpich-mp -pipe  -DVERSION=\"0\" -DCURR_MODULE_NAME=\"StGermainDiscretisationShape\" -Wall -g     -c -o /Users/haolu/Software/snac/snac-1/build/tmp/lib-libStGermainDiscretisationShape/ShapeClass-meta.o -I/Users/haolu/Software/snac/snac-1/build/include   -I/Users/haolu/Software/snac/snac-1/build/include/StGermain  -I/opt/passcal/other/include/mpich-mp   -I/opt/passcal/other/include/libxml2    ShapeClass-meta.c
Creating metadata Sphere-meta.c from Sphere.meta
mpicc-mpich-mp -pipe  -DVERSION=\"0\" -DCURR_MODULE_NAME=\"StGermainDiscretisationShape\" -Wall -g     -c -o /Users/haolu/Software/snac/snac-1/build/tmp/lib-libStGermainDiscretisationShape/Sphere-meta.o -I/Users/haolu/Software/snac/snac-1/build/include   -I/Users/haolu/Software/snac/snac-1/build/include/StGermain  -I/opt/passcal/other/include/mpich-mp   -I/opt/passcal/other/include/libxml2    Sphere-meta.c
Creating metadata Superellipsoid-meta.c from Superellipsoid.meta
mpicc-mpich-mp -pipe  -DVERSION=\"0\" -DCURR_MODULE_NAME=\"StGermainDiscretisationShape\" -Wall -g     -c -o /Users/haolu/Software/snac/snac-1/build/tmp/lib-libStGermainDiscretisationShape/Superellipsoid-meta.o -I/Users/haolu/Software/snac/snac-1/build/include   -I/Users/haolu/Software/snac/snac-1/build/include/StGermain  -I/opt/passcal/other/include/mpich-mp   -I/opt/passcal/other/include/libxml2    Superellipsoid-meta.c
Creating metadata Union-meta.c from Union.meta
mpicc-mpich-mp -pipe  -DVERSION=\"0\" -DCURR_MODULE_NAME=\"StGermainDiscretisationShape\" -Wall -g     -c -o /Users/haolu/Software/snac/snac-1/build/tmp/lib-libStGermainDiscretisationShape/Union-meta.o -I/Users/haolu/Software/snac/snac-1/build/include   -I/Users/haolu/Software/snac/snac-1/build/include/StGermain  -I/opt/passcal/other/include/mpich-mp   -I/opt/passcal/other/include/libxml2    Union-meta.c
ar -cru /Users/haolu/Software/snac/snac-1/build/tmp/lib-libStGermainDiscretisationShape.a/libStGermainDiscretisationShape.a. /Users/haolu/Software/snac/snac-1/build/tmp/lib-libStGermainDiscretisationShape/BelowCosinePlane.o /Users/haolu/Software/snac/snac-1/build/tmp/lib-libStGermainDiscretisationShape/BelowPlane.o /Users/haolu/Software/snac/snac-1/build/tmp/lib-libStGermainDiscretisationShape/Box.o /Users/haolu/Software/snac/snac-1/build/tmp/lib-libStGermainDiscretisationShape/ConvexHull.o /Users/haolu/Software/snac/snac-1/build/tmp/lib-libStGermainDiscretisationShape/Cylinder.o /Users/haolu/Software/snac/snac-1/build/tmp/lib-libStGermainDiscretisationShape/Everywhere.o /Users/haolu/Software/snac/snac-1/build/tmp/lib-libStGermainDiscretisationShape/Finalise.o /Users/haolu/Software/snac/snac-1/build/tmp/lib-libStGermainDiscretisationShape/Init.o /Users/haolu/Software/snac/snac-1/build/tmp/lib-libStGermainDiscretisationShape/Intersection.o /Users/haolu/Software/snac/snac-1/build/tmp/lib-libStGermainDiscretisationShape/PolygonShape.o /Users/haolu/Software/snac/snac-1/build/tmp/lib-libStGermainDiscretisationShape/PythonShape.o /Users/haolu/Software/snac/snac-1/build/tmp/lib-libStGermainDiscretisationShape/ShapeClass.o /Users/haolu/Software/snac/snac-1/build/tmp/lib-libStGermainDiscretisationShape/Sphere.o /Users/haolu/Software/snac/snac-1/build/tmp/lib-libStGermainDiscretisationShape/Superellipsoid.o /Users/haolu/Software/snac/snac-1/build/tmp/lib-libStGermainDiscretisationShape/Union.o /Users/haolu/Software/snac/snac-1/build/tmp/lib-libStGermainDiscretisationShape/BelowCosinePlane-meta.o /Users/haolu/Software/snac/snac-1/build/tmp/lib-libStGermainDiscretisationShape/BelowPlane-meta.o /Users/haolu/Software/snac/snac-1/build/tmp/lib-libStGermainDiscretisationShape/Box-meta.o /Users/haolu/Software/snac/snac-1/build/tmp/lib-libStGermainDiscretisationShape/ConvexHull-meta.o /Users/haolu/Software/snac/snac-1/build/tmp/lib-libStGermainDiscretisationShape/Cylinder-meta.o /Users/haolu/Software/snac/snac-1/build/tmp/lib-libStGermainDiscretisationShape/Everywhere-meta.o /Users/haolu/Software/snac/snac-1/build/tmp/lib-libStGermainDiscretisationShape/Intersection-meta.o /Users/haolu/Software/snac/snac-1/build/tmp/lib-libStGermainDiscretisationShape/PolygonShape-meta.o /Users/haolu/Software/snac/snac-1/build/tmp/lib-libStGermainDiscretisationShape/PythonShape-meta.o /Users/haolu/Software/snac/snac-1/build/tmp/lib-libStGermainDiscretisationShape/ShapeClass-meta.o /Users/haolu/Software/snac/snac-1/build/tmp/lib-libStGermainDiscretisationShape/Sphere-meta.o /Users/haolu/Software/snac/snac-1/build/tmp/lib-libStGermainDiscretisationShape/Superellipsoid-meta.o /Users/haolu/Software/snac/snac-1/build/tmp/lib-libStGermainDiscretisationShape/Union-meta.o
/opt/passcal/other/bin/ranlib: file: /Users/haolu/Software/snac/snac-1/build/tmp/lib-libStGermainDiscretisationShape.a/libStGermainDiscretisationShape.a.(PythonShape.o) has no symbols
/usr/bin/ranlib /Users/haolu/Software/snac/snac-1/build/tmp/lib-libStGermainDiscretisationShape.a/libStGermainDiscretisationShape.a.
/Applications/Xcode.app/Contents/Developer/Toolchains/XcodeDefault.xctoolchain/usr/bin/ranlib: file: /Users/haolu/Software/snac/snac-1/build/tmp/lib-libStGermainDiscretisationShape.a/libStGermainDiscretisationShape.a.(PythonShape.o) has no symbols
Install name: -install_name /Users/haolu/Software/snac/snac-1/build/lib/libStGermainDiscretisationShape.dylib
mpicc-mpich-mp -pipe  -DVERSION=\"0\" -DCURR_MODULE_NAME=\"StGermainDiscretisationShape\" -Wall -g    -o /Users/haolu/Software/snac/snac-1/build/tmp/lib-libStGermainDiscretisationShape.dylib/libStGermainDiscretisationShape.dylib. -dynamiclib -flat_namespace -undefined suppress -single_module  /Users/haolu/Software/snac/snac-1/build/tmp/lib-libStGermainDiscretisationShape/BelowCosinePlane.o /Users/haolu/Software/snac/snac-1/build/tmp/lib-libStGermainDiscretisationShape/BelowPlane.o /Users/haolu/Software/snac/snac-1/build/tmp/lib-libStGermainDiscretisationShape/Box.o /Users/haolu/Software/snac/snac-1/build/tmp/lib-libStGermainDiscretisationShape/ConvexHull.o /Users/haolu/Software/snac/snac-1/build/tmp/lib-libStGermainDiscretisationShape/Cylinder.o /Users/haolu/Software/snac/snac-1/build/tmp/lib-libStGermainDiscretisationShape/Everywhere.o /Users/haolu/Software/snac/snac-1/build/tmp/lib-libStGermainDiscretisationShape/Finalise.o /Users/haolu/Software/snac/snac-1/build/tmp/lib-libStGermainDiscretisationShape/Init.o /Users/haolu/Software/snac/snac-1/build/tmp/lib-libStGermainDiscretisationShape/Intersection.o /Users/haolu/Software/snac/snac-1/build/tmp/lib-libStGermainDiscretisationShape/PolygonShape.o /Users/haolu/Software/snac/snac-1/build/tmp/lib-libStGermainDiscretisationShape/PythonShape.o /Users/haolu/Software/snac/snac-1/build/tmp/lib-libStGermainDiscretisationShape/ShapeClass.o /Users/haolu/Software/snac/snac-1/build/tmp/lib-libStGermainDiscretisationShape/Sphere.o /Users/haolu/Software/snac/snac-1/build/tmp/lib-libStGermainDiscretisationShape/Superellipsoid.o /Users/haolu/Software/snac/snac-1/build/tmp/lib-libStGermainDiscretisationShape/Union.o /Users/haolu/Software/snac/snac-1/build/tmp/lib-libStGermainDiscretisationShape/BelowCosinePlane-meta.o /Users/haolu/Software/snac/snac-1/build/tmp/lib-libStGermainDiscretisationShape/BelowPlane-meta.o /Users/haolu/Software/snac/snac-1/build/tmp/lib-libStGermainDiscretisationShape/Box-meta.o /Users/haolu/Software/snac/snac-1/build/tmp/lib-libStGermainDiscretisationShape/ConvexHull-meta.o /Users/haolu/Software/snac/snac-1/build/tmp/lib-libStGermainDiscretisationShape/Cylinder-meta.o /Users/haolu/Software/snac/snac-1/build/tmp/lib-libStGermainDiscretisationShape/Everywhere-meta.o /Users/haolu/Software/snac/snac-1/build/tmp/lib-libStGermainDiscretisationShape/Intersection-meta.o /Users/haolu/Software/snac/snac-1/build/tmp/lib-libStGermainDiscretisationShape/PolygonShape-meta.o /Users/haolu/Software/snac/snac-1/build/tmp/lib-libStGermainDiscretisationShape/PythonShape-meta.o /Users/haolu/Software/snac/snac-1/build/tmp/lib-libStGermainDiscretisationShape/ShapeClass-meta.o /Users/haolu/Software/snac/snac-1/build/tmp/lib-libStGermainDiscretisationShape/Sphere-meta.o /Users/haolu/Software/snac/snac-1/build/tmp/lib-libStGermainDiscretisationShape/Superellipsoid-meta.o /Users/haolu/Software/snac/snac-1/build/tmp/lib-libStGermainDiscretisationShape/Union-meta.o  -L/Users/haolu/Software/snac/snac-1/build/lib   -L/Users/haolu/Software/snac/snac-1/build/lib -lStGermainBase -lStGermainDiscretisationGeometry  -L/Users/haolu/Software/snac/snac-1/build/lib -lmpich -L/opt/passcal/other/lib/mpich-mp -lmpich  -L/sw/lib    -L/opt/passcal/other/lib -lxml2 -lz -lpthread -liconv -lm          -install_name /Users/haolu/Software/snac/snac-1/build/lib/libStGermainDiscretisationShape.dylib
ld: warning: directory not found for option '-L/sw/lib'
rm BelowCosinePlane-meta.c PolygonShape-meta.c Everywhere-meta.c Intersection-meta.c BelowPlane-meta.c Cylinder-meta.c Box-meta.c Union-meta.c ConvexHull-meta.c ShapeClass-meta.c Superellipsoid-meta.c Sphere-meta.c PythonShape-meta.c
mpicc-mpich-mp -pipe  -DVERSION=\"0\" -Wall -g  -DCURR_MODULE_NAME=\"libStGermain_DiscretisationShape\"  -o /Users/haolu/Software/snac/snac-1/build/tests/testShape  -I/Users/haolu/Software/snac/snac-1/build/include   -I/Users/haolu/Software/snac/snac-1/build/include/StGermain  -I/opt/passcal/other/include/mpich-mp   -I/opt/passcal/other/include/libxml2     -I/include    testShape.c   -L/Users/haolu/Software/snac/snac-1/build/lib   -L/Users/haolu/Software/snac/snac-1/build/lib -lStGermainDiscretisationShape -lStGermainDiscretisationGeometry -lStGermainBase   -L/Users/haolu/Software/snac/snac-1/build/lib -lmpich -L/opt/passcal/other/lib/mpich-mp -lmpich  -L/sw/lib    -L/opt/passcal/other/lib -lxml2 -lz -lpthread -liconv -lm   -lm -lmx   -L/lib -ldl               
ld: warning: directory not found for option '-L/sw/lib'
ld: warning: directory not found for option '-L/lib'
mpicc-mpich-mp -pipe  -DVERSION=\"0\" -DCURR_MODULE_NAME=\"StGermainDiscretisationMesh\" -Wall -g     -c -o /Users/haolu/Software/snac/snac-1/build/tmp/lib-libStGermainDiscretisationMesh/Grid.o -I/Users/haolu/Software/snac/snac-1/build/include   -I/Users/haolu/Software/snac/snac-1/build/include/StGermain -I/opt/passcal/other/include/mpich-mp -I/opt/passcal/other/include/libxml2   Grid.c
mpicc-mpich-mp -pipe  -DVERSION=\"0\" -DCURR_MODULE_NAME=\"StGermainDiscretisationMesh\" -Wall -g     -c -o /Users/haolu/Software/snac/snac-1/build/tmp/lib-libStGermainDiscretisationMesh/CommTopology.o -I/Users/haolu/Software/snac/snac-1/build/include   -I/Users/haolu/Software/snac/snac-1/build/include/StGermain -I/opt/passcal/other/include/mpich-mp -I/opt/passcal/other/include/libxml2   CommTopology.c
mpicc-mpich-mp -pipe  -DVERSION=\"0\" -DCURR_MODULE_NAME=\"StGermainDiscretisationMesh\" -Wall -g     -c -o /Users/haolu/Software/snac/snac-1/build/tmp/lib-libStGermainDiscretisationMesh/Decomp.o -I/Users/haolu/Software/snac/snac-1/build/include   -I/Users/haolu/Software/snac/snac-1/build/include/StGermain -I/opt/passcal/other/include/mpich-mp -I/opt/passcal/other/include/libxml2   Decomp.c
mpicc-mpich-mp -pipe  -DVERSION=\"0\" -DCURR_MODULE_NAME=\"StGermainDiscretisationMesh\" -Wall -g     -c -o /Users/haolu/Software/snac/snac-1/build/tmp/lib-libStGermainDiscretisationMesh/Decomp_Sync.o -I/Users/haolu/Software/snac/snac-1/build/include   -I/Users/haolu/Software/snac/snac-1/build/include/StGermain -I/opt/passcal/other/include/mpich-mp -I/opt/passcal/other/include/libxml2   Decomp_Sync.c
mpicc-mpich-mp -pipe  -DVERSION=\"0\" -DCURR_MODULE_NAME=\"StGermainDiscretisationMesh\" -Wall -g     -c -o /Users/haolu/Software/snac/snac-1/build/tmp/lib-libStGermainDiscretisationMesh/Decomp_Sync_Claim.o -I/Users/haolu/Software/snac/snac-1/build/include   -I/Users/haolu/Software/snac/snac-1/build/include/StGermain -I/opt/passcal/other/include/mpich-mp -I/opt/passcal/other/include/libxml2   Decomp_Sync_Claim.c
mpicc-mpich-mp -pipe  -DVERSION=\"0\" -DCURR_MODULE_NAME=\"StGermainDiscretisationMesh\" -Wall -g     -c -o /Users/haolu/Software/snac/snac-1/build/tmp/lib-libStGermainDiscretisationMesh/Decomp_Sync_Negotiate.o -I/Users/haolu/Software/snac/snac-1/build/include   -I/Users/haolu/Software/snac/snac-1/build/include/StGermain -I/opt/passcal/other/include/mpich-mp -I/opt/passcal/other/include/libxml2   Decomp_Sync_Negotiate.c
mpicc-mpich-mp -pipe  -DVERSION=\"0\" -DCURR_MODULE_NAME=\"StGermainDiscretisationMesh\" -Wall -g     -c -o /Users/haolu/Software/snac/snac-1/build/tmp/lib-libStGermainDiscretisationMesh/DecompTransfer.o -I/Users/haolu/Software/snac/snac-1/build/include   -I/Users/haolu/Software/snac/snac-1/build/include/StGermain -I/opt/passcal/other/include/mpich-mp -I/opt/passcal/other/include/libxml2   DecompTransfer.c
mpicc-mpich-mp -pipe  -DVERSION=\"0\" -DCURR_MODULE_NAME=\"StGermainDiscretisationMesh\" -Wall -g     -c -o /Users/haolu/Software/snac/snac-1/build/tmp/lib-libStGermainDiscretisationMesh/MeshTopology.o -I/Users/haolu/Software/snac/snac-1/build/include   -I/Users/haolu/Software/snac/snac-1/build/include/StGermain -I/opt/passcal/other/include/mpich-mp -I/opt/passcal/other/include/libxml2   MeshTopology.c
mpicc-mpich-mp -pipe  -DVERSION=\"0\" -DCURR_MODULE_NAME=\"StGermainDiscretisationMesh\" -Wall -g     -c -o /Users/haolu/Software/snac/snac-1/build/tmp/lib-libStGermainDiscretisationMesh/MeshGenerator.o -I/Users/haolu/Software/snac/snac-1/build/include   -I/Users/haolu/Software/snac/snac-1/build/include/StGermain -I/opt/passcal/other/include/mpich-mp -I/opt/passcal/other/include/libxml2   MeshGenerator.c
mpicc-mpich-mp -pipe  -DVERSION=\"0\" -DCURR_MODULE_NAME=\"StGermainDiscretisationMesh\" -Wall -g     -c -o /Users/haolu/Software/snac/snac-1/build/tmp/lib-libStGermainDiscretisationMesh/CartesianGenerator.o -I/Users/haolu/Software/snac/snac-1/build/include   -I/Users/haolu/Software/snac/snac-1/build/include/StGermain -I/opt/passcal/other/include/mpich-mp -I/opt/passcal/other/include/libxml2   CartesianGenerator.c
mpicc-mpich-mp -pipe  -DVERSION=\"0\" -DCURR_MODULE_NAME=\"StGermainDiscretisationMesh\" -Wall -g     -c -o /Users/haolu/Software/snac/snac-1/build/tmp/lib-libStGermainDiscretisationMesh/MeshAdaptor.o -I/Users/haolu/Software/snac/snac-1/build/include   -I/Users/haolu/Software/snac/snac-1/build/include/StGermain -I/opt/passcal/other/include/mpich-mp -I/opt/passcal/other/include/libxml2   MeshAdaptor.c
mpicc-mpich-mp -pipe  -DVERSION=\"0\" -DCURR_MODULE_NAME=\"StGermainDiscretisationMesh\" -Wall -g     -c -o /Users/haolu/Software/snac/snac-1/build/tmp/lib-libStGermainDiscretisationMesh/SurfaceAdaptor.o -I/Users/haolu/Software/snac/snac-1/build/include   -I/Users/haolu/Software/snac/snac-1/build/include/StGermain -I/opt/passcal/other/include/mpich-mp -I/opt/passcal/other/include/libxml2   SurfaceAdaptor.c
mpicc-mpich-mp -pipe  -DVERSION=\"0\" -DCURR_MODULE_NAME=\"StGermainDiscretisationMesh\" -Wall -g     -c -o /Users/haolu/Software/snac/snac-1/build/tmp/lib-libStGermainDiscretisationMesh/MeshDecomp.o -I/Users/haolu/Software/snac/snac-1/build/include   -I/Users/haolu/Software/snac/snac-1/build/include/StGermain -I/opt/passcal/other/include/mpich-mp -I/opt/passcal/other/include/libxml2   MeshDecomp.c
mpicc-mpich-mp -pipe  -DVERSION=\"0\" -DCURR_MODULE_NAME=\"StGermainDiscretisationMesh\" -Wall -g     -c -o /Users/haolu/Software/snac/snac-1/build/tmp/lib-libStGermainDiscretisationMesh/ElementLayout.o -I/Users/haolu/Software/snac/snac-1/build/include   -I/Users/haolu/Software/snac/snac-1/build/include/StGermain -I/opt/passcal/other/include/mpich-mp -I/opt/passcal/other/include/libxml2   ElementLayout.c
mpicc-mpich-mp -pipe  -DVERSION=\"0\" -DCURR_MODULE_NAME=\"StGermainDiscretisationMesh\" -Wall -g     -c -o /Users/haolu/Software/snac/snac-1/build/tmp/lib-libStGermainDiscretisationMesh/HexaEL.o -I/Users/haolu/Software/snac/snac-1/build/include   -I/Users/haolu/Software/snac/snac-1/build/include/StGermain -I/opt/passcal/other/include/mpich-mp -I/opt/passcal/other/include/libxml2   HexaEL.c
HexaEL.c:866:16: warning: variable 'telInd' is used uninitialized whenever 'if' condition is false [-Wsometimes-uninitialized]
                                                else if( tri_i == 1 )
                                                         ^~~~~~~~~~
HexaEL.c:869:13: note: uninitialized use occurs here
                                        return telInd < decomp->nLocals;
                                               ^~~~~~
HexaEL.c:866:12: note: remove the 'if' if its condition is always true
                                                else if( tri_i == 1 )
                                                     ^~~~~~~~~~~~~~~~
HexaEL.c:847:20: note: initialize the variable 'telInd' to silence this warning
                                unsigned        telInd;
                                                      ^
                                                       = 0
1 warning generated.
mpicc-mpich-mp -pipe  -DVERSION=\"0\" -DCURR_MODULE_NAME=\"StGermainDiscretisationMesh\" -Wall -g     -c -o /Users/haolu/Software/snac/snac-1/build/tmp/lib-libStGermainDiscretisationMesh/ParallelPipedHexaEL.o -I/Users/haolu/Software/snac/snac-1/build/include   -I/Users/haolu/Software/snac/snac-1/build/include/StGermain -I/opt/passcal/other/include/mpich-mp -I/opt/passcal/other/include/libxml2   ParallelPipedHexaEL.c
mpicc-mpich-mp -pipe  -DVERSION=\"0\" -DCURR_MODULE_NAME=\"StGermainDiscretisationMesh\" -Wall -g     -c -o /Users/haolu/Software/snac/snac-1/build/tmp/lib-libStGermainDiscretisationMesh/IrregEL.o -I/Users/haolu/Software/snac/snac-1/build/include   -I/Users/haolu/Software/snac/snac-1/build/include/StGermain -I/opt/passcal/other/include/mpich-mp -I/opt/passcal/other/include/libxml2   IrregEL.c
mpicc-mpich-mp -pipe  -DVERSION=\"0\" -DCURR_MODULE_NAME=\"StGermainDiscretisationMesh\" -Wall -g     -c -o /Users/haolu/Software/snac/snac-1/build/tmp/lib-libStGermainDiscretisationMesh/NodeLayout.o -I/Users/haolu/Software/snac/snac-1/build/include   -I/Users/haolu/Software/snac/snac-1/build/include/StGermain -I/opt/passcal/other/include/mpich-mp -I/opt/passcal/other/include/libxml2   NodeLayout.c
mpicc-mpich-mp -pipe  -DVERSION=\"0\" -DCURR_MODULE_NAME=\"StGermainDiscretisationMesh\" -Wall -g     -c -o /Users/haolu/Software/snac/snac-1/build/tmp/lib-libStGermainDiscretisationMesh/CornerNL.o -I/Users/haolu/Software/snac/snac-1/build/include   -I/Users/haolu/Software/snac/snac-1/build/include/StGermain -I/opt/passcal/other/include/mpich-mp -I/opt/passcal/other/include/libxml2   CornerNL.c
mpicc-mpich-mp -pipe  -DVERSION=\"0\" -DCURR_MODULE_NAME=\"StGermainDiscretisationMesh\" -Wall -g     -c -o /Users/haolu/Software/snac/snac-1/build/tmp/lib-libStGermainDiscretisationMesh/BodyNL.o -I/Users/haolu/Software/snac/snac-1/build/include   -I/Users/haolu/Software/snac/snac-1/build/include/StGermain -I/opt/passcal/other/include/mpich-mp -I/opt/passcal/other/include/libxml2   BodyNL.c
mpicc-mpich-mp -pipe  -DVERSION=\"0\" -DCURR_MODULE_NAME=\"StGermainDiscretisationMesh\" -Wall -g     -c -o /Users/haolu/Software/snac/snac-1/build/tmp/lib-libStGermainDiscretisationMesh/HexaMD.o -I/Users/haolu/Software/snac/snac-1/build/include   -I/Users/haolu/Software/snac/snac-1/build/include/StGermain -I/opt/passcal/other/include/mpich-mp -I/opt/passcal/other/include/libxml2   HexaMD.c
HexaMD.c:1399:10: warning: passing 'int [3]' to parameter of type 'Index *' (aka 'unsigned int *') converts between pointers to integer types with different sign [-Wpointer-sign]
                        self, lowerStartShadowRegions, shadowRegionTotalWidth,
                              ^~~~~~~~~~~~~~~~~~~~~~~
./HexaMD.h:223:19: note: passing argument to parameter 'outerBlockMin' here
                IJK             outerBlockMin,
                                ^
HexaMD.c:1449:10: warning: passing 'int [3]' to parameter of type 'Index *' (aka 'unsigned int *') converts between pointers to integer types with different sign [-Wpointer-sign]
                        self, lowerStartShadowRegions, shadowRegionTotalWidth,
                              ^~~~~~~~~~~~~~~~~~~~~~~
./HexaMD.h:223:19: note: passing argument to parameter 'outerBlockMin' here
                IJK             outerBlockMin,
                                ^
2 warnings generated.
mpicc-mpich-mp -pipe  -DVERSION=\"0\" -DCURR_MODULE_NAME=\"StGermainDiscretisationMesh\" -Wall -g     -c -o /Users/haolu/Software/snac/snac-1/build/tmp/lib-libStGermainDiscretisationMesh/DummyMD.o -I/Users/haolu/Software/snac/snac-1/build/include   -I/Users/haolu/Software/snac/snac-1/build/include/StGermain -I/opt/passcal/other/include/mpich-mp -I/opt/passcal/other/include/libxml2   DummyMD.c
mpicc-mpich-mp -pipe  -DVERSION=\"0\" -DCURR_MODULE_NAME=\"StGermainDiscretisationMesh\" -Wall -g     -c -o /Users/haolu/Software/snac/snac-1/build/tmp/lib-libStGermainDiscretisationMesh/MeshGeometry.o -I/Users/haolu/Software/snac/snac-1/build/include   -I/Users/haolu/Software/snac/snac-1/build/include/StGermain -I/opt/passcal/other/include/mpich-mp -I/opt/passcal/other/include/libxml2   MeshGeometry.c
mpicc-mpich-mp -pipe  -DVERSION=\"0\" -DCURR_MODULE_NAME=\"StGermainDiscretisationMesh\" -Wall -g     -c -o /Users/haolu/Software/snac/snac-1/build/tmp/lib-libStGermainDiscretisationMesh/MeshLayout.o -I/Users/haolu/Software/snac/snac-1/build/include   -I/Users/haolu/Software/snac/snac-1/build/include/StGermain -I/opt/passcal/other/include/mpich-mp -I/opt/passcal/other/include/libxml2   MeshLayout.c
mpicc-mpich-mp -pipe  -DVERSION=\"0\" -DCURR_MODULE_NAME=\"StGermainDiscretisationMesh\" -Wall -g     -c -o /Users/haolu/Software/snac/snac-1/build/tmp/lib-libStGermainDiscretisationMesh/MeshClass.o -I/Users/haolu/Software/snac/snac-1/build/include   -I/Users/haolu/Software/snac/snac-1/build/include/StGermain -I/opt/passcal/other/include/mpich-mp -I/opt/passcal/other/include/libxml2   MeshClass.c
mpicc-mpich-mp -pipe  -DVERSION=\"0\" -DCURR_MODULE_NAME=\"StGermainDiscretisationMesh\" -Wall -g     -c -o /Users/haolu/Software/snac/snac-1/build/tmp/lib-libStGermainDiscretisationMesh/Init.o -I/Users/haolu/Software/snac/snac-1/build/include   -I/Users/haolu/Software/snac/snac-1/build/include/StGermain -I/opt/passcal/other/include/mpich-mp -I/opt/passcal/other/include/libxml2   Init.c
mpicc-mpich-mp -pipe  -DVERSION=\"0\" -DCURR_MODULE_NAME=\"StGermainDiscretisationMesh\" -Wall -g     -c -o /Users/haolu/Software/snac/snac-1/build/tmp/lib-libStGermainDiscretisationMesh/Finalise.o -I/Users/haolu/Software/snac/snac-1/build/include   -I/Users/haolu/Software/snac/snac-1/build/include/StGermain -I/opt/passcal/other/include/mpich-mp -I/opt/passcal/other/include/libxml2   Finalise.c
Creating metadata BodyNL-meta.c from BodyNL.meta
mpicc-mpich-mp -pipe  -DVERSION=\"0\" -DCURR_MODULE_NAME=\"StGermainDiscretisationMesh\" -Wall -g     -c -o /Users/haolu/Software/snac/snac-1/build/tmp/lib-libStGermainDiscretisationMesh/BodyNL-meta.o -I/Users/haolu/Software/snac/snac-1/build/include   -I/Users/haolu/Software/snac/snac-1/build/include/StGermain -I/opt/passcal/other/include/mpich-mp -I/opt/passcal/other/include/libxml2   BodyNL-meta.c
Creating metadata CartesianGenerator-meta.c from CartesianGenerator.meta
mpicc-mpich-mp -pipe  -DVERSION=\"0\" -DCURR_MODULE_NAME=\"StGermainDiscretisationMesh\" -Wall -g     -c -o /Users/haolu/Software/snac/snac-1/build/tmp/lib-libStGermainDiscretisationMesh/CartesianGenerator-meta.o -I/Users/haolu/Software/snac/snac-1/build/include   -I/Users/haolu/Software/snac/snac-1/build/include/StGermain -I/opt/passcal/other/include/mpich-mp -I/opt/passcal/other/include/libxml2   CartesianGenerator-meta.c
Creating metadata CommTopology-meta.c from CommTopology.meta
mpicc-mpich-mp -pipe  -DVERSION=\"0\" -DCURR_MODULE_NAME=\"StGermainDiscretisationMesh\" -Wall -g     -c -o /Users/haolu/Software/snac/snac-1/build/tmp/lib-libStGermainDiscretisationMesh/CommTopology-meta.o -I/Users/haolu/Software/snac/snac-1/build/include   -I/Users/haolu/Software/snac/snac-1/build/include/StGermain -I/opt/passcal/other/include/mpich-mp -I/opt/passcal/other/include/libxml2   CommTopology-meta.c
Creating metadata CornerNL-meta.c from CornerNL.meta
mpicc-mpich-mp -pipe  -DVERSION=\"0\" -DCURR_MODULE_NAME=\"StGermainDiscretisationMesh\" -Wall -g     -c -o /Users/haolu/Software/snac/snac-1/build/tmp/lib-libStGermainDiscretisationMesh/CornerNL-meta.o -I/Users/haolu/Software/snac/snac-1/build/include   -I/Users/haolu/Software/snac/snac-1/build/include/StGermain -I/opt/passcal/other/include/mpich-mp -I/opt/passcal/other/include/libxml2   CornerNL-meta.c
Creating metadata Decomp-meta.c from Decomp.meta
mpicc-mpich-mp -pipe  -DVERSION=\"0\" -DCURR_MODULE_NAME=\"StGermainDiscretisationMesh\" -Wall -g     -c -o /Users/haolu/Software/snac/snac-1/build/tmp/lib-libStGermainDiscretisationMesh/Decomp-meta.o -I/Users/haolu/Software/snac/snac-1/build/include   -I/Users/haolu/Software/snac/snac-1/build/include/StGermain -I/opt/passcal/other/include/mpich-mp -I/opt/passcal/other/include/libxml2   Decomp-meta.c
Creating metadata DecompTransfer-meta.c from DecompTransfer.meta
mpicc-mpich-mp -pipe  -DVERSION=\"0\" -DCURR_MODULE_NAME=\"StGermainDiscretisationMesh\" -Wall -g     -c -o /Users/haolu/Software/snac/snac-1/build/tmp/lib-libStGermainDiscretisationMesh/DecompTransfer-meta.o -I/Users/haolu/Software/snac/snac-1/build/include   -I/Users/haolu/Software/snac/snac-1/build/include/StGermain -I/opt/passcal/other/include/mpich-mp -I/opt/passcal/other/include/libxml2   DecompTransfer-meta.c
Creating metadata Decomp_Sync-meta.c from Decomp_Sync.meta
mpicc-mpich-mp -pipe  -DVERSION=\"0\" -DCURR_MODULE_NAME=\"StGermainDiscretisationMesh\" -Wall -g     -c -o /Users/haolu/Software/snac/snac-1/build/tmp/lib-libStGermainDiscretisationMesh/Decomp_Sync-meta.o -I/Users/haolu/Software/snac/snac-1/build/include   -I/Users/haolu/Software/snac/snac-1/build/include/StGermain -I/opt/passcal/other/include/mpich-mp -I/opt/passcal/other/include/libxml2   Decomp_Sync-meta.c
Creating metadata Decomp_Sync_Claim-meta.c from Decomp_Sync_Claim.meta
mpicc-mpich-mp -pipe  -DVERSION=\"0\" -DCURR_MODULE_NAME=\"StGermainDiscretisationMesh\" -Wall -g     -c -o /Users/haolu/Software/snac/snac-1/build/tmp/lib-libStGermainDiscretisationMesh/Decomp_Sync_Claim-meta.o -I/Users/haolu/Software/snac/snac-1/build/include   -I/Users/haolu/Software/snac/snac-1/build/include/StGermain -I/opt/passcal/other/include/mpich-mp -I/opt/passcal/other/include/libxml2   Decomp_Sync_Claim-meta.c
Creating metadata Decomp_Sync_Negotiate-meta.c from Decomp_Sync_Negotiate.meta
mpicc-mpich-mp -pipe  -DVERSION=\"0\" -DCURR_MODULE_NAME=\"StGermainDiscretisationMesh\" -Wall -g     -c -o /Users/haolu/Software/snac/snac-1/build/tmp/lib-libStGermainDiscretisationMesh/Decomp_Sync_Negotiate-meta.o -I/Users/haolu/Software/snac/snac-1/build/include   -I/Users/haolu/Software/snac/snac-1/build/include/StGermain -I/opt/passcal/other/include/mpich-mp -I/opt/passcal/other/include/libxml2   Decomp_Sync_Negotiate-meta.c
Creating metadata DummyMD-meta.c from DummyMD.meta
mpicc-mpich-mp -pipe  -DVERSION=\"0\" -DCURR_MODULE_NAME=\"StGermainDiscretisationMesh\" -Wall -g     -c -o /Users/haolu/Software/snac/snac-1/build/tmp/lib-libStGermainDiscretisationMesh/DummyMD-meta.o -I/Users/haolu/Software/snac/snac-1/build/include   -I/Users/haolu/Software/snac/snac-1/build/include/StGermain -I/opt/passcal/other/include/mpich-mp -I/opt/passcal/other/include/libxml2   DummyMD-meta.c
Creating metadata ElementLayout-meta.c from ElementLayout.meta
mpicc-mpich-mp -pipe  -DVERSION=\"0\" -DCURR_MODULE_NAME=\"StGermainDiscretisationMesh\" -Wall -g     -c -o /Users/haolu/Software/snac/snac-1/build/tmp/lib-libStGermainDiscretisationMesh/ElementLayout-meta.o -I/Users/haolu/Software/snac/snac-1/build/include   -I/Users/haolu/Software/snac/snac-1/build/include/StGermain -I/opt/passcal/other/include/mpich-mp -I/opt/passcal/other/include/libxml2   ElementLayout-meta.c
Creating metadata Grid-meta.c from Grid.meta
mpicc-mpich-mp -pipe  -DVERSION=\"0\" -DCURR_MODULE_NAME=\"StGermainDiscretisationMesh\" -Wall -g     -c -o /Users/haolu/Software/snac/snac-1/build/tmp/lib-libStGermainDiscretisationMesh/Grid-meta.o -I/Users/haolu/Software/snac/snac-1/build/include   -I/Users/haolu/Software/snac/snac-1/build/include/StGermain -I/opt/passcal/other/include/mpich-mp -I/opt/passcal/other/include/libxml2   Grid-meta.c
Creating metadata HMesh-meta.c from HMesh.meta
mpicc-mpich-mp -pipe  -DVERSION=\"0\" -DCURR_MODULE_NAME=\"StGermainDiscretisationMesh\" -Wall -g     -c -o /Users/haolu/Software/snac/snac-1/build/tmp/lib-libStGermainDiscretisationMesh/HMesh-meta.o -I/Users/haolu/Software/snac/snac-1/build/include   -I/Users/haolu/Software/snac/snac-1/build/include/StGermain -I/opt/passcal/other/include/mpich-mp -I/opt/passcal/other/include/libxml2   HMesh-meta.c
Creating metadata HexaEL-meta.c from HexaEL.meta
mpicc-mpich-mp -pipe  -DVERSION=\"0\" -DCURR_MODULE_NAME=\"StGermainDiscretisationMesh\" -Wall -g     -c -o /Users/haolu/Software/snac/snac-1/build/tmp/lib-libStGermainDiscretisationMesh/HexaEL-meta.o -I/Users/haolu/Software/snac/snac-1/build/include   -I/Users/haolu/Software/snac/snac-1/build/include/StGermain -I/opt/passcal/other/include/mpich-mp -I/opt/passcal/other/include/libxml2   HexaEL-meta.c
Creating metadata HexaMD-meta.c from HexaMD.meta
mpicc-mpich-mp -pipe  -DVERSION=\"0\" -DCURR_MODULE_NAME=\"StGermainDiscretisationMesh\" -Wall -g     -c -o /Users/haolu/Software/snac/snac-1/build/tmp/lib-libStGermainDiscretisationMesh/HexaMD-meta.o -I/Users/haolu/Software/snac/snac-1/build/include   -I/Users/haolu/Software/snac/snac-1/build/include/StGermain -I/opt/passcal/other/include/mpich-mp -I/opt/passcal/other/include/libxml2   HexaMD-meta.c
Creating metadata IrregEL-meta.c from IrregEL.meta
mpicc-mpich-mp -pipe  -DVERSION=\"0\" -DCURR_MODULE_NAME=\"StGermainDiscretisationMesh\" -Wall -g     -c -o /Users/haolu/Software/snac/snac-1/build/tmp/lib-libStGermainDiscretisationMesh/IrregEL-meta.o -I/Users/haolu/Software/snac/snac-1/build/include   -I/Users/haolu/Software/snac/snac-1/build/include/StGermain -I/opt/passcal/other/include/mpich-mp -I/opt/passcal/other/include/libxml2   IrregEL-meta.c
Creating metadata MeshAdaptor-meta.c from MeshAdaptor.meta
mpicc-mpich-mp -pipe  -DVERSION=\"0\" -DCURR_MODULE_NAME=\"StGermainDiscretisationMesh\" -Wall -g     -c -o /Users/haolu/Software/snac/snac-1/build/tmp/lib-libStGermainDiscretisationMesh/MeshAdaptor-meta.o -I/Users/haolu/Software/snac/snac-1/build/include   -I/Users/haolu/Software/snac/snac-1/build/include/StGermain -I/opt/passcal/other/include/mpich-mp -I/opt/passcal/other/include/libxml2   MeshAdaptor-meta.c
Creating metadata MeshClass-meta.c from MeshClass.meta
mpicc-mpich-mp -pipe  -DVERSION=\"0\" -DCURR_MODULE_NAME=\"StGermainDiscretisationMesh\" -Wall -g     -c -o /Users/haolu/Software/snac/snac-1/build/tmp/lib-libStGermainDiscretisationMesh/MeshClass-meta.o -I/Users/haolu/Software/snac/snac-1/build/include   -I/Users/haolu/Software/snac/snac-1/build/include/StGermain -I/opt/passcal/other/include/mpich-mp -I/opt/passcal/other/include/libxml2   MeshClass-meta.c
Creating metadata MeshDecomp-meta.c from MeshDecomp.meta
mpicc-mpich-mp -pipe  -DVERSION=\"0\" -DCURR_MODULE_NAME=\"StGermainDiscretisationMesh\" -Wall -g     -c -o /Users/haolu/Software/snac/snac-1/build/tmp/lib-libStGermainDiscretisationMesh/MeshDecomp-meta.o -I/Users/haolu/Software/snac/snac-1/build/include   -I/Users/haolu/Software/snac/snac-1/build/include/StGermain -I/opt/passcal/other/include/mpich-mp -I/opt/passcal/other/include/libxml2   MeshDecomp-meta.c
Creating metadata MeshGenerator-meta.c from MeshGenerator.meta
mpicc-mpich-mp -pipe  -DVERSION=\"0\" -DCURR_MODULE_NAME=\"StGermainDiscretisationMesh\" -Wall -g     -c -o /Users/haolu/Software/snac/snac-1/build/tmp/lib-libStGermainDiscretisationMesh/MeshGenerator-meta.o -I/Users/haolu/Software/snac/snac-1/build/include   -I/Users/haolu/Software/snac/snac-1/build/include/StGermain -I/opt/passcal/other/include/mpich-mp -I/opt/passcal/other/include/libxml2   MeshGenerator-meta.c
Creating metadata MeshGeometry-meta.c from MeshGeometry.meta
mpicc-mpich-mp -pipe  -DVERSION=\"0\" -DCURR_MODULE_NAME=\"StGermainDiscretisationMesh\" -Wall -g     -c -o /Users/haolu/Software/snac/snac-1/build/tmp/lib-libStGermainDiscretisationMesh/MeshGeometry-meta.o -I/Users/haolu/Software/snac/snac-1/build/include   -I/Users/haolu/Software/snac/snac-1/build/include/StGermain -I/opt/passcal/other/include/mpich-mp -I/opt/passcal/other/include/libxml2   MeshGeometry-meta.c
Creating metadata MeshLayout-meta.c from MeshLayout.meta
mpicc-mpich-mp -pipe  -DVERSION=\"0\" -DCURR_MODULE_NAME=\"StGermainDiscretisationMesh\" -Wall -g     -c -o /Users/haolu/Software/snac/snac-1/build/tmp/lib-libStGermainDiscretisationMesh/MeshLayout-meta.o -I/Users/haolu/Software/snac/snac-1/build/include   -I/Users/haolu/Software/snac/snac-1/build/include/StGermain -I/opt/passcal/other/include/mpich-mp -I/opt/passcal/other/include/libxml2   MeshLayout-meta.c
Creating metadata MeshTopology-meta.c from MeshTopology.meta
mpicc-mpich-mp -pipe  -DVERSION=\"0\" -DCURR_MODULE_NAME=\"StGermainDiscretisationMesh\" -Wall -g     -c -o /Users/haolu/Software/snac/snac-1/build/tmp/lib-libStGermainDiscretisationMesh/MeshTopology-meta.o -I/Users/haolu/Software/snac/snac-1/build/include   -I/Users/haolu/Software/snac/snac-1/build/include/StGermain -I/opt/passcal/other/include/mpich-mp -I/opt/passcal/other/include/libxml2   MeshTopology-meta.c
Creating metadata NodeLayout-meta.c from NodeLayout.meta
mpicc-mpich-mp -pipe  -DVERSION=\"0\" -DCURR_MODULE_NAME=\"StGermainDiscretisationMesh\" -Wall -g     -c -o /Users/haolu/Software/snac/snac-1/build/tmp/lib-libStGermainDiscretisationMesh/NodeLayout-meta.o -I/Users/haolu/Software/snac/snac-1/build/include   -I/Users/haolu/Software/snac/snac-1/build/include/StGermain -I/opt/passcal/other/include/mpich-mp -I/opt/passcal/other/include/libxml2   NodeLayout-meta.c
Creating metadata ParallelPipedHexaEL-meta.c from ParallelPipedHexaEL.meta
mpicc-mpich-mp -pipe  -DVERSION=\"0\" -DCURR_MODULE_NAME=\"StGermainDiscretisationMesh\" -Wall -g     -c -o /Users/haolu/Software/snac/snac-1/build/tmp/lib-libStGermainDiscretisationMesh/ParallelPipedHexaEL-meta.o -I/Users/haolu/Software/snac/snac-1/build/include   -I/Users/haolu/Software/snac/snac-1/build/include/StGermain -I/opt/passcal/other/include/mpich-mp -I/opt/passcal/other/include/libxml2   ParallelPipedHexaEL-meta.c
Creating metadata StencilMD-meta.c from StencilMD.meta
mpicc-mpich-mp -pipe  -DVERSION=\"0\" -DCURR_MODULE_NAME=\"StGermainDiscretisationMesh\" -Wall -g     -c -o /Users/haolu/Software/snac/snac-1/build/tmp/lib-libStGermainDiscretisationMesh/StencilMD-meta.o -I/Users/haolu/Software/snac/snac-1/build/include   -I/Users/haolu/Software/snac/snac-1/build/include/StGermain -I/opt/passcal/other/include/mpich-mp -I/opt/passcal/other/include/libxml2   StencilMD-meta.c
Creating metadata SurfaceAdaptor-meta.c from SurfaceAdaptor.meta
mpicc-mpich-mp -pipe  -DVERSION=\"0\" -DCURR_MODULE_NAME=\"StGermainDiscretisationMesh\" -Wall -g     -c -o /Users/haolu/Software/snac/snac-1/build/tmp/lib-libStGermainDiscretisationMesh/SurfaceAdaptor-meta.o -I/Users/haolu/Software/snac/snac-1/build/include   -I/Users/haolu/Software/snac/snac-1/build/include/StGermain -I/opt/passcal/other/include/mpich-mp -I/opt/passcal/other/include/libxml2   SurfaceAdaptor-meta.c
ar -cru /Users/haolu/Software/snac/snac-1/build/tmp/lib-libStGermainDiscretisationMesh.a/libStGermainDiscretisationMesh.a. /Users/haolu/Software/snac/snac-1/build/tmp/lib-libStGermainDiscretisationMesh/Grid.o /Users/haolu/Software/snac/snac-1/build/tmp/lib-libStGermainDiscretisationMesh/CommTopology.o /Users/haolu/Software/snac/snac-1/build/tmp/lib-libStGermainDiscretisationMesh/Decomp.o /Users/haolu/Software/snac/snac-1/build/tmp/lib-libStGermainDiscretisationMesh/Decomp_Sync.o /Users/haolu/Software/snac/snac-1/build/tmp/lib-libStGermainDiscretisationMesh/Decomp_Sync_Claim.o /Users/haolu/Software/snac/snac-1/build/tmp/lib-libStGermainDiscretisationMesh/Decomp_Sync_Negotiate.o /Users/haolu/Software/snac/snac-1/build/tmp/lib-libStGermainDiscretisationMesh/DecompTransfer.o /Users/haolu/Software/snac/snac-1/build/tmp/lib-libStGermainDiscretisationMesh/MeshTopology.o /Users/haolu/Software/snac/snac-1/build/tmp/lib-libStGermainDiscretisationMesh/MeshGenerator.o /Users/haolu/Software/snac/snac-1/build/tmp/lib-libStGermainDiscretisationMesh/CartesianGenerator.o /Users/haolu/Software/snac/snac-1/build/tmp/lib-libStGermainDiscretisationMesh/MeshAdaptor.o /Users/haolu/Software/snac/snac-1/build/tmp/lib-libStGermainDiscretisationMesh/SurfaceAdaptor.o /Users/haolu/Software/snac/snac-1/build/tmp/lib-libStGermainDiscretisationMesh/MeshDecomp.o /Users/haolu/Software/snac/snac-1/build/tmp/lib-libStGermainDiscretisationMesh/ElementLayout.o /Users/haolu/Software/snac/snac-1/build/tmp/lib-libStGermainDiscretisationMesh/HexaEL.o /Users/haolu/Software/snac/snac-1/build/tmp/lib-libStGermainDiscretisationMesh/ParallelPipedHexaEL.o /Users/haolu/Software/snac/snac-1/build/tmp/lib-libStGermainDiscretisationMesh/IrregEL.o /Users/haolu/Software/snac/snac-1/build/tmp/lib-libStGermainDiscretisationMesh/NodeLayout.o /Users/haolu/Software/snac/snac-1/build/tmp/lib-libStGermainDiscretisationMesh/CornerNL.o /Users/haolu/Software/snac/snac-1/build/tmp/lib-libStGermainDiscretisationMesh/BodyNL.o /Users/haolu/Software/snac/snac-1/build/tmp/lib-libStGermainDiscretisationMesh/HexaMD.o /Users/haolu/Software/snac/snac-1/build/tmp/lib-libStGermainDiscretisationMesh/DummyMD.o /Users/haolu/Software/snac/snac-1/build/tmp/lib-libStGermainDiscretisationMesh/MeshGeometry.o /Users/haolu/Software/snac/snac-1/build/tmp/lib-libStGermainDiscretisationMesh/MeshLayout.o /Users/haolu/Software/snac/snac-1/build/tmp/lib-libStGermainDiscretisationMesh/MeshClass.o /Users/haolu/Software/snac/snac-1/build/tmp/lib-libStGermainDiscretisationMesh/Init.o /Users/haolu/Software/snac/snac-1/build/tmp/lib-libStGermainDiscretisationMesh/Finalise.o /Users/haolu/Software/snac/snac-1/build/tmp/lib-libStGermainDiscretisationMesh/BodyNL-meta.o /Users/haolu/Software/snac/snac-1/build/tmp/lib-libStGermainDiscretisationMesh/CartesianGenerator-meta.o /Users/haolu/Software/snac/snac-1/build/tmp/lib-libStGermainDiscretisationMesh/CommTopology-meta.o /Users/haolu/Software/snac/snac-1/build/tmp/lib-libStGermainDiscretisationMesh/CornerNL-meta.o /Users/haolu/Software/snac/snac-1/build/tmp/lib-libStGermainDiscretisationMesh/Decomp-meta.o /Users/haolu/Software/snac/snac-1/build/tmp/lib-libStGermainDiscretisationMesh/DecompTransfer-meta.o /Users/haolu/Software/snac/snac-1/build/tmp/lib-libStGermainDiscretisationMesh/Decomp_Sync-meta.o /Users/haolu/Software/snac/snac-1/build/tmp/lib-libStGermainDiscretisationMesh/Decomp_Sync_Claim-meta.o /Users/haolu/Software/snac/snac-1/build/tmp/lib-libStGermainDiscretisationMesh/Decomp_Sync_Negotiate-meta.o /Users/haolu/Software/snac/snac-1/build/tmp/lib-libStGermainDiscretisationMesh/DummyMD-meta.o /Users/haolu/Software/snac/snac-1/build/tmp/lib-libStGermainDiscretisationMesh/ElementLayout-meta.o /Users/haolu/Software/snac/snac-1/build/tmp/lib-libStGermainDiscretisationMesh/Grid-meta.o /Users/haolu/Software/snac/snac-1/build/tmp/lib-libStGermainDiscretisationMesh/HMesh-meta.o /Users/haolu/Software/snac/snac-1/build/tmp/lib-libStGermainDiscretisationMesh/HexaEL-meta.o /Users/haolu/Software/snac/snac-1/build/tmp/lib-libStGermainDiscretisationMesh/HexaMD-meta.o /Users/haolu/Software/snac/snac-1/build/tmp/lib-libStGermainDiscretisationMesh/IrregEL-meta.o /Users/haolu/Software/snac/snac-1/build/tmp/lib-libStGermainDiscretisationMesh/MeshAdaptor-meta.o /Users/haolu/Software/snac/snac-1/build/tmp/lib-libStGermainDiscretisationMesh/MeshClass-meta.o /Users/haolu/Software/snac/snac-1/build/tmp/lib-libStGermainDiscretisationMesh/MeshDecomp-meta.o /Users/haolu/Software/snac/snac-1/build/tmp/lib-libStGermainDiscretisationMesh/MeshGenerator-meta.o /Users/haolu/Software/snac/snac-1/build/tmp/lib-libStGermainDiscretisationMesh/MeshGeometry-meta.o /Users/haolu/Software/snac/snac-1/build/tmp/lib-libStGermainDiscretisationMesh/MeshLayout-meta.o /Users/haolu/Software/snac/snac-1/build/tmp/lib-libStGermainDiscretisationMesh/MeshTopology-meta.o /Users/haolu/Software/snac/snac-1/build/tmp/lib-libStGermainDiscretisationMesh/NodeLayout-meta.o /Users/haolu/Software/snac/snac-1/build/tmp/lib-libStGermainDiscretisationMesh/ParallelPipedHexaEL-meta.o /Users/haolu/Software/snac/snac-1/build/tmp/lib-libStGermainDiscretisationMesh/StencilMD-meta.o /Users/haolu/Software/snac/snac-1/build/tmp/lib-libStGermainDiscretisationMesh/SurfaceAdaptor-meta.o
/usr/bin/ranlib /Users/haolu/Software/snac/snac-1/build/tmp/lib-libStGermainDiscretisationMesh.a/libStGermainDiscretisationMesh.a.
Install name: -install_name /Users/haolu/Software/snac/snac-1/build/lib/libStGermainDiscretisationMesh.dylib
mpicc-mpich-mp -pipe  -DVERSION=\"0\" -DCURR_MODULE_NAME=\"StGermainDiscretisationMesh\" -Wall -g    -o /Users/haolu/Software/snac/snac-1/build/tmp/lib-libStGermainDiscretisationMesh.dylib/libStGermainDiscretisationMesh.dylib. -dynamiclib -flat_namespace -undefined suppress -single_module  /Users/haolu/Software/snac/snac-1/build/tmp/lib-libStGermainDiscretisationMesh/Grid.o /Users/haolu/Software/snac/snac-1/build/tmp/lib-libStGermainDiscretisationMesh/CommTopology.o /Users/haolu/Software/snac/snac-1/build/tmp/lib-libStGermainDiscretisationMesh/Decomp.o /Users/haolu/Software/snac/snac-1/build/tmp/lib-libStGermainDiscretisationMesh/Decomp_Sync.o /Users/haolu/Software/snac/snac-1/build/tmp/lib-libStGermainDiscretisationMesh/Decomp_Sync_Claim.o /Users/haolu/Software/snac/snac-1/build/tmp/lib-libStGermainDiscretisationMesh/Decomp_Sync_Negotiate.o /Users/haolu/Software/snac/snac-1/build/tmp/lib-libStGermainDiscretisationMesh/DecompTransfer.o /Users/haolu/Software/snac/snac-1/build/tmp/lib-libStGermainDiscretisationMesh/MeshTopology.o /Users/haolu/Software/snac/snac-1/build/tmp/lib-libStGermainDiscretisationMesh/MeshGenerator.o /Users/haolu/Software/snac/snac-1/build/tmp/lib-libStGermainDiscretisationMesh/CartesianGenerator.o /Users/haolu/Software/snac/snac-1/build/tmp/lib-libStGermainDiscretisationMesh/MeshAdaptor.o /Users/haolu/Software/snac/snac-1/build/tmp/lib-libStGermainDiscretisationMesh/SurfaceAdaptor.o /Users/haolu/Software/snac/snac-1/build/tmp/lib-libStGermainDiscretisationMesh/MeshDecomp.o /Users/haolu/Software/snac/snac-1/build/tmp/lib-libStGermainDiscretisationMesh/ElementLayout.o /Users/haolu/Software/snac/snac-1/build/tmp/lib-libStGermainDiscretisationMesh/HexaEL.o /Users/haolu/Software/snac/snac-1/build/tmp/lib-libStGermainDiscretisationMesh/ParallelPipedHexaEL.o /Users/haolu/Software/snac/snac-1/build/tmp/lib-libStGermainDiscretisationMesh/IrregEL.o /Users/haolu/Software/snac/snac-1/build/tmp/lib-libStGermainDiscretisationMesh/NodeLayout.o /Users/haolu/Software/snac/snac-1/build/tmp/lib-libStGermainDiscretisationMesh/CornerNL.o /Users/haolu/Software/snac/snac-1/build/tmp/lib-libStGermainDiscretisationMesh/BodyNL.o /Users/haolu/Software/snac/snac-1/build/tmp/lib-libStGermainDiscretisationMesh/HexaMD.o /Users/haolu/Software/snac/snac-1/build/tmp/lib-libStGermainDiscretisationMesh/DummyMD.o /Users/haolu/Software/snac/snac-1/build/tmp/lib-libStGermainDiscretisationMesh/MeshGeometry.o /Users/haolu/Software/snac/snac-1/build/tmp/lib-libStGermainDiscretisationMesh/MeshLayout.o /Users/haolu/Software/snac/snac-1/build/tmp/lib-libStGermainDiscretisationMesh/MeshClass.o /Users/haolu/Software/snac/snac-1/build/tmp/lib-libStGermainDiscretisationMesh/Init.o /Users/haolu/Software/snac/snac-1/build/tmp/lib-libStGermainDiscretisationMesh/Finalise.o /Users/haolu/Software/snac/snac-1/build/tmp/lib-libStGermainDiscretisationMesh/BodyNL-meta.o /Users/haolu/Software/snac/snac-1/build/tmp/lib-libStGermainDiscretisationMesh/CartesianGenerator-meta.o /Users/haolu/Software/snac/snac-1/build/tmp/lib-libStGermainDiscretisationMesh/CommTopology-meta.o /Users/haolu/Software/snac/snac-1/build/tmp/lib-libStGermainDiscretisationMesh/CornerNL-meta.o /Users/haolu/Software/snac/snac-1/build/tmp/lib-libStGermainDiscretisationMesh/Decomp-meta.o /Users/haolu/Software/snac/snac-1/build/tmp/lib-libStGermainDiscretisationMesh/DecompTransfer-meta.o /Users/haolu/Software/snac/snac-1/build/tmp/lib-libStGermainDiscretisationMesh/Decomp_Sync-meta.o /Users/haolu/Software/snac/snac-1/build/tmp/lib-libStGermainDiscretisationMesh/Decomp_Sync_Claim-meta.o /Users/haolu/Software/snac/snac-1/build/tmp/lib-libStGermainDiscretisationMesh/Decomp_Sync_Negotiate-meta.o /Users/haolu/Software/snac/snac-1/build/tmp/lib-libStGermainDiscretisationMesh/DummyMD-meta.o /Users/haolu/Software/snac/snac-1/build/tmp/lib-libStGermainDiscretisationMesh/ElementLayout-meta.o /Users/haolu/Software/snac/snac-1/build/tmp/lib-libStGermainDiscretisationMesh/Grid-meta.o /Users/haolu/Software/snac/snac-1/build/tmp/lib-libStGermainDiscretisationMesh/HMesh-meta.o /Users/haolu/Software/snac/snac-1/build/tmp/lib-libStGermainDiscretisationMesh/HexaEL-meta.o /Users/haolu/Software/snac/snac-1/build/tmp/lib-libStGermainDiscretisationMesh/HexaMD-meta.o /Users/haolu/Software/snac/snac-1/build/tmp/lib-libStGermainDiscretisationMesh/IrregEL-meta.o /Users/haolu/Software/snac/snac-1/build/tmp/lib-libStGermainDiscretisationMesh/MeshAdaptor-meta.o /Users/haolu/Software/snac/snac-1/build/tmp/lib-libStGermainDiscretisationMesh/MeshClass-meta.o /Users/haolu/Software/snac/snac-1/build/tmp/lib-libStGermainDiscretisationMesh/MeshDecomp-meta.o /Users/haolu/Software/snac/snac-1/build/tmp/lib-libStGermainDiscretisationMesh/MeshGenerator-meta.o /Users/haolu/Software/snac/snac-1/build/tmp/lib-libStGermainDiscretisationMesh/MeshGeometry-meta.o /Users/haolu/Software/snac/snac-1/build/tmp/lib-libStGermainDiscretisationMesh/MeshLayout-meta.o /Users/haolu/Software/snac/snac-1/build/tmp/lib-libStGermainDiscretisationMesh/MeshTopology-meta.o /Users/haolu/Software/snac/snac-1/build/tmp/lib-libStGermainDiscretisationMesh/NodeLayout-meta.o /Users/haolu/Software/snac/snac-1/build/tmp/lib-libStGermainDiscretisationMesh/ParallelPipedHexaEL-meta.o /Users/haolu/Software/snac/snac-1/build/tmp/lib-libStGermainDiscretisationMesh/StencilMD-meta.o /Users/haolu/Software/snac/snac-1/build/tmp/lib-libStGermainDiscretisationMesh/SurfaceAdaptor-meta.o  -L/Users/haolu/Software/snac/snac-1/build/lib   -L/Users/haolu/Software/snac/snac-1/build/lib -lStGermainDiscretisationShape -lStGermainDiscretisationGeometry    -install_name /Users/haolu/Software/snac/snac-1/build/lib/libStGermainDiscretisationMesh.dylib
rm CartesianGenerator-meta.c MeshClass-meta.c ElementLayout-meta.c StencilMD-meta.c NodeLayout-meta.c Decomp_Sync_Claim-meta.c MeshDecomp-meta.c MeshGeometry-meta.c MeshAdaptor-meta.c BodyNL-meta.c HexaEL-meta.c DummyMD-meta.c MeshLayout-meta.c SurfaceAdaptor-meta.c Grid-meta.c HexaMD-meta.c HMesh-meta.c DecompTransfer-meta.c Decomp-meta.c MeshTopology-meta.c Decomp_Sync-meta.c IrregEL-meta.c MeshGenerator-meta.c ParallelPipedHexaEL-meta.c CommTopology-meta.c Decomp_Sync_Negotiate-meta.c CornerNL-meta.c
mpicc-mpich-mp -pipe  -DVERSION=\"0\" -Wall -g  -DCURR_MODULE_NAME=\"libStGermainDiscretisationMesh\"  -o /Users/haolu/Software/snac/snac-1/build/tests/testCommTopology  -I/Users/haolu/Software/snac/snac-1/build/include   -I/Users/haolu/Software/snac/snac-1/build/include/StGermain  -I/opt/passcal/other/include/mpich-mp   -I/opt/passcal/other/include/libxml2      testCommTopology.c   -L/Users/haolu/Software/snac/snac-1/build/lib   -L/Users/haolu/Software/snac/snac-1/build/lib -lStGermainDiscretisationMesh -lStGermainDiscretisationShape -lStGermainDiscretisationGeometry -lStGermainBase   -L/Users/haolu/Software/snac/snac-1/build/lib -lmpich -L/opt/passcal/other/lib/mpich-mp -lmpich  -L/sw/lib    -L/opt/passcal/other/lib -lxml2 -lz -lpthread -liconv -lm   -lm -lmx            
testCommTopology.c:292:45: warning: incompatible pointer types passing 'unsigned int **' to parameter of type 'void **' [-Wincompatible-pointer-types]
        CommTopology_Alltoall( commTopo, srcSizes, srcs, &dstSizes, (void***)&dst, sizeof(unsigned) );
                                                   ^~~~
/Users/haolu/Software/snac/snac-1/build/include/StGermain/Discretisation/Mesh/CommTopology.h:115:36: note: passing argument to parameter 'srcArrays' here
                                    unsigned* srcSizes, void** srcArrays, 
                                                               ^
1 warning generated.
ld: warning: directory not found for option '-L/sw/lib'
mpicc-mpich-mp -pipe  -DVERSION=\"0\" -Wall -g  -DCURR_MODULE_NAME=\"libStGermainDiscretisationMesh\"  -o /Users/haolu/Software/snac/snac-1/build/tests/testDecomp  -I/Users/haolu/Software/snac/snac-1/build/include   -I/Users/haolu/Software/snac/snac-1/build/include/StGermain  -I/opt/passcal/other/include/mpich-mp   -I/opt/passcal/other/include/libxml2      testDecomp.c   -L/Users/haolu/Software/snac/snac-1/build/lib   -L/Users/haolu/Software/snac/snac-1/build/lib -lStGermainDiscretisationMesh -lStGermainDiscretisationShape -lStGermainDiscretisationGeometry -lStGermainBase   -L/Users/haolu/Software/snac/snac-1/build/lib -lmpich -L/opt/passcal/other/lib/mpich-mp -lmpich  -L/sw/lib    -L/opt/passcal/other/lib -lxml2 -lz -lpthread -liconv -lm   -lm -lmx            
ld: warning: directory not found for option '-L/sw/lib'
mpicc-mpich-mp -pipe  -DVERSION=\"0\" -Wall -g  -DCURR_MODULE_NAME=\"libStGermainDiscretisationMesh\"  -o /Users/haolu/Software/snac/snac-1/build/tests/testDecomp_Sync  -I/Users/haolu/Software/snac/snac-1/build/include   -I/Users/haolu/Software/snac/snac-1/build/include/StGermain  -I/opt/passcal/other/include/mpich-mp   -I/opt/passcal/other/include/libxml2      testDecomp_Sync.c   -L/Users/haolu/Software/snac/snac-1/build/lib   -L/Users/haolu/Software/snac/snac-1/build/lib -lStGermainDiscretisationMesh -lStGermainDiscretisationShape -lStGermainDiscretisationGeometry -lStGermainBase   -L/Users/haolu/Software/snac/snac-1/build/lib -lmpich -L/opt/passcal/other/lib/mpich-mp -lmpich  -L/sw/lib    -L/opt/passcal/other/lib -lxml2 -lz -lpthread -liconv -lm   -lm -lmx            
ld: warning: directory not found for option '-L/sw/lib'
mpicc-mpich-mp -pipe  -DVERSION=\"0\" -Wall -g  -DCURR_MODULE_NAME=\"libStGermainDiscretisationMesh\"  -o /Users/haolu/Software/snac/snac-1/build/tests/testDecompTransfer  -I/Users/haolu/Software/snac/snac-1/build/include   -I/Users/haolu/Software/snac/snac-1/build/include/StGermain  -I/opt/passcal/other/include/mpich-mp   -I/opt/passcal/other/include/libxml2      testDecompTransfer.c   -L/Users/haolu/Software/snac/snac-1/build/lib   -L/Users/haolu/Software/snac/snac-1/build/lib -lStGermainDiscretisationMesh -lStGermainDiscretisationShape -lStGermainDiscretisationGeometry -lStGermainBase   -L/Users/haolu/Software/snac/snac-1/build/lib -lmpich -L/opt/passcal/other/lib/mpich-mp -lmpich  -L/sw/lib    -L/opt/passcal/other/lib -lxml2 -lz -lpthread -liconv -lm   -lm -lmx            
testDecompTransfer.c:77:1: warning: unused label 'done' [-Wunused-label]
done:
^~~~~
1 warning generated.
ld: warning: directory not found for option '-L/sw/lib'
mpicc-mpich-mp -pipe  -DVERSION=\"0\" -Wall -g  -DCURR_MODULE_NAME=\"libStGermainDiscretisationMesh\"  -o /Users/haolu/Software/snac/snac-1/build/tests/testMeshTopology  -I/Users/haolu/Software/snac/snac-1/build/include   -I/Users/haolu/Software/snac/snac-1/build/include/StGermain  -I/opt/passcal/other/include/mpich-mp   -I/opt/passcal/other/include/libxml2      testMeshTopology.c   -L/Users/haolu/Software/snac/snac-1/build/lib   -L/Users/haolu/Software/snac/snac-1/build/lib -lStGermainDiscretisationMesh -lStGermainDiscretisationShape -lStGermainDiscretisationGeometry -lStGermainBase   -L/Users/haolu/Software/snac/snac-1/build/lib -lmpich -L/opt/passcal/other/lib/mpich-mp -lmpich  -L/sw/lib    -L/opt/passcal/other/lib -lxml2 -lz -lpthread -liconv -lm   -lm -lmx            
ld: warning: directory not found for option '-L/sw/lib'
mpicc-mpich-mp -pipe  -DVERSION=\"0\" -Wall -g  -DCURR_MODULE_NAME=\"libStGermainDiscretisationMesh\"  -o /Users/haolu/Software/snac/snac-1/build/tests/testCartesianGenerator  -I/Users/haolu/Software/snac/snac-1/build/include   -I/Users/haolu/Software/snac/snac-1/build/include/StGermain  -I/opt/passcal/other/include/mpich-mp   -I/opt/passcal/other/include/libxml2      testCartesianGenerator.c   -L/Users/haolu/Software/snac/snac-1/build/lib   -L/Users/haolu/Software/snac/snac-1/build/lib -lStGermainDiscretisationMesh -lStGermainDiscretisationShape -lStGermainDiscretisationGeometry -lStGermainBase   -L/Users/haolu/Software/snac/snac-1/build/lib -lmpich -L/opt/passcal/other/lib/mpich-mp -lmpich  -L/sw/lib    -L/opt/passcal/other/lib -lxml2 -lz -lpthread -liconv -lm   -lm -lmx            
ld: warning: directory not found for option '-L/sw/lib'
mpicc-mpich-mp -pipe  -DVERSION=\"0\" -Wall -g  -DCURR_MODULE_NAME=\"libStGermainDiscretisationMesh\"  -o /Users/haolu/Software/snac/snac-1/build/tests/testQuadEL  -I/Users/haolu/Software/snac/snac-1/build/include   -I/Users/haolu/Software/snac/snac-1/build/include/StGermain  -I/opt/passcal/other/include/mpich-mp   -I/opt/passcal/other/include/libxml2      testQuadEL.c   -L/Users/haolu/Software/snac/snac-1/build/lib   -L/Users/haolu/Software/snac/snac-1/build/lib -lStGermainDiscretisationMesh -lStGermainDiscretisationShape -lStGermainDiscretisationGeometry -lStGermainBase   -L/Users/haolu/Software/snac/snac-1/build/lib -lmpich -L/opt/passcal/other/lib/mpich-mp -lmpich  -L/sw/lib    -L/opt/passcal/other/lib -lxml2 -lz -lpthread -liconv -lm   -lm -lmx            
ld: warning: directory not found for option '-L/sw/lib'
mpicc-mpich-mp -pipe  -DVERSION=\"0\" -Wall -g  -DCURR_MODULE_NAME=\"libStGermainDiscretisationMesh\"  -o /Users/haolu/Software/snac/snac-1/build/tests/testParallelPipedQuadEL  -I/Users/haolu/Software/snac/snac-1/build/include   -I/Users/haolu/Software/snac/snac-1/build/include/StGermain  -I/opt/passcal/other/include/mpich-mp   -I/opt/passcal/other/include/libxml2      testParallelPipedQuadEL.c   -L/Users/haolu/Software/snac/snac-1/build/lib   -L/Users/haolu/Software/snac/snac-1/build/lib -lStGermainDiscretisationMesh -lStGermainDiscretisationShape -lStGermainDiscretisationGeometry -lStGermainBase   -L/Users/haolu/Software/snac/snac-1/build/lib -lmpich -L/opt/passcal/other/lib/mpich-mp -lmpich  -L/sw/lib    -L/opt/passcal/other/lib -lxml2 -lz -lpthread -liconv -lm   -lm -lmx            
ld: warning: directory not found for option '-L/sw/lib'
mpicc-mpich-mp -pipe  -DVERSION=\"0\" -Wall -g  -DCURR_MODULE_NAME=\"libStGermainDiscretisationMesh\"  -o /Users/haolu/Software/snac/snac-1/build/tests/testHexaEL  -I/Users/haolu/Software/snac/snac-1/build/include   -I/Users/haolu/Software/snac/snac-1/build/include/StGermain  -I/opt/passcal/other/include/mpich-mp   -I/opt/passcal/other/include/libxml2      testHexaEL.c   -L/Users/haolu/Software/snac/snac-1/build/lib   -L/Users/haolu/Software/snac/snac-1/build/lib -lStGermainDiscretisationMesh -lStGermainDiscretisationShape -lStGermainDiscretisationGeometry -lStGermainBase   -L/Users/haolu/Software/snac/snac-1/build/lib -lmpich -L/opt/passcal/other/lib/mpich-mp -lmpich  -L/sw/lib    -L/opt/passcal/other/lib -lxml2 -lz -lpthread -liconv -lm   -lm -lmx            
ld: warning: directory not found for option '-L/sw/lib'
mpicc-mpich-mp -pipe  -DVERSION=\"0\" -Wall -g  -DCURR_MODULE_NAME=\"libStGermainDiscretisationMesh\"  -o /Users/haolu/Software/snac/snac-1/build/tests/testParallelPipedHexaEL  -I/Users/haolu/Software/snac/snac-1/build/include   -I/Users/haolu/Software/snac/snac-1/build/include/StGermain  -I/opt/passcal/other/include/mpich-mp   -I/opt/passcal/other/include/libxml2      testParallelPipedHexaEL.c   -L/Users/haolu/Software/snac/snac-1/build/lib   -L/Users/haolu/Software/snac/snac-1/build/lib -lStGermainDiscretisationMesh -lStGermainDiscretisationShape -lStGermainDiscretisationGeometry -lStGermainBase   -L/Users/haolu/Software/snac/snac-1/build/lib -lmpich -L/opt/passcal/other/lib/mpich-mp -lmpich  -L/sw/lib    -L/opt/passcal/other/lib -lxml2 -lz -lpthread -liconv -lm   -lm -lmx            
ld: warning: directory not found for option '-L/sw/lib'
mpicc-mpich-mp -pipe  -DVERSION=\"0\" -Wall -g  -DCURR_MODULE_NAME=\"libStGermainDiscretisationMesh\"  -o /Users/haolu/Software/snac/snac-1/build/tests/testIrregEL  -I/Users/haolu/Software/snac/snac-1/build/include   -I/Users/haolu/Software/snac/snac-1/build/include/StGermain  -I/opt/passcal/other/include/mpich-mp   -I/opt/passcal/other/include/libxml2      testIrregEL.c   -L/Users/haolu/Software/snac/snac-1/build/lib   -L/Users/haolu/Software/snac/snac-1/build/lib -lStGermainDiscretisationMesh -lStGermainDiscretisationShape -lStGermainDiscretisationGeometry -lStGermainBase   -L/Users/haolu/Software/snac/snac-1/build/lib -lmpich -L/opt/passcal/other/lib/mpich-mp -lmpich  -L/sw/lib    -L/opt/passcal/other/lib -lxml2 -lz -lpthread -liconv -lm   -lm -lmx            
ld: warning: directory not found for option '-L/sw/lib'
mpicc-mpich-mp -pipe  -DVERSION=\"0\" -Wall -g  -DCURR_MODULE_NAME=\"libStGermainDiscretisationMesh\"  -o /Users/haolu/Software/snac/snac-1/build/tests/testHexaMD  -I/Users/haolu/Software/snac/snac-1/build/include   -I/Users/haolu/Software/snac/snac-1/build/include/StGermain  -I/opt/passcal/other/include/mpich-mp   -I/opt/passcal/other/include/libxml2      testHexaMD.c   -L/Users/haolu/Software/snac/snac-1/build/lib   -L/Users/haolu/Software/snac/snac-1/build/lib -lStGermainDiscretisationMesh -lStGermainDiscretisationShape -lStGermainDiscretisationGeometry -lStGermainBase   -L/Users/haolu/Software/snac/snac-1/build/lib -lmpich -L/opt/passcal/other/lib/mpich-mp -lmpich  -L/sw/lib    -L/opt/passcal/other/lib -lxml2 -lz -lpthread -liconv -lm   -lm -lmx            
ld: warning: directory not found for option '-L/sw/lib'
mpicc-mpich-mp -pipe  -DVERSION=\"0\" -Wall -g  -DCURR_MODULE_NAME=\"libStGermainDiscretisationMesh\"  -o /Users/haolu/Software/snac/snac-1/build/tests/testMesh  -I/Users/haolu/Software/snac/snac-1/build/include   -I/Users/haolu/Software/snac/snac-1/build/include/StGermain  -I/opt/passcal/other/include/mpich-mp   -I/opt/passcal/other/include/libxml2      testMesh.c   -L/Users/haolu/Software/snac/snac-1/build/lib   -L/Users/haolu/Software/snac/snac-1/build/lib -lStGermainDiscretisationMesh -lStGermainDiscretisationShape -lStGermainDiscretisationGeometry -lStGermainBase   -L/Users/haolu/Software/snac/snac-1/build/lib -lmpich -L/opt/passcal/other/lib/mpich-mp -lmpich  -L/sw/lib    -L/opt/passcal/other/lib -lxml2 -lz -lpthread -liconv -lm   -lm -lmx            
ld: warning: directory not found for option '-L/sw/lib'
mpicc-mpich-mp -pipe  -DVERSION=\"0\" -Wall -g  -DCURR_MODULE_NAME=\"libStGermainDiscretisationMesh\"  -o /Users/haolu/Software/snac/snac-1/build/tests/testMesh-large  -I/Users/haolu/Software/snac/snac-1/build/include   -I/Users/haolu/Software/snac/snac-1/build/include/StGermain  -I/opt/passcal/other/include/mpich-mp   -I/opt/passcal/other/include/libxml2      testMesh-large.c   -L/Users/haolu/Software/snac/snac-1/build/lib   -L/Users/haolu/Software/snac/snac-1/build/lib -lStGermainDiscretisationMesh -lStGermainDiscretisationShape -lStGermainDiscretisationGeometry -lStGermainBase   -L/Users/haolu/Software/snac/snac-1/build/lib -lmpich -L/opt/passcal/other/lib/mpich-mp -lmpich  -L/sw/lib    -L/opt/passcal/other/lib -lxml2 -lz -lpthread -liconv -lm   -lm -lmx            
ld: warning: directory not found for option '-L/sw/lib'
mpicc-mpich-mp -pipe  -DVERSION=\"0\" -Wall -g  -DCURR_MODULE_NAME=\"libStGermainDiscretisationMesh\"  -o /Users/haolu/Software/snac/snac-1/build/tests/testMeshSync  -I/Users/haolu/Software/snac/snac-1/build/include   -I/Users/haolu/Software/snac/snac-1/build/include/StGermain  -I/opt/passcal/other/include/mpich-mp   -I/opt/passcal/other/include/libxml2      testMeshSync.c   -L/Users/haolu/Software/snac/snac-1/build/lib   -L/Users/haolu/Software/snac/snac-1/build/lib -lStGermainDiscretisationMesh -lStGermainDiscretisationShape -lStGermainDiscretisationGeometry -lStGermainBase   -L/Users/haolu/Software/snac/snac-1/build/lib -lmpich -L/opt/passcal/other/lib/mpich-mp -lmpich  -L/sw/lib    -L/opt/passcal/other/lib -lxml2 -lz -lpthread -liconv -lm   -lm -lmx            
ld: warning: directory not found for option '-L/sw/lib'
mpicc-mpich-mp -pipe  -DVERSION=\"0\" -Wall -g  -DCURR_MODULE_NAME=\"libStGermainDiscretisationMesh\"  -o /Users/haolu/Software/snac/snac-1/build/tests/testMeshSync-2D  -I/Users/haolu/Software/snac/snac-1/build/include   -I/Users/haolu/Software/snac/snac-1/build/include/StGermain  -I/opt/passcal/other/include/mpich-mp   -I/opt/passcal/other/include/libxml2      testMeshSync-2D.c   -L/Users/haolu/Software/snac/snac-1/build/lib   -L/Users/haolu/Software/snac/snac-1/build/lib -lStGermainDiscretisationMesh -lStGermainDiscretisationShape -lStGermainDiscretisationGeometry -lStGermainBase   -L/Users/haolu/Software/snac/snac-1/build/lib -lmpich -L/opt/passcal/other/lib/mpich-mp -lmpich  -L/sw/lib    -L/opt/passcal/other/lib -lxml2 -lz -lpthread -liconv -lm   -lm -lmx            
ld: warning: directory not found for option '-L/sw/lib'
mpicc-mpich-mp -pipe  -DVERSION=\"0\" -Wall -g  -DCURR_MODULE_NAME=\"libStGermainDiscretisationMesh\"  -o /Users/haolu/Software/snac/snac-1/build/tests/testMeshSync-large  -I/Users/haolu/Software/snac/snac-1/build/include   -I/Users/haolu/Software/snac/snac-1/build/include/StGermain  -I/opt/passcal/other/include/mpich-mp   -I/opt/passcal/other/include/libxml2      testMeshSync-large.c   -L/Users/haolu/Software/snac/snac-1/build/lib   -L/Users/haolu/Software/snac/snac-1/build/lib -lStGermainDiscretisationMesh -lStGermainDiscretisationShape -lStGermainDiscretisationGeometry -lStGermainBase   -L/Users/haolu/Software/snac/snac-1/build/lib -lmpich -L/opt/passcal/other/lib/mpich-mp -lmpich  -L/sw/lib    -L/opt/passcal/other/lib -lxml2 -lz -lpthread -liconv -lm   -lm -lmx            
ld: warning: directory not found for option '-L/sw/lib'
make[5]: Nothing to be done for `all_build'.
mpicc-mpich-mp -pipe  -DVERSION=\"0\" -DCURR_MODULE_NAME=\"StGermainDiscretisationUtils\" -Wall -g     -c -o /Users/haolu/Software/snac/snac-1/build/tmp/lib-libStGermainDiscretisationUtils/AllElementsVC.o -I/Users/haolu/Software/snac/snac-1/build/include   -I/Users/haolu/Software/snac/snac-1/build/include/StGermain -I/opt/passcal/other/include/mpich-mp -I/opt/passcal/other/include/libxml2   AllElementsVC.c
mpicc-mpich-mp -pipe  -DVERSION=\"0\" -DCURR_MODULE_NAME=\"StGermainDiscretisationUtils\" -Wall -g     -c -o /Users/haolu/Software/snac/snac-1/build/tmp/lib-libStGermainDiscretisationUtils/AllNodesVC.o -I/Users/haolu/Software/snac/snac-1/build/include   -I/Users/haolu/Software/snac/snac-1/build/include/StGermain -I/opt/passcal/other/include/mpich-mp -I/opt/passcal/other/include/libxml2   AllNodesVC.c
mpicc-mpich-mp -pipe  -DVERSION=\"0\" -DCURR_MODULE_NAME=\"StGermainDiscretisationUtils\" -Wall -g     -c -o /Users/haolu/Software/snac/snac-1/build/tmp/lib-libStGermainDiscretisationUtils/WallVC.o -I/Users/haolu/Software/snac/snac-1/build/include   -I/Users/haolu/Software/snac/snac-1/build/include/StGermain -I/opt/passcal/other/include/mpich-mp -I/opt/passcal/other/include/libxml2   WallVC.c
mpicc-mpich-mp -pipe  -DVERSION=\"0\" -DCURR_MODULE_NAME=\"StGermainDiscretisationUtils\" -Wall -g     -c -o /Users/haolu/Software/snac/snac-1/build/tmp/lib-libStGermainDiscretisationUtils/InnerWallVC.o -I/Users/haolu/Software/snac/snac-1/build/include   -I/Users/haolu/Software/snac/snac-1/build/include/StGermain -I/opt/passcal/other/include/mpich-mp -I/opt/passcal/other/include/libxml2   InnerWallVC.c
mpicc-mpich-mp -pipe  -DVERSION=\"0\" -DCURR_MODULE_NAME=\"StGermainDiscretisationUtils\" -Wall -g     -c -o /Users/haolu/Software/snac/snac-1/build/tmp/lib-libStGermainDiscretisationUtils/CornerVC.o -I/Users/haolu/Software/snac/snac-1/build/include   -I/Users/haolu/Software/snac/snac-1/build/include/StGermain -I/opt/passcal/other/include/mpich-mp -I/opt/passcal/other/include/libxml2   CornerVC.c
mpicc-mpich-mp -pipe  -DVERSION=\"0\" -DCURR_MODULE_NAME=\"StGermainDiscretisationUtils\" -Wall -g     -c -o /Users/haolu/Software/snac/snac-1/build/tmp/lib-libStGermainDiscretisationUtils/ShapeVC.o -I/Users/haolu/Software/snac/snac-1/build/include   -I/Users/haolu/Software/snac/snac-1/build/include/StGermain -I/opt/passcal/other/include/mpich-mp -I/opt/passcal/other/include/libxml2   ShapeVC.c
mpicc-mpich-mp -pipe  -DVERSION=\"0\" -DCURR_MODULE_NAME=\"StGermainDiscretisationUtils\" -Wall -g     -c -o /Users/haolu/Software/snac/snac-1/build/tmp/lib-libStGermainDiscretisationUtils/FrictionVC.o -I/Users/haolu/Software/snac/snac-1/build/include   -I/Users/haolu/Software/snac/snac-1/build/include/StGermain -I/opt/passcal/other/include/mpich-mp -I/opt/passcal/other/include/libxml2   FrictionVC.c
mpicc-mpich-mp -pipe  -DVERSION=\"0\" -DCURR_MODULE_NAME=\"StGermainDiscretisationUtils\" -Wall -g     -c -o /Users/haolu/Software/snac/snac-1/build/tmp/lib-libStGermainDiscretisationUtils/SplitFrictionWallVC.o -I/Users/haolu/Software/snac/snac-1/build/include   -I/Users/haolu/Software/snac/snac-1/build/include/StGermain -I/opt/passcal/other/include/mpich-mp -I/opt/passcal/other/include/libxml2   SplitFrictionWallVC.c
mpicc-mpich-mp -pipe  -DVERSION=\"0\" -DCURR_MODULE_NAME=\"StGermainDiscretisationUtils\" -Wall -g     -c -o /Users/haolu/Software/snac/snac-1/build/tmp/lib-libStGermainDiscretisationUtils/DofLayout.o -I/Users/haolu/Software/snac/snac-1/build/include   -I/Users/haolu/Software/snac/snac-1/build/include/StGermain -I/opt/passcal/other/include/mpich-mp -I/opt/passcal/other/include/libxml2   DofLayout.c
mpicc-mpich-mp -pipe  -DVERSION=\"0\" -DCURR_MODULE_NAME=\"StGermainDiscretisationUtils\" -Wall -g     -c -o /Users/haolu/Software/snac/snac-1/build/tmp/lib-libStGermainDiscretisationUtils/RegularMeshUtils.o -I/Users/haolu/Software/snac/snac-1/build/include   -I/Users/haolu/Software/snac/snac-1/build/include/StGermain -I/opt/passcal/other/include/mpich-mp -I/opt/passcal/other/include/libxml2   RegularMeshUtils.c
mpicc-mpich-mp -pipe  -DVERSION=\"0\" -DCURR_MODULE_NAME=\"StGermainDiscretisationUtils\" -Wall -g     -c -o /Users/haolu/Software/snac/snac-1/build/tmp/lib-libStGermainDiscretisationUtils/Operator.o -I/Users/haolu/Software/snac/snac-1/build/include   -I/Users/haolu/Software/snac/snac-1/build/include/StGermain -I/opt/passcal/other/include/mpich-mp -I/opt/passcal/other/include/libxml2   Operator.c
mpicc-mpich-mp -pipe  -DVERSION=\"0\" -DCURR_MODULE_NAME=\"StGermainDiscretisationUtils\" -Wall -g     -c -o /Users/haolu/Software/snac/snac-1/build/tmp/lib-libStGermainDiscretisationUtils/FieldVariable.o -I/Users/haolu/Software/snac/snac-1/build/include   -I/Users/haolu/Software/snac/snac-1/build/include/StGermain -I/opt/passcal/other/include/mpich-mp -I/opt/passcal/other/include/libxml2   FieldVariable.c
mpicc-mpich-mp -pipe  -DVERSION=\"0\" -DCURR_MODULE_NAME=\"StGermainDiscretisationUtils\" -Wall -g     -c -o /Users/haolu/Software/snac/snac-1/build/tmp/lib-libStGermainDiscretisationUtils/FieldVariable_Register.o -I/Users/haolu/Software/snac/snac-1/build/include   -I/Users/haolu/Software/snac/snac-1/build/include/StGermain -I/opt/passcal/other/include/mpich-mp -I/opt/passcal/other/include/libxml2   FieldVariable_Register.c
mpicc-mpich-mp -pipe  -DVERSION=\"0\" -DCURR_MODULE_NAME=\"StGermainDiscretisationUtils\" -Wall -g     -c -o /Users/haolu/Software/snac/snac-1/build/tmp/lib-libStGermainDiscretisationUtils/OperatorFieldVariable.o -I/Users/haolu/Software/snac/snac-1/build/include   -I/Users/haolu/Software/snac/snac-1/build/include/StGermain -I/opt/passcal/other/include/mpich-mp -I/opt/passcal/other/include/libxml2   OperatorFieldVariable.c
mpicc-mpich-mp -pipe  -DVERSION=\"0\" -DCURR_MODULE_NAME=\"StGermainDiscretisationUtils\" -Wall -g     -c -o /Users/haolu/Software/snac/snac-1/build/tmp/lib-libStGermainDiscretisationUtils/MeshCoarsener_Hexa.o -I/Users/haolu/Software/snac/snac-1/build/include   -I/Users/haolu/Software/snac/snac-1/build/include/StGermain -I/opt/passcal/other/include/mpich-mp -I/opt/passcal/other/include/libxml2   MeshCoarsener_Hexa.c
mpicc-mpich-mp -pipe  -DVERSION=\"0\" -DCURR_MODULE_NAME=\"StGermainDiscretisationUtils\" -Wall -g     -c -o /Users/haolu/Software/snac/snac-1/build/tmp/lib-libStGermainDiscretisationUtils/DiscretisationContext.o -I/Users/haolu/Software/snac/snac-1/build/include   -I/Users/haolu/Software/snac/snac-1/build/include/StGermain -I/opt/passcal/other/include/mpich-mp -I/opt/passcal/other/include/libxml2   DiscretisationContext.c
mpicc-mpich-mp -pipe  -DVERSION=\"0\" -DCURR_MODULE_NAME=\"StGermainDiscretisationUtils\" -Wall -g     -c -o /Users/haolu/Software/snac/snac-1/build/tmp/lib-libStGermainDiscretisationUtils/LinearRegression.o -I/Users/haolu/Software/snac/snac-1/build/include   -I/Users/haolu/Software/snac/snac-1/build/include/StGermain -I/opt/passcal/other/include/mpich-mp -I/opt/passcal/other/include/libxml2   LinearRegression.c
mpicc-mpich-mp -pipe  -DVERSION=\"0\" -DCURR_MODULE_NAME=\"StGermainDiscretisationUtils\" -Wall -g     -c -o /Users/haolu/Software/snac/snac-1/build/tmp/lib-libStGermainDiscretisationUtils/TimeIntegrator.o -I/Users/haolu/Software/snac/snac-1/build/include   -I/Users/haolu/Software/snac/snac-1/build/include/StGermain -I/opt/passcal/other/include/mpich-mp -I/opt/passcal/other/include/libxml2   TimeIntegrator.c
mpicc-mpich-mp -pipe  -DVERSION=\"0\" -DCURR_MODULE_NAME=\"StGermainDiscretisationUtils\" -Wall -g     -c -o /Users/haolu/Software/snac/snac-1/build/tmp/lib-libStGermainDiscretisationUtils/TimeIntegratee.o -I/Users/haolu/Software/snac/snac-1/build/include   -I/Users/haolu/Software/snac/snac-1/build/include/StGermain -I/opt/passcal/other/include/mpich-mp -I/opt/passcal/other/include/libxml2   TimeIntegratee.c
mpicc-mpich-mp -pipe  -DVERSION=\"0\" -DCURR_MODULE_NAME=\"StGermainDiscretisationUtils\" -Wall -g     -c -o /Users/haolu/Software/snac/snac-1/build/tmp/lib-libStGermainDiscretisationUtils/ShapeAdvector.o -I/Users/haolu/Software/snac/snac-1/build/include   -I/Users/haolu/Software/snac/snac-1/build/include/StGermain -I/opt/passcal/other/include/mpich-mp -I/opt/passcal/other/include/libxml2   ShapeAdvector.c
mpicc-mpich-mp -pipe  -DVERSION=\"0\" -DCURR_MODULE_NAME=\"StGermainDiscretisationUtils\" -Wall -g     -c -o /Users/haolu/Software/snac/snac-1/build/tmp/lib-libStGermainDiscretisationUtils/SobolGenerator.o -I/Users/haolu/Software/snac/snac-1/build/include   -I/Users/haolu/Software/snac/snac-1/build/include/StGermain -I/opt/passcal/other/include/mpich-mp -I/opt/passcal/other/include/libxml2   SobolGenerator.c
SobolGenerator.c:111:31: warning: implicit conversion from 'double' to 'unsigned int' changes value from 0.5 to 0 [-Wliteral-conversion]
        self->lastCalculatedNumber = 0.5;
                                   ~ ^~~
1 warning generated.
mpicc-mpich-mp -pipe  -DVERSION=\"0\" -DCURR_MODULE_NAME=\"StGermainDiscretisationUtils\" -Wall -g     -c -o /Users/haolu/Software/snac/snac-1/build/tmp/lib-libStGermainDiscretisationUtils/Sync.o -I/Users/haolu/Software/snac/snac-1/build/include   -I/Users/haolu/Software/snac/snac-1/build/include/StGermain -I/opt/passcal/other/include/mpich-mp -I/opt/passcal/other/include/libxml2   Sync.c
mpicc-mpich-mp -pipe  -DVERSION=\"0\" -DCURR_MODULE_NAME=\"StGermainDiscretisationUtils\" -Wall -g     -c -o /Users/haolu/Software/snac/snac-1/build/tmp/lib-libStGermainDiscretisationUtils/SemiRegDeform.o -I/Users/haolu/Software/snac/snac-1/build/include   -I/Users/haolu/Software/snac/snac-1/build/include/StGermain -I/opt/passcal/other/include/mpich-mp -I/opt/passcal/other/include/libxml2   SemiRegDeform.c
mpicc-mpich-mp -pipe  -DVERSION=\"0\" -DCURR_MODULE_NAME=\"StGermainDiscretisationUtils\" -Wall -g     -c -o /Users/haolu/Software/snac/snac-1/build/tmp/lib-libStGermainDiscretisationUtils/Remesher.o -I/Users/haolu/Software/snac/snac-1/build/include   -I/Users/haolu/Software/snac/snac-1/build/include/StGermain -I/opt/passcal/other/include/mpich-mp -I/opt/passcal/other/include/libxml2   Remesher.c
Remesher.c:91:10: warning: implicit conversion from enumeration type 'Bool' (aka 'enum Bool') to different enumeration type 'AllocationType' (aka 'enum AllocationType') [-Wenum-conversion]
                                            initFlag );
                                            ^~~~~~~~
1 warning generated.
mpicc-mpich-mp -pipe  -DVERSION=\"0\" -DCURR_MODULE_NAME=\"StGermainDiscretisationUtils\" -Wall -g     -c -o /Users/haolu/Software/snac/snac-1/build/tmp/lib-libStGermainDiscretisationUtils/StripRemesher.o -I/Users/haolu/Software/snac/snac-1/build/include   -I/Users/haolu/Software/snac/snac-1/build/include/StGermain -I/opt/passcal/other/include/mpich-mp -I/opt/passcal/other/include/libxml2   StripRemesher.c
mpicc-mpich-mp -pipe  -DVERSION=\"0\" -DCURR_MODULE_NAME=\"StGermainDiscretisationUtils\" -Wall -g     -c -o /Users/haolu/Software/snac/snac-1/build/tmp/lib-libStGermainDiscretisationUtils/CellRemesher.o -I/Users/haolu/Software/snac/snac-1/build/include   -I/Users/haolu/Software/snac/snac-1/build/include/StGermain -I/opt/passcal/other/include/mpich-mp -I/opt/passcal/other/include/libxml2   CellRemesher.c
mpicc-mpich-mp -pipe  -DVERSION=\"0\" -DCURR_MODULE_NAME=\"StGermainDiscretisationUtils\" -Wall -g     -c -o /Users/haolu/Software/snac/snac-1/build/tmp/lib-libStGermainDiscretisationUtils/Init.o -I/Users/haolu/Software/snac/snac-1/build/include   -I/Users/haolu/Software/snac/snac-1/build/include/StGermain -I/opt/passcal/other/include/mpich-mp -I/opt/passcal/other/include/libxml2   Init.c
mpicc-mpich-mp -pipe  -DVERSION=\"0\" -DCURR_MODULE_NAME=\"StGermainDiscretisationUtils\" -Wall -g     -c -o /Users/haolu/Software/snac/snac-1/build/tmp/lib-libStGermainDiscretisationUtils/Finalise.o -I/Users/haolu/Software/snac/snac-1/build/include   -I/Users/haolu/Software/snac/snac-1/build/include/StGermain -I/opt/passcal/other/include/mpich-mp -I/opt/passcal/other/include/libxml2   Finalise.c
Creating metadata AllElementsVC-meta.c from AllElementsVC.meta
mpicc-mpich-mp -pipe  -DVERSION=\"0\" -DCURR_MODULE_NAME=\"StGermainDiscretisationUtils\" -Wall -g     -c -o /Users/haolu/Software/snac/snac-1/build/tmp/lib-libStGermainDiscretisationUtils/AllElementsVC-meta.o -I/Users/haolu/Software/snac/snac-1/build/include   -I/Users/haolu/Software/snac/snac-1/build/include/StGermain -I/opt/passcal/other/include/mpich-mp -I/opt/passcal/other/include/libxml2   AllElementsVC-meta.c
Creating metadata AllNodesVC-meta.c from AllNodesVC.meta
mpicc-mpich-mp -pipe  -DVERSION=\"0\" -DCURR_MODULE_NAME=\"StGermainDiscretisationUtils\" -Wall -g     -c -o /Users/haolu/Software/snac/snac-1/build/tmp/lib-libStGermainDiscretisationUtils/AllNodesVC-meta.o -I/Users/haolu/Software/snac/snac-1/build/include   -I/Users/haolu/Software/snac/snac-1/build/include/StGermain -I/opt/passcal/other/include/mpich-mp -I/opt/passcal/other/include/libxml2   AllNodesVC-meta.c
Creating metadata CellRemesher-meta.c from CellRemesher.meta
mpicc-mpich-mp -pipe  -DVERSION=\"0\" -DCURR_MODULE_NAME=\"StGermainDiscretisationUtils\" -Wall -g     -c -o /Users/haolu/Software/snac/snac-1/build/tmp/lib-libStGermainDiscretisationUtils/CellRemesher-meta.o -I/Users/haolu/Software/snac/snac-1/build/include   -I/Users/haolu/Software/snac/snac-1/build/include/StGermain -I/opt/passcal/other/include/mpich-mp -I/opt/passcal/other/include/libxml2   CellRemesher-meta.c
Creating metadata CornerVC-meta.c from CornerVC.meta
mpicc-mpich-mp -pipe  -DVERSION=\"0\" -DCURR_MODULE_NAME=\"StGermainDiscretisationUtils\" -Wall -g     -c -o /Users/haolu/Software/snac/snac-1/build/tmp/lib-libStGermainDiscretisationUtils/CornerVC-meta.o -I/Users/haolu/Software/snac/snac-1/build/include   -I/Users/haolu/Software/snac/snac-1/build/include/StGermain -I/opt/passcal/other/include/mpich-mp -I/opt/passcal/other/include/libxml2   CornerVC-meta.c
Creating metadata DiscretisationContext-meta.c from DiscretisationContext.meta
mpicc-mpich-mp -pipe  -DVERSION=\"0\" -DCURR_MODULE_NAME=\"StGermainDiscretisationUtils\" -Wall -g     -c -o /Users/haolu/Software/snac/snac-1/build/tmp/lib-libStGermainDiscretisationUtils/DiscretisationContext-meta.o -I/Users/haolu/Software/snac/snac-1/build/include   -I/Users/haolu/Software/snac/snac-1/build/include/StGermain -I/opt/passcal/other/include/mpich-mp -I/opt/passcal/other/include/libxml2   DiscretisationContext-meta.c
Creating metadata DofLayout-meta.c from DofLayout.meta
mpicc-mpich-mp -pipe  -DVERSION=\"0\" -DCURR_MODULE_NAME=\"StGermainDiscretisationUtils\" -Wall -g     -c -o /Users/haolu/Software/snac/snac-1/build/tmp/lib-libStGermainDiscretisationUtils/DofLayout-meta.o -I/Users/haolu/Software/snac/snac-1/build/include   -I/Users/haolu/Software/snac/snac-1/build/include/StGermain -I/opt/passcal/other/include/mpich-mp -I/opt/passcal/other/include/libxml2   DofLayout-meta.c
Creating metadata FieldVariable-meta.c from FieldVariable.meta
mpicc-mpich-mp -pipe  -DVERSION=\"0\" -DCURR_MODULE_NAME=\"StGermainDiscretisationUtils\" -Wall -g     -c -o /Users/haolu/Software/snac/snac-1/build/tmp/lib-libStGermainDiscretisationUtils/FieldVariable-meta.o -I/Users/haolu/Software/snac/snac-1/build/include   -I/Users/haolu/Software/snac/snac-1/build/include/StGermain -I/opt/passcal/other/include/mpich-mp -I/opt/passcal/other/include/libxml2   FieldVariable-meta.c
Creating metadata FrictionVC-meta.c from FrictionVC.meta
mpicc-mpich-mp -pipe  -DVERSION=\"0\" -DCURR_MODULE_NAME=\"StGermainDiscretisationUtils\" -Wall -g     -c -o /Users/haolu/Software/snac/snac-1/build/tmp/lib-libStGermainDiscretisationUtils/FrictionVC-meta.o -I/Users/haolu/Software/snac/snac-1/build/include   -I/Users/haolu/Software/snac/snac-1/build/include/StGermain -I/opt/passcal/other/include/mpich-mp -I/opt/passcal/other/include/libxml2   FrictionVC-meta.c
Creating metadata InnerWallVC-meta.c from InnerWallVC.meta
mpicc-mpich-mp -pipe  -DVERSION=\"0\" -DCURR_MODULE_NAME=\"StGermainDiscretisationUtils\" -Wall -g     -c -o /Users/haolu/Software/snac/snac-1/build/tmp/lib-libStGermainDiscretisationUtils/InnerWallVC-meta.o -I/Users/haolu/Software/snac/snac-1/build/include   -I/Users/haolu/Software/snac/snac-1/build/include/StGermain -I/opt/passcal/other/include/mpich-mp -I/opt/passcal/other/include/libxml2   InnerWallVC-meta.c
Creating metadata MeshCoarsener_Hexa-meta.c from MeshCoarsener_Hexa.meta
mpicc-mpich-mp -pipe  -DVERSION=\"0\" -DCURR_MODULE_NAME=\"StGermainDiscretisationUtils\" -Wall -g     -c -o /Users/haolu/Software/snac/snac-1/build/tmp/lib-libStGermainDiscretisationUtils/MeshCoarsener_Hexa-meta.o -I/Users/haolu/Software/snac/snac-1/build/include   -I/Users/haolu/Software/snac/snac-1/build/include/StGermain -I/opt/passcal/other/include/mpich-mp -I/opt/passcal/other/include/libxml2   MeshCoarsener_Hexa-meta.c
Creating metadata OperatorFieldVariable-meta.c from OperatorFieldVariable.meta
mpicc-mpich-mp -pipe  -DVERSION=\"0\" -DCURR_MODULE_NAME=\"StGermainDiscretisationUtils\" -Wall -g     -c -o /Users/haolu/Software/snac/snac-1/build/tmp/lib-libStGermainDiscretisationUtils/OperatorFieldVariable-meta.o -I/Users/haolu/Software/snac/snac-1/build/include   -I/Users/haolu/Software/snac/snac-1/build/include/StGermain -I/opt/passcal/other/include/mpich-mp -I/opt/passcal/other/include/libxml2   OperatorFieldVariable-meta.c
Creating metadata Remesher-meta.c from Remesher.meta
mpicc-mpich-mp -pipe  -DVERSION=\"0\" -DCURR_MODULE_NAME=\"StGermainDiscretisationUtils\" -Wall -g     -c -o /Users/haolu/Software/snac/snac-1/build/tmp/lib-libStGermainDiscretisationUtils/Remesher-meta.o -I/Users/haolu/Software/snac/snac-1/build/include   -I/Users/haolu/Software/snac/snac-1/build/include/StGermain -I/opt/passcal/other/include/mpich-mp -I/opt/passcal/other/include/libxml2   Remesher-meta.c
Creating metadata SemiRegDeform-meta.c from SemiRegDeform.meta
mpicc-mpich-mp -pipe  -DVERSION=\"0\" -DCURR_MODULE_NAME=\"StGermainDiscretisationUtils\" -Wall -g     -c -o /Users/haolu/Software/snac/snac-1/build/tmp/lib-libStGermainDiscretisationUtils/SemiRegDeform-meta.o -I/Users/haolu/Software/snac/snac-1/build/include   -I/Users/haolu/Software/snac/snac-1/build/include/StGermain -I/opt/passcal/other/include/mpich-mp -I/opt/passcal/other/include/libxml2   SemiRegDeform-meta.c
Creating metadata ShapeAdvector-meta.c from ShapeAdvector.meta
mpicc-mpich-mp -pipe  -DVERSION=\"0\" -DCURR_MODULE_NAME=\"StGermainDiscretisationUtils\" -Wall -g     -c -o /Users/haolu/Software/snac/snac-1/build/tmp/lib-libStGermainDiscretisationUtils/ShapeAdvector-meta.o -I/Users/haolu/Software/snac/snac-1/build/include   -I/Users/haolu/Software/snac/snac-1/build/include/StGermain -I/opt/passcal/other/include/mpich-mp -I/opt/passcal/other/include/libxml2   ShapeAdvector-meta.c
Creating metadata ShapeVC-meta.c from ShapeVC.meta
mpicc-mpich-mp -pipe  -DVERSION=\"0\" -DCURR_MODULE_NAME=\"StGermainDiscretisationUtils\" -Wall -g     -c -o /Users/haolu/Software/snac/snac-1/build/tmp/lib-libStGermainDiscretisationUtils/ShapeVC-meta.o -I/Users/haolu/Software/snac/snac-1/build/include   -I/Users/haolu/Software/snac/snac-1/build/include/StGermain -I/opt/passcal/other/include/mpich-mp -I/opt/passcal/other/include/libxml2   ShapeVC-meta.c
Creating metadata SplitFrictionWallVC-meta.c from SplitFrictionWallVC.meta
mpicc-mpich-mp -pipe  -DVERSION=\"0\" -DCURR_MODULE_NAME=\"StGermainDiscretisationUtils\" -Wall -g     -c -o /Users/haolu/Software/snac/snac-1/build/tmp/lib-libStGermainDiscretisationUtils/SplitFrictionWallVC-meta.o -I/Users/haolu/Software/snac/snac-1/build/include   -I/Users/haolu/Software/snac/snac-1/build/include/StGermain -I/opt/passcal/other/include/mpich-mp -I/opt/passcal/other/include/libxml2   SplitFrictionWallVC-meta.c
Creating metadata StripRemesher-meta.c from StripRemesher.meta
mpicc-mpich-mp -pipe  -DVERSION=\"0\" -DCURR_MODULE_NAME=\"StGermainDiscretisationUtils\" -Wall -g     -c -o /Users/haolu/Software/snac/snac-1/build/tmp/lib-libStGermainDiscretisationUtils/StripRemesher-meta.o -I/Users/haolu/Software/snac/snac-1/build/include   -I/Users/haolu/Software/snac/snac-1/build/include/StGermain -I/opt/passcal/other/include/mpich-mp -I/opt/passcal/other/include/libxml2   StripRemesher-meta.c
Creating metadata Sync-meta.c from Sync.meta
mpicc-mpich-mp -pipe  -DVERSION=\"0\" -DCURR_MODULE_NAME=\"StGermainDiscretisationUtils\" -Wall -g     -c -o /Users/haolu/Software/snac/snac-1/build/tmp/lib-libStGermainDiscretisationUtils/Sync-meta.o -I/Users/haolu/Software/snac/snac-1/build/include   -I/Users/haolu/Software/snac/snac-1/build/include/StGermain -I/opt/passcal/other/include/mpich-mp -I/opt/passcal/other/include/libxml2   Sync-meta.c
Creating metadata TimeIntegratee-meta.c from TimeIntegratee.meta
mpicc-mpich-mp -pipe  -DVERSION=\"0\" -DCURR_MODULE_NAME=\"StGermainDiscretisationUtils\" -Wall -g     -c -o /Users/haolu/Software/snac/snac-1/build/tmp/lib-libStGermainDiscretisationUtils/TimeIntegratee-meta.o -I/Users/haolu/Software/snac/snac-1/build/include   -I/Users/haolu/Software/snac/snac-1/build/include/StGermain -I/opt/passcal/other/include/mpich-mp -I/opt/passcal/other/include/libxml2   TimeIntegratee-meta.c
Creating metadata TimeIntegrator-meta.c from TimeIntegrator.meta
mpicc-mpich-mp -pipe  -DVERSION=\"0\" -DCURR_MODULE_NAME=\"StGermainDiscretisationUtils\" -Wall -g     -c -o /Users/haolu/Software/snac/snac-1/build/tmp/lib-libStGermainDiscretisationUtils/TimeIntegrator-meta.o -I/Users/haolu/Software/snac/snac-1/build/include   -I/Users/haolu/Software/snac/snac-1/build/include/StGermain -I/opt/passcal/other/include/mpich-mp -I/opt/passcal/other/include/libxml2   TimeIntegrator-meta.c
Creating metadata WallVC-meta.c from WallVC.meta
mpicc-mpich-mp -pipe  -DVERSION=\"0\" -DCURR_MODULE_NAME=\"StGermainDiscretisationUtils\" -Wall -g     -c -o /Users/haolu/Software/snac/snac-1/build/tmp/lib-libStGermainDiscretisationUtils/WallVC-meta.o -I/Users/haolu/Software/snac/snac-1/build/include   -I/Users/haolu/Software/snac/snac-1/build/include/StGermain -I/opt/passcal/other/include/mpich-mp -I/opt/passcal/other/include/libxml2   WallVC-meta.c
ar -cru /Users/haolu/Software/snac/snac-1/build/tmp/lib-libStGermainDiscretisationUtils.a/libStGermainDiscretisationUtils.a. /Users/haolu/Software/snac/snac-1/build/tmp/lib-libStGermainDiscretisationUtils/AllElementsVC.o /Users/haolu/Software/snac/snac-1/build/tmp/lib-libStGermainDiscretisationUtils/AllNodesVC.o /Users/haolu/Software/snac/snac-1/build/tmp/lib-libStGermainDiscretisationUtils/WallVC.o /Users/haolu/Software/snac/snac-1/build/tmp/lib-libStGermainDiscretisationUtils/InnerWallVC.o /Users/haolu/Software/snac/snac-1/build/tmp/lib-libStGermainDiscretisationUtils/CornerVC.o /Users/haolu/Software/snac/snac-1/build/tmp/lib-libStGermainDiscretisationUtils/ShapeVC.o /Users/haolu/Software/snac/snac-1/build/tmp/lib-libStGermainDiscretisationUtils/FrictionVC.o /Users/haolu/Software/snac/snac-1/build/tmp/lib-libStGermainDiscretisationUtils/SplitFrictionWallVC.o /Users/haolu/Software/snac/snac-1/build/tmp/lib-libStGermainDiscretisationUtils/DofLayout.o /Users/haolu/Software/snac/snac-1/build/tmp/lib-libStGermainDiscretisationUtils/RegularMeshUtils.o /Users/haolu/Software/snac/snac-1/build/tmp/lib-libStGermainDiscretisationUtils/Operator.o /Users/haolu/Software/snac/snac-1/build/tmp/lib-libStGermainDiscretisationUtils/FieldVariable.o /Users/haolu/Software/snac/snac-1/build/tmp/lib-libStGermainDiscretisationUtils/FieldVariable_Register.o /Users/haolu/Software/snac/snac-1/build/tmp/lib-libStGermainDiscretisationUtils/OperatorFieldVariable.o /Users/haolu/Software/snac/snac-1/build/tmp/lib-libStGermainDiscretisationUtils/MeshCoarsener_Hexa.o /Users/haolu/Software/snac/snac-1/build/tmp/lib-libStGermainDiscretisationUtils/DiscretisationContext.o /Users/haolu/Software/snac/snac-1/build/tmp/lib-libStGermainDiscretisationUtils/LinearRegression.o /Users/haolu/Software/snac/snac-1/build/tmp/lib-libStGermainDiscretisationUtils/TimeIntegrator.o /Users/haolu/Software/snac/snac-1/build/tmp/lib-libStGermainDiscretisationUtils/TimeIntegratee.o /Users/haolu/Software/snac/snac-1/build/tmp/lib-libStGermainDiscretisationUtils/ShapeAdvector.o /Users/haolu/Software/snac/snac-1/build/tmp/lib-libStGermainDiscretisationUtils/SobolGenerator.o /Users/haolu/Software/snac/snac-1/build/tmp/lib-libStGermainDiscretisationUtils/Sync.o /Users/haolu/Software/snac/snac-1/build/tmp/lib-libStGermainDiscretisationUtils/SemiRegDeform.o /Users/haolu/Software/snac/snac-1/build/tmp/lib-libStGermainDiscretisationUtils/Remesher.o /Users/haolu/Software/snac/snac-1/build/tmp/lib-libStGermainDiscretisationUtils/StripRemesher.o /Users/haolu/Software/snac/snac-1/build/tmp/lib-libStGermainDiscretisationUtils/CellRemesher.o /Users/haolu/Software/snac/snac-1/build/tmp/lib-libStGermainDiscretisationUtils/Init.o /Users/haolu/Software/snac/snac-1/build/tmp/lib-libStGermainDiscretisationUtils/Finalise.o /Users/haolu/Software/snac/snac-1/build/tmp/lib-libStGermainDiscretisationUtils/AllElementsVC-meta.o /Users/haolu/Software/snac/snac-1/build/tmp/lib-libStGermainDiscretisationUtils/AllNodesVC-meta.o /Users/haolu/Software/snac/snac-1/build/tmp/lib-libStGermainDiscretisationUtils/CellRemesher-meta.o /Users/haolu/Software/snac/snac-1/build/tmp/lib-libStGermainDiscretisationUtils/CornerVC-meta.o /Users/haolu/Software/snac/snac-1/build/tmp/lib-libStGermainDiscretisationUtils/DiscretisationContext-meta.o /Users/haolu/Software/snac/snac-1/build/tmp/lib-libStGermainDiscretisationUtils/DofLayout-meta.o /Users/haolu/Software/snac/snac-1/build/tmp/lib-libStGermainDiscretisationUtils/FieldVariable-meta.o /Users/haolu/Software/snac/snac-1/build/tmp/lib-libStGermainDiscretisationUtils/FrictionVC-meta.o /Users/haolu/Software/snac/snac-1/build/tmp/lib-libStGermainDiscretisationUtils/InnerWallVC-meta.o /Users/haolu/Software/snac/snac-1/build/tmp/lib-libStGermainDiscretisationUtils/MeshCoarsener_Hexa-meta.o /Users/haolu/Software/snac/snac-1/build/tmp/lib-libStGermainDiscretisationUtils/OperatorFieldVariable-meta.o /Users/haolu/Software/snac/snac-1/build/tmp/lib-libStGermainDiscretisationUtils/Remesher-meta.o /Users/haolu/Software/snac/snac-1/build/tmp/lib-libStGermainDiscretisationUtils/SemiRegDeform-meta.o /Users/haolu/Software/snac/snac-1/build/tmp/lib-libStGermainDiscretisationUtils/ShapeAdvector-meta.o /Users/haolu/Software/snac/snac-1/build/tmp/lib-libStGermainDiscretisationUtils/ShapeVC-meta.o /Users/haolu/Software/snac/snac-1/build/tmp/lib-libStGermainDiscretisationUtils/SplitFrictionWallVC-meta.o /Users/haolu/Software/snac/snac-1/build/tmp/lib-libStGermainDiscretisationUtils/StripRemesher-meta.o /Users/haolu/Software/snac/snac-1/build/tmp/lib-libStGermainDiscretisationUtils/Sync-meta.o /Users/haolu/Software/snac/snac-1/build/tmp/lib-libStGermainDiscretisationUtils/TimeIntegratee-meta.o /Users/haolu/Software/snac/snac-1/build/tmp/lib-libStGermainDiscretisationUtils/TimeIntegrator-meta.o /Users/haolu/Software/snac/snac-1/build/tmp/lib-libStGermainDiscretisationUtils/WallVC-meta.o
/usr/bin/ranlib /Users/haolu/Software/snac/snac-1/build/tmp/lib-libStGermainDiscretisationUtils.a/libStGermainDiscretisationUtils.a.
Install name: -install_name /Users/haolu/Software/snac/snac-1/build/lib/libStGermainDiscretisationUtils.dylib
mpicc-mpich-mp -pipe  -DVERSION=\"0\" -DCURR_MODULE_NAME=\"StGermainDiscretisationUtils\" -Wall -g    -o /Users/haolu/Software/snac/snac-1/build/tmp/lib-libStGermainDiscretisationUtils.dylib/libStGermainDiscretisationUtils.dylib. -dynamiclib -flat_namespace -undefined suppress -single_module  /Users/haolu/Software/snac/snac-1/build/tmp/lib-libStGermainDiscretisationUtils/AllElementsVC.o /Users/haolu/Software/snac/snac-1/build/tmp/lib-libStGermainDiscretisationUtils/AllNodesVC.o /Users/haolu/Software/snac/snac-1/build/tmp/lib-libStGermainDiscretisationUtils/WallVC.o /Users/haolu/Software/snac/snac-1/build/tmp/lib-libStGermainDiscretisationUtils/InnerWallVC.o /Users/haolu/Software/snac/snac-1/build/tmp/lib-libStGermainDiscretisationUtils/CornerVC.o /Users/haolu/Software/snac/snac-1/build/tmp/lib-libStGermainDiscretisationUtils/ShapeVC.o /Users/haolu/Software/snac/snac-1/build/tmp/lib-libStGermainDiscretisationUtils/FrictionVC.o /Users/haolu/Software/snac/snac-1/build/tmp/lib-libStGermainDiscretisationUtils/SplitFrictionWallVC.o /Users/haolu/Software/snac/snac-1/build/tmp/lib-libStGermainDiscretisationUtils/DofLayout.o /Users/haolu/Software/snac/snac-1/build/tmp/lib-libStGermainDiscretisationUtils/RegularMeshUtils.o /Users/haolu/Software/snac/snac-1/build/tmp/lib-libStGermainDiscretisationUtils/Operator.o /Users/haolu/Software/snac/snac-1/build/tmp/lib-libStGermainDiscretisationUtils/FieldVariable.o /Users/haolu/Software/snac/snac-1/build/tmp/lib-libStGermainDiscretisationUtils/FieldVariable_Register.o /Users/haolu/Software/snac/snac-1/build/tmp/lib-libStGermainDiscretisationUtils/OperatorFieldVariable.o /Users/haolu/Software/snac/snac-1/build/tmp/lib-libStGermainDiscretisationUtils/MeshCoarsener_Hexa.o /Users/haolu/Software/snac/snac-1/build/tmp/lib-libStGermainDiscretisationUtils/DiscretisationContext.o /Users/haolu/Software/snac/snac-1/build/tmp/lib-libStGermainDiscretisationUtils/LinearRegression.o /Users/haolu/Software/snac/snac-1/build/tmp/lib-libStGermainDiscretisationUtils/TimeIntegrator.o /Users/haolu/Software/snac/snac-1/build/tmp/lib-libStGermainDiscretisationUtils/TimeIntegratee.o /Users/haolu/Software/snac/snac-1/build/tmp/lib-libStGermainDiscretisationUtils/ShapeAdvector.o /Users/haolu/Software/snac/snac-1/build/tmp/lib-libStGermainDiscretisationUtils/SobolGenerator.o /Users/haolu/Software/snac/snac-1/build/tmp/lib-libStGermainDiscretisationUtils/Sync.o /Users/haolu/Software/snac/snac-1/build/tmp/lib-libStGermainDiscretisationUtils/SemiRegDeform.o /Users/haolu/Software/snac/snac-1/build/tmp/lib-libStGermainDiscretisationUtils/Remesher.o /Users/haolu/Software/snac/snac-1/build/tmp/lib-libStGermainDiscretisationUtils/StripRemesher.o /Users/haolu/Software/snac/snac-1/build/tmp/lib-libStGermainDiscretisationUtils/CellRemesher.o /Users/haolu/Software/snac/snac-1/build/tmp/lib-libStGermainDiscretisationUtils/Init.o /Users/haolu/Software/snac/snac-1/build/tmp/lib-libStGermainDiscretisationUtils/Finalise.o /Users/haolu/Software/snac/snac-1/build/tmp/lib-libStGermainDiscretisationUtils/AllElementsVC-meta.o /Users/haolu/Software/snac/snac-1/build/tmp/lib-libStGermainDiscretisationUtils/AllNodesVC-meta.o /Users/haolu/Software/snac/snac-1/build/tmp/lib-libStGermainDiscretisationUtils/CellRemesher-meta.o /Users/haolu/Software/snac/snac-1/build/tmp/lib-libStGermainDiscretisationUtils/CornerVC-meta.o /Users/haolu/Software/snac/snac-1/build/tmp/lib-libStGermainDiscretisationUtils/DiscretisationContext-meta.o /Users/haolu/Software/snac/snac-1/build/tmp/lib-libStGermainDiscretisationUtils/DofLayout-meta.o /Users/haolu/Software/snac/snac-1/build/tmp/lib-libStGermainDiscretisationUtils/FieldVariable-meta.o /Users/haolu/Software/snac/snac-1/build/tmp/lib-libStGermainDiscretisationUtils/FrictionVC-meta.o /Users/haolu/Software/snac/snac-1/build/tmp/lib-libStGermainDiscretisationUtils/InnerWallVC-meta.o /Users/haolu/Software/snac/snac-1/build/tmp/lib-libStGermainDiscretisationUtils/MeshCoarsener_Hexa-meta.o /Users/haolu/Software/snac/snac-1/build/tmp/lib-libStGermainDiscretisationUtils/OperatorFieldVariable-meta.o /Users/haolu/Software/snac/snac-1/build/tmp/lib-libStGermainDiscretisationUtils/Remesher-meta.o /Users/haolu/Software/snac/snac-1/build/tmp/lib-libStGermainDiscretisationUtils/SemiRegDeform-meta.o /Users/haolu/Software/snac/snac-1/build/tmp/lib-libStGermainDiscretisationUtils/ShapeAdvector-meta.o /Users/haolu/Software/snac/snac-1/build/tmp/lib-libStGermainDiscretisationUtils/ShapeVC-meta.o /Users/haolu/Software/snac/snac-1/build/tmp/lib-libStGermainDiscretisationUtils/SplitFrictionWallVC-meta.o /Users/haolu/Software/snac/snac-1/build/tmp/lib-libStGermainDiscretisationUtils/StripRemesher-meta.o /Users/haolu/Software/snac/snac-1/build/tmp/lib-libStGermainDiscretisationUtils/Sync-meta.o /Users/haolu/Software/snac/snac-1/build/tmp/lib-libStGermainDiscretisationUtils/TimeIntegratee-meta.o /Users/haolu/Software/snac/snac-1/build/tmp/lib-libStGermainDiscretisationUtils/TimeIntegrator-meta.o /Users/haolu/Software/snac/snac-1/build/tmp/lib-libStGermainDiscretisationUtils/WallVC-meta.o  -L/Users/haolu/Software/snac/snac-1/build/lib   -L/Users/haolu/Software/snac/snac-1/build/lib -lStGermainDiscretisationMesh    -install_name /Users/haolu/Software/snac/snac-1/build/lib/libStGermainDiscretisationUtils.dylib
rm Sync-meta.c StripRemesher-meta.c TimeIntegrator-meta.c ShapeAdvector-meta.c AllNodesVC-meta.c WallVC-meta.c AllElementsVC-meta.c CellRemesher-meta.c InnerWallVC-meta.c ShapeVC-meta.c FieldVariable-meta.c TimeIntegratee-meta.c DofLayout-meta.c SplitFrictionWallVC-meta.c OperatorFieldVariable-meta.c CornerVC-meta.c DiscretisationContext-meta.c Remesher-meta.c MeshCoarsener_Hexa-meta.c SemiRegDeform-meta.c FrictionVC-meta.c
mpicc-mpich-mp -pipe  -DVERSION=\"0\" -Wall -g  -DCURR_MODULE_NAME=\"libStGermainDiscretisationUtils\"  -o /Users/haolu/Software/snac/snac-1/build/tests/testRegularMeshUtils  -I/Users/haolu/Software/snac/snac-1/build/include   -I/Users/haolu/Software/snac/snac-1/build/include/StGermain   -I/opt/passcal/other/include/mpich-mp   -I/opt/passcal/other/include/libxml2      testRegularMeshUtils.c   -L/Users/haolu/Software/snac/snac-1/build/lib   -L/Users/haolu/Software/snac/snac-1/build/lib -lStGermainDiscretisationUtils -lStGermainDiscretisationMesh -lStGermainDiscretisationShape -lStGermainDiscretisationGeometry -lStGermainBase   -L/Users/haolu/Software/snac/snac-1/build/lib -lmpich -L/opt/passcal/other/lib/mpich-mp -lmpich  -L/sw/lib    -L/opt/passcal/other/lib -lxml2 -lz -lpthread -liconv -lm   -lm -lmx            
ld: warning: directory not found for option '-L/sw/lib'
mpicc-mpich-mp -pipe  -DVERSION=\"0\" -Wall -g  -DCURR_MODULE_NAME=\"libStGermainDiscretisationUtils\"  -o /Users/haolu/Software/snac/snac-1/build/tests/testFieldVariable_Register  -I/Users/haolu/Software/snac/snac-1/build/include   -I/Users/haolu/Software/snac/snac-1/build/include/StGermain   -I/opt/passcal/other/include/mpich-mp   -I/opt/passcal/other/include/libxml2      testFieldVariable_Register.c   -L/Users/haolu/Software/snac/snac-1/build/lib   -L/Users/haolu/Software/snac/snac-1/build/lib -lStGermainDiscretisationUtils -lStGermainDiscretisationMesh -lStGermainDiscretisationShape -lStGermainDiscretisationGeometry -lStGermainBase   -L/Users/haolu/Software/snac/snac-1/build/lib -lmpich -L/opt/passcal/other/lib/mpich-mp -lmpich  -L/sw/lib    -L/opt/passcal/other/lib -lxml2 -lz -lpthread -liconv -lm   -lm -lmx            
ld: warning: directory not found for option '-L/sw/lib'
mpicc-mpich-mp -pipe  -DVERSION=\"0\" -Wall -g  -DCURR_MODULE_NAME=\"libStGermainDiscretisationUtils\"  -o /Users/haolu/Software/snac/snac-1/build/tests/testOperatorFieldVariable  -I/Users/haolu/Software/snac/snac-1/build/include   -I/Users/haolu/Software/snac/snac-1/build/include/StGermain   -I/opt/passcal/other/include/mpich-mp   -I/opt/passcal/other/include/libxml2      testOperatorFieldVariable.c   -L/Users/haolu/Software/snac/snac-1/build/lib   -L/Users/haolu/Software/snac/snac-1/build/lib -lStGermainDiscretisationUtils -lStGermainDiscretisationMesh -lStGermainDiscretisationShape -lStGermainDiscretisationGeometry -lStGermainBase   -L/Users/haolu/Software/snac/snac-1/build/lib -lmpich -L/opt/passcal/other/lib/mpich-mp -lmpich  -L/sw/lib    -L/opt/passcal/other/lib -lxml2 -lz -lpthread -liconv -lm   -lm -lmx            
ld: warning: directory not found for option '-L/sw/lib'
mpicc-mpich-mp -pipe  -DVERSION=\"0\" -Wall -g  -DCURR_MODULE_NAME=\"libStGermainDiscretisationUtils\"  -o /Users/haolu/Software/snac/snac-1/build/tests/testAllNodesVC  -I/Users/haolu/Software/snac/snac-1/build/include   -I/Users/haolu/Software/snac/snac-1/build/include/StGermain   -I/opt/passcal/other/include/mpich-mp   -I/opt/passcal/other/include/libxml2      testAllNodesVC.c   -L/Users/haolu/Software/snac/snac-1/build/lib   -L/Users/haolu/Software/snac/snac-1/build/lib -lStGermainDiscretisationUtils -lStGermainDiscretisationMesh -lStGermainDiscretisationShape -lStGermainDiscretisationGeometry -lStGermainBase   -L/Users/haolu/Software/snac/snac-1/build/lib -lmpich -L/opt/passcal/other/lib/mpich-mp -lmpich  -L/sw/lib    -L/opt/passcal/other/lib -lxml2 -lz -lpthread -liconv -lm   -lm -lmx            
ld: warning: directory not found for option '-L/sw/lib'
mpicc-mpich-mp -pipe  -DVERSION=\"0\" -Wall -g  -DCURR_MODULE_NAME=\"libStGermainDiscretisationUtils\"  -o /Users/haolu/Software/snac/snac-1/build/tests/testWallVC  -I/Users/haolu/Software/snac/snac-1/build/include   -I/Users/haolu/Software/snac/snac-1/build/include/StGermain   -I/opt/passcal/other/include/mpich-mp   -I/opt/passcal/other/include/libxml2      testWallVC.c   -L/Users/haolu/Software/snac/snac-1/build/lib   -L/Users/haolu/Software/snac/snac-1/build/lib -lStGermainDiscretisationUtils -lStGermainDiscretisationMesh -lStGermainDiscretisationShape -lStGermainDiscretisationGeometry -lStGermainBase   -L/Users/haolu/Software/snac/snac-1/build/lib -lmpich -L/opt/passcal/other/lib/mpich-mp -lmpich  -L/sw/lib    -L/opt/passcal/other/lib -lxml2 -lz -lpthread -liconv -lm   -lm -lmx            
ld: warning: directory not found for option '-L/sw/lib'
mpicc-mpich-mp -pipe  -DVERSION=\"0\" -Wall -g  -DCURR_MODULE_NAME=\"libStGermainDiscretisationUtils\"  -o /Users/haolu/Software/snac/snac-1/build/tests/testCompositeVC  -I/Users/haolu/Software/snac/snac-1/build/include   -I/Users/haolu/Software/snac/snac-1/build/include/StGermain   -I/opt/passcal/other/include/mpich-mp   -I/opt/passcal/other/include/libxml2      testCompositeVC.c   -L/Users/haolu/Software/snac/snac-1/build/lib   -L/Users/haolu/Software/snac/snac-1/build/lib -lStGermainDiscretisationUtils -lStGermainDiscretisationMesh -lStGermainDiscretisationShape -lStGermainDiscretisationGeometry -lStGermainBase   -L/Users/haolu/Software/snac/snac-1/build/lib -lmpich -L/opt/passcal/other/lib/mpich-mp -lmpich  -L/sw/lib    -L/opt/passcal/other/lib -lxml2 -lz -lpthread -liconv -lm   -lm -lmx            
ld: warning: directory not found for option '-L/sw/lib'
mpicc-mpich-mp -pipe  -DVERSION=\"0\" -Wall -g  -DCURR_MODULE_NAME=\"libStGermainDiscretisationUtils\"  -o /Users/haolu/Software/snac/snac-1/build/tests/testCompositeVC-dictionary  -I/Users/haolu/Software/snac/snac-1/build/include   -I/Users/haolu/Software/snac/snac-1/build/include/StGermain   -I/opt/passcal/other/include/mpich-mp   -I/opt/passcal/other/include/libxml2      testCompositeVC-dictionary.c   -L/Users/haolu/Software/snac/snac-1/build/lib   -L/Users/haolu/Software/snac/snac-1/build/lib -lStGermainDiscretisationUtils -lStGermainDiscretisationMesh -lStGermainDiscretisationShape -lStGermainDiscretisationGeometry -lStGermainBase   -L/Users/haolu/Software/snac/snac-1/build/lib -lmpich -L/opt/passcal/other/lib/mpich-mp -lmpich  -L/sw/lib    -L/opt/passcal/other/lib -lxml2 -lz -lpthread -liconv -lm   -lm -lmx            
ld: warning: directory not found for option '-L/sw/lib'
mpicc-mpich-mp -pipe  -DVERSION=\"0\" -Wall -g  -DCURR_MODULE_NAME=\"libStGermainDiscretisationUtils\"  -o /Users/haolu/Software/snac/snac-1/build/tests/testDofLayout  -I/Users/haolu/Software/snac/snac-1/build/include   -I/Users/haolu/Software/snac/snac-1/build/include/StGermain   -I/opt/passcal/other/include/mpich-mp   -I/opt/passcal/other/include/libxml2      testDofLayout.c   -L/Users/haolu/Software/snac/snac-1/build/lib   -L/Users/haolu/Software/snac/snac-1/build/lib -lStGermainDiscretisationUtils -lStGermainDiscretisationMesh -lStGermainDiscretisationShape -lStGermainDiscretisationGeometry -lStGermainBase   -L/Users/haolu/Software/snac/snac-1/build/lib -lmpich -L/opt/passcal/other/lib/mpich-mp -lmpich  -L/sw/lib    -L/opt/passcal/other/lib -lxml2 -lz -lpthread -liconv -lm   -lm -lmx            
ld: warning: directory not found for option '-L/sw/lib'
mpicc-mpich-mp -pipe  -DVERSION=\"0\" -Wall -g  -DCURR_MODULE_NAME=\"libStGermainDiscretisationUtils\"  -o /Users/haolu/Software/snac/snac-1/build/tests/testDofLayout-remap  -I/Users/haolu/Software/snac/snac-1/build/include   -I/Users/haolu/Software/snac/snac-1/build/include/StGermain   -I/opt/passcal/other/include/mpich-mp   -I/opt/passcal/other/include/libxml2      testDofLayout-remap.c   -L/Users/haolu/Software/snac/snac-1/build/lib   -L/Users/haolu/Software/snac/snac-1/build/lib -lStGermainDiscretisationUtils -lStGermainDiscretisationMesh -lStGermainDiscretisationShape -lStGermainDiscretisationGeometry -lStGermainBase   -L/Users/haolu/Software/snac/snac-1/build/lib -lmpich -L/opt/passcal/other/lib/mpich-mp -lmpich  -L/sw/lib    -L/opt/passcal/other/lib -lxml2 -lz -lpthread -liconv -lm   -lm -lmx            
ld: warning: directory not found for option '-L/sw/lib'
mpicc-mpich-mp -pipe  -DVERSION=\"0\" -Wall -g  -DCURR_MODULE_NAME=\"libStGermainDiscretisationUtils\"  -o /Users/haolu/Software/snac/snac-1/build/tests/testDofLayout-saveAndLoad  -I/Users/haolu/Software/snac/snac-1/build/include   -I/Users/haolu/Software/snac/snac-1/build/include/StGermain   -I/opt/passcal/other/include/mpich-mp   -I/opt/passcal/other/include/libxml2      testDofLayout-saveAndLoad.c   -L/Users/haolu/Software/snac/snac-1/build/lib   -L/Users/haolu/Software/snac/snac-1/build/lib -lStGermainDiscretisationUtils -lStGermainDiscretisationMesh -lStGermainDiscretisationShape -lStGermainDiscretisationGeometry -lStGermainBase   -L/Users/haolu/Software/snac/snac-1/build/lib -lmpich -L/opt/passcal/other/lib/mpich-mp -lmpich  -L/sw/lib    -L/opt/passcal/other/lib -lxml2 -lz -lpthread -liconv -lm   -lm -lmx            
ld: warning: directory not found for option '-L/sw/lib'
mpicc-mpich-mp -pipe  -DVERSION=\"0\" -Wall -g  -DCURR_MODULE_NAME=\"libStGermainDiscretisationUtils\"  -o /Users/haolu/Software/snac/snac-1/build/tests/testMeshCoarsener_Hexa  -I/Users/haolu/Software/snac/snac-1/build/include   -I/Users/haolu/Software/snac/snac-1/build/include/StGermain   -I/opt/passcal/other/include/mpich-mp   -I/opt/passcal/other/include/libxml2      testMeshCoarsener_Hexa.c   -L/Users/haolu/Software/snac/snac-1/build/lib   -L/Users/haolu/Software/snac/snac-1/build/lib -lStGermainDiscretisationUtils -lStGermainDiscretisationMesh -lStGermainDiscretisationShape -lStGermainDiscretisationGeometry -lStGermainBase   -L/Users/haolu/Software/snac/snac-1/build/lib -lmpich -L/opt/passcal/other/lib/mpich-mp -lmpich  -L/sw/lib    -L/opt/passcal/other/lib -lxml2 -lz -lpthread -liconv -lm   -lm -lmx            
ld: warning: directory not found for option '-L/sw/lib'
mpicc-mpich-mp -pipe  -DVERSION=\"0\" -Wall -g  -DCURR_MODULE_NAME=\"libStGermainDiscretisationUtils\"  -o /Users/haolu/Software/snac/snac-1/build/tests/testSync  -I/Users/haolu/Software/snac/snac-1/build/include   -I/Users/haolu/Software/snac/snac-1/build/include/StGermain   -I/opt/passcal/other/include/mpich-mp   -I/opt/passcal/other/include/libxml2      testSync.c   -L/Users/haolu/Software/snac/snac-1/build/lib   -L/Users/haolu/Software/snac/snac-1/build/lib -lStGermainDiscretisationUtils -lStGermainDiscretisationMesh -lStGermainDiscretisationShape -lStGermainDiscretisationGeometry -lStGermainBase   -L/Users/haolu/Software/snac/snac-1/build/lib -lmpich -L/opt/passcal/other/lib/mpich-mp -lmpich  -L/sw/lib    -L/opt/passcal/other/lib -lxml2 -lz -lpthread -liconv -lm   -lm -lmx            
ld: warning: directory not found for option '-L/sw/lib'
mpicc-mpich-mp -pipe  -DVERSION=\"0\" -Wall -g  -DCURR_MODULE_NAME=\"libStGermainDiscretisationUtils\"  -o /Users/haolu/Software/snac/snac-1/build/tests/testSobolGenerator  -I/Users/haolu/Software/snac/snac-1/build/include   -I/Users/haolu/Software/snac/snac-1/build/include/StGermain   -I/opt/passcal/other/include/mpich-mp   -I/opt/passcal/other/include/libxml2      testSobolGenerator.c   -L/Users/haolu/Software/snac/snac-1/build/lib   -L/Users/haolu/Software/snac/snac-1/build/lib -lStGermainDiscretisationUtils -lStGermainDiscretisationMesh -lStGermainDiscretisationShape -lStGermainDiscretisationGeometry -lStGermainBase   -L/Users/haolu/Software/snac/snac-1/build/lib -lmpich -L/opt/passcal/other/lib/mpich-mp -lmpich  -L/sw/lib    -L/opt/passcal/other/lib -lxml2 -lz -lpthread -liconv -lm   -lm -lmx            
ld: warning: directory not found for option '-L/sw/lib'
mpicc-mpich-mp -pipe  -DVERSION=\"0\" -Wall -g  -DCURR_MODULE_NAME=\"libStGermainDiscretisationUtils\"  -o /Users/haolu/Software/snac/snac-1/build/tests/testSemiRegDeform  -I/Users/haolu/Software/snac/snac-1/build/include   -I/Users/haolu/Software/snac/snac-1/build/include/StGermain   -I/opt/passcal/other/include/mpich-mp   -I/opt/passcal/other/include/libxml2      testSemiRegDeform.c   -L/Users/haolu/Software/snac/snac-1/build/lib   -L/Users/haolu/Software/snac/snac-1/build/lib -lStGermainDiscretisationUtils -lStGermainDiscretisationMesh -lStGermainDiscretisationShape -lStGermainDiscretisationGeometry -lStGermainBase   -L/Users/haolu/Software/snac/snac-1/build/lib -lmpich -L/opt/passcal/other/lib/mpich-mp -lmpich  -L/sw/lib    -L/opt/passcal/other/lib -lxml2 -lz -lpthread -liconv -lm   -lm -lmx            
ld: warning: directory not found for option '-L/sw/lib'
mpicc-mpich-mp -pipe  -DVERSION=\"0\" -Wall -g  -DCURR_MODULE_NAME=\"libStGermainDiscretisationUtils\"  -o /Users/haolu/Software/snac/snac-1/build/tests/testTimeIntegration  -I/Users/haolu/Software/snac/snac-1/build/include   -I/Users/haolu/Software/snac/snac-1/build/include/StGermain   -I/opt/passcal/other/include/mpich-mp   -I/opt/passcal/other/include/libxml2      testTimeIntegration.c   -L/Users/haolu/Software/snac/snac-1/build/lib   -L/Users/haolu/Software/snac/snac-1/build/lib -lStGermainDiscretisationUtils -lStGermainDiscretisationMesh -lStGermainDiscretisationShape -lStGermainDiscretisationGeometry -lStGermainBase   -L/Users/haolu/Software/snac/snac-1/build/lib -lmpich -L/opt/passcal/other/lib/mpich-mp -lmpich  -L/sw/lib    -L/opt/passcal/other/lib -lxml2 -lz -lpthread -liconv -lm   -lm -lmx            
ld: warning: directory not found for option '-L/sw/lib'
mpicc-mpich-mp -pipe  -DVERSION=\"0\" -Wall -g  -DCURR_MODULE_NAME=\"libStGermainDiscretisationUtils\"  -o /Users/haolu/Software/snac/snac-1/build/tests/testCornerVC  -I/Users/haolu/Software/snac/snac-1/build/include   -I/Users/haolu/Software/snac/snac-1/build/include/StGermain   -I/opt/passcal/other/include/mpich-mp   -I/opt/passcal/other/include/libxml2      testCornerVC.c   -L/Users/haolu/Software/snac/snac-1/build/lib   -L/Users/haolu/Software/snac/snac-1/build/lib -lStGermainDiscretisationUtils -lStGermainDiscretisationMesh -lStGermainDiscretisationShape -lStGermainDiscretisationGeometry -lStGermainBase   -L/Users/haolu/Software/snac/snac-1/build/lib -lmpich -L/opt/passcal/other/lib/mpich-mp -lmpich  -L/sw/lib    -L/opt/passcal/other/lib -lxml2 -lz -lpthread -liconv -lm   -lm -lmx            
ld: warning: directory not found for option '-L/sw/lib'
mpicc-mpich-mp -pipe  -DVERSION=\"0\" -DCURR_MODULE_NAME=\"StGermainDiscretisationSwarm\" -Wall -g     -c -o /Users/haolu/Software/snac/snac-1/build/tmp/lib-libStGermainDiscretisationSwarm/CellLayout.o -I/Users/haolu/Software/snac/snac-1/build/include   -I/Users/haolu/Software/snac/snac-1/build/include/StGermain -I/opt/passcal/other/include/mpich-mp -I/opt/passcal/other/include/libxml2   CellLayout.c
mpicc-mpich-mp -pipe  -DVERSION=\"0\" -DCURR_MODULE_NAME=\"StGermainDiscretisationSwarm\" -Wall -g     -c -o /Users/haolu/Software/snac/snac-1/build/tmp/lib-libStGermainDiscretisationSwarm/ElementCellLayout.o -I/Users/haolu/Software/snac/snac-1/build/include   -I/Users/haolu/Software/snac/snac-1/build/include/StGermain -I/opt/passcal/other/include/mpich-mp -I/opt/passcal/other/include/libxml2   ElementCellLayout.c
mpicc-mpich-mp -pipe  -DVERSION=\"0\" -DCURR_MODULE_NAME=\"StGermainDiscretisationSwarm\" -Wall -g     -c -o /Users/haolu/Software/snac/snac-1/build/tmp/lib-libStGermainDiscretisationSwarm/FileParticleLayout.o -I/Users/haolu/Software/snac/snac-1/build/include   -I/Users/haolu/Software/snac/snac-1/build/include/StGermain -I/opt/passcal/other/include/mpich-mp -I/opt/passcal/other/include/libxml2   FileParticleLayout.c
mpicc-mpich-mp -pipe  -DVERSION=\"0\" -DCURR_MODULE_NAME=\"StGermainDiscretisationSwarm\" -Wall -g     -c -o /Users/haolu/Software/snac/snac-1/build/tmp/lib-libStGermainDiscretisationSwarm/Finalise.o -I/Users/haolu/Software/snac/snac-1/build/include   -I/Users/haolu/Software/snac/snac-1/build/include/StGermain -I/opt/passcal/other/include/mpich-mp -I/opt/passcal/other/include/libxml2   Finalise.c
mpicc-mpich-mp -pipe  -DVERSION=\"0\" -DCURR_MODULE_NAME=\"StGermainDiscretisationSwarm\" -Wall -g     -c -o /Users/haolu/Software/snac/snac-1/build/tmp/lib-libStGermainDiscretisationSwarm/GaussParticleLayout.o -I/Users/haolu/Software/snac/snac-1/build/include   -I/Users/haolu/Software/snac/snac-1/build/include/StGermain -I/opt/passcal/other/include/mpich-mp -I/opt/passcal/other/include/libxml2   GaussParticleLayout.c
mpicc-mpich-mp -pipe  -DVERSION=\"0\" -DCURR_MODULE_NAME=\"StGermainDiscretisationSwarm\" -Wall -g     -c -o /Users/haolu/Software/snac/snac-1/build/tmp/lib-libStGermainDiscretisationSwarm/GlobalParticleLayout.o -I/Users/haolu/Software/snac/snac-1/build/include   -I/Users/haolu/Software/snac/snac-1/build/include/StGermain -I/opt/passcal/other/include/mpich-mp -I/opt/passcal/other/include/libxml2   GlobalParticleLayout.c
mpicc-mpich-mp -pipe  -DVERSION=\"0\" -DCURR_MODULE_NAME=\"StGermainDiscretisationSwarm\" -Wall -g     -c -o /Users/haolu/Software/snac/snac-1/build/tmp/lib-libStGermainDiscretisationSwarm/Init.o -I/Users/haolu/Software/snac/snac-1/build/include   -I/Users/haolu/Software/snac/snac-1/build/include/StGermain -I/opt/passcal/other/include/mpich-mp -I/opt/passcal/other/include/libxml2   Init.c
mpicc-mpich-mp -pipe  -DVERSION=\"0\" -DCURR_MODULE_NAME=\"StGermainDiscretisationSwarm\" -Wall -g     -c -o /Users/haolu/Software/snac/snac-1/build/tmp/lib-libStGermainDiscretisationSwarm/IntegrationPoint.o -I/Users/haolu/Software/snac/snac-1/build/include   -I/Users/haolu/Software/snac/snac-1/build/include/StGermain -I/opt/passcal/other/include/mpich-mp -I/opt/passcal/other/include/libxml2   IntegrationPoint.c
mpicc-mpich-mp -pipe  -DVERSION=\"0\" -DCURR_MODULE_NAME=\"StGermainDiscretisationSwarm\" -Wall -g     -c -o /Users/haolu/Software/snac/snac-1/build/tmp/lib-libStGermainDiscretisationSwarm/LineParticleLayout.o -I/Users/haolu/Software/snac/snac-1/build/include   -I/Users/haolu/Software/snac/snac-1/build/include/StGermain -I/opt/passcal/other/include/mpich-mp -I/opt/passcal/other/include/libxml2   LineParticleLayout.c
mpicc-mpich-mp -pipe  -DVERSION=\"0\" -DCURR_MODULE_NAME=\"StGermainDiscretisationSwarm\" -Wall -g     -c -o /Users/haolu/Software/snac/snac-1/build/tmp/lib-libStGermainDiscretisationSwarm/ManualParticleLayout.o -I/Users/haolu/Software/snac/snac-1/build/include   -I/Users/haolu/Software/snac/snac-1/build/include/StGermain -I/opt/passcal/other/include/mpich-mp -I/opt/passcal/other/include/libxml2   ManualParticleLayout.c
mpicc-mpich-mp -pipe  -DVERSION=\"0\" -DCURR_MODULE_NAME=\"StGermainDiscretisationSwarm\" -Wall -g     -c -o /Users/haolu/Software/snac/snac-1/build/tmp/lib-libStGermainDiscretisationSwarm/MeshParticleLayout.o -I/Users/haolu/Software/snac/snac-1/build/include   -I/Users/haolu/Software/snac/snac-1/build/include/StGermain -I/opt/passcal/other/include/mpich-mp -I/opt/passcal/other/include/libxml2   MeshParticleLayout.c
mpicc-mpich-mp -pipe  -DVERSION=\"0\" -DCURR_MODULE_NAME=\"StGermainDiscretisationSwarm\" -Wall -g     -c -o /Users/haolu/Software/snac/snac-1/build/tmp/lib-libStGermainDiscretisationSwarm/OperatorSwarmVariable.o -I/Users/haolu/Software/snac/snac-1/build/include   -I/Users/haolu/Software/snac/snac-1/build/include/StGermain -I/opt/passcal/other/include/mpich-mp -I/opt/passcal/other/include/libxml2   OperatorSwarmVariable.c
mpicc-mpich-mp -pipe  -DVERSION=\"0\" -DCURR_MODULE_NAME=\"StGermainDiscretisationSwarm\" -Wall -g     -c -o /Users/haolu/Software/snac/snac-1/build/tmp/lib-libStGermainDiscretisationSwarm/ParticleCommHandler.o -I/Users/haolu/Software/snac/snac-1/build/include   -I/Users/haolu/Software/snac/snac-1/build/include/StGermain -I/opt/passcal/other/include/mpich-mp -I/opt/passcal/other/include/libxml2   ParticleCommHandler.c
mpicc-mpich-mp -pipe  -DVERSION=\"0\" -DCURR_MODULE_NAME=\"StGermainDiscretisationSwarm\" -Wall -g     -c -o /Users/haolu/Software/snac/snac-1/build/tmp/lib-libStGermainDiscretisationSwarm/ParticleLayout.o -I/Users/haolu/Software/snac/snac-1/build/include   -I/Users/haolu/Software/snac/snac-1/build/include/StGermain -I/opt/passcal/other/include/mpich-mp -I/opt/passcal/other/include/libxml2   ParticleLayout.c
mpicc-mpich-mp -pipe  -DVERSION=\"0\" -DCURR_MODULE_NAME=\"StGermainDiscretisationSwarm\" -Wall -g     -c -o /Users/haolu/Software/snac/snac-1/build/tmp/lib-libStGermainDiscretisationSwarm/PerCellParticleLayout.o -I/Users/haolu/Software/snac/snac-1/build/include   -I/Users/haolu/Software/snac/snac-1/build/include/StGermain -I/opt/passcal/other/include/mpich-mp -I/opt/passcal/other/include/libxml2   PerCellParticleLayout.c
mpicc-mpich-mp -pipe  -DVERSION=\"0\" -DCURR_MODULE_NAME=\"StGermainDiscretisationSwarm\" -Wall -g     -c -o /Users/haolu/Software/snac/snac-1/build/tmp/lib-libStGermainDiscretisationSwarm/PlaneParticleLayout.o -I/Users/haolu/Software/snac/snac-1/build/include   -I/Users/haolu/Software/snac/snac-1/build/include/StGermain -I/opt/passcal/other/include/mpich-mp -I/opt/passcal/other/include/libxml2   PlaneParticleLayout.c
mpicc-mpich-mp -pipe  -DVERSION=\"0\" -DCURR_MODULE_NAME=\"StGermainDiscretisationSwarm\" -Wall -g     -c -o /Users/haolu/Software/snac/snac-1/build/tmp/lib-libStGermainDiscretisationSwarm/Random.o -I/Users/haolu/Software/snac/snac-1/build/include   -I/Users/haolu/Software/snac/snac-1/build/include/StGermain -I/opt/passcal/other/include/mpich-mp -I/opt/passcal/other/include/libxml2   Random.c
mpicc-mpich-mp -pipe  -DVERSION=\"0\" -DCURR_MODULE_NAME=\"StGermainDiscretisationSwarm\" -Wall -g     -c -o /Users/haolu/Software/snac/snac-1/build/tmp/lib-libStGermainDiscretisationSwarm/RandomParticleLayout.o -I/Users/haolu/Software/snac/snac-1/build/include   -I/Users/haolu/Software/snac/snac-1/build/include/StGermain -I/opt/passcal/other/include/mpich-mp -I/opt/passcal/other/include/libxml2   RandomParticleLayout.c
mpicc-mpich-mp -pipe  -DVERSION=\"0\" -DCURR_MODULE_NAME=\"StGermainDiscretisationSwarm\" -Wall -g     -c -o /Users/haolu/Software/snac/snac-1/build/tmp/lib-libStGermainDiscretisationSwarm/SingleCellLayout.o -I/Users/haolu/Software/snac/snac-1/build/include   -I/Users/haolu/Software/snac/snac-1/build/include/StGermain -I/opt/passcal/other/include/mpich-mp -I/opt/passcal/other/include/libxml2   SingleCellLayout.c
mpicc-mpich-mp -pipe  -DVERSION=\"0\" -DCURR_MODULE_NAME=\"StGermainDiscretisationSwarm\" -Wall -g     -c -o /Users/haolu/Software/snac/snac-1/build/tmp/lib-libStGermainDiscretisationSwarm/SpaceFillerParticleLayout.o -I/Users/haolu/Software/snac/snac-1/build/include   -I/Users/haolu/Software/snac/snac-1/build/include/StGermain -I/opt/passcal/other/include/mpich-mp -I/opt/passcal/other/include/libxml2   SpaceFillerParticleLayout.c
mpicc-mpich-mp -pipe  -DVERSION=\"0\" -DCURR_MODULE_NAME=\"StGermainDiscretisationSwarm\" -Wall -g     -c -o /Users/haolu/Software/snac/snac-1/build/tmp/lib-libStGermainDiscretisationSwarm/StandardParticle.o -I/Users/haolu/Software/snac/snac-1/build/include   -I/Users/haolu/Software/snac/snac-1/build/include/StGermain -I/opt/passcal/other/include/mpich-mp -I/opt/passcal/other/include/libxml2   StandardParticle.c
mpicc-mpich-mp -pipe  -DVERSION=\"0\" -DCURR_MODULE_NAME=\"StGermainDiscretisationSwarm\" -Wall -g     -c -o /Users/haolu/Software/snac/snac-1/build/tmp/lib-libStGermainDiscretisationSwarm/SwarmClass.o -I/Users/haolu/Software/snac/snac-1/build/include   -I/Users/haolu/Software/snac/snac-1/build/include/StGermain -I/opt/passcal/other/include/mpich-mp -I/opt/passcal/other/include/libxml2   SwarmClass.c
mpicc-mpich-mp -pipe  -DVERSION=\"0\" -DCURR_MODULE_NAME=\"StGermainDiscretisationSwarm\" -Wall -g     -c -o /Users/haolu/Software/snac/snac-1/build/tmp/lib-libStGermainDiscretisationSwarm/SwarmDump.o -I/Users/haolu/Software/snac/snac-1/build/include   -I/Users/haolu/Software/snac/snac-1/build/include/StGermain -I/opt/passcal/other/include/mpich-mp -I/opt/passcal/other/include/libxml2   SwarmDump.c
mpicc-mpich-mp -pipe  -DVERSION=\"0\" -DCURR_MODULE_NAME=\"StGermainDiscretisationSwarm\" -Wall -g     -c -o /Users/haolu/Software/snac/snac-1/build/tmp/lib-libStGermainDiscretisationSwarm/SwarmOutput.o -I/Users/haolu/Software/snac/snac-1/build/include   -I/Users/haolu/Software/snac/snac-1/build/include/StGermain -I/opt/passcal/other/include/mpich-mp -I/opt/passcal/other/include/libxml2   SwarmOutput.c
mpicc-mpich-mp -pipe  -DVERSION=\"0\" -DCURR_MODULE_NAME=\"StGermainDiscretisationSwarm\" -Wall -g     -c -o /Users/haolu/Software/snac/snac-1/build/tmp/lib-libStGermainDiscretisationSwarm/SwarmVariable.o -I/Users/haolu/Software/snac/snac-1/build/include   -I/Users/haolu/Software/snac/snac-1/build/include/StGermain -I/opt/passcal/other/include/mpich-mp -I/opt/passcal/other/include/libxml2   SwarmVariable.c
mpicc-mpich-mp -pipe  -DVERSION=\"0\" -DCURR_MODULE_NAME=\"StGermainDiscretisationSwarm\" -Wall -g     -c -o /Users/haolu/Software/snac/snac-1/build/tmp/lib-libStGermainDiscretisationSwarm/SwarmVariable_Register.o -I/Users/haolu/Software/snac/snac-1/build/include   -I/Users/haolu/Software/snac/snac-1/build/include/StGermain -I/opt/passcal/other/include/mpich-mp -I/opt/passcal/other/include/libxml2   SwarmVariable_Register.c
mpicc-mpich-mp -pipe  -DVERSION=\"0\" -DCURR_MODULE_NAME=\"StGermainDiscretisationSwarm\" -Wall -g     -c -o /Users/haolu/Software/snac/snac-1/build/tmp/lib-libStGermainDiscretisationSwarm/Swarm_Register.o -I/Users/haolu/Software/snac/snac-1/build/include   -I/Users/haolu/Software/snac/snac-1/build/include/StGermain -I/opt/passcal/other/include/mpich-mp -I/opt/passcal/other/include/libxml2   Swarm_Register.c
mpicc-mpich-mp -pipe  -DVERSION=\"0\" -DCURR_MODULE_NAME=\"StGermainDiscretisationSwarm\" -Wall -g     -c -o /Users/haolu/Software/snac/snac-1/build/tmp/lib-libStGermainDiscretisationSwarm/TriGaussParticleLayout.o -I/Users/haolu/Software/snac/snac-1/build/include   -I/Users/haolu/Software/snac/snac-1/build/include/StGermain -I/opt/passcal/other/include/mpich-mp -I/opt/passcal/other/include/libxml2   TriGaussParticleLayout.c
mpicc-mpich-mp -pipe  -DVERSION=\"0\" -DCURR_MODULE_NAME=\"StGermainDiscretisationSwarm\" -Wall -g     -c -o /Users/haolu/Software/snac/snac-1/build/tmp/lib-libStGermainDiscretisationSwarm/TriSingleCellLayout.o -I/Users/haolu/Software/snac/snac-1/build/include   -I/Users/haolu/Software/snac/snac-1/build/include/StGermain -I/opt/passcal/other/include/mpich-mp -I/opt/passcal/other/include/libxml2   TriSingleCellLayout.c
mpicc-mpich-mp -pipe  -DVERSION=\"0\" -DCURR_MODULE_NAME=\"StGermainDiscretisationSwarm\" -Wall -g     -c -o /Users/haolu/Software/snac/snac-1/build/tmp/lib-libStGermainDiscretisationSwarm/UnionParticleLayout.o -I/Users/haolu/Software/snac/snac-1/build/include   -I/Users/haolu/Software/snac/snac-1/build/include/StGermain -I/opt/passcal/other/include/mpich-mp -I/opt/passcal/other/include/libxml2   UnionParticleLayout.c
mpicc-mpich-mp -pipe  -DVERSION=\"0\" -DCURR_MODULE_NAME=\"StGermainDiscretisationSwarm\" -Wall -g     -c -o /Users/haolu/Software/snac/snac-1/build/tmp/lib-libStGermainDiscretisationSwarm/WithinShapeParticleLayout.o -I/Users/haolu/Software/snac/snac-1/build/include   -I/Users/haolu/Software/snac/snac-1/build/include/StGermain -I/opt/passcal/other/include/mpich-mp -I/opt/passcal/other/include/libxml2   WithinShapeParticleLayout.c
Creating metadata CellLayout-meta.c from CellLayout.meta
mpicc-mpich-mp -pipe  -DVERSION=\"0\" -DCURR_MODULE_NAME=\"StGermainDiscretisationSwarm\" -Wall -g     -c -o /Users/haolu/Software/snac/snac-1/build/tmp/lib-libStGermainDiscretisationSwarm/CellLayout-meta.o -I/Users/haolu/Software/snac/snac-1/build/include   -I/Users/haolu/Software/snac/snac-1/build/include/StGermain -I/opt/passcal/other/include/mpich-mp -I/opt/passcal/other/include/libxml2   CellLayout-meta.c
Creating metadata ElementCellLayout-meta.c from ElementCellLayout.meta
mpicc-mpich-mp -pipe  -DVERSION=\"0\" -DCURR_MODULE_NAME=\"StGermainDiscretisationSwarm\" -Wall -g     -c -o /Users/haolu/Software/snac/snac-1/build/tmp/lib-libStGermainDiscretisationSwarm/ElementCellLayout-meta.o -I/Users/haolu/Software/snac/snac-1/build/include   -I/Users/haolu/Software/snac/snac-1/build/include/StGermain -I/opt/passcal/other/include/mpich-mp -I/opt/passcal/other/include/libxml2   ElementCellLayout-meta.c
Creating metadata FileParticleLayout-meta.c from FileParticleLayout.meta
mpicc-mpich-mp -pipe  -DVERSION=\"0\" -DCURR_MODULE_NAME=\"StGermainDiscretisationSwarm\" -Wall -g     -c -o /Users/haolu/Software/snac/snac-1/build/tmp/lib-libStGermainDiscretisationSwarm/FileParticleLayout-meta.o -I/Users/haolu/Software/snac/snac-1/build/include   -I/Users/haolu/Software/snac/snac-1/build/include/StGermain -I/opt/passcal/other/include/mpich-mp -I/opt/passcal/other/include/libxml2   FileParticleLayout-meta.c
Creating metadata GaussParticleLayout-meta.c from GaussParticleLayout.meta
mpicc-mpich-mp -pipe  -DVERSION=\"0\" -DCURR_MODULE_NAME=\"StGermainDiscretisationSwarm\" -Wall -g     -c -o /Users/haolu/Software/snac/snac-1/build/tmp/lib-libStGermainDiscretisationSwarm/GaussParticleLayout-meta.o -I/Users/haolu/Software/snac/snac-1/build/include   -I/Users/haolu/Software/snac/snac-1/build/include/StGermain -I/opt/passcal/other/include/mpich-mp -I/opt/passcal/other/include/libxml2   GaussParticleLayout-meta.c
Creating metadata GlobalParticleLayout-meta.c from GlobalParticleLayout.meta
mpicc-mpich-mp -pipe  -DVERSION=\"0\" -DCURR_MODULE_NAME=\"StGermainDiscretisationSwarm\" -Wall -g     -c -o /Users/haolu/Software/snac/snac-1/build/tmp/lib-libStGermainDiscretisationSwarm/GlobalParticleLayout-meta.o -I/Users/haolu/Software/snac/snac-1/build/include   -I/Users/haolu/Software/snac/snac-1/build/include/StGermain -I/opt/passcal/other/include/mpich-mp -I/opt/passcal/other/include/libxml2   GlobalParticleLayout-meta.c
Creating metadata LineParticleLayout-meta.c from LineParticleLayout.meta
mpicc-mpich-mp -pipe  -DVERSION=\"0\" -DCURR_MODULE_NAME=\"StGermainDiscretisationSwarm\" -Wall -g     -c -o /Users/haolu/Software/snac/snac-1/build/tmp/lib-libStGermainDiscretisationSwarm/LineParticleLayout-meta.o -I/Users/haolu/Software/snac/snac-1/build/include   -I/Users/haolu/Software/snac/snac-1/build/include/StGermain -I/opt/passcal/other/include/mpich-mp -I/opt/passcal/other/include/libxml2   LineParticleLayout-meta.c
Creating metadata ManualParticleLayout-meta.c from ManualParticleLayout.meta
mpicc-mpich-mp -pipe  -DVERSION=\"0\" -DCURR_MODULE_NAME=\"StGermainDiscretisationSwarm\" -Wall -g     -c -o /Users/haolu/Software/snac/snac-1/build/tmp/lib-libStGermainDiscretisationSwarm/ManualParticleLayout-meta.o -I/Users/haolu/Software/snac/snac-1/build/include   -I/Users/haolu/Software/snac/snac-1/build/include/StGermain -I/opt/passcal/other/include/mpich-mp -I/opt/passcal/other/include/libxml2   ManualParticleLayout-meta.c
Creating metadata MeshParticleLayout-meta.c from MeshParticleLayout.meta
mpicc-mpich-mp -pipe  -DVERSION=\"0\" -DCURR_MODULE_NAME=\"StGermainDiscretisationSwarm\" -Wall -g     -c -o /Users/haolu/Software/snac/snac-1/build/tmp/lib-libStGermainDiscretisationSwarm/MeshParticleLayout-meta.o -I/Users/haolu/Software/snac/snac-1/build/include   -I/Users/haolu/Software/snac/snac-1/build/include/StGermain -I/opt/passcal/other/include/mpich-mp -I/opt/passcal/other/include/libxml2   MeshParticleLayout-meta.c
Creating metadata OperatorSwarmVariable-meta.c from OperatorSwarmVariable.meta
mpicc-mpich-mp -pipe  -DVERSION=\"0\" -DCURR_MODULE_NAME=\"StGermainDiscretisationSwarm\" -Wall -g     -c -o /Users/haolu/Software/snac/snac-1/build/tmp/lib-libStGermainDiscretisationSwarm/OperatorSwarmVariable-meta.o -I/Users/haolu/Software/snac/snac-1/build/include   -I/Users/haolu/Software/snac/snac-1/build/include/StGermain -I/opt/passcal/other/include/mpich-mp -I/opt/passcal/other/include/libxml2   OperatorSwarmVariable-meta.c
Creating metadata ParticleCommHandler-meta.c from ParticleCommHandler.meta
mpicc-mpich-mp -pipe  -DVERSION=\"0\" -DCURR_MODULE_NAME=\"StGermainDiscretisationSwarm\" -Wall -g     -c -o /Users/haolu/Software/snac/snac-1/build/tmp/lib-libStGermainDiscretisationSwarm/ParticleCommHandler-meta.o -I/Users/haolu/Software/snac/snac-1/build/include   -I/Users/haolu/Software/snac/snac-1/build/include/StGermain -I/opt/passcal/other/include/mpich-mp -I/opt/passcal/other/include/libxml2   ParticleCommHandler-meta.c
Creating metadata ParticleLayout-meta.c from ParticleLayout.meta
mpicc-mpich-mp -pipe  -DVERSION=\"0\" -DCURR_MODULE_NAME=\"StGermainDiscretisationSwarm\" -Wall -g     -c -o /Users/haolu/Software/snac/snac-1/build/tmp/lib-libStGermainDiscretisationSwarm/ParticleLayout-meta.o -I/Users/haolu/Software/snac/snac-1/build/include   -I/Users/haolu/Software/snac/snac-1/build/include/StGermain -I/opt/passcal/other/include/mpich-mp -I/opt/passcal/other/include/libxml2   ParticleLayout-meta.c
Creating metadata PerCellParticleLayout-meta.c from PerCellParticleLayout.meta
mpicc-mpich-mp -pipe  -DVERSION=\"0\" -DCURR_MODULE_NAME=\"StGermainDiscretisationSwarm\" -Wall -g     -c -o /Users/haolu/Software/snac/snac-1/build/tmp/lib-libStGermainDiscretisationSwarm/PerCellParticleLayout-meta.o -I/Users/haolu/Software/snac/snac-1/build/include   -I/Users/haolu/Software/snac/snac-1/build/include/StGermain -I/opt/passcal/other/include/mpich-mp -I/opt/passcal/other/include/libxml2   PerCellParticleLayout-meta.c
Creating metadata PlaneParticleLayout-meta.c from PlaneParticleLayout.meta
mpicc-mpich-mp -pipe  -DVERSION=\"0\" -DCURR_MODULE_NAME=\"StGermainDiscretisationSwarm\" -Wall -g     -c -o /Users/haolu/Software/snac/snac-1/build/tmp/lib-libStGermainDiscretisationSwarm/PlaneParticleLayout-meta.o -I/Users/haolu/Software/snac/snac-1/build/include   -I/Users/haolu/Software/snac/snac-1/build/include/StGermain -I/opt/passcal/other/include/mpich-mp -I/opt/passcal/other/include/libxml2   PlaneParticleLayout-meta.c
Creating metadata RandomParticleLayout-meta.c from RandomParticleLayout.meta
mpicc-mpich-mp -pipe  -DVERSION=\"0\" -DCURR_MODULE_NAME=\"StGermainDiscretisationSwarm\" -Wall -g     -c -o /Users/haolu/Software/snac/snac-1/build/tmp/lib-libStGermainDiscretisationSwarm/RandomParticleLayout-meta.o -I/Users/haolu/Software/snac/snac-1/build/include   -I/Users/haolu/Software/snac/snac-1/build/include/StGermain -I/opt/passcal/other/include/mpich-mp -I/opt/passcal/other/include/libxml2   RandomParticleLayout-meta.c
Creating metadata SingleCellLayout-meta.c from SingleCellLayout.meta
mpicc-mpich-mp -pipe  -DVERSION=\"0\" -DCURR_MODULE_NAME=\"StGermainDiscretisationSwarm\" -Wall -g     -c -o /Users/haolu/Software/snac/snac-1/build/tmp/lib-libStGermainDiscretisationSwarm/SingleCellLayout-meta.o -I/Users/haolu/Software/snac/snac-1/build/include   -I/Users/haolu/Software/snac/snac-1/build/include/StGermain -I/opt/passcal/other/include/mpich-mp -I/opt/passcal/other/include/libxml2   SingleCellLayout-meta.c
Creating metadata SpaceFillerParticleLayout-meta.c from SpaceFillerParticleLayout.meta
mpicc-mpich-mp -pipe  -DVERSION=\"0\" -DCURR_MODULE_NAME=\"StGermainDiscretisationSwarm\" -Wall -g     -c -o /Users/haolu/Software/snac/snac-1/build/tmp/lib-libStGermainDiscretisationSwarm/SpaceFillerParticleLayout-meta.o -I/Users/haolu/Software/snac/snac-1/build/include   -I/Users/haolu/Software/snac/snac-1/build/include/StGermain -I/opt/passcal/other/include/mpich-mp -I/opt/passcal/other/include/libxml2   SpaceFillerParticleLayout-meta.c
Creating metadata SwarmClass-meta.c from SwarmClass.meta
mpicc-mpich-mp -pipe  -DVERSION=\"0\" -DCURR_MODULE_NAME=\"StGermainDiscretisationSwarm\" -Wall -g     -c -o /Users/haolu/Software/snac/snac-1/build/tmp/lib-libStGermainDiscretisationSwarm/SwarmClass-meta.o -I/Users/haolu/Software/snac/snac-1/build/include   -I/Users/haolu/Software/snac/snac-1/build/include/StGermain -I/opt/passcal/other/include/mpich-mp -I/opt/passcal/other/include/libxml2   SwarmClass-meta.c
Creating metadata SwarmDump-meta.c from SwarmDump.meta
mpicc-mpich-mp -pipe  -DVERSION=\"0\" -DCURR_MODULE_NAME=\"StGermainDiscretisationSwarm\" -Wall -g     -c -o /Users/haolu/Software/snac/snac-1/build/tmp/lib-libStGermainDiscretisationSwarm/SwarmDump-meta.o -I/Users/haolu/Software/snac/snac-1/build/include   -I/Users/haolu/Software/snac/snac-1/build/include/StGermain -I/opt/passcal/other/include/mpich-mp -I/opt/passcal/other/include/libxml2   SwarmDump-meta.c
Creating metadata SwarmOutput-meta.c from SwarmOutput.meta
mpicc-mpich-mp -pipe  -DVERSION=\"0\" -DCURR_MODULE_NAME=\"StGermainDiscretisationSwarm\" -Wall -g     -c -o /Users/haolu/Software/snac/snac-1/build/tmp/lib-libStGermainDiscretisationSwarm/SwarmOutput-meta.o -I/Users/haolu/Software/snac/snac-1/build/include   -I/Users/haolu/Software/snac/snac-1/build/include/StGermain -I/opt/passcal/other/include/mpich-mp -I/opt/passcal/other/include/libxml2   SwarmOutput-meta.c
Creating metadata SwarmVariable-meta.c from SwarmVariable.meta
mpicc-mpich-mp -pipe  -DVERSION=\"0\" -DCURR_MODULE_NAME=\"StGermainDiscretisationSwarm\" -Wall -g     -c -o /Users/haolu/Software/snac/snac-1/build/tmp/lib-libStGermainDiscretisationSwarm/SwarmVariable-meta.o -I/Users/haolu/Software/snac/snac-1/build/include   -I/Users/haolu/Software/snac/snac-1/build/include/StGermain -I/opt/passcal/other/include/mpich-mp -I/opt/passcal/other/include/libxml2   SwarmVariable-meta.c
Creating metadata TriGaussParticleLayout-meta.c from TriGaussParticleLayout.meta
mpicc-mpich-mp -pipe  -DVERSION=\"0\" -DCURR_MODULE_NAME=\"StGermainDiscretisationSwarm\" -Wall -g     -c -o /Users/haolu/Software/snac/snac-1/build/tmp/lib-libStGermainDiscretisationSwarm/TriGaussParticleLayout-meta.o -I/Users/haolu/Software/snac/snac-1/build/include   -I/Users/haolu/Software/snac/snac-1/build/include/StGermain -I/opt/passcal/other/include/mpich-mp -I/opt/passcal/other/include/libxml2   TriGaussParticleLayout-meta.c
Creating metadata TriSingleCellLayout-meta.c from TriSingleCellLayout.meta
mpicc-mpich-mp -pipe  -DVERSION=\"0\" -DCURR_MODULE_NAME=\"StGermainDiscretisationSwarm\" -Wall -g     -c -o /Users/haolu/Software/snac/snac-1/build/tmp/lib-libStGermainDiscretisationSwarm/TriSingleCellLayout-meta.o -I/Users/haolu/Software/snac/snac-1/build/include   -I/Users/haolu/Software/snac/snac-1/build/include/StGermain -I/opt/passcal/other/include/mpich-mp -I/opt/passcal/other/include/libxml2   TriSingleCellLayout-meta.c
Creating metadata UnionParticleLayout-meta.c from UnionParticleLayout.meta
mpicc-mpich-mp -pipe  -DVERSION=\"0\" -DCURR_MODULE_NAME=\"StGermainDiscretisationSwarm\" -Wall -g     -c -o /Users/haolu/Software/snac/snac-1/build/tmp/lib-libStGermainDiscretisationSwarm/UnionParticleLayout-meta.o -I/Users/haolu/Software/snac/snac-1/build/include   -I/Users/haolu/Software/snac/snac-1/build/include/StGermain -I/opt/passcal/other/include/mpich-mp -I/opt/passcal/other/include/libxml2   UnionParticleLayout-meta.c
Creating metadata WithinShapeParticleLayout-meta.c from WithinShapeParticleLayout.meta
mpicc-mpich-mp -pipe  -DVERSION=\"0\" -DCURR_MODULE_NAME=\"StGermainDiscretisationSwarm\" -Wall -g     -c -o /Users/haolu/Software/snac/snac-1/build/tmp/lib-libStGermainDiscretisationSwarm/WithinShapeParticleLayout-meta.o -I/Users/haolu/Software/snac/snac-1/build/include   -I/Users/haolu/Software/snac/snac-1/build/include/StGermain -I/opt/passcal/other/include/mpich-mp -I/opt/passcal/other/include/libxml2   WithinShapeParticleLayout-meta.c
ar -cru /Users/haolu/Software/snac/snac-1/build/tmp/lib-libStGermainDiscretisationSwarm.a/libStGermainDiscretisationSwarm.a. /Users/haolu/Software/snac/snac-1/build/tmp/lib-libStGermainDiscretisationSwarm/CellLayout.o /Users/haolu/Software/snac/snac-1/build/tmp/lib-libStGermainDiscretisationSwarm/ElementCellLayout.o /Users/haolu/Software/snac/snac-1/build/tmp/lib-libStGermainDiscretisationSwarm/FileParticleLayout.o /Users/haolu/Software/snac/snac-1/build/tmp/lib-libStGermainDiscretisationSwarm/Finalise.o /Users/haolu/Software/snac/snac-1/build/tmp/lib-libStGermainDiscretisationSwarm/GaussParticleLayout.o /Users/haolu/Software/snac/snac-1/build/tmp/lib-libStGermainDiscretisationSwarm/GlobalParticleLayout.o /Users/haolu/Software/snac/snac-1/build/tmp/lib-libStGermainDiscretisationSwarm/Init.o /Users/haolu/Software/snac/snac-1/build/tmp/lib-libStGermainDiscretisationSwarm/IntegrationPoint.o /Users/haolu/Software/snac/snac-1/build/tmp/lib-libStGermainDiscretisationSwarm/LineParticleLayout.o /Users/haolu/Software/snac/snac-1/build/tmp/lib-libStGermainDiscretisationSwarm/ManualParticleLayout.o /Users/haolu/Software/snac/snac-1/build/tmp/lib-libStGermainDiscretisationSwarm/MeshParticleLayout.o /Users/haolu/Software/snac/snac-1/build/tmp/lib-libStGermainDiscretisationSwarm/OperatorSwarmVariable.o /Users/haolu/Software/snac/snac-1/build/tmp/lib-libStGermainDiscretisationSwarm/ParticleCommHandler.o /Users/haolu/Software/snac/snac-1/build/tmp/lib-libStGermainDiscretisationSwarm/ParticleLayout.o /Users/haolu/Software/snac/snac-1/build/tmp/lib-libStGermainDiscretisationSwarm/PerCellParticleLayout.o /Users/haolu/Software/snac/snac-1/build/tmp/lib-libStGermainDiscretisationSwarm/PlaneParticleLayout.o /Users/haolu/Software/snac/snac-1/build/tmp/lib-libStGermainDiscretisationSwarm/Random.o /Users/haolu/Software/snac/snac-1/build/tmp/lib-libStGermainDiscretisationSwarm/RandomParticleLayout.o /Users/haolu/Software/snac/snac-1/build/tmp/lib-libStGermainDiscretisationSwarm/SingleCellLayout.o /Users/haolu/Software/snac/snac-1/build/tmp/lib-libStGermainDiscretisationSwarm/SpaceFillerParticleLayout.o /Users/haolu/Software/snac/snac-1/build/tmp/lib-libStGermainDiscretisationSwarm/StandardParticle.o /Users/haolu/Software/snac/snac-1/build/tmp/lib-libStGermainDiscretisationSwarm/SwarmClass.o /Users/haolu/Software/snac/snac-1/build/tmp/lib-libStGermainDiscretisationSwarm/SwarmDump.o /Users/haolu/Software/snac/snac-1/build/tmp/lib-libStGermainDiscretisationSwarm/SwarmOutput.o /Users/haolu/Software/snac/snac-1/build/tmp/lib-libStGermainDiscretisationSwarm/SwarmVariable.o /Users/haolu/Software/snac/snac-1/build/tmp/lib-libStGermainDiscretisationSwarm/SwarmVariable_Register.o /Users/haolu/Software/snac/snac-1/build/tmp/lib-libStGermainDiscretisationSwarm/Swarm_Register.o /Users/haolu/Software/snac/snac-1/build/tmp/lib-libStGermainDiscretisationSwarm/TriGaussParticleLayout.o /Users/haolu/Software/snac/snac-1/build/tmp/lib-libStGermainDiscretisationSwarm/TriSingleCellLayout.o /Users/haolu/Software/snac/snac-1/build/tmp/lib-libStGermainDiscretisationSwarm/UnionParticleLayout.o /Users/haolu/Software/snac/snac-1/build/tmp/lib-libStGermainDiscretisationSwarm/WithinShapeParticleLayout.o /Users/haolu/Software/snac/snac-1/build/tmp/lib-libStGermainDiscretisationSwarm/CellLayout-meta.o /Users/haolu/Software/snac/snac-1/build/tmp/lib-libStGermainDiscretisationSwarm/ElementCellLayout-meta.o /Users/haolu/Software/snac/snac-1/build/tmp/lib-libStGermainDiscretisationSwarm/FileParticleLayout-meta.o /Users/haolu/Software/snac/snac-1/build/tmp/lib-libStGermainDiscretisationSwarm/GaussParticleLayout-meta.o /Users/haolu/Software/snac/snac-1/build/tmp/lib-libStGermainDiscretisationSwarm/GlobalParticleLayout-meta.o /Users/haolu/Software/snac/snac-1/build/tmp/lib-libStGermainDiscretisationSwarm/LineParticleLayout-meta.o /Users/haolu/Software/snac/snac-1/build/tmp/lib-libStGermainDiscretisationSwarm/ManualParticleLayout-meta.o /Users/haolu/Software/snac/snac-1/build/tmp/lib-libStGermainDiscretisationSwarm/MeshParticleLayout-meta.o /Users/haolu/Software/snac/snac-1/build/tmp/lib-libStGermainDiscretisationSwarm/OperatorSwarmVariable-meta.o /Users/haolu/Software/snac/snac-1/build/tmp/lib-libStGermainDiscretisationSwarm/ParticleCommHandler-meta.o /Users/haolu/Software/snac/snac-1/build/tmp/lib-libStGermainDiscretisationSwarm/ParticleLayout-meta.o /Users/haolu/Software/snac/snac-1/build/tmp/lib-libStGermainDiscretisationSwarm/PerCellParticleLayout-meta.o /Users/haolu/Software/snac/snac-1/build/tmp/lib-libStGermainDiscretisationSwarm/PlaneParticleLayout-meta.o /Users/haolu/Software/snac/snac-1/build/tmp/lib-libStGermainDiscretisationSwarm/RandomParticleLayout-meta.o /Users/haolu/Software/snac/snac-1/build/tmp/lib-libStGermainDiscretisationSwarm/SingleCellLayout-meta.o /Users/haolu/Software/snac/snac-1/build/tmp/lib-libStGermainDiscretisationSwarm/SpaceFillerParticleLayout-meta.o /Users/haolu/Software/snac/snac-1/build/tmp/lib-libStGermainDiscretisationSwarm/SwarmClass-meta.o /Users/haolu/Software/snac/snac-1/build/tmp/lib-libStGermainDiscretisationSwarm/SwarmDump-meta.o /Users/haolu/Software/snac/snac-1/build/tmp/lib-libStGermainDiscretisationSwarm/SwarmOutput-meta.o /Users/haolu/Software/snac/snac-1/build/tmp/lib-libStGermainDiscretisationSwarm/SwarmVariable-meta.o /Users/haolu/Software/snac/snac-1/build/tmp/lib-libStGermainDiscretisationSwarm/TriGaussParticleLayout-meta.o /Users/haolu/Software/snac/snac-1/build/tmp/lib-libStGermainDiscretisationSwarm/TriSingleCellLayout-meta.o /Users/haolu/Software/snac/snac-1/build/tmp/lib-libStGermainDiscretisationSwarm/UnionParticleLayout-meta.o /Users/haolu/Software/snac/snac-1/build/tmp/lib-libStGermainDiscretisationSwarm/WithinShapeParticleLayout-meta.o
/usr/bin/ranlib /Users/haolu/Software/snac/snac-1/build/tmp/lib-libStGermainDiscretisationSwarm.a/libStGermainDiscretisationSwarm.a.
Install name: -install_name /Users/haolu/Software/snac/snac-1/build/lib/libStGermainDiscretisationSwarm.dylib
mpicc-mpich-mp -pipe  -DVERSION=\"0\" -DCURR_MODULE_NAME=\"StGermainDiscretisationSwarm\" -Wall -g    -o /Users/haolu/Software/snac/snac-1/build/tmp/lib-libStGermainDiscretisationSwarm.dylib/libStGermainDiscretisationSwarm.dylib. -dynamiclib -flat_namespace -undefined suppress -single_module  /Users/haolu/Software/snac/snac-1/build/tmp/lib-libStGermainDiscretisationSwarm/CellLayout.o /Users/haolu/Software/snac/snac-1/build/tmp/lib-libStGermainDiscretisationSwarm/ElementCellLayout.o /Users/haolu/Software/snac/snac-1/build/tmp/lib-libStGermainDiscretisationSwarm/FileParticleLayout.o /Users/haolu/Software/snac/snac-1/build/tmp/lib-libStGermainDiscretisationSwarm/Finalise.o /Users/haolu/Software/snac/snac-1/build/tmp/lib-libStGermainDiscretisationSwarm/GaussParticleLayout.o /Users/haolu/Software/snac/snac-1/build/tmp/lib-libStGermainDiscretisationSwarm/GlobalParticleLayout.o /Users/haolu/Software/snac/snac-1/build/tmp/lib-libStGermainDiscretisationSwarm/Init.o /Users/haolu/Software/snac/snac-1/build/tmp/lib-libStGermainDiscretisationSwarm/IntegrationPoint.o /Users/haolu/Software/snac/snac-1/build/tmp/lib-libStGermainDiscretisationSwarm/LineParticleLayout.o /Users/haolu/Software/snac/snac-1/build/tmp/lib-libStGermainDiscretisationSwarm/ManualParticleLayout.o /Users/haolu/Software/snac/snac-1/build/tmp/lib-libStGermainDiscretisationSwarm/MeshParticleLayout.o /Users/haolu/Software/snac/snac-1/build/tmp/lib-libStGermainDiscretisationSwarm/OperatorSwarmVariable.o /Users/haolu/Software/snac/snac-1/build/tmp/lib-libStGermainDiscretisationSwarm/ParticleCommHandler.o /Users/haolu/Software/snac/snac-1/build/tmp/lib-libStGermainDiscretisationSwarm/ParticleLayout.o /Users/haolu/Software/snac/snac-1/build/tmp/lib-libStGermainDiscretisationSwarm/PerCellParticleLayout.o /Users/haolu/Software/snac/snac-1/build/tmp/lib-libStGermainDiscretisationSwarm/PlaneParticleLayout.o /Users/haolu/Software/snac/snac-1/build/tmp/lib-libStGermainDiscretisationSwarm/Random.o /Users/haolu/Software/snac/snac-1/build/tmp/lib-libStGermainDiscretisationSwarm/RandomParticleLayout.o /Users/haolu/Software/snac/snac-1/build/tmp/lib-libStGermainDiscretisationSwarm/SingleCellLayout.o /Users/haolu/Software/snac/snac-1/build/tmp/lib-libStGermainDiscretisationSwarm/SpaceFillerParticleLayout.o /Users/haolu/Software/snac/snac-1/build/tmp/lib-libStGermainDiscretisationSwarm/StandardParticle.o /Users/haolu/Software/snac/snac-1/build/tmp/lib-libStGermainDiscretisationSwarm/SwarmClass.o /Users/haolu/Software/snac/snac-1/build/tmp/lib-libStGermainDiscretisationSwarm/SwarmDump.o /Users/haolu/Software/snac/snac-1/build/tmp/lib-libStGermainDiscretisationSwarm/SwarmOutput.o /Users/haolu/Software/snac/snac-1/build/tmp/lib-libStGermainDiscretisationSwarm/SwarmVariable.o /Users/haolu/Software/snac/snac-1/build/tmp/lib-libStGermainDiscretisationSwarm/SwarmVariable_Register.o /Users/haolu/Software/snac/snac-1/build/tmp/lib-libStGermainDiscretisationSwarm/Swarm_Register.o /Users/haolu/Software/snac/snac-1/build/tmp/lib-libStGermainDiscretisationSwarm/TriGaussParticleLayout.o /Users/haolu/Software/snac/snac-1/build/tmp/lib-libStGermainDiscretisationSwarm/TriSingleCellLayout.o /Users/haolu/Software/snac/snac-1/build/tmp/lib-libStGermainDiscretisationSwarm/UnionParticleLayout.o /Users/haolu/Software/snac/snac-1/build/tmp/lib-libStGermainDiscretisationSwarm/WithinShapeParticleLayout.o /Users/haolu/Software/snac/snac-1/build/tmp/lib-libStGermainDiscretisationSwarm/CellLayout-meta.o /Users/haolu/Software/snac/snac-1/build/tmp/lib-libStGermainDiscretisationSwarm/ElementCellLayout-meta.o /Users/haolu/Software/snac/snac-1/build/tmp/lib-libStGermainDiscretisationSwarm/FileParticleLayout-meta.o /Users/haolu/Software/snac/snac-1/build/tmp/lib-libStGermainDiscretisationSwarm/GaussParticleLayout-meta.o /Users/haolu/Software/snac/snac-1/build/tmp/lib-libStGermainDiscretisationSwarm/GlobalParticleLayout-meta.o /Users/haolu/Software/snac/snac-1/build/tmp/lib-libStGermainDiscretisationSwarm/LineParticleLayout-meta.o /Users/haolu/Software/snac/snac-1/build/tmp/lib-libStGermainDiscretisationSwarm/ManualParticleLayout-meta.o /Users/haolu/Software/snac/snac-1/build/tmp/lib-libStGermainDiscretisationSwarm/MeshParticleLayout-meta.o /Users/haolu/Software/snac/snac-1/build/tmp/lib-libStGermainDiscretisationSwarm/OperatorSwarmVariable-meta.o /Users/haolu/Software/snac/snac-1/build/tmp/lib-libStGermainDiscretisationSwarm/ParticleCommHandler-meta.o /Users/haolu/Software/snac/snac-1/build/tmp/lib-libStGermainDiscretisationSwarm/ParticleLayout-meta.o /Users/haolu/Software/snac/snac-1/build/tmp/lib-libStGermainDiscretisationSwarm/PerCellParticleLayout-meta.o /Users/haolu/Software/snac/snac-1/build/tmp/lib-libStGermainDiscretisationSwarm/PlaneParticleLayout-meta.o /Users/haolu/Software/snac/snac-1/build/tmp/lib-libStGermainDiscretisationSwarm/RandomParticleLayout-meta.o /Users/haolu/Software/snac/snac-1/build/tmp/lib-libStGermainDiscretisationSwarm/SingleCellLayout-meta.o /Users/haolu/Software/snac/snac-1/build/tmp/lib-libStGermainDiscretisationSwarm/SpaceFillerParticleLayout-meta.o /Users/haolu/Software/snac/snac-1/build/tmp/lib-libStGermainDiscretisationSwarm/SwarmClass-meta.o /Users/haolu/Software/snac/snac-1/build/tmp/lib-libStGermainDiscretisationSwarm/SwarmDump-meta.o /Users/haolu/Software/snac/snac-1/build/tmp/lib-libStGermainDiscretisationSwarm/SwarmOutput-meta.o /Users/haolu/Software/snac/snac-1/build/tmp/lib-libStGermainDiscretisationSwarm/SwarmVariable-meta.o /Users/haolu/Software/snac/snac-1/build/tmp/lib-libStGermainDiscretisationSwarm/TriGaussParticleLayout-meta.o /Users/haolu/Software/snac/snac-1/build/tmp/lib-libStGermainDiscretisationSwarm/TriSingleCellLayout-meta.o /Users/haolu/Software/snac/snac-1/build/tmp/lib-libStGermainDiscretisationSwarm/UnionParticleLayout-meta.o /Users/haolu/Software/snac/snac-1/build/tmp/lib-libStGermainDiscretisationSwarm/WithinShapeParticleLayout-meta.o  -L/Users/haolu/Software/snac/snac-1/build/lib   -L/Users/haolu/Software/snac/snac-1/build/lib -lStGermainDiscretisationUtils    -install_name /Users/haolu/Software/snac/snac-1/build/lib/libStGermainDiscretisationSwarm.dylib
rm OperatorSwarmVariable-meta.c ManualParticleLayout-meta.c RandomParticleLayout-meta.c ElementCellLayout-meta.c SingleCellLayout-meta.c ParticleLayout-meta.c MeshParticleLayout-meta.c GaussParticleLayout-meta.c UnionParticleLayout-meta.c TriSingleCellLayout-meta.c SwarmClass-meta.c SwarmOutput-meta.c SpaceFillerParticleLayout-meta.c SwarmDump-meta.c FileParticleLayout-meta.c LineParticleLayout-meta.c TriGaussParticleLayout-meta.c CellLayout-meta.c PerCellParticleLayout-meta.c WithinShapeParticleLayout-meta.c ParticleCommHandler-meta.c GlobalParticleLayout-meta.c PlaneParticleLayout-meta.c SwarmVariable-meta.c
mpicc-mpich-mp -pipe  -DVERSION=\"0\" -DCURR_MODULE_NAME=\"StGermain_SingleAttractor\" -DPLUGIN_NAME=StGermain_SingleAttractor -Wall -g    -c -o /Users/haolu/Software/snac/snac-1/build/tmp/mod-StGermain_SingleAttractormodule.so/SingleAttractor.o -I/Users/haolu/Software/snac/snac-1/build/include   -I/Users/haolu/Software/snac/snac-1/build/include/StGermain  -I/opt/passcal/other/include/mpich-mp   -I/opt/passcal/other/include/libxml2      SingleAttractor.c
mpicc-mpich-mp -pipe  -DVERSION=\"0\" -DCURR_MODULE_NAME=\"StGermain_SingleAttractor\" -DPLUGIN_NAME=StGermain_SingleAttractor -Wall -g   -o /Users/haolu/Software/snac/snac-1/build/tmp/mod-StGermain_SingleAttractormodule.so/StGermain_SingleAttractormodule.so /Users/haolu/Software/snac/snac-1/build/tmp/mod-StGermain_SingleAttractormodule.so/SingleAttractor.o  -bundle -flat_namespace -undefined suppress  -L/Users/haolu/Software/snac/snac-1/build/lib    -L/Users/haolu/Software/snac/snac-1/build/lib -lmpich -L/opt/passcal/other/lib/mpich-mp -lmpich  -L/sw/lib    -L/opt/passcal/other/lib -lxml2 -lz -lpthread -liconv -lm   -lm -lmx            
ld: warning: directory not found for option '-L/sw/lib'
/bin/cp -f /Users/haolu/Software/snac/snac-1/build/tmp/mod-StGermain_SingleAttractormodule.so/StGermain_SingleAttractormodule.so /Users/haolu/Software/snac/snac-1/build/lib/StGermain_SingleAttractormodule.so
mpicc-mpich-mp -pipe  -DVERSION=\"0\" -DCURR_MODULE_NAME=\"StGermain_VaryingCornerAttractors\" -DPLUGIN_NAME=StGermain_VaryingCornerAttractors -Wall -g    -c -o /Users/haolu/Software/snac/snac-1/build/tmp/mod-StGermain_VaryingCornerAttractorsmodule.so/VaryingCornerAttractors.o -I/Users/haolu/Software/snac/snac-1/build/include   -I/Users/haolu/Software/snac/snac-1/build/include/StGermain  -I/opt/passcal/other/include/mpich-mp   -I/opt/passcal/other/include/libxml2      VaryingCornerAttractors.c
VaryingCornerAttractors.c:39:34: warning: unused variable 'explosionPeriod' [-Wunused-variable]
        unsigned int                    explosionPeriod = numCorners*cornerPeriod;
                                        ^
1 warning generated.
mpicc-mpich-mp -pipe  -DVERSION=\"0\" -DCURR_MODULE_NAME=\"StGermain_VaryingCornerAttractors\" -DPLUGIN_NAME=StGermain_VaryingCornerAttractors -Wall -g   -o /Users/haolu/Software/snac/snac-1/build/tmp/mod-StGermain_VaryingCornerAttractorsmodule.so/StGermain_VaryingCornerAttractorsmodule.so /Users/haolu/Software/snac/snac-1/build/tmp/mod-StGermain_VaryingCornerAttractorsmodule.so/VaryingCornerAttractors.o  -bundle -flat_namespace -undefined suppress  -L/Users/haolu/Software/snac/snac-1/build/lib    -L/Users/haolu/Software/snac/snac-1/build/lib -lmpich -L/opt/passcal/other/lib/mpich-mp -lmpich  -L/sw/lib    -L/opt/passcal/other/lib -lxml2 -lz -lpthread -liconv -lm   -lm -lmx            
ld: warning: directory not found for option '-L/sw/lib'
/bin/cp -f /Users/haolu/Software/snac/snac-1/build/tmp/mod-StGermain_VaryingCornerAttractorsmodule.so/StGermain_VaryingCornerAttractorsmodule.so /Users/haolu/Software/snac/snac-1/build/lib/StGermain_VaryingCornerAttractorsmodule.so
mpicc-mpich-mp -pipe  -DVERSION=\"0\" -DCURR_MODULE_NAME=\"StGermain_Bouncer\" -DPLUGIN_NAME=StGermain_Bouncer -Wall -g    -c -o /Users/haolu/Software/snac/snac-1/build/tmp/mod-StGermain_Bouncermodule.so/Bouncer.o -I/Users/haolu/Software/snac/snac-1/build/include   -I/Users/haolu/Software/snac/snac-1/build/include/StGermain  -I/opt/passcal/other/include/mpich-mp   -I/opt/passcal/other/include/libxml2      Bouncer.c
mpicc-mpich-mp -pipe  -DVERSION=\"0\" -DCURR_MODULE_NAME=\"StGermain_Bouncer\" -DPLUGIN_NAME=StGermain_Bouncer -Wall -g   -o /Users/haolu/Software/snac/snac-1/build/tmp/mod-StGermain_Bouncermodule.so/StGermain_Bouncermodule.so /Users/haolu/Software/snac/snac-1/build/tmp/mod-StGermain_Bouncermodule.so/Bouncer.o  -bundle -flat_namespace -undefined suppress  -L/Users/haolu/Software/snac/snac-1/build/lib    -L/Users/haolu/Software/snac/snac-1/build/lib -lmpich -L/opt/passcal/other/lib/mpich-mp -lmpich  -L/sw/lib    -L/opt/passcal/other/lib -lxml2 -lz -lpthread -liconv -lm   -lm -lmx            
ld: warning: directory not found for option '-L/sw/lib'
/bin/cp -f /Users/haolu/Software/snac/snac-1/build/tmp/mod-StGermain_Bouncermodule.so/StGermain_Bouncermodule.so /Users/haolu/Software/snac/snac-1/build/lib/StGermain_Bouncermodule.so
mpicc-mpich-mp -pipe  -DVERSION=\"0\" -DCURR_MODULE_NAME=\"StGermain_Spinner\" -DPLUGIN_NAME=StGermain_Spinner -Wall -g    -c -o /Users/haolu/Software/snac/snac-1/build/tmp/mod-StGermain_Spinnermodule.so/Spinner.o -I/Users/haolu/Software/snac/snac-1/build/include   -I/Users/haolu/Software/snac/snac-1/build/include/StGermain  -I/opt/passcal/other/include/mpich-mp   -I/opt/passcal/other/include/libxml2      Spinner.c
mpicc-mpich-mp -pipe  -DVERSION=\"0\" -DCURR_MODULE_NAME=\"StGermain_Spinner\" -DPLUGIN_NAME=StGermain_Spinner -Wall -g   -o /Users/haolu/Software/snac/snac-1/build/tmp/mod-StGermain_Spinnermodule.so/StGermain_Spinnermodule.so /Users/haolu/Software/snac/snac-1/build/tmp/mod-StGermain_Spinnermodule.so/Spinner.o  -bundle -flat_namespace -undefined suppress  -L/Users/haolu/Software/snac/snac-1/build/lib    -L/Users/haolu/Software/snac/snac-1/build/lib -lmpich -L/opt/passcal/other/lib/mpich-mp -lmpich  -L/sw/lib    -L/opt/passcal/other/lib -lxml2 -lz -lpthread -liconv -lm   -lm -lmx            
ld: warning: directory not found for option '-L/sw/lib'
/bin/cp -f /Users/haolu/Software/snac/snac-1/build/tmp/mod-StGermain_Spinnermodule.so/StGermain_Spinnermodule.so /Users/haolu/Software/snac/snac-1/build/lib/StGermain_Spinnermodule.so
mpicc-mpich-mp -pipe  -DVERSION=\"0\" -Wall -g  -DCURR_MODULE_NAME=\"libStGermainDiscretisationSwarm\"  -o /Users/haolu/Software/snac/snac-1/build/tests/testElementCellLayout0  -I/Users/haolu/Software/snac/snac-1/build/include   -I/Users/haolu/Software/snac/snac-1/build/include/StGermain  -I/opt/passcal/other/include/mpich-mp   -I/opt/passcal/other/include/libxml2      testElementCellLayout0.c   -L/Users/haolu/Software/snac/snac-1/build/lib   -L/Users/haolu/Software/snac/snac-1/build/lib -lStGermainDiscretisationSwarm -lStGermainDiscretisationUtils -lStGermainDiscretisationMesh -lStGermainDiscretisationShape -lStGermainDiscretisationGeometry -lStGermainBase   -L/Users/haolu/Software/snac/snac-1/build/lib -lmpich -L/opt/passcal/other/lib/mpich-mp -lmpich  -L/sw/lib    -L/opt/passcal/other/lib -lxml2 -lz -lpthread -liconv -lm   -lm -lmx            
ld: warning: directory not found for option '-L/sw/lib'
mpicc-mpich-mp -pipe  -DVERSION=\"0\" -Wall -g  -DCURR_MODULE_NAME=\"libStGermainDiscretisationSwarm\"  -o /Users/haolu/Software/snac/snac-1/build/tests/testGaussLayout  -I/Users/haolu/Software/snac/snac-1/build/include   -I/Users/haolu/Software/snac/snac-1/build/include/StGermain  -I/opt/passcal/other/include/mpich-mp   -I/opt/passcal/other/include/libxml2      testGaussLayout.c   -L/Users/haolu/Software/snac/snac-1/build/lib   -L/Users/haolu/Software/snac/snac-1/build/lib -lStGermainDiscretisationSwarm -lStGermainDiscretisationUtils -lStGermainDiscretisationMesh -lStGermainDiscretisationShape -lStGermainDiscretisationGeometry -lStGermainBase   -L/Users/haolu/Software/snac/snac-1/build/lib -lmpich -L/opt/passcal/other/lib/mpich-mp -lmpich  -L/sw/lib    -L/opt/passcal/other/lib -lxml2 -lz -lpthread -liconv -lm   -lm -lmx            
ld: warning: directory not found for option '-L/sw/lib'
mpicc-mpich-mp -pipe  -DVERSION=\"0\" -Wall -g  -DCURR_MODULE_NAME=\"libStGermainDiscretisationSwarm\"  -o /Users/haolu/Software/snac/snac-1/build/tests/testGaussLayoutSingleCell  -I/Users/haolu/Software/snac/snac-1/build/include   -I/Users/haolu/Software/snac/snac-1/build/include/StGermain  -I/opt/passcal/other/include/mpich-mp   -I/opt/passcal/other/include/libxml2      testGaussLayoutSingleCell.c   -L/Users/haolu/Software/snac/snac-1/build/lib   -L/Users/haolu/Software/snac/snac-1/build/lib -lStGermainDiscretisationSwarm -lStGermainDiscretisationUtils -lStGermainDiscretisationMesh -lStGermainDiscretisationShape -lStGermainDiscretisationGeometry -lStGermainBase   -L/Users/haolu/Software/snac/snac-1/build/lib -lmpich -L/opt/passcal/other/lib/mpich-mp -lmpich  -L/sw/lib    -L/opt/passcal/other/lib -lxml2 -lz -lpthread -liconv -lm   -lm -lmx            
ld: warning: directory not found for option '-L/sw/lib'
mpicc-mpich-mp -pipe  -DVERSION=\"0\" -Wall -g  -DCURR_MODULE_NAME=\"libStGermainDiscretisationSwarm\"  -o /Users/haolu/Software/snac/snac-1/build/tests/testManualParticleLayout  -I/Users/haolu/Software/snac/snac-1/build/include   -I/Users/haolu/Software/snac/snac-1/build/include/StGermain  -I/opt/passcal/other/include/mpich-mp   -I/opt/passcal/other/include/libxml2      testManualParticleLayout.c   -L/Users/haolu/Software/snac/snac-1/build/lib   -L/Users/haolu/Software/snac/snac-1/build/lib -lStGermainDiscretisationSwarm -lStGermainDiscretisationUtils -lStGermainDiscretisationMesh -lStGermainDiscretisationShape -lStGermainDiscretisationGeometry -lStGermainBase   -L/Users/haolu/Software/snac/snac-1/build/lib -lmpich -L/opt/passcal/other/lib/mpich-mp -lmpich  -L/sw/lib    -L/opt/passcal/other/lib -lxml2 -lz -lpthread -liconv -lm   -lm -lmx            
ld: warning: directory not found for option '-L/sw/lib'
mpicc-mpich-mp -pipe  -DVERSION=\"0\" -Wall -g  -DCURR_MODULE_NAME=\"libStGermainDiscretisationSwarm\"  -o /Users/haolu/Software/snac/snac-1/build/tests/testParticleCoords  -I/Users/haolu/Software/snac/snac-1/build/include   -I/Users/haolu/Software/snac/snac-1/build/include/StGermain  -I/opt/passcal/other/include/mpich-mp   -I/opt/passcal/other/include/libxml2      testParticleCoords.c   -L/Users/haolu/Software/snac/snac-1/build/lib   -L/Users/haolu/Software/snac/snac-1/build/lib -lStGermainDiscretisationSwarm -lStGermainDiscretisationUtils -lStGermainDiscretisationMesh -lStGermainDiscretisationShape -lStGermainDiscretisationGeometry -lStGermainBase   -L/Users/haolu/Software/snac/snac-1/build/lib -lmpich -L/opt/passcal/other/lib/mpich-mp -lmpich  -L/sw/lib    -L/opt/passcal/other/lib -lxml2 -lz -lpthread -liconv -lm   -lm -lmx            
ld: warning: directory not found for option '-L/sw/lib'
mpicc-mpich-mp -pipe  -DVERSION=\"0\" -Wall -g  -DCURR_MODULE_NAME=\"libStGermainDiscretisationSwarm\"  -o /Users/haolu/Software/snac/snac-1/build/tests/testSingleCellLayout0  -I/Users/haolu/Software/snac/snac-1/build/include   -I/Users/haolu/Software/snac/snac-1/build/include/StGermain  -I/opt/passcal/other/include/mpich-mp   -I/opt/passcal/other/include/libxml2      testSingleCellLayout0.c   -L/Users/haolu/Software/snac/snac-1/build/lib   -L/Users/haolu/Software/snac/snac-1/build/lib -lStGermainDiscretisationSwarm -lStGermainDiscretisationUtils -lStGermainDiscretisationMesh -lStGermainDiscretisationShape -lStGermainDiscretisationGeometry -lStGermainBase   -L/Users/haolu/Software/snac/snac-1/build/lib -lmpich -L/opt/passcal/other/lib/mpich-mp -lmpich  -L/sw/lib    -L/opt/passcal/other/lib -lxml2 -lz -lpthread -liconv -lm   -lm -lmx            
ld: warning: directory not found for option '-L/sw/lib'
mpicc-mpich-mp -pipe  -DVERSION=\"0\" -Wall -g  -DCURR_MODULE_NAME=\"libStGermainDiscretisationSwarm\"  -o /Users/haolu/Software/snac/snac-1/build/tests/testSpaceFillerParticleLayout  -I/Users/haolu/Software/snac/snac-1/build/include   -I/Users/haolu/Software/snac/snac-1/build/include/StGermain  -I/opt/passcal/other/include/mpich-mp   -I/opt/passcal/other/include/libxml2      testSpaceFillerParticleLayout.c   -L/Users/haolu/Software/snac/snac-1/build/lib   -L/Users/haolu/Software/snac/snac-1/build/lib -lStGermainDiscretisationSwarm -lStGermainDiscretisationUtils -lStGermainDiscretisationMesh -lStGermainDiscretisationShape -lStGermainDiscretisationGeometry -lStGermainBase   -L/Users/haolu/Software/snac/snac-1/build/lib -lmpich -L/opt/passcal/other/lib/mpich-mp -lmpich  -L/sw/lib    -L/opt/passcal/other/lib -lxml2 -lz -lpthread -liconv -lm   -lm -lmx            
ld: warning: directory not found for option '-L/sw/lib'
mpicc-mpich-mp -pipe  -DVERSION=\"0\" -Wall -g  -DCURR_MODULE_NAME=\"libStGermainDiscretisationSwarm\"  -o /Users/haolu/Software/snac/snac-1/build/tests/testSwarm  -I/Users/haolu/Software/snac/snac-1/build/include   -I/Users/haolu/Software/snac/snac-1/build/include/StGermain  -I/opt/passcal/other/include/mpich-mp   -I/opt/passcal/other/include/libxml2      testSwarm.c   -L/Users/haolu/Software/snac/snac-1/build/lib   -L/Users/haolu/Software/snac/snac-1/build/lib -lStGermainDiscretisationSwarm -lStGermainDiscretisationUtils -lStGermainDiscretisationMesh -lStGermainDiscretisationShape -lStGermainDiscretisationGeometry -lStGermainBase   -L/Users/haolu/Software/snac/snac-1/build/lib -lmpich -L/opt/passcal/other/lib/mpich-mp -lmpich  -L/sw/lib    -L/opt/passcal/other/lib -lxml2 -lz -lpthread -liconv -lm   -lm -lmx            
ld: warning: directory not found for option '-L/sw/lib'
mpicc-mpich-mp -pipe  -DVERSION=\"0\" -Wall -g  -DCURR_MODULE_NAME=\"libStGermainDiscretisationSwarm\"  -o /Users/haolu/Software/snac/snac-1/build/tests/testSwarmDumpAndLoad  -I/Users/haolu/Software/snac/snac-1/build/include   -I/Users/haolu/Software/snac/snac-1/build/include/StGermain  -I/opt/passcal/other/include/mpich-mp   -I/opt/passcal/other/include/libxml2      testSwarmDumpAndLoad.c   -L/Users/haolu/Software/snac/snac-1/build/lib   -L/Users/haolu/Software/snac/snac-1/build/lib -lStGermainDiscretisationSwarm -lStGermainDiscretisationUtils -lStGermainDiscretisationMesh -lStGermainDiscretisationShape -lStGermainDiscretisationGeometry -lStGermainBase   -L/Users/haolu/Software/snac/snac-1/build/lib -lmpich -L/opt/passcal/other/lib/mpich-mp -lmpich  -L/sw/lib    -L/opt/passcal/other/lib -lxml2 -lz -lpthread -liconv -lm   -lm -lmx            
ld: warning: directory not found for option '-L/sw/lib'
mpicc-mpich-mp -pipe  -DVERSION=\"0\" -Wall -g  -DCURR_MODULE_NAME=\"libStGermainDiscretisationSwarm\"  -o /Users/haolu/Software/snac/snac-1/build/tests/testSwarmOutput  -I/Users/haolu/Software/snac/snac-1/build/include   -I/Users/haolu/Software/snac/snac-1/build/include/StGermain  -I/opt/passcal/other/include/mpich-mp   -I/opt/passcal/other/include/libxml2      testSwarmOutput.c   -L/Users/haolu/Software/snac/snac-1/build/lib   -L/Users/haolu/Software/snac/snac-1/build/lib -lStGermainDiscretisationSwarm -lStGermainDiscretisationUtils -lStGermainDiscretisationMesh -lStGermainDiscretisationShape -lStGermainDiscretisationGeometry -lStGermainBase   -L/Users/haolu/Software/snac/snac-1/build/lib -lmpich -L/opt/passcal/other/lib/mpich-mp -lmpich  -L/sw/lib    -L/opt/passcal/other/lib -lxml2 -lz -lpthread -liconv -lm   -lm -lmx            
ld: warning: directory not found for option '-L/sw/lib'
mpicc-mpich-mp -pipe  -DVERSION=\"0\" -Wall -g  -DCURR_MODULE_NAME=\"libStGermainDiscretisationSwarm\"  -o /Users/haolu/Software/snac/snac-1/build/tests/testSwarmParticleAdvection  -I/Users/haolu/Software/snac/snac-1/build/include   -I/Users/haolu/Software/snac/snac-1/build/include/StGermain  -I/opt/passcal/other/include/mpich-mp   -I/opt/passcal/other/include/libxml2      testSwarmParticleAdvection.c   -L/Users/haolu/Software/snac/snac-1/build/lib   -L/Users/haolu/Software/snac/snac-1/build/lib -lStGermainDiscretisationSwarm -lStGermainDiscretisationUtils -lStGermainDiscretisationMesh -lStGermainDiscretisationShape -lStGermainDiscretisationGeometry -lStGermainBase   -L/Users/haolu/Software/snac/snac-1/build/lib -lmpich -L/opt/passcal/other/lib/mpich-mp -lmpich  -L/sw/lib    -L/opt/passcal/other/lib -lxml2 -lz -lpthread -liconv -lm   -lm -lmx            
ld: warning: directory not found for option '-L/sw/lib'
mpicc-mpich-mp -pipe  -DVERSION=\"0\" -Wall -g  -DCURR_MODULE_NAME=\"libStGermainDiscretisationSwarm\"  -o /Users/haolu/Software/snac/snac-1/build/tests/testWithinShapeParticleLayout  -I/Users/haolu/Software/snac/snac-1/build/include   -I/Users/haolu/Software/snac/snac-1/build/include/StGermain  -I/opt/passcal/other/include/mpich-mp   -I/opt/passcal/other/include/libxml2      testWithinShapeParticleLayout.c   -L/Users/haolu/Software/snac/snac-1/build/lib   -L/Users/haolu/Software/snac/snac-1/build/lib -lStGermainDiscretisationSwarm -lStGermainDiscretisationUtils -lStGermainDiscretisationMesh -lStGermainDiscretisationShape -lStGermainDiscretisationGeometry -lStGermainBase   -L/Users/haolu/Software/snac/snac-1/build/lib -lmpich -L/opt/passcal/other/lib/mpich-mp -lmpich  -L/sw/lib    -L/opt/passcal/other/lib -lxml2 -lz -lpthread -liconv -lm   -lm -lmx            
ld: warning: directory not found for option '-L/sw/lib'
mpicc-mpich-mp -pipe  -DVERSION=\"0\" -DCURR_MODULE_NAME=\"StGermainDiscretisation\" -Wall -g     -c -o /Users/haolu/Software/snac/snac-1/build/tmp/lib-libStGermainDiscretisation/Init.o -I/Users/haolu/Software/snac/snac-1/build/include   -I/Users/haolu/Software/snac/snac-1/build/include/StGermain -I/opt/passcal/other/include/mpich-mp  -I/opt/passcal/other/include/libxml2      Init.c
mpicc-mpich-mp -pipe  -DVERSION=\"0\" -DCURR_MODULE_NAME=\"StGermainDiscretisation\" -Wall -g     -c -o /Users/haolu/Software/snac/snac-1/build/tmp/lib-libStGermainDiscretisation/Finalise.o -I/Users/haolu/Software/snac/snac-1/build/include   -I/Users/haolu/Software/snac/snac-1/build/include/StGermain -I/opt/passcal/other/include/mpich-mp  -I/opt/passcal/other/include/libxml2      Finalise.c
ar -cru /Users/haolu/Software/snac/snac-1/build/tmp/lib-libStGermainDiscretisation.a/libStGermainDiscretisation.a. /Users/haolu/Software/snac/snac-1/build/tmp/lib-libStGermainDiscretisation/Init.o /Users/haolu/Software/snac/snac-1/build/tmp/lib-libStGermainDiscretisation/Finalise.o /Users/haolu/Software/snac/snac-1/build/tmp/lib-libStGermainDiscretisationUtils/AllElementsVC.o /Users/haolu/Software/snac/snac-1/build/tmp/lib-libStGermainDiscretisationUtils/AllNodesVC.o /Users/haolu/Software/snac/snac-1/build/tmp/lib-libStGermainDiscretisationUtils/WallVC.o /Users/haolu/Software/snac/snac-1/build/tmp/lib-libStGermainDiscretisationUtils/InnerWallVC.o /Users/haolu/Software/snac/snac-1/build/tmp/lib-libStGermainDiscretisationUtils/CornerVC.o /Users/haolu/Software/snac/snac-1/build/tmp/lib-libStGermainDiscretisationUtils/ShapeVC.o /Users/haolu/Software/snac/snac-1/build/tmp/lib-libStGermainDiscretisationUtils/FrictionVC.o /Users/haolu/Software/snac/snac-1/build/tmp/lib-libStGermainDiscretisationUtils/SplitFrictionWallVC.o /Users/haolu/Software/snac/snac-1/build/tmp/lib-libStGermainDiscretisationUtils/DofLayout.o /Users/haolu/Software/snac/snac-1/build/tmp/lib-libStGermainDiscretisationUtils/RegularMeshUtils.o /Users/haolu/Software/snac/snac-1/build/tmp/lib-libStGermainDiscretisationUtils/Operator.o /Users/haolu/Software/snac/snac-1/build/tmp/lib-libStGermainDiscretisationUtils/FieldVariable.o /Users/haolu/Software/snac/snac-1/build/tmp/lib-libStGermainDiscretisationUtils/FieldVariable_Register.o /Users/haolu/Software/snac/snac-1/build/tmp/lib-libStGermainDiscretisationUtils/OperatorFieldVariable.o /Users/haolu/Software/snac/snac-1/build/tmp/lib-libStGermainDiscretisationUtils/MeshCoarsener_Hexa.o /Users/haolu/Software/snac/snac-1/build/tmp/lib-libStGermainDiscretisationUtils/DiscretisationContext.o /Users/haolu/Software/snac/snac-1/build/tmp/lib-libStGermainDiscretisationUtils/LinearRegression.o /Users/haolu/Software/snac/snac-1/build/tmp/lib-libStGermainDiscretisationUtils/TimeIntegrator.o /Users/haolu/Software/snac/snac-1/build/tmp/lib-libStGermainDiscretisationUtils/TimeIntegratee.o /Users/haolu/Software/snac/snac-1/build/tmp/lib-libStGermainDiscretisationUtils/ShapeAdvector.o /Users/haolu/Software/snac/snac-1/build/tmp/lib-libStGermainDiscretisationUtils/SobolGenerator.o /Users/haolu/Software/snac/snac-1/build/tmp/lib-libStGermainDiscretisationUtils/Sync.o /Users/haolu/Software/snac/snac-1/build/tmp/lib-libStGermainDiscretisationUtils/SemiRegDeform.o /Users/haolu/Software/snac/snac-1/build/tmp/lib-libStGermainDiscretisationUtils/Remesher.o /Users/haolu/Software/snac/snac-1/build/tmp/lib-libStGermainDiscretisationUtils/StripRemesher.o /Users/haolu/Software/snac/snac-1/build/tmp/lib-libStGermainDiscretisationUtils/CellRemesher.o /Users/haolu/Software/snac/snac-1/build/tmp/lib-libStGermainDiscretisationUtils/Init.o /Users/haolu/Software/snac/snac-1/build/tmp/lib-libStGermainDiscretisationUtils/Finalise.o /Users/haolu/Software/snac/snac-1/build/tmp/lib-libStGermainDiscretisationUtils/AllElementsVC-meta.o /Users/haolu/Software/snac/snac-1/build/tmp/lib-libStGermainDiscretisationUtils/AllNodesVC-meta.o /Users/haolu/Software/snac/snac-1/build/tmp/lib-libStGermainDiscretisationUtils/CellRemesher-meta.o /Users/haolu/Software/snac/snac-1/build/tmp/lib-libStGermainDiscretisationUtils/CornerVC-meta.o /Users/haolu/Software/snac/snac-1/build/tmp/lib-libStGermainDiscretisationUtils/DiscretisationContext-meta.o /Users/haolu/Software/snac/snac-1/build/tmp/lib-libStGermainDiscretisationUtils/DofLayout-meta.o /Users/haolu/Software/snac/snac-1/build/tmp/lib-libStGermainDiscretisationUtils/FieldVariable-meta.o /Users/haolu/Software/snac/snac-1/build/tmp/lib-libStGermainDiscretisationUtils/FrictionVC-meta.o /Users/haolu/Software/snac/snac-1/build/tmp/lib-libStGermainDiscretisationUtils/InnerWallVC-meta.o /Users/haolu/Software/snac/snac-1/build/tmp/lib-libStGermainDiscretisationUtils/MeshCoarsener_Hexa-meta.o /Users/haolu/Software/snac/snac-1/build/tmp/lib-libStGermainDiscretisationUtils/OperatorFieldVariable-meta.o /Users/haolu/Software/snac/snac-1/build/tmp/lib-libStGermainDiscretisationUtils/Remesher-meta.o /Users/haolu/Software/snac/snac-1/build/tmp/lib-libStGermainDiscretisationUtils/SemiRegDeform-meta.o /Users/haolu/Software/snac/snac-1/build/tmp/lib-libStGermainDiscretisationUtils/ShapeAdvector-meta.o /Users/haolu/Software/snac/snac-1/build/tmp/lib-libStGermainDiscretisationUtils/ShapeVC-meta.o /Users/haolu/Software/snac/snac-1/build/tmp/lib-libStGermainDiscretisationUtils/SplitFrictionWallVC-meta.o /Users/haolu/Software/snac/snac-1/build/tmp/lib-libStGermainDiscretisationUtils/StripRemesher-meta.o /Users/haolu/Software/snac/snac-1/build/tmp/lib-libStGermainDiscretisationUtils/Sync-meta.o /Users/haolu/Software/snac/snac-1/build/tmp/lib-libStGermainDiscretisationUtils/TimeIntegratee-meta.o /Users/haolu/Software/snac/snac-1/build/tmp/lib-libStGermainDiscretisationUtils/TimeIntegrator-meta.o /Users/haolu/Software/snac/snac-1/build/tmp/lib-libStGermainDiscretisationUtils/WallVC-meta.o /Users/haolu/Software/snac/snac-1/build/tmp/lib-libStGermainDiscretisationSwarm/CellLayout.o /Users/haolu/Software/snac/snac-1/build/tmp/lib-libStGermainDiscretisationSwarm/ElementCellLayout.o /Users/haolu/Software/snac/snac-1/build/tmp/lib-libStGermainDiscretisationSwarm/FileParticleLayout.o /Users/haolu/Software/snac/snac-1/build/tmp/lib-libStGermainDiscretisationSwarm/Finalise.o /Users/haolu/Software/snac/snac-1/build/tmp/lib-libStGermainDiscretisationSwarm/GaussParticleLayout.o /Users/haolu/Software/snac/snac-1/build/tmp/lib-libStGermainDiscretisationSwarm/GlobalParticleLayout.o /Users/haolu/Software/snac/snac-1/build/tmp/lib-libStGermainDiscretisationSwarm/Init.o /Users/haolu/Software/snac/snac-1/build/tmp/lib-libStGermainDiscretisationSwarm/IntegrationPoint.o /Users/haolu/Software/snac/snac-1/build/tmp/lib-libStGermainDiscretisationSwarm/LineParticleLayout.o /Users/haolu/Software/snac/snac-1/build/tmp/lib-libStGermainDiscretisationSwarm/ManualParticleLayout.o /Users/haolu/Software/snac/snac-1/build/tmp/lib-libStGermainDiscretisationSwarm/MeshParticleLayout.o /Users/haolu/Software/snac/snac-1/build/tmp/lib-libStGermainDiscretisationSwarm/OperatorSwarmVariable.o /Users/haolu/Software/snac/snac-1/build/tmp/lib-libStGermainDiscretisationSwarm/ParticleCommHandler.o /Users/haolu/Software/snac/snac-1/build/tmp/lib-libStGermainDiscretisationSwarm/ParticleLayout.o /Users/haolu/Software/snac/snac-1/build/tmp/lib-libStGermainDiscretisationSwarm/PerCellParticleLayout.o /Users/haolu/Software/snac/snac-1/build/tmp/lib-libStGermainDiscretisationSwarm/PlaneParticleLayout.o /Users/haolu/Software/snac/snac-1/build/tmp/lib-libStGermainDiscretisationSwarm/Random.o /Users/haolu/Software/snac/snac-1/build/tmp/lib-libStGermainDiscretisationSwarm/RandomParticleLayout.o /Users/haolu/Software/snac/snac-1/build/tmp/lib-libStGermainDiscretisationSwarm/SingleCellLayout.o /Users/haolu/Software/snac/snac-1/build/tmp/lib-libStGermainDiscretisationSwarm/SpaceFillerParticleLayout.o /Users/haolu/Software/snac/snac-1/build/tmp/lib-libStGermainDiscretisationSwarm/StandardParticle.o /Users/haolu/Software/snac/snac-1/build/tmp/lib-libStGermainDiscretisationSwarm/SwarmClass.o /Users/haolu/Software/snac/snac-1/build/tmp/lib-libStGermainDiscretisationSwarm/SwarmDump.o /Users/haolu/Software/snac/snac-1/build/tmp/lib-libStGermainDiscretisationSwarm/SwarmOutput.o /Users/haolu/Software/snac/snac-1/build/tmp/lib-libStGermainDiscretisationSwarm/SwarmVariable.o /Users/haolu/Software/snac/snac-1/build/tmp/lib-libStGermainDiscretisationSwarm/SwarmVariable_Register.o /Users/haolu/Software/snac/snac-1/build/tmp/lib-libStGermainDiscretisationSwarm/Swarm_Register.o /Users/haolu/Software/snac/snac-1/build/tmp/lib-libStGermainDiscretisationSwarm/TriGaussParticleLayout.o /Users/haolu/Software/snac/snac-1/build/tmp/lib-libStGermainDiscretisationSwarm/TriSingleCellLayout.o /Users/haolu/Software/snac/snac-1/build/tmp/lib-libStGermainDiscretisationSwarm/UnionParticleLayout.o /Users/haolu/Software/snac/snac-1/build/tmp/lib-libStGermainDiscretisationSwarm/WithinShapeParticleLayout.o /Users/haolu/Software/snac/snac-1/build/tmp/lib-libStGermainDiscretisationSwarm/CellLayout-meta.o /Users/haolu/Software/snac/snac-1/build/tmp/lib-libStGermainDiscretisationSwarm/ElementCellLayout-meta.o /Users/haolu/Software/snac/snac-1/build/tmp/lib-libStGermainDiscretisationSwarm/FileParticleLayout-meta.o /Users/haolu/Software/snac/snac-1/build/tmp/lib-libStGermainDiscretisationSwarm/GaussParticleLayout-meta.o /Users/haolu/Software/snac/snac-1/build/tmp/lib-libStGermainDiscretisationSwarm/GlobalParticleLayout-meta.o /Users/haolu/Software/snac/snac-1/build/tmp/lib-libStGermainDiscretisationSwarm/LineParticleLayout-meta.o /Users/haolu/Software/snac/snac-1/build/tmp/lib-libStGermainDiscretisationSwarm/ManualParticleLayout-meta.o /Users/haolu/Software/snac/snac-1/build/tmp/lib-libStGermainDiscretisationSwarm/MeshParticleLayout-meta.o /Users/haolu/Software/snac/snac-1/build/tmp/lib-libStGermainDiscretisationSwarm/OperatorSwarmVariable-meta.o /Users/haolu/Software/snac/snac-1/build/tmp/lib-libStGermainDiscretisationSwarm/ParticleCommHandler-meta.o /Users/haolu/Software/snac/snac-1/build/tmp/lib-libStGermainDiscretisationSwarm/ParticleLayout-meta.o /Users/haolu/Software/snac/snac-1/build/tmp/lib-libStGermainDiscretisationSwarm/PerCellParticleLayout-meta.o /Users/haolu/Software/snac/snac-1/build/tmp/lib-libStGermainDiscretisationSwarm/PlaneParticleLayout-meta.o /Users/haolu/Software/snac/snac-1/build/tmp/lib-libStGermainDiscretisationSwarm/RandomParticleLayout-meta.o /Users/haolu/Software/snac/snac-1/build/tmp/lib-libStGermainDiscretisationSwarm/SingleCellLayout-meta.o /Users/haolu/Software/snac/snac-1/build/tmp/lib-libStGermainDiscretisationSwarm/SpaceFillerParticleLayout-meta.o /Users/haolu/Software/snac/snac-1/build/tmp/lib-libStGermainDiscretisationSwarm/SwarmClass-meta.o /Users/haolu/Software/snac/snac-1/build/tmp/lib-libStGermainDiscretisationSwarm/SwarmDump-meta.o /Users/haolu/Software/snac/snac-1/build/tmp/lib-libStGermainDiscretisationSwarm/SwarmOutput-meta.o /Users/haolu/Software/snac/snac-1/build/tmp/lib-libStGermainDiscretisationSwarm/SwarmVariable-meta.o /Users/haolu/Software/snac/snac-1/build/tmp/lib-libStGermainDiscretisationSwarm/TriGaussParticleLayout-meta.o /Users/haolu/Software/snac/snac-1/build/tmp/lib-libStGermainDiscretisationSwarm/TriSingleCellLayout-meta.o /Users/haolu/Software/snac/snac-1/build/tmp/lib-libStGermainDiscretisationSwarm/UnionParticleLayout-meta.o /Users/haolu/Software/snac/snac-1/build/tmp/lib-libStGermainDiscretisationSwarm/WithinShapeParticleLayout-meta.o /Users/haolu/Software/snac/snac-1/build/tmp/lib-libStGermainDiscretisationMesh/Grid.o /Users/haolu/Software/snac/snac-1/build/tmp/lib-libStGermainDiscretisationMesh/CommTopology.o /Users/haolu/Software/snac/snac-1/build/tmp/lib-libStGermainDiscretisationMesh/Decomp.o /Users/haolu/Software/snac/snac-1/build/tmp/lib-libStGermainDiscretisationMesh/Decomp_Sync.o /Users/haolu/Software/snac/snac-1/build/tmp/lib-libStGermainDiscretisationMesh/Decomp_Sync_Claim.o /Users/haolu/Software/snac/snac-1/build/tmp/lib-libStGermainDiscretisationMesh/Decomp_Sync_Negotiate.o /Users/haolu/Software/snac/snac-1/build/tmp/lib-libStGermainDiscretisationMesh/DecompTransfer.o /Users/haolu/Software/snac/snac-1/build/tmp/lib-libStGermainDiscretisationMesh/MeshTopology.o /Users/haolu/Software/snac/snac-1/build/tmp/lib-libStGermainDiscretisationMesh/MeshGenerator.o /Users/haolu/Software/snac/snac-1/build/tmp/lib-libStGermainDiscretisationMesh/CartesianGenerator.o /Users/haolu/Software/snac/snac-1/build/tmp/lib-libStGermainDiscretisationMesh/MeshAdaptor.o /Users/haolu/Software/snac/snac-1/build/tmp/lib-libStGermainDiscretisationMesh/SurfaceAdaptor.o /Users/haolu/Software/snac/snac-1/build/tmp/lib-libStGermainDiscretisationMesh/MeshDecomp.o /Users/haolu/Software/snac/snac-1/build/tmp/lib-libStGermainDiscretisationMesh/ElementLayout.o /Users/haolu/Software/snac/snac-1/build/tmp/lib-libStGermainDiscretisationMesh/HexaEL.o /Users/haolu/Software/snac/snac-1/build/tmp/lib-libStGermainDiscretisationMesh/ParallelPipedHexaEL.o /Users/haolu/Software/snac/snac-1/build/tmp/lib-libStGermainDiscretisationMesh/IrregEL.o /Users/haolu/Software/snac/snac-1/build/tmp/lib-libStGermainDiscretisationMesh/NodeLayout.o /Users/haolu/Software/snac/snac-1/build/tmp/lib-libStGermainDiscretisationMesh/CornerNL.o /Users/haolu/Software/snac/snac-1/build/tmp/lib-libStGermainDiscretisationMesh/BodyNL.o /Users/haolu/Software/snac/snac-1/build/tmp/lib-libStGermainDiscretisationMesh/HexaMD.o /Users/haolu/Software/snac/snac-1/build/tmp/lib-libStGermainDiscretisationMesh/DummyMD.o /Users/haolu/Software/snac/snac-1/build/tmp/lib-libStGermainDiscretisationMesh/MeshGeometry.o /Users/haolu/Software/snac/snac-1/build/tmp/lib-libStGermainDiscretisationMesh/MeshLayout.o /Users/haolu/Software/snac/snac-1/build/tmp/lib-libStGermainDiscretisationMesh/MeshClass.o /Users/haolu/Software/snac/snac-1/build/tmp/lib-libStGermainDiscretisationMesh/Init.o /Users/haolu/Software/snac/snac-1/build/tmp/lib-libStGermainDiscretisationMesh/Finalise.o /Users/haolu/Software/snac/snac-1/build/tmp/lib-libStGermainDiscretisationMesh/BodyNL-meta.o /Users/haolu/Software/snac/snac-1/build/tmp/lib-libStGermainDiscretisationMesh/CartesianGenerator-meta.o /Users/haolu/Software/snac/snac-1/build/tmp/lib-libStGermainDiscretisationMesh/CommTopology-meta.o /Users/haolu/Software/snac/snac-1/build/tmp/lib-libStGermainDiscretisationMesh/CornerNL-meta.o /Users/haolu/Software/snac/snac-1/build/tmp/lib-libStGermainDiscretisationMesh/Decomp-meta.o /Users/haolu/Software/snac/snac-1/build/tmp/lib-libStGermainDiscretisationMesh/DecompTransfer-meta.o /Users/haolu/Software/snac/snac-1/build/tmp/lib-libStGermainDiscretisationMesh/Decomp_Sync-meta.o /Users/haolu/Software/snac/snac-1/build/tmp/lib-libStGermainDiscretisationMesh/Decomp_Sync_Claim-meta.o /Users/haolu/Software/snac/snac-1/build/tmp/lib-libStGermainDiscretisationMesh/Decomp_Sync_Negotiate-meta.o /Users/haolu/Software/snac/snac-1/build/tmp/lib-libStGermainDiscretisationMesh/DummyMD-meta.o /Users/haolu/Software/snac/snac-1/build/tmp/lib-libStGermainDiscretisationMesh/ElementLayout-meta.o /Users/haolu/Software/snac/snac-1/build/tmp/lib-libStGermainDiscretisationMesh/Grid-meta.o /Users/haolu/Software/snac/snac-1/build/tmp/lib-libStGermainDiscretisationMesh/HMesh-meta.o /Users/haolu/Software/snac/snac-1/build/tmp/lib-libStGermainDiscretisationMesh/HexaEL-meta.o /Users/haolu/Software/snac/snac-1/build/tmp/lib-libStGermainDiscretisationMesh/HexaMD-meta.o /Users/haolu/Software/snac/snac-1/build/tmp/lib-libStGermainDiscretisationMesh/IrregEL-meta.o /Users/haolu/Software/snac/snac-1/build/tmp/lib-libStGermainDiscretisationMesh/MeshAdaptor-meta.o /Users/haolu/Software/snac/snac-1/build/tmp/lib-libStGermainDiscretisationMesh/MeshClass-meta.o /Users/haolu/Software/snac/snac-1/build/tmp/lib-libStGermainDiscretisationMesh/MeshDecomp-meta.o /Users/haolu/Software/snac/snac-1/build/tmp/lib-libStGermainDiscretisationMesh/MeshGenerator-meta.o /Users/haolu/Software/snac/snac-1/build/tmp/lib-libStGermainDiscretisationMesh/MeshGeometry-meta.o /Users/haolu/Software/snac/snac-1/build/tmp/lib-libStGermainDiscretisationMesh/MeshLayout-meta.o /Users/haolu/Software/snac/snac-1/build/tmp/lib-libStGermainDiscretisationMesh/MeshTopology-meta.o /Users/haolu/Software/snac/snac-1/build/tmp/lib-libStGermainDiscretisationMesh/NodeLayout-meta.o /Users/haolu/Software/snac/snac-1/build/tmp/lib-libStGermainDiscretisationMesh/ParallelPipedHexaEL-meta.o /Users/haolu/Software/snac/snac-1/build/tmp/lib-libStGermainDiscretisationMesh/StencilMD-meta.o /Users/haolu/Software/snac/snac-1/build/tmp/lib-libStGermainDiscretisationMesh/SurfaceAdaptor-meta.o /Users/haolu/Software/snac/snac-1/build/tmp/lib-libStGermainDiscretisationShape/BelowCosinePlane.o /Users/haolu/Software/snac/snac-1/build/tmp/lib-libStGermainDiscretisationShape/BelowPlane.o /Users/haolu/Software/snac/snac-1/build/tmp/lib-libStGermainDiscretisationShape/Box.o /Users/haolu/Software/snac/snac-1/build/tmp/lib-libStGermainDiscretisationShape/ConvexHull.o /Users/haolu/Software/snac/snac-1/build/tmp/lib-libStGermainDiscretisationShape/Cylinder.o /Users/haolu/Software/snac/snac-1/build/tmp/lib-libStGermainDiscretisationShape/Everywhere.o /Users/haolu/Software/snac/snac-1/build/tmp/lib-libStGermainDiscretisationShape/Finalise.o /Users/haolu/Software/snac/snac-1/build/tmp/lib-libStGermainDiscretisationShape/Init.o /Users/haolu/Software/snac/snac-1/build/tmp/lib-libStGermainDiscretisationShape/Intersection.o /Users/haolu/Software/snac/snac-1/build/tmp/lib-libStGermainDiscretisationShape/PolygonShape.o /Users/haolu/Software/snac/snac-1/build/tmp/lib-libStGermainDiscretisationShape/PythonShape.o /Users/haolu/Software/snac/snac-1/build/tmp/lib-libStGermainDiscretisationShape/ShapeClass.o /Users/haolu/Software/snac/snac-1/build/tmp/lib-libStGermainDiscretisationShape/Sphere.o /Users/haolu/Software/snac/snac-1/build/tmp/lib-libStGermainDiscretisationShape/Superellipsoid.o /Users/haolu/Software/snac/snac-1/build/tmp/lib-libStGermainDiscretisationShape/Union.o /Users/haolu/Software/snac/snac-1/build/tmp/lib-libStGermainDiscretisationShape/BelowCosinePlane-meta.o /Users/haolu/Software/snac/snac-1/build/tmp/lib-libStGermainDiscretisationShape/BelowPlane-meta.o /Users/haolu/Software/snac/snac-1/build/tmp/lib-libStGermainDiscretisationShape/Box-meta.o /Users/haolu/Software/snac/snac-1/build/tmp/lib-libStGermainDiscretisationShape/ConvexHull-meta.o /Users/haolu/Software/snac/snac-1/build/tmp/lib-libStGermainDiscretisationShape/Cylinder-meta.o /Users/haolu/Software/snac/snac-1/build/tmp/lib-libStGermainDiscretisationShape/Everywhere-meta.o /Users/haolu/Software/snac/snac-1/build/tmp/lib-libStGermainDiscretisationShape/Intersection-meta.o /Users/haolu/Software/snac/snac-1/build/tmp/lib-libStGermainDiscretisationShape/PolygonShape-meta.o /Users/haolu/Software/snac/snac-1/build/tmp/lib-libStGermainDiscretisationShape/PythonShape-meta.o /Users/haolu/Software/snac/snac-1/build/tmp/lib-libStGermainDiscretisationShape/ShapeClass-meta.o /Users/haolu/Software/snac/snac-1/build/tmp/lib-libStGermainDiscretisationShape/Sphere-meta.o /Users/haolu/Software/snac/snac-1/build/tmp/lib-libStGermainDiscretisationShape/Superellipsoid-meta.o /Users/haolu/Software/snac/snac-1/build/tmp/lib-libStGermainDiscretisationShape/Union-meta.o /Users/haolu/Software/snac/snac-1/build/tmp/lib-libStGermainDiscretisationGeometry/Dimension.o /Users/haolu/Software/snac/snac-1/build/tmp/lib-libStGermainDiscretisationGeometry/VectorMath.o /Users/haolu/Software/snac/snac-1/build/tmp/lib-libStGermainDiscretisationGeometry/TensorMath.o /Users/haolu/Software/snac/snac-1/build/tmp/lib-libStGermainDiscretisationGeometry/TrigMath.o /Users/haolu/Software/snac/snac-1/build/tmp/lib-libStGermainDiscretisationGeometry/ComplexMath.o /Users/haolu/Software/snac/snac-1/build/tmp/lib-libStGermainDiscretisationGeometry/Line.o /Users/haolu/Software/snac/snac-1/build/tmp/lib-libStGermainDiscretisationGeometry/Plane.o /Users/haolu/Software/snac/snac-1/build/tmp/lib-libStGermainDiscretisationGeometry/Edge.o /Users/haolu/Software/snac/snac-1/build/tmp/lib-libStGermainDiscretisationGeometry/RMatrix.o /Users/haolu/Software/snac/snac-1/build/tmp/lib-libStGermainDiscretisationGeometry/Topology.o /Users/haolu/Software/snac/snac-1/build/tmp/lib-libStGermainDiscretisationGeometry/IJKTopology.o /Users/haolu/Software/snac/snac-1/build/tmp/lib-libStGermainDiscretisationGeometry/IJK6Topology.o /Users/haolu/Software/snac/snac-1/build/tmp/lib-libStGermainDiscretisationGeometry/IJK26Topology.o /Users/haolu/Software/snac/snac-1/build/tmp/lib-libStGermainDiscretisationGeometry/IrregTopology.o /Users/haolu/Software/snac/snac-1/build/tmp/lib-libStGermainDiscretisationGeometry/GeometryClass.o /Users/haolu/Software/snac/snac-1/build/tmp/lib-libStGermainDiscretisationGeometry/BlockGeometry.o /Users/haolu/Software/snac/snac-1/build/tmp/lib-libStGermainDiscretisationGeometry/RefinedRegionsGeometry.o /Users/haolu/Software/snac/snac-1/build/tmp/lib-libStGermainDiscretisationGeometry/ShellGeometry.o /Users/haolu/Software/snac/snac-1/build/tmp/lib-libStGermainDiscretisationGeometry/IrregGeometry.o /Users/haolu/Software/snac/snac-1/build/tmp/lib-libStGermainDiscretisationGeometry/QuadEdge.o /Users/haolu/Software/snac/snac-1/build/tmp/lib-libStGermainDiscretisationGeometry/Delaunay.o /Users/haolu/Software/snac/snac-1/build/tmp/lib-libStGermainDiscretisationGeometry/ParallelDelaunay.o /Users/haolu/Software/snac/snac-1/build/tmp/lib-libStGermainDiscretisationGeometry/Init.o /Users/haolu/Software/snac/snac-1/build/tmp/lib-libStGermainDiscretisationGeometry/Finalise.o /Users/haolu/Software/snac/snac-1/build/tmp/lib-libStGermainDiscretisationGeometry/ComplexVectorMath.o /Users/haolu/Software/snac/snac-1/build/tmp/lib-libStGermainDiscretisationGeometry/TensorMultMath.o /Users/haolu/Software/snac/snac-1/build/tmp/lib-libStGermainDiscretisationGeometry/BlockGeometry-meta.o /Users/haolu/Software/snac/snac-1/build/tmp/lib-libStGermainDiscretisationGeometry/Delaunay-meta.o /Users/haolu/Software/snac/snac-1/build/tmp/lib-libStGermainDiscretisationGeometry/GeometryClass-meta.o /Users/haolu/Software/snac/snac-1/build/tmp/lib-libStGermainDiscretisationGeometry/IJK26Topology-meta.o /Users/haolu/Software/snac/snac-1/build/tmp/lib-libStGermainDiscretisationGeometry/IJK6Topology-meta.o /Users/haolu/Software/snac/snac-1/build/tmp/lib-libStGermainDiscretisationGeometry/IJKTopology-meta.o /Users/haolu/Software/snac/snac-1/build/tmp/lib-libStGermainDiscretisationGeometry/IrregGeometry-meta.o /Users/haolu/Software/snac/snac-1/build/tmp/lib-libStGermainDiscretisationGeometry/IrregTopology-meta.o /Users/haolu/Software/snac/snac-1/build/tmp/lib-libStGermainDiscretisationGeometry/ParallelDelaunay-meta.o /Users/haolu/Software/snac/snac-1/build/tmp/lib-libStGermainDiscretisationGeometry/RefinedRegionsGeometry-meta.o /Users/haolu/Software/snac/snac-1/build/tmp/lib-libStGermainDiscretisationGeometry/ShellGeometry-meta.o /Users/haolu/Software/snac/snac-1/build/tmp/lib-libStGermainDiscretisationGeometry/Topology-meta.o
/opt/passcal/other/bin/ranlib: file: /Users/haolu/Software/snac/snac-1/build/tmp/lib-libStGermainDiscretisation.a/libStGermainDiscretisation.a.(PythonShape.o) has no symbols
/opt/passcal/other/bin/ranlib: file: /Users/haolu/Software/snac/snac-1/build/tmp/lib-libStGermainDiscretisation.a/libStGermainDiscretisation.a.(Line.o) has no symbols
/usr/bin/ranlib /Users/haolu/Software/snac/snac-1/build/tmp/lib-libStGermainDiscretisation.a/libStGermainDiscretisation.a.
/Applications/Xcode.app/Contents/Developer/Toolchains/XcodeDefault.xctoolchain/usr/bin/ranlib: file: /Users/haolu/Software/snac/snac-1/build/tmp/lib-libStGermainDiscretisation.a/libStGermainDiscretisation.a.(PythonShape.o) has no symbols
/Applications/Xcode.app/Contents/Developer/Toolchains/XcodeDefault.xctoolchain/usr/bin/ranlib: file: /Users/haolu/Software/snac/snac-1/build/tmp/lib-libStGermainDiscretisation.a/libStGermainDiscretisation.a.(Line.o) has no symbols
Install name: -install_name /Users/haolu/Software/snac/snac-1/build/lib/libStGermainDiscretisation.dylib
mpicc-mpich-mp -pipe  -DVERSION=\"0\" -DCURR_MODULE_NAME=\"StGermainDiscretisation\" -Wall -g    -o /Users/haolu/Software/snac/snac-1/build/tmp/lib-libStGermainDiscretisation.dylib/libStGermainDiscretisation.dylib. -dynamiclib -flat_namespace -undefined suppress -single_module  /Users/haolu/Software/snac/snac-1/build/tmp/lib-libStGermainDiscretisation/Init.o /Users/haolu/Software/snac/snac-1/build/tmp/lib-libStGermainDiscretisation/Finalise.o /Users/haolu/Software/snac/snac-1/build/tmp/lib-libStGermainDiscretisationUtils/AllElementsVC.o /Users/haolu/Software/snac/snac-1/build/tmp/lib-libStGermainDiscretisationUtils/AllNodesVC.o /Users/haolu/Software/snac/snac-1/build/tmp/lib-libStGermainDiscretisationUtils/WallVC.o /Users/haolu/Software/snac/snac-1/build/tmp/lib-libStGermainDiscretisationUtils/InnerWallVC.o /Users/haolu/Software/snac/snac-1/build/tmp/lib-libStGermainDiscretisationUtils/CornerVC.o /Users/haolu/Software/snac/snac-1/build/tmp/lib-libStGermainDiscretisationUtils/ShapeVC.o /Users/haolu/Software/snac/snac-1/build/tmp/lib-libStGermainDiscretisationUtils/FrictionVC.o /Users/haolu/Software/snac/snac-1/build/tmp/lib-libStGermainDiscretisationUtils/SplitFrictionWallVC.o /Users/haolu/Software/snac/snac-1/build/tmp/lib-libStGermainDiscretisationUtils/DofLayout.o /Users/haolu/Software/snac/snac-1/build/tmp/lib-libStGermainDiscretisationUtils/RegularMeshUtils.o /Users/haolu/Software/snac/snac-1/build/tmp/lib-libStGermainDiscretisationUtils/Operator.o /Users/haolu/Software/snac/snac-1/build/tmp/lib-libStGermainDiscretisationUtils/FieldVariable.o /Users/haolu/Software/snac/snac-1/build/tmp/lib-libStGermainDiscretisationUtils/FieldVariable_Register.o /Users/haolu/Software/snac/snac-1/build/tmp/lib-libStGermainDiscretisationUtils/OperatorFieldVariable.o /Users/haolu/Software/snac/snac-1/build/tmp/lib-libStGermainDiscretisationUtils/MeshCoarsener_Hexa.o /Users/haolu/Software/snac/snac-1/build/tmp/lib-libStGermainDiscretisationUtils/DiscretisationContext.o /Users/haolu/Software/snac/snac-1/build/tmp/lib-libStGermainDiscretisationUtils/LinearRegression.o /Users/haolu/Software/snac/snac-1/build/tmp/lib-libStGermainDiscretisationUtils/TimeIntegrator.o /Users/haolu/Software/snac/snac-1/build/tmp/lib-libStGermainDiscretisationUtils/TimeIntegratee.o /Users/haolu/Software/snac/snac-1/build/tmp/lib-libStGermainDiscretisationUtils/ShapeAdvector.o /Users/haolu/Software/snac/snac-1/build/tmp/lib-libStGermainDiscretisationUtils/SobolGenerator.o /Users/haolu/Software/snac/snac-1/build/tmp/lib-libStGermainDiscretisationUtils/Sync.o /Users/haolu/Software/snac/snac-1/build/tmp/lib-libStGermainDiscretisationUtils/SemiRegDeform.o /Users/haolu/Software/snac/snac-1/build/tmp/lib-libStGermainDiscretisationUtils/Remesher.o /Users/haolu/Software/snac/snac-1/build/tmp/lib-libStGermainDiscretisationUtils/StripRemesher.o /Users/haolu/Software/snac/snac-1/build/tmp/lib-libStGermainDiscretisationUtils/CellRemesher.o /Users/haolu/Software/snac/snac-1/build/tmp/lib-libStGermainDiscretisationUtils/Init.o /Users/haolu/Software/snac/snac-1/build/tmp/lib-libStGermainDiscretisationUtils/Finalise.o /Users/haolu/Software/snac/snac-1/build/tmp/lib-libStGermainDiscretisationUtils/AllElementsVC-meta.o /Users/haolu/Software/snac/snac-1/build/tmp/lib-libStGermainDiscretisationUtils/AllNodesVC-meta.o /Users/haolu/Software/snac/snac-1/build/tmp/lib-libStGermainDiscretisationUtils/CellRemesher-meta.o /Users/haolu/Software/snac/snac-1/build/tmp/lib-libStGermainDiscretisationUtils/CornerVC-meta.o /Users/haolu/Software/snac/snac-1/build/tmp/lib-libStGermainDiscretisationUtils/DiscretisationContext-meta.o /Users/haolu/Software/snac/snac-1/build/tmp/lib-libStGermainDiscretisationUtils/DofLayout-meta.o /Users/haolu/Software/snac/snac-1/build/tmp/lib-libStGermainDiscretisationUtils/FieldVariable-meta.o /Users/haolu/Software/snac/snac-1/build/tmp/lib-libStGermainDiscretisationUtils/FrictionVC-meta.o /Users/haolu/Software/snac/snac-1/build/tmp/lib-libStGermainDiscretisationUtils/InnerWallVC-meta.o /Users/haolu/Software/snac/snac-1/build/tmp/lib-libStGermainDiscretisationUtils/MeshCoarsener_Hexa-meta.o /Users/haolu/Software/snac/snac-1/build/tmp/lib-libStGermainDiscretisationUtils/OperatorFieldVariable-meta.o /Users/haolu/Software/snac/snac-1/build/tmp/lib-libStGermainDiscretisationUtils/Remesher-meta.o /Users/haolu/Software/snac/snac-1/build/tmp/lib-libStGermainDiscretisationUtils/SemiRegDeform-meta.o /Users/haolu/Software/snac/snac-1/build/tmp/lib-libStGermainDiscretisationUtils/ShapeAdvector-meta.o /Users/haolu/Software/snac/snac-1/build/tmp/lib-libStGermainDiscretisationUtils/ShapeVC-meta.o /Users/haolu/Software/snac/snac-1/build/tmp/lib-libStGermainDiscretisationUtils/SplitFrictionWallVC-meta.o /Users/haolu/Software/snac/snac-1/build/tmp/lib-libStGermainDiscretisationUtils/StripRemesher-meta.o /Users/haolu/Software/snac/snac-1/build/tmp/lib-libStGermainDiscretisationUtils/Sync-meta.o /Users/haolu/Software/snac/snac-1/build/tmp/lib-libStGermainDiscretisationUtils/TimeIntegratee-meta.o /Users/haolu/Software/snac/snac-1/build/tmp/lib-libStGermainDiscretisationUtils/TimeIntegrator-meta.o /Users/haolu/Software/snac/snac-1/build/tmp/lib-libStGermainDiscretisationUtils/WallVC-meta.o /Users/haolu/Software/snac/snac-1/build/tmp/lib-libStGermainDiscretisationSwarm/CellLayout.o /Users/haolu/Software/snac/snac-1/build/tmp/lib-libStGermainDiscretisationSwarm/ElementCellLayout.o /Users/haolu/Software/snac/snac-1/build/tmp/lib-libStGermainDiscretisationSwarm/FileParticleLayout.o /Users/haolu/Software/snac/snac-1/build/tmp/lib-libStGermainDiscretisationSwarm/Finalise.o /Users/haolu/Software/snac/snac-1/build/tmp/lib-libStGermainDiscretisationSwarm/GaussParticleLayout.o /Users/haolu/Software/snac/snac-1/build/tmp/lib-libStGermainDiscretisationSwarm/GlobalParticleLayout.o /Users/haolu/Software/snac/snac-1/build/tmp/lib-libStGermainDiscretisationSwarm/Init.o /Users/haolu/Software/snac/snac-1/build/tmp/lib-libStGermainDiscretisationSwarm/IntegrationPoint.o /Users/haolu/Software/snac/snac-1/build/tmp/lib-libStGermainDiscretisationSwarm/LineParticleLayout.o /Users/haolu/Software/snac/snac-1/build/tmp/lib-libStGermainDiscretisationSwarm/ManualParticleLayout.o /Users/haolu/Software/snac/snac-1/build/tmp/lib-libStGermainDiscretisationSwarm/MeshParticleLayout.o /Users/haolu/Software/snac/snac-1/build/tmp/lib-libStGermainDiscretisationSwarm/OperatorSwarmVariable.o /Users/haolu/Software/snac/snac-1/build/tmp/lib-libStGermainDiscretisationSwarm/ParticleCommHandler.o /Users/haolu/Software/snac/snac-1/build/tmp/lib-libStGermainDiscretisationSwarm/ParticleLayout.o /Users/haolu/Software/snac/snac-1/build/tmp/lib-libStGermainDiscretisationSwarm/PerCellParticleLayout.o /Users/haolu/Software/snac/snac-1/build/tmp/lib-libStGermainDiscretisationSwarm/PlaneParticleLayout.o /Users/haolu/Software/snac/snac-1/build/tmp/lib-libStGermainDiscretisationSwarm/Random.o /Users/haolu/Software/snac/snac-1/build/tmp/lib-libStGermainDiscretisationSwarm/RandomParticleLayout.o /Users/haolu/Software/snac/snac-1/build/tmp/lib-libStGermainDiscretisationSwarm/SingleCellLayout.o /Users/haolu/Software/snac/snac-1/build/tmp/lib-libStGermainDiscretisationSwarm/SpaceFillerParticleLayout.o /Users/haolu/Software/snac/snac-1/build/tmp/lib-libStGermainDiscretisationSwarm/StandardParticle.o /Users/haolu/Software/snac/snac-1/build/tmp/lib-libStGermainDiscretisationSwarm/SwarmClass.o /Users/haolu/Software/snac/snac-1/build/tmp/lib-libStGermainDiscretisationSwarm/SwarmDump.o /Users/haolu/Software/snac/snac-1/build/tmp/lib-libStGermainDiscretisationSwarm/SwarmOutput.o /Users/haolu/Software/snac/snac-1/build/tmp/lib-libStGermainDiscretisationSwarm/SwarmVariable.o /Users/haolu/Software/snac/snac-1/build/tmp/lib-libStGermainDiscretisationSwarm/SwarmVariable_Register.o /Users/haolu/Software/snac/snac-1/build/tmp/lib-libStGermainDiscretisationSwarm/Swarm_Register.o /Users/haolu/Software/snac/snac-1/build/tmp/lib-libStGermainDiscretisationSwarm/TriGaussParticleLayout.o /Users/haolu/Software/snac/snac-1/build/tmp/lib-libStGermainDiscretisationSwarm/TriSingleCellLayout.o /Users/haolu/Software/snac/snac-1/build/tmp/lib-libStGermainDiscretisationSwarm/UnionParticleLayout.o /Users/haolu/Software/snac/snac-1/build/tmp/lib-libStGermainDiscretisationSwarm/WithinShapeParticleLayout.o /Users/haolu/Software/snac/snac-1/build/tmp/lib-libStGermainDiscretisationSwarm/CellLayout-meta.o /Users/haolu/Software/snac/snac-1/build/tmp/lib-libStGermainDiscretisationSwarm/ElementCellLayout-meta.o /Users/haolu/Software/snac/snac-1/build/tmp/lib-libStGermainDiscretisationSwarm/FileParticleLayout-meta.o /Users/haolu/Software/snac/snac-1/build/tmp/lib-libStGermainDiscretisationSwarm/GaussParticleLayout-meta.o /Users/haolu/Software/snac/snac-1/build/tmp/lib-libStGermainDiscretisationSwarm/GlobalParticleLayout-meta.o /Users/haolu/Software/snac/snac-1/build/tmp/lib-libStGermainDiscretisationSwarm/LineParticleLayout-meta.o /Users/haolu/Software/snac/snac-1/build/tmp/lib-libStGermainDiscretisationSwarm/ManualParticleLayout-meta.o /Users/haolu/Software/snac/snac-1/build/tmp/lib-libStGermainDiscretisationSwarm/MeshParticleLayout-meta.o /Users/haolu/Software/snac/snac-1/build/tmp/lib-libStGermainDiscretisationSwarm/OperatorSwarmVariable-meta.o /Users/haolu/Software/snac/snac-1/build/tmp/lib-libStGermainDiscretisationSwarm/ParticleCommHandler-meta.o /Users/haolu/Software/snac/snac-1/build/tmp/lib-libStGermainDiscretisationSwarm/ParticleLayout-meta.o /Users/haolu/Software/snac/snac-1/build/tmp/lib-libStGermainDiscretisationSwarm/PerCellParticleLayout-meta.o /Users/haolu/Software/snac/snac-1/build/tmp/lib-libStGermainDiscretisationSwarm/PlaneParticleLayout-meta.o /Users/haolu/Software/snac/snac-1/build/tmp/lib-libStGermainDiscretisationSwarm/RandomParticleLayout-meta.o /Users/haolu/Software/snac/snac-1/build/tmp/lib-libStGermainDiscretisationSwarm/SingleCellLayout-meta.o /Users/haolu/Software/snac/snac-1/build/tmp/lib-libStGermainDiscretisationSwarm/SpaceFillerParticleLayout-meta.o /Users/haolu/Software/snac/snac-1/build/tmp/lib-libStGermainDiscretisationSwarm/SwarmClass-meta.o /Users/haolu/Software/snac/snac-1/build/tmp/lib-libStGermainDiscretisationSwarm/SwarmDump-meta.o /Users/haolu/Software/snac/snac-1/build/tmp/lib-libStGermainDiscretisationSwarm/SwarmOutput-meta.o /Users/haolu/Software/snac/snac-1/build/tmp/lib-libStGermainDiscretisationSwarm/SwarmVariable-meta.o /Users/haolu/Software/snac/snac-1/build/tmp/lib-libStGermainDiscretisationSwarm/TriGaussParticleLayout-meta.o /Users/haolu/Software/snac/snac-1/build/tmp/lib-libStGermainDiscretisationSwarm/TriSingleCellLayout-meta.o /Users/haolu/Software/snac/snac-1/build/tmp/lib-libStGermainDiscretisationSwarm/UnionParticleLayout-meta.o /Users/haolu/Software/snac/snac-1/build/tmp/lib-libStGermainDiscretisationSwarm/WithinShapeParticleLayout-meta.o /Users/haolu/Software/snac/snac-1/build/tmp/lib-libStGermainDiscretisationMesh/Grid.o /Users/haolu/Software/snac/snac-1/build/tmp/lib-libStGermainDiscretisationMesh/CommTopology.o /Users/haolu/Software/snac/snac-1/build/tmp/lib-libStGermainDiscretisationMesh/Decomp.o /Users/haolu/Software/snac/snac-1/build/tmp/lib-libStGermainDiscretisationMesh/Decomp_Sync.o /Users/haolu/Software/snac/snac-1/build/tmp/lib-libStGermainDiscretisationMesh/Decomp_Sync_Claim.o /Users/haolu/Software/snac/snac-1/build/tmp/lib-libStGermainDiscretisationMesh/Decomp_Sync_Negotiate.o /Users/haolu/Software/snac/snac-1/build/tmp/lib-libStGermainDiscretisationMesh/DecompTransfer.o /Users/haolu/Software/snac/snac-1/build/tmp/lib-libStGermainDiscretisationMesh/MeshTopology.o /Users/haolu/Software/snac/snac-1/build/tmp/lib-libStGermainDiscretisationMesh/MeshGenerator.o /Users/haolu/Software/snac/snac-1/build/tmp/lib-libStGermainDiscretisationMesh/CartesianGenerator.o /Users/haolu/Software/snac/snac-1/build/tmp/lib-libStGermainDiscretisationMesh/MeshAdaptor.o /Users/haolu/Software/snac/snac-1/build/tmp/lib-libStGermainDiscretisationMesh/SurfaceAdaptor.o /Users/haolu/Software/snac/snac-1/build/tmp/lib-libStGermainDiscretisationMesh/MeshDecomp.o /Users/haolu/Software/snac/snac-1/build/tmp/lib-libStGermainDiscretisationMesh/ElementLayout.o /Users/haolu/Software/snac/snac-1/build/tmp/lib-libStGermainDiscretisationMesh/HexaEL.o /Users/haolu/Software/snac/snac-1/build/tmp/lib-libStGermainDiscretisationMesh/ParallelPipedHexaEL.o /Users/haolu/Software/snac/snac-1/build/tmp/lib-libStGermainDiscretisationMesh/IrregEL.o /Users/haolu/Software/snac/snac-1/build/tmp/lib-libStGermainDiscretisationMesh/NodeLayout.o /Users/haolu/Software/snac/snac-1/build/tmp/lib-libStGermainDiscretisationMesh/CornerNL.o /Users/haolu/Software/snac/snac-1/build/tmp/lib-libStGermainDiscretisationMesh/BodyNL.o /Users/haolu/Software/snac/snac-1/build/tmp/lib-libStGermainDiscretisationMesh/HexaMD.o /Users/haolu/Software/snac/snac-1/build/tmp/lib-libStGermainDiscretisationMesh/DummyMD.o /Users/haolu/Software/snac/snac-1/build/tmp/lib-libStGermainDiscretisationMesh/MeshGeometry.o /Users/haolu/Software/snac/snac-1/build/tmp/lib-libStGermainDiscretisationMesh/MeshLayout.o /Users/haolu/Software/snac/snac-1/build/tmp/lib-libStGermainDiscretisationMesh/MeshClass.o /Users/haolu/Software/snac/snac-1/build/tmp/lib-libStGermainDiscretisationMesh/Init.o /Users/haolu/Software/snac/snac-1/build/tmp/lib-libStGermainDiscretisationMesh/Finalise.o /Users/haolu/Software/snac/snac-1/build/tmp/lib-libStGermainDiscretisationMesh/BodyNL-meta.o /Users/haolu/Software/snac/snac-1/build/tmp/lib-libStGermainDiscretisationMesh/CartesianGenerator-meta.o /Users/haolu/Software/snac/snac-1/build/tmp/lib-libStGermainDiscretisationMesh/CommTopology-meta.o /Users/haolu/Software/snac/snac-1/build/tmp/lib-libStGermainDiscretisationMesh/CornerNL-meta.o /Users/haolu/Software/snac/snac-1/build/tmp/lib-libStGermainDiscretisationMesh/Decomp-meta.o /Users/haolu/Software/snac/snac-1/build/tmp/lib-libStGermainDiscretisationMesh/DecompTransfer-meta.o /Users/haolu/Software/snac/snac-1/build/tmp/lib-libStGermainDiscretisationMesh/Decomp_Sync-meta.o /Users/haolu/Software/snac/snac-1/build/tmp/lib-libStGermainDiscretisationMesh/Decomp_Sync_Claim-meta.o /Users/haolu/Software/snac/snac-1/build/tmp/lib-libStGermainDiscretisationMesh/Decomp_Sync_Negotiate-meta.o /Users/haolu/Software/snac/snac-1/build/tmp/lib-libStGermainDiscretisationMesh/DummyMD-meta.o /Users/haolu/Software/snac/snac-1/build/tmp/lib-libStGermainDiscretisationMesh/ElementLayout-meta.o /Users/haolu/Software/snac/snac-1/build/tmp/lib-libStGermainDiscretisationMesh/Grid-meta.o /Users/haolu/Software/snac/snac-1/build/tmp/lib-libStGermainDiscretisationMesh/HMesh-meta.o /Users/haolu/Software/snac/snac-1/build/tmp/lib-libStGermainDiscretisationMesh/HexaEL-meta.o /Users/haolu/Software/snac/snac-1/build/tmp/lib-libStGermainDiscretisationMesh/HexaMD-meta.o /Users/haolu/Software/snac/snac-1/build/tmp/lib-libStGermainDiscretisationMesh/IrregEL-meta.o /Users/haolu/Software/snac/snac-1/build/tmp/lib-libStGermainDiscretisationMesh/MeshAdaptor-meta.o /Users/haolu/Software/snac/snac-1/build/tmp/lib-libStGermainDiscretisationMesh/MeshClass-meta.o /Users/haolu/Software/snac/snac-1/build/tmp/lib-libStGermainDiscretisationMesh/MeshDecomp-meta.o /Users/haolu/Software/snac/snac-1/build/tmp/lib-libStGermainDiscretisationMesh/MeshGenerator-meta.o /Users/haolu/Software/snac/snac-1/build/tmp/lib-libStGermainDiscretisationMesh/MeshGeometry-meta.o /Users/haolu/Software/snac/snac-1/build/tmp/lib-libStGermainDiscretisationMesh/MeshLayout-meta.o /Users/haolu/Software/snac/snac-1/build/tmp/lib-libStGermainDiscretisationMesh/MeshTopology-meta.o /Users/haolu/Software/snac/snac-1/build/tmp/lib-libStGermainDiscretisationMesh/NodeLayout-meta.o /Users/haolu/Software/snac/snac-1/build/tmp/lib-libStGermainDiscretisationMesh/ParallelPipedHexaEL-meta.o /Users/haolu/Software/snac/snac-1/build/tmp/lib-libStGermainDiscretisationMesh/StencilMD-meta.o /Users/haolu/Software/snac/snac-1/build/tmp/lib-libStGermainDiscretisationMesh/SurfaceAdaptor-meta.o /Users/haolu/Software/snac/snac-1/build/tmp/lib-libStGermainDiscretisationShape/BelowCosinePlane.o /Users/haolu/Software/snac/snac-1/build/tmp/lib-libStGermainDiscretisationShape/BelowPlane.o /Users/haolu/Software/snac/snac-1/build/tmp/lib-libStGermainDiscretisationShape/Box.o /Users/haolu/Software/snac/snac-1/build/tmp/lib-libStGermainDiscretisationShape/ConvexHull.o /Users/haolu/Software/snac/snac-1/build/tmp/lib-libStGermainDiscretisationShape/Cylinder.o /Users/haolu/Software/snac/snac-1/build/tmp/lib-libStGermainDiscretisationShape/Everywhere.o /Users/haolu/Software/snac/snac-1/build/tmp/lib-libStGermainDiscretisationShape/Finalise.o /Users/haolu/Software/snac/snac-1/build/tmp/lib-libStGermainDiscretisationShape/Init.o /Users/haolu/Software/snac/snac-1/build/tmp/lib-libStGermainDiscretisationShape/Intersection.o /Users/haolu/Software/snac/snac-1/build/tmp/lib-libStGermainDiscretisationShape/PolygonShape.o /Users/haolu/Software/snac/snac-1/build/tmp/lib-libStGermainDiscretisationShape/PythonShape.o /Users/haolu/Software/snac/snac-1/build/tmp/lib-libStGermainDiscretisationShape/ShapeClass.o /Users/haolu/Software/snac/snac-1/build/tmp/lib-libStGermainDiscretisationShape/Sphere.o /Users/haolu/Software/snac/snac-1/build/tmp/lib-libStGermainDiscretisationShape/Superellipsoid.o /Users/haolu/Software/snac/snac-1/build/tmp/lib-libStGermainDiscretisationShape/Union.o /Users/haolu/Software/snac/snac-1/build/tmp/lib-libStGermainDiscretisationShape/BelowCosinePlane-meta.o /Users/haolu/Software/snac/snac-1/build/tmp/lib-libStGermainDiscretisationShape/BelowPlane-meta.o /Users/haolu/Software/snac/snac-1/build/tmp/lib-libStGermainDiscretisationShape/Box-meta.o /Users/haolu/Software/snac/snac-1/build/tmp/lib-libStGermainDiscretisationShape/ConvexHull-meta.o /Users/haolu/Software/snac/snac-1/build/tmp/lib-libStGermainDiscretisationShape/Cylinder-meta.o /Users/haolu/Software/snac/snac-1/build/tmp/lib-libStGermainDiscretisationShape/Everywhere-meta.o /Users/haolu/Software/snac/snac-1/build/tmp/lib-libStGermainDiscretisationShape/Intersection-meta.o /Users/haolu/Software/snac/snac-1/build/tmp/lib-libStGermainDiscretisationShape/PolygonShape-meta.o /Users/haolu/Software/snac/snac-1/build/tmp/lib-libStGermainDiscretisationShape/PythonShape-meta.o /Users/haolu/Software/snac/snac-1/build/tmp/lib-libStGermainDiscretisationShape/ShapeClass-meta.o /Users/haolu/Software/snac/snac-1/build/tmp/lib-libStGermainDiscretisationShape/Sphere-meta.o /Users/haolu/Software/snac/snac-1/build/tmp/lib-libStGermainDiscretisationShape/Superellipsoid-meta.o /Users/haolu/Software/snac/snac-1/build/tmp/lib-libStGermainDiscretisationShape/Union-meta.o /Users/haolu/Software/snac/snac-1/build/tmp/lib-libStGermainDiscretisationGeometry/Dimension.o /Users/haolu/Software/snac/snac-1/build/tmp/lib-libStGermainDiscretisationGeometry/VectorMath.o /Users/haolu/Software/snac/snac-1/build/tmp/lib-libStGermainDiscretisationGeometry/TensorMath.o /Users/haolu/Software/snac/snac-1/build/tmp/lib-libStGermainDiscretisationGeometry/TrigMath.o /Users/haolu/Software/snac/snac-1/build/tmp/lib-libStGermainDiscretisationGeometry/ComplexMath.o /Users/haolu/Software/snac/snac-1/build/tmp/lib-libStGermainDiscretisationGeometry/Line.o /Users/haolu/Software/snac/snac-1/build/tmp/lib-libStGermainDiscretisationGeometry/Plane.o /Users/haolu/Software/snac/snac-1/build/tmp/lib-libStGermainDiscretisationGeometry/Edge.o /Users/haolu/Software/snac/snac-1/build/tmp/lib-libStGermainDiscretisationGeometry/RMatrix.o /Users/haolu/Software/snac/snac-1/build/tmp/lib-libStGermainDiscretisationGeometry/Topology.o /Users/haolu/Software/snac/snac-1/build/tmp/lib-libStGermainDiscretisationGeometry/IJKTopology.o /Users/haolu/Software/snac/snac-1/build/tmp/lib-libStGermainDiscretisationGeometry/IJK6Topology.o /Users/haolu/Software/snac/snac-1/build/tmp/lib-libStGermainDiscretisationGeometry/IJK26Topology.o /Users/haolu/Software/snac/snac-1/build/tmp/lib-libStGermainDiscretisationGeometry/IrregTopology.o /Users/haolu/Software/snac/snac-1/build/tmp/lib-libStGermainDiscretisationGeometry/GeometryClass.o /Users/haolu/Software/snac/snac-1/build/tmp/lib-libStGermainDiscretisationGeometry/BlockGeometry.o /Users/haolu/Software/snac/snac-1/build/tmp/lib-libStGermainDiscretisationGeometry/RefinedRegionsGeometry.o /Users/haolu/Software/snac/snac-1/build/tmp/lib-libStGermainDiscretisationGeometry/ShellGeometry.o /Users/haolu/Software/snac/snac-1/build/tmp/lib-libStGermainDiscretisationGeometry/IrregGeometry.o /Users/haolu/Software/snac/snac-1/build/tmp/lib-libStGermainDiscretisationGeometry/QuadEdge.o /Users/haolu/Software/snac/snac-1/build/tmp/lib-libStGermainDiscretisationGeometry/Delaunay.o /Users/haolu/Software/snac/snac-1/build/tmp/lib-libStGermainDiscretisationGeometry/ParallelDelaunay.o /Users/haolu/Software/snac/snac-1/build/tmp/lib-libStGermainDiscretisationGeometry/Init.o /Users/haolu/Software/snac/snac-1/build/tmp/lib-libStGermainDiscretisationGeometry/Finalise.o /Users/haolu/Software/snac/snac-1/build/tmp/lib-libStGermainDiscretisationGeometry/ComplexVectorMath.o /Users/haolu/Software/snac/snac-1/build/tmp/lib-libStGermainDiscretisationGeometry/TensorMultMath.o /Users/haolu/Software/snac/snac-1/build/tmp/lib-libStGermainDiscretisationGeometry/BlockGeometry-meta.o /Users/haolu/Software/snac/snac-1/build/tmp/lib-libStGermainDiscretisationGeometry/Delaunay-meta.o /Users/haolu/Software/snac/snac-1/build/tmp/lib-libStGermainDiscretisationGeometry/GeometryClass-meta.o /Users/haolu/Software/snac/snac-1/build/tmp/lib-libStGermainDiscretisationGeometry/IJK26Topology-meta.o /Users/haolu/Software/snac/snac-1/build/tmp/lib-libStGermainDiscretisationGeometry/IJK6Topology-meta.o /Users/haolu/Software/snac/snac-1/build/tmp/lib-libStGermainDiscretisationGeometry/IJKTopology-meta.o /Users/haolu/Software/snac/snac-1/build/tmp/lib-libStGermainDiscretisationGeometry/IrregGeometry-meta.o /Users/haolu/Software/snac/snac-1/build/tmp/lib-libStGermainDiscretisationGeometry/IrregTopology-meta.o /Users/haolu/Software/snac/snac-1/build/tmp/lib-libStGermainDiscretisationGeometry/ParallelDelaunay-meta.o /Users/haolu/Software/snac/snac-1/build/tmp/lib-libStGermainDiscretisationGeometry/RefinedRegionsGeometry-meta.o /Users/haolu/Software/snac/snac-1/build/tmp/lib-libStGermainDiscretisationGeometry/ShellGeometry-meta.o /Users/haolu/Software/snac/snac-1/build/tmp/lib-libStGermainDiscretisationGeometry/Topology-meta.o  -L/Users/haolu/Software/snac/snac-1/build/lib     -L/opt/passcal/other/lib -lxml2 -lz -lpthread -liconv -lm   -lm -lmx          -install_name /Users/haolu/Software/snac/snac-1/build/lib/libStGermainDiscretisation.dylib
mpicc-mpich-mp -pipe  -DVERSION=\"0\" -Wall -g  -DCURR_MODULE_NAME=\"libDiscretisation\"  -o /Users/haolu/Software/snac/snac-1/build/tests/testLibDiscretisation  -I/Users/haolu/Software/snac/snac-1/build/include   -I/Users/haolu/Software/snac/snac-1/build/include/StGermain  -I/opt/passcal/other/include/mpich-mp   -I/opt/passcal/other/include/libxml2      testLibDiscretisation.c   -L/Users/haolu/Software/snac/snac-1/build/lib   -L/Users/haolu/Software/snac/snac-1/build/lib -lStGermainDiscretisation -lStGermainBase   -L/Users/haolu/Software/snac/snac-1/build/lib -lmpich -L/opt/passcal/other/lib/mpich-mp -lmpich  -L/sw/lib    -L/opt/passcal/other/lib -lxml2 -lz -lpthread -liconv -lm   -lm -lmx            
ld: warning: directory not found for option '-L/sw/lib'
make[4]: Nothing to be done for `all_build'.
mpicc-mpich-mp -pipe  -DVERSION=\"0\" -DCURR_MODULE_NAME=\"StGermain_\" -Wall -g     -c -o /Users/haolu/Software/snac/snac-1/build/tmp/lib-libStGermain_/Init.o -I/Users/haolu/Software/snac/snac-1/build/include   -I/Users/haolu/Software/snac/snac-1/build/include/StGermain  -I/opt/passcal/other/include/mpich-mp   -I/opt/passcal/other/include/libxml2      Init.c
mpicc-mpich-mp -pipe  -DVERSION=\"0\" -DCURR_MODULE_NAME=\"StGermain_\" -Wall -g     -c -o /Users/haolu/Software/snac/snac-1/build/tmp/lib-libStGermain_/Finalise.o -I/Users/haolu/Software/snac/snac-1/build/include   -I/Users/haolu/Software/snac/snac-1/build/include/StGermain  -I/opt/passcal/other/include/mpich-mp   -I/opt/passcal/other/include/libxml2      Finalise.c
ar -cru /Users/haolu/Software/snac/snac-1/build/tmp/lib-libStGermain_.a/libStGermain_.a. /Users/haolu/Software/snac/snac-1/build/tmp/lib-libStGermain_/Init.o /Users/haolu/Software/snac/snac-1/build/tmp/lib-libStGermain_/Finalise.o
/usr/bin/ranlib /Users/haolu/Software/snac/snac-1/build/tmp/lib-libStGermain_.a/libStGermain_.a.
mpicc-mpich-mp -pipe  -DVERSION=\"0\" -DCURR_MODULE_NAME=\"StGermain\" -Wall -g     -c -o /Users/haolu/Software/snac/snac-1/build/tmp/lib-libStGermain/dummy.o -I/Users/haolu/Software/snac/snac-1/build/include   -I/Users/haolu/Software/snac/snac-1/build/include/StGermain  -I/opt/passcal/other/include/mpich-mp   -I/opt/passcal/other/include/libxml2     -I/include    dummy.c
ar -cru /Users/haolu/Software/snac/snac-1/build/tmp/lib-libStGermain.a/libStGermain.a. /Users/haolu/Software/snac/snac-1/build/tmp/lib-libStGermain/dummy.o /Users/haolu/Software/snac/snac-1/build/tmp/lib-libStGermain_/Init.o /Users/haolu/Software/snac/snac-1/build/tmp/lib-libStGermain_/Finalise.o /Users/haolu/Software/snac/snac-1/build/tmp/lib-libStGermainDiscretisation/Init.o /Users/haolu/Software/snac/snac-1/build/tmp/lib-libStGermainDiscretisation/Finalise.o /Users/haolu/Software/snac/snac-1/build/tmp/lib-libStGermainDiscretisationUtils/AllElementsVC.o /Users/haolu/Software/snac/snac-1/build/tmp/lib-libStGermainDiscretisationUtils/AllNodesVC.o /Users/haolu/Software/snac/snac-1/build/tmp/lib-libStGermainDiscretisationUtils/WallVC.o /Users/haolu/Software/snac/snac-1/build/tmp/lib-libStGermainDiscretisationUtils/InnerWallVC.o /Users/haolu/Software/snac/snac-1/build/tmp/lib-libStGermainDiscretisationUtils/CornerVC.o /Users/haolu/Software/snac/snac-1/build/tmp/lib-libStGermainDiscretisationUtils/ShapeVC.o /Users/haolu/Software/snac/snac-1/build/tmp/lib-libStGermainDiscretisationUtils/FrictionVC.o /Users/haolu/Software/snac/snac-1/build/tmp/lib-libStGermainDiscretisationUtils/SplitFrictionWallVC.o /Users/haolu/Software/snac/snac-1/build/tmp/lib-libStGermainDiscretisationUtils/DofLayout.o /Users/haolu/Software/snac/snac-1/build/tmp/lib-libStGermainDiscretisationUtils/RegularMeshUtils.o /Users/haolu/Software/snac/snac-1/build/tmp/lib-libStGermainDiscretisationUtils/Operator.o /Users/haolu/Software/snac/snac-1/build/tmp/lib-libStGermainDiscretisationUtils/FieldVariable.o /Users/haolu/Software/snac/snac-1/build/tmp/lib-libStGermainDiscretisationUtils/FieldVariable_Register.o /Users/haolu/Software/snac/snac-1/build/tmp/lib-libStGermainDiscretisationUtils/OperatorFieldVariable.o /Users/haolu/Software/snac/snac-1/build/tmp/lib-libStGermainDiscretisationUtils/MeshCoarsener_Hexa.o /Users/haolu/Software/snac/snac-1/build/tmp/lib-libStGermainDiscretisationUtils/DiscretisationContext.o /Users/haolu/Software/snac/snac-1/build/tmp/lib-libStGermainDiscretisationUtils/LinearRegression.o /Users/haolu/Software/snac/snac-1/build/tmp/lib-libStGermainDiscretisationUtils/TimeIntegrator.o /Users/haolu/Software/snac/snac-1/build/tmp/lib-libStGermainDiscretisationUtils/TimeIntegratee.o /Users/haolu/Software/snac/snac-1/build/tmp/lib-libStGermainDiscretisationUtils/ShapeAdvector.o /Users/haolu/Software/snac/snac-1/build/tmp/lib-libStGermainDiscretisationUtils/SobolGenerator.o /Users/haolu/Software/snac/snac-1/build/tmp/lib-libStGermainDiscretisationUtils/Sync.o /Users/haolu/Software/snac/snac-1/build/tmp/lib-libStGermainDiscretisationUtils/SemiRegDeform.o /Users/haolu/Software/snac/snac-1/build/tmp/lib-libStGermainDiscretisationUtils/Remesher.o /Users/haolu/Software/snac/snac-1/build/tmp/lib-libStGermainDiscretisationUtils/StripRemesher.o /Users/haolu/Software/snac/snac-1/build/tmp/lib-libStGermainDiscretisationUtils/CellRemesher.o /Users/haolu/Software/snac/snac-1/build/tmp/lib-libStGermainDiscretisationUtils/Init.o /Users/haolu/Software/snac/snac-1/build/tmp/lib-libStGermainDiscretisationUtils/Finalise.o /Users/haolu/Software/snac/snac-1/build/tmp/lib-libStGermainDiscretisationUtils/AllElementsVC-meta.o /Users/haolu/Software/snac/snac-1/build/tmp/lib-libStGermainDiscretisationUtils/AllNodesVC-meta.o /Users/haolu/Software/snac/snac-1/build/tmp/lib-libStGermainDiscretisationUtils/CellRemesher-meta.o /Users/haolu/Software/snac/snac-1/build/tmp/lib-libStGermainDiscretisationUtils/CornerVC-meta.o /Users/haolu/Software/snac/snac-1/build/tmp/lib-libStGermainDiscretisationUtils/DiscretisationContext-meta.o /Users/haolu/Software/snac/snac-1/build/tmp/lib-libStGermainDiscretisationUtils/DofLayout-meta.o /Users/haolu/Software/snac/snac-1/build/tmp/lib-libStGermainDiscretisationUtils/FieldVariable-meta.o /Users/haolu/Software/snac/snac-1/build/tmp/lib-libStGermainDiscretisationUtils/FrictionVC-meta.o /Users/haolu/Software/snac/snac-1/build/tmp/lib-libStGermainDiscretisationUtils/InnerWallVC-meta.o /Users/haolu/Software/snac/snac-1/build/tmp/lib-libStGermainDiscretisationUtils/MeshCoarsener_Hexa-meta.o /Users/haolu/Software/snac/snac-1/build/tmp/lib-libStGermainDiscretisationUtils/OperatorFieldVariable-meta.o /Users/haolu/Software/snac/snac-1/build/tmp/lib-libStGermainDiscretisationUtils/Remesher-meta.o /Users/haolu/Software/snac/snac-1/build/tmp/lib-libStGermainDiscretisationUtils/SemiRegDeform-meta.o /Users/haolu/Software/snac/snac-1/build/tmp/lib-libStGermainDiscretisationUtils/ShapeAdvector-meta.o /Users/haolu/Software/snac/snac-1/build/tmp/lib-libStGermainDiscretisationUtils/ShapeVC-meta.o /Users/haolu/Software/snac/snac-1/build/tmp/lib-libStGermainDiscretisationUtils/SplitFrictionWallVC-meta.o /Users/haolu/Software/snac/snac-1/build/tmp/lib-libStGermainDiscretisationUtils/StripRemesher-meta.o /Users/haolu/Software/snac/snac-1/build/tmp/lib-libStGermainDiscretisationUtils/Sync-meta.o /Users/haolu/Software/snac/snac-1/build/tmp/lib-libStGermainDiscretisationUtils/TimeIntegratee-meta.o /Users/haolu/Software/snac/snac-1/build/tmp/lib-libStGermainDiscretisationUtils/TimeIntegrator-meta.o /Users/haolu/Software/snac/snac-1/build/tmp/lib-libStGermainDiscretisationUtils/WallVC-meta.o /Users/haolu/Software/snac/snac-1/build/tmp/lib-libStGermainDiscretisationSwarm/CellLayout.o /Users/haolu/Software/snac/snac-1/build/tmp/lib-libStGermainDiscretisationSwarm/ElementCellLayout.o /Users/haolu/Software/snac/snac-1/build/tmp/lib-libStGermainDiscretisationSwarm/FileParticleLayout.o /Users/haolu/Software/snac/snac-1/build/tmp/lib-libStGermainDiscretisationSwarm/Finalise.o /Users/haolu/Software/snac/snac-1/build/tmp/lib-libStGermainDiscretisationSwarm/GaussParticleLayout.o /Users/haolu/Software/snac/snac-1/build/tmp/lib-libStGermainDiscretisationSwarm/GlobalParticleLayout.o /Users/haolu/Software/snac/snac-1/build/tmp/lib-libStGermainDiscretisationSwarm/Init.o /Users/haolu/Software/snac/snac-1/build/tmp/lib-libStGermainDiscretisationSwarm/IntegrationPoint.o /Users/haolu/Software/snac/snac-1/build/tmp/lib-libStGermainDiscretisationSwarm/LineParticleLayout.o /Users/haolu/Software/snac/snac-1/build/tmp/lib-libStGermainDiscretisationSwarm/ManualParticleLayout.o /Users/haolu/Software/snac/snac-1/build/tmp/lib-libStGermainDiscretisationSwarm/MeshParticleLayout.o /Users/haolu/Software/snac/snac-1/build/tmp/lib-libStGermainDiscretisationSwarm/OperatorSwarmVariable.o /Users/haolu/Software/snac/snac-1/build/tmp/lib-libStGermainDiscretisationSwarm/ParticleCommHandler.o /Users/haolu/Software/snac/snac-1/build/tmp/lib-libStGermainDiscretisationSwarm/ParticleLayout.o /Users/haolu/Software/snac/snac-1/build/tmp/lib-libStGermainDiscretisationSwarm/PerCellParticleLayout.o /Users/haolu/Software/snac/snac-1/build/tmp/lib-libStGermainDiscretisationSwarm/PlaneParticleLayout.o /Users/haolu/Software/snac/snac-1/build/tmp/lib-libStGermainDiscretisationSwarm/Random.o /Users/haolu/Software/snac/snac-1/build/tmp/lib-libStGermainDiscretisationSwarm/RandomParticleLayout.o /Users/haolu/Software/snac/snac-1/build/tmp/lib-libStGermainDiscretisationSwarm/SingleCellLayout.o /Users/haolu/Software/snac/snac-1/build/tmp/lib-libStGermainDiscretisationSwarm/SpaceFillerParticleLayout.o /Users/haolu/Software/snac/snac-1/build/tmp/lib-libStGermainDiscretisationSwarm/StandardParticle.o /Users/haolu/Software/snac/snac-1/build/tmp/lib-libStGermainDiscretisationSwarm/SwarmClass.o /Users/haolu/Software/snac/snac-1/build/tmp/lib-libStGermainDiscretisationSwarm/SwarmDump.o /Users/haolu/Software/snac/snac-1/build/tmp/lib-libStGermainDiscretisationSwarm/SwarmOutput.o /Users/haolu/Software/snac/snac-1/build/tmp/lib-libStGermainDiscretisationSwarm/SwarmVariable.o /Users/haolu/Software/snac/snac-1/build/tmp/lib-libStGermainDiscretisationSwarm/SwarmVariable_Register.o /Users/haolu/Software/snac/snac-1/build/tmp/lib-libStGermainDiscretisationSwarm/Swarm_Register.o /Users/haolu/Software/snac/snac-1/build/tmp/lib-libStGermainDiscretisationSwarm/TriGaussParticleLayout.o /Users/haolu/Software/snac/snac-1/build/tmp/lib-libStGermainDiscretisationSwarm/TriSingleCellLayout.o /Users/haolu/Software/snac/snac-1/build/tmp/lib-libStGermainDiscretisationSwarm/UnionParticleLayout.o /Users/haolu/Software/snac/snac-1/build/tmp/lib-libStGermainDiscretisationSwarm/WithinShapeParticleLayout.o /Users/haolu/Software/snac/snac-1/build/tmp/lib-libStGermainDiscretisationSwarm/CellLayout-meta.o /Users/haolu/Software/snac/snac-1/build/tmp/lib-libStGermainDiscretisationSwarm/ElementCellLayout-meta.o /Users/haolu/Software/snac/snac-1/build/tmp/lib-libStGermainDiscretisationSwarm/FileParticleLayout-meta.o /Users/haolu/Software/snac/snac-1/build/tmp/lib-libStGermainDiscretisationSwarm/GaussParticleLayout-meta.o /Users/haolu/Software/snac/snac-1/build/tmp/lib-libStGermainDiscretisationSwarm/GlobalParticleLayout-meta.o /Users/haolu/Software/snac/snac-1/build/tmp/lib-libStGermainDiscretisationSwarm/LineParticleLayout-meta.o /Users/haolu/Software/snac/snac-1/build/tmp/lib-libStGermainDiscretisationSwarm/ManualParticleLayout-meta.o /Users/haolu/Software/snac/snac-1/build/tmp/lib-libStGermainDiscretisationSwarm/MeshParticleLayout-meta.o /Users/haolu/Software/snac/snac-1/build/tmp/lib-libStGermainDiscretisationSwarm/OperatorSwarmVariable-meta.o /Users/haolu/Software/snac/snac-1/build/tmp/lib-libStGermainDiscretisationSwarm/ParticleCommHandler-meta.o /Users/haolu/Software/snac/snac-1/build/tmp/lib-libStGermainDiscretisationSwarm/ParticleLayout-meta.o /Users/haolu/Software/snac/snac-1/build/tmp/lib-libStGermainDiscretisationSwarm/PerCellParticleLayout-meta.o /Users/haolu/Software/snac/snac-1/build/tmp/lib-libStGermainDiscretisationSwarm/PlaneParticleLayout-meta.o /Users/haolu/Software/snac/snac-1/build/tmp/lib-libStGermainDiscretisationSwarm/RandomParticleLayout-meta.o /Users/haolu/Software/snac/snac-1/build/tmp/lib-libStGermainDiscretisationSwarm/SingleCellLayout-meta.o /Users/haolu/Software/snac/snac-1/build/tmp/lib-libStGermainDiscretisationSwarm/SpaceFillerParticleLayout-meta.o /Users/haolu/Software/snac/snac-1/build/tmp/lib-libStGermainDiscretisationSwarm/SwarmClass-meta.o /Users/haolu/Software/snac/snac-1/build/tmp/lib-libStGermainDiscretisationSwarm/SwarmDump-meta.o /Users/haolu/Software/snac/snac-1/build/tmp/lib-libStGermainDiscretisationSwarm/SwarmOutput-meta.o /Users/haolu/Software/snac/snac-1/build/tmp/lib-libStGermainDiscretisationSwarm/SwarmVariable-meta.o /Users/haolu/Software/snac/snac-1/build/tmp/lib-libStGermainDiscretisationSwarm/TriGaussParticleLayout-meta.o /Users/haolu/Software/snac/snac-1/build/tmp/lib-libStGermainDiscretisationSwarm/TriSingleCellLayout-meta.o /Users/haolu/Software/snac/snac-1/build/tmp/lib-libStGermainDiscretisationSwarm/UnionParticleLayout-meta.o /Users/haolu/Software/snac/snac-1/build/tmp/lib-libStGermainDiscretisationSwarm/WithinShapeParticleLayout-meta.o /Users/haolu/Software/snac/snac-1/build/tmp/lib-libStGermainDiscretisationMesh/Grid.o /Users/haolu/Software/snac/snac-1/build/tmp/lib-libStGermainDiscretisationMesh/CommTopology.o /Users/haolu/Software/snac/snac-1/build/tmp/lib-libStGermainDiscretisationMesh/Decomp.o /Users/haolu/Software/snac/snac-1/build/tmp/lib-libStGermainDiscretisationMesh/Decomp_Sync.o /Users/haolu/Software/snac/snac-1/build/tmp/lib-libStGermainDiscretisationMesh/Decomp_Sync_Claim.o /Users/haolu/Software/snac/snac-1/build/tmp/lib-libStGermainDiscretisationMesh/Decomp_Sync_Negotiate.o /Users/haolu/Software/snac/snac-1/build/tmp/lib-libStGermainDiscretisationMesh/DecompTransfer.o /Users/haolu/Software/snac/snac-1/build/tmp/lib-libStGermainDiscretisationMesh/MeshTopology.o /Users/haolu/Software/snac/snac-1/build/tmp/lib-libStGermainDiscretisationMesh/MeshGenerator.o /Users/haolu/Software/snac/snac-1/build/tmp/lib-libStGermainDiscretisationMesh/CartesianGenerator.o /Users/haolu/Software/snac/snac-1/build/tmp/lib-libStGermainDiscretisationMesh/MeshAdaptor.o /Users/haolu/Software/snac/snac-1/build/tmp/lib-libStGermainDiscretisationMesh/SurfaceAdaptor.o /Users/haolu/Software/snac/snac-1/build/tmp/lib-libStGermainDiscretisationMesh/MeshDecomp.o /Users/haolu/Software/snac/snac-1/build/tmp/lib-libStGermainDiscretisationMesh/ElementLayout.o /Users/haolu/Software/snac/snac-1/build/tmp/lib-libStGermainDiscretisationMesh/HexaEL.o /Users/haolu/Software/snac/snac-1/build/tmp/lib-libStGermainDiscretisationMesh/ParallelPipedHexaEL.o /Users/haolu/Software/snac/snac-1/build/tmp/lib-libStGermainDiscretisationMesh/IrregEL.o /Users/haolu/Software/snac/snac-1/build/tmp/lib-libStGermainDiscretisationMesh/NodeLayout.o /Users/haolu/Software/snac/snac-1/build/tmp/lib-libStGermainDiscretisationMesh/CornerNL.o /Users/haolu/Software/snac/snac-1/build/tmp/lib-libStGermainDiscretisationMesh/BodyNL.o /Users/haolu/Software/snac/snac-1/build/tmp/lib-libStGermainDiscretisationMesh/HexaMD.o /Users/haolu/Software/snac/snac-1/build/tmp/lib-libStGermainDiscretisationMesh/DummyMD.o /Users/haolu/Software/snac/snac-1/build/tmp/lib-libStGermainDiscretisationMesh/MeshGeometry.o /Users/haolu/Software/snac/snac-1/build/tmp/lib-libStGermainDiscretisationMesh/MeshLayout.o /Users/haolu/Software/snac/snac-1/build/tmp/lib-libStGermainDiscretisationMesh/MeshClass.o /Users/haolu/Software/snac/snac-1/build/tmp/lib-libStGermainDiscretisationMesh/Init.o /Users/haolu/Software/snac/snac-1/build/tmp/lib-libStGermainDiscretisationMesh/Finalise.o /Users/haolu/Software/snac/snac-1/build/tmp/lib-libStGermainDiscretisationMesh/BodyNL-meta.o /Users/haolu/Software/snac/snac-1/build/tmp/lib-libStGermainDiscretisationMesh/CartesianGenerator-meta.o /Users/haolu/Software/snac/snac-1/build/tmp/lib-libStGermainDiscretisationMesh/CommTopology-meta.o /Users/haolu/Software/snac/snac-1/build/tmp/lib-libStGermainDiscretisationMesh/CornerNL-meta.o /Users/haolu/Software/snac/snac-1/build/tmp/lib-libStGermainDiscretisationMesh/Decomp-meta.o /Users/haolu/Software/snac/snac-1/build/tmp/lib-libStGermainDiscretisationMesh/DecompTransfer-meta.o /Users/haolu/Software/snac/snac-1/build/tmp/lib-libStGermainDiscretisationMesh/Decomp_Sync-meta.o /Users/haolu/Software/snac/snac-1/build/tmp/lib-libStGermainDiscretisationMesh/Decomp_Sync_Claim-meta.o /Users/haolu/Software/snac/snac-1/build/tmp/lib-libStGermainDiscretisationMesh/Decomp_Sync_Negotiate-meta.o /Users/haolu/Software/snac/snac-1/build/tmp/lib-libStGermainDiscretisationMesh/DummyMD-meta.o /Users/haolu/Software/snac/snac-1/build/tmp/lib-libStGermainDiscretisationMesh/ElementLayout-meta.o /Users/haolu/Software/snac/snac-1/build/tmp/lib-libStGermainDiscretisationMesh/Grid-meta.o /Users/haolu/Software/snac/snac-1/build/tmp/lib-libStGermainDiscretisationMesh/HMesh-meta.o /Users/haolu/Software/snac/snac-1/build/tmp/lib-libStGermainDiscretisationMesh/HexaEL-meta.o /Users/haolu/Software/snac/snac-1/build/tmp/lib-libStGermainDiscretisationMesh/HexaMD-meta.o /Users/haolu/Software/snac/snac-1/build/tmp/lib-libStGermainDiscretisationMesh/IrregEL-meta.o /Users/haolu/Software/snac/snac-1/build/tmp/lib-libStGermainDiscretisationMesh/MeshAdaptor-meta.o /Users/haolu/Software/snac/snac-1/build/tmp/lib-libStGermainDiscretisationMesh/MeshClass-meta.o /Users/haolu/Software/snac/snac-1/build/tmp/lib-libStGermainDiscretisationMesh/MeshDecomp-meta.o /Users/haolu/Software/snac/snac-1/build/tmp/lib-libStGermainDiscretisationMesh/MeshGenerator-meta.o /Users/haolu/Software/snac/snac-1/build/tmp/lib-libStGermainDiscretisationMesh/MeshGeometry-meta.o /Users/haolu/Software/snac/snac-1/build/tmp/lib-libStGermainDiscretisationMesh/MeshLayout-meta.o /Users/haolu/Software/snac/snac-1/build/tmp/lib-libStGermainDiscretisationMesh/MeshTopology-meta.o /Users/haolu/Software/snac/snac-1/build/tmp/lib-libStGermainDiscretisationMesh/NodeLayout-meta.o /Users/haolu/Software/snac/snac-1/build/tmp/lib-libStGermainDiscretisationMesh/ParallelPipedHexaEL-meta.o /Users/haolu/Software/snac/snac-1/build/tmp/lib-libStGermainDiscretisationMesh/StencilMD-meta.o /Users/haolu/Software/snac/snac-1/build/tmp/lib-libStGermainDiscretisationMesh/SurfaceAdaptor-meta.o /Users/haolu/Software/snac/snac-1/build/tmp/lib-libStGermainDiscretisationShape/BelowCosinePlane.o /Users/haolu/Software/snac/snac-1/build/tmp/lib-libStGermainDiscretisationShape/BelowPlane.o /Users/haolu/Software/snac/snac-1/build/tmp/lib-libStGermainDiscretisationShape/Box.o /Users/haolu/Software/snac/snac-1/build/tmp/lib-libStGermainDiscretisationShape/ConvexHull.o /Users/haolu/Software/snac/snac-1/build/tmp/lib-libStGermainDiscretisationShape/Cylinder.o /Users/haolu/Software/snac/snac-1/build/tmp/lib-libStGermainDiscretisationShape/Everywhere.o /Users/haolu/Software/snac/snac-1/build/tmp/lib-libStGermainDiscretisationShape/Finalise.o /Users/haolu/Software/snac/snac-1/build/tmp/lib-libStGermainDiscretisationShape/Init.o /Users/haolu/Software/snac/snac-1/build/tmp/lib-libStGermainDiscretisationShape/Intersection.o /Users/haolu/Software/snac/snac-1/build/tmp/lib-libStGermainDiscretisationShape/PolygonShape.o /Users/haolu/Software/snac/snac-1/build/tmp/lib-libStGermainDiscretisationShape/PythonShape.o /Users/haolu/Software/snac/snac-1/build/tmp/lib-libStGermainDiscretisationShape/ShapeClass.o /Users/haolu/Software/snac/snac-1/build/tmp/lib-libStGermainDiscretisationShape/Sphere.o /Users/haolu/Software/snac/snac-1/build/tmp/lib-libStGermainDiscretisationShape/Superellipsoid.o /Users/haolu/Software/snac/snac-1/build/tmp/lib-libStGermainDiscretisationShape/Union.o /Users/haolu/Software/snac/snac-1/build/tmp/lib-libStGermainDiscretisationShape/BelowCosinePlane-meta.o /Users/haolu/Software/snac/snac-1/build/tmp/lib-libStGermainDiscretisationShape/BelowPlane-meta.o /Users/haolu/Software/snac/snac-1/build/tmp/lib-libStGermainDiscretisationShape/Box-meta.o /Users/haolu/Software/snac/snac-1/build/tmp/lib-libStGermainDiscretisationShape/ConvexHull-meta.o /Users/haolu/Software/snac/snac-1/build/tmp/lib-libStGermainDiscretisationShape/Cylinder-meta.o /Users/haolu/Software/snac/snac-1/build/tmp/lib-libStGermainDiscretisationShape/Everywhere-meta.o /Users/haolu/Software/snac/snac-1/build/tmp/lib-libStGermainDiscretisationShape/Intersection-meta.o /Users/haolu/Software/snac/snac-1/build/tmp/lib-libStGermainDiscretisationShape/PolygonShape-meta.o /Users/haolu/Software/snac/snac-1/build/tmp/lib-libStGermainDiscretisationShape/PythonShape-meta.o /Users/haolu/Software/snac/snac-1/build/tmp/lib-libStGermainDiscretisationShape/ShapeClass-meta.o /Users/haolu/Software/snac/snac-1/build/tmp/lib-libStGermainDiscretisationShape/Sphere-meta.o /Users/haolu/Software/snac/snac-1/build/tmp/lib-libStGermainDiscretisationShape/Superellipsoid-meta.o /Users/haolu/Software/snac/snac-1/build/tmp/lib-libStGermainDiscretisationShape/Union-meta.o /Users/haolu/Software/snac/snac-1/build/tmp/lib-libStGermainDiscretisationGeometry/Dimension.o /Users/haolu/Software/snac/snac-1/build/tmp/lib-libStGermainDiscretisationGeometry/VectorMath.o /Users/haolu/Software/snac/snac-1/build/tmp/lib-libStGermainDiscretisationGeometry/TensorMath.o /Users/haolu/Software/snac/snac-1/build/tmp/lib-libStGermainDiscretisationGeometry/TrigMath.o /Users/haolu/Software/snac/snac-1/build/tmp/lib-libStGermainDiscretisationGeometry/ComplexMath.o /Users/haolu/Software/snac/snac-1/build/tmp/lib-libStGermainDiscretisationGeometry/Line.o /Users/haolu/Software/snac/snac-1/build/tmp/lib-libStGermainDiscretisationGeometry/Plane.o /Users/haolu/Software/snac/snac-1/build/tmp/lib-libStGermainDiscretisationGeometry/Edge.o /Users/haolu/Software/snac/snac-1/build/tmp/lib-libStGermainDiscretisationGeometry/RMatrix.o /Users/haolu/Software/snac/snac-1/build/tmp/lib-libStGermainDiscretisationGeometry/Topology.o /Users/haolu/Software/snac/snac-1/build/tmp/lib-libStGermainDiscretisationGeometry/IJKTopology.o /Users/haolu/Software/snac/snac-1/build/tmp/lib-libStGermainDiscretisationGeometry/IJK6Topology.o /Users/haolu/Software/snac/snac-1/build/tmp/lib-libStGermainDiscretisationGeometry/IJK26Topology.o /Users/haolu/Software/snac/snac-1/build/tmp/lib-libStGermainDiscretisationGeometry/IrregTopology.o /Users/haolu/Software/snac/snac-1/build/tmp/lib-libStGermainDiscretisationGeometry/GeometryClass.o /Users/haolu/Software/snac/snac-1/build/tmp/lib-libStGermainDiscretisationGeometry/BlockGeometry.o /Users/haolu/Software/snac/snac-1/build/tmp/lib-libStGermainDiscretisationGeometry/RefinedRegionsGeometry.o /Users/haolu/Software/snac/snac-1/build/tmp/lib-libStGermainDiscretisationGeometry/ShellGeometry.o /Users/haolu/Software/snac/snac-1/build/tmp/lib-libStGermainDiscretisationGeometry/IrregGeometry.o /Users/haolu/Software/snac/snac-1/build/tmp/lib-libStGermainDiscretisationGeometry/QuadEdge.o /Users/haolu/Software/snac/snac-1/build/tmp/lib-libStGermainDiscretisationGeometry/Delaunay.o /Users/haolu/Software/snac/snac-1/build/tmp/lib-libStGermainDiscretisationGeometry/ParallelDelaunay.o /Users/haolu/Software/snac/snac-1/build/tmp/lib-libStGermainDiscretisationGeometry/Init.o /Users/haolu/Software/snac/snac-1/build/tmp/lib-libStGermainDiscretisationGeometry/Finalise.o /Users/haolu/Software/snac/snac-1/build/tmp/lib-libStGermainDiscretisationGeometry/ComplexVectorMath.o /Users/haolu/Software/snac/snac-1/build/tmp/lib-libStGermainDiscretisationGeometry/TensorMultMath.o /Users/haolu/Software/snac/snac-1/build/tmp/lib-libStGermainDiscretisationGeometry/BlockGeometry-meta.o /Users/haolu/Software/snac/snac-1/build/tmp/lib-libStGermainDiscretisationGeometry/Delaunay-meta.o /Users/haolu/Software/snac/snac-1/build/tmp/lib-libStGermainDiscretisationGeometry/GeometryClass-meta.o /Users/haolu/Software/snac/snac-1/build/tmp/lib-libStGermainDiscretisationGeometry/IJK26Topology-meta.o /Users/haolu/Software/snac/snac-1/build/tmp/lib-libStGermainDiscretisationGeometry/IJK6Topology-meta.o /Users/haolu/Software/snac/snac-1/build/tmp/lib-libStGermainDiscretisationGeometry/IJKTopology-meta.o /Users/haolu/Software/snac/snac-1/build/tmp/lib-libStGermainDiscretisationGeometry/IrregGeometry-meta.o /Users/haolu/Software/snac/snac-1/build/tmp/lib-libStGermainDiscretisationGeometry/IrregTopology-meta.o /Users/haolu/Software/snac/snac-1/build/tmp/lib-libStGermainDiscretisationGeometry/ParallelDelaunay-meta.o /Users/haolu/Software/snac/snac-1/build/tmp/lib-libStGermainDiscretisationGeometry/RefinedRegionsGeometry-meta.o /Users/haolu/Software/snac/snac-1/build/tmp/lib-libStGermainDiscretisationGeometry/ShellGeometry-meta.o /Users/haolu/Software/snac/snac-1/build/tmp/lib-libStGermainDiscretisationGeometry/Topology-meta.o /Users/haolu/Software/snac/snac-1/build/tmp/lib-libStGermainBase/Init.o /Users/haolu/Software/snac/snac-1/build/tmp/lib-libStGermainBase/Finalise.o /Users/haolu/Software/snac/snac-1/build/tmp/lib-libStGermainBaseContext/ContextEntryPoint.o /Users/haolu/Software/snac/snac-1/build/tmp/lib-libStGermainBaseContext/AbstractContext.o /Users/haolu/Software/snac/snac-1/build/tmp/lib-libStGermainBaseContext/Init.o /Users/haolu/Software/snac/snac-1/build/tmp/lib-libStGermainBaseContext/Finalise.o /Users/haolu/Software/snac/snac-1/build/tmp/lib-libStGermainBaseContext/DictionaryCheck.o /Users/haolu/Software/snac/snac-1/build/tmp/lib-libStGermainBaseContext/AbstractContext-meta.o /Users/haolu/Software/snac/snac-1/build/tmp/lib-libStGermainBaseExtensibility/ExtensionInfo.o /Users/haolu/Software/snac/snac-1/build/tmp/lib-libStGermainBaseExtensibility/SimpleExtensionInfo.o /Users/haolu/Software/snac/snac-1/build/tmp/lib-libStGermainBaseExtensibility/ClassPtrExtensionInfo.o /Users/haolu/Software/snac/snac-1/build/tmp/lib-libStGermainBaseExtensibility/ExtensionManager.o /Users/haolu/Software/snac/snac-1/build/tmp/lib-libStGermainBaseExtensibility/ExtensionManager_Register.o /Users/haolu/Software/snac/snac-1/build/tmp/lib-libStGermainBaseExtensibility/Hook.o /Users/haolu/Software/snac/snac-1/build/tmp/lib-libStGermainBaseExtensibility/ClassHook.o /Users/haolu/Software/snac/snac-1/build/tmp/lib-libStGermainBaseExtensibility/EntryPoint.o /Users/haolu/Software/snac/snac-1/build/tmp/lib-libStGermainBaseExtensibility/EntryPoint_Register.o /Users/haolu/Software/snac/snac-1/build/tmp/lib-libStGermainBaseExtensibility/Codelet.o /Users/haolu/Software/snac/snac-1/build/tmp/lib-libStGermainBaseExtensibility/PluginLoader.o /Users/haolu/Software/snac/snac-1/build/tmp/lib-libStGermainBaseExtensibility/PluginsManager.o /Users/haolu/Software/snac/snac-1/build/tmp/lib-libStGermainBaseExtensibility/Init.o /Users/haolu/Software/snac/snac-1/build/tmp/lib-libStGermainBaseExtensibility/Finalise.o /Users/haolu/Software/snac/snac-1/build/tmp/lib-libStGermainBaseExtensibility/Codelet-meta.o /Users/haolu/Software/snac/snac-1/build/tmp/lib-libStGermainBaseAutomation/Variable.o /Users/haolu/Software/snac/snac-1/build/tmp/lib-libStGermainBaseAutomation/Variable_Register.o /Users/haolu/Software/snac/snac-1/build/tmp/lib-libStGermainBaseAutomation/VariableDumpStream.o /Users/haolu/Software/snac/snac-1/build/tmp/lib-libStGermainBaseAutomation/ConditionFunction.o /Users/haolu/Software/snac/snac-1/build/tmp/lib-libStGermainBaseAutomation/ConditionFunction_Register.o /Users/haolu/Software/snac/snac-1/build/tmp/lib-libStGermainBaseAutomation/VariableCondition.o /Users/haolu/Software/snac/snac-1/build/tmp/lib-libStGermainBaseAutomation/VariableCondition_Register.o /Users/haolu/Software/snac/snac-1/build/tmp/lib-libStGermainBaseAutomation/CompositeVC.o /Users/haolu/Software/snac/snac-1/build/tmp/lib-libStGermainBaseAutomation/SetVC.o /Users/haolu/Software/snac/snac-1/build/tmp/lib-libStGermainBaseAutomation/VariableAllVC.o /Users/haolu/Software/snac/snac-1/build/tmp/lib-libStGermainBaseAutomation/Stg_Component.o /Users/haolu/Software/snac/snac-1/build/tmp/lib-libStGermainBaseAutomation/Stg_ComponentMeta.o /Users/haolu/Software/snac/snac-1/build/tmp/lib-libStGermainBaseAutomation/Stg_ComponentRegister.o /Users/haolu/Software/snac/snac-1/build/tmp/lib-libStGermainBaseAutomation/LiveComponentRegister.o /Users/haolu/Software/snac/snac-1/build/tmp/lib-libStGermainBaseAutomation/Stg_ComponentFactory.o /Users/haolu/Software/snac/snac-1/build/tmp/lib-libStGermainBaseAutomation/DocumentationComponentFactory.o /Users/haolu/Software/snac/snac-1/build/tmp/lib-libStGermainBaseAutomation/HierarchyTable.o /Users/haolu/Software/snac/snac-1/build/tmp/lib-libStGermainBaseAutomation/CallGraph.o /Users/haolu/Software/snac/snac-1/build/tmp/lib-libStGermainBaseAutomation/Init.o /Users/haolu/Software/snac/snac-1/build/tmp/lib-libStGermainBaseAutomation/Finalise.o /Users/haolu/Software/snac/snac-1/build/tmp/lib-libStGermainBaseAutomation/CompositeVC-meta.o /Users/haolu/Software/snac/snac-1/build/tmp/lib-libStGermainBaseAutomation/SetVC-meta.o /Users/haolu/Software/snac/snac-1/build/tmp/lib-libStGermainBaseAutomation/Stg_Component-meta.o /Users/haolu/Software/snac/snac-1/build/tmp/lib-libStGermainBaseAutomation/Variable-meta.o /Users/haolu/Software/snac/snac-1/build/tmp/lib-libStGermainBaseAutomation/VariableAllVC-meta.o /Users/haolu/Software/snac/snac-1/build/tmp/lib-libStGermainBaseAutomation/VariableCondition-meta.o /Users/haolu/Software/snac/snac-1/build/tmp/lib-libStGermainBaseContainer/MPIRoutines.o /Users/haolu/Software/snac/snac-1/build/tmp/lib-libStGermainBaseContainer/IndexSet.o /Users/haolu/Software/snac/snac-1/build/tmp/lib-libStGermainBaseContainer/PtrMap.o /Users/haolu/Software/snac/snac-1/build/tmp/lib-libStGermainBaseContainer/IndexMap.o /Users/haolu/Software/snac/snac-1/build/tmp/lib-libStGermainBaseContainer/List.o /Users/haolu/Software/snac/snac-1/build/tmp/lib-libStGermainBaseContainer/Array.o /Users/haolu/Software/snac/snac-1/build/tmp/lib-libStGermainBaseContainer/UniqueList.o /Users/haolu/Software/snac/snac-1/build/tmp/lib-libStGermainBaseContainer/BTreeNode.o /Users/haolu/Software/snac/snac-1/build/tmp/lib-libStGermainBaseContainer/BTree.o /Users/haolu/Software/snac/snac-1/build/tmp/lib-libStGermainBaseContainer/BTreeIterator.o /Users/haolu/Software/snac/snac-1/build/tmp/lib-libStGermainBaseContainer/UIntMap.o /Users/haolu/Software/snac/snac-1/build/tmp/lib-libStGermainBaseContainer/RangeSet.o /Users/haolu/Software/snac/snac-1/build/tmp/lib-libStGermainBaseContainer/LinkedListNode.o /Users/haolu/Software/snac/snac-1/build/tmp/lib-libStGermainBaseContainer/LinkedList.o /Users/haolu/Software/snac/snac-1/build/tmp/lib-libStGermainBaseContainer/LinkedListIterator.o /Users/haolu/Software/snac/snac-1/build/tmp/lib-libStGermainBaseContainer/HashTable.o /Users/haolu/Software/snac/snac-1/build/tmp/lib-libStGermainBaseContainer/Set.o /Users/haolu/Software/snac/snac-1/build/tmp/lib-libStGermainBaseContainer/PtrSet.o /Users/haolu/Software/snac/snac-1/build/tmp/lib-libStGermainBaseContainer/Map.o /Users/haolu/Software/snac/snac-1/build/tmp/lib-libStGermainBaseContainer/Heap.o /Users/haolu/Software/snac/snac-1/build/tmp/lib-libStGermainBaseContainer/MaxHeap.o /Users/haolu/Software/snac/snac-1/build/tmp/lib-libStGermainBaseContainer/MemoryPool.o /Users/haolu/Software/snac/snac-1/build/tmp/lib-libStGermainBaseContainer/Init.o /Users/haolu/Software/snac/snac-1/build/tmp/lib-libStGermainBaseContainer/Finalise.o /Users/haolu/Software/snac/snac-1/build/tmp/lib-libStGermainBaseIO/Init.o /Users/haolu/Software/snac/snac-1/build/tmp/lib-libStGermainBaseIO/Dictionary.o /Users/haolu/Software/snac/snac-1/build/tmp/lib-libStGermainBaseIO/Dictionary_Entry.o /Users/haolu/Software/snac/snac-1/build/tmp/lib-libStGermainBaseIO/Dictionary_Entry_Value.o /Users/haolu/Software/snac/snac-1/build/tmp/lib-libStGermainBaseIO/IO_Handler.o /Users/haolu/Software/snac/snac-1/build/tmp/lib-libStGermainBaseIO/XML_IO_Handler.o /Users/haolu/Software/snac/snac-1/build/tmp/lib-libStGermainBaseIO/Journal.o /Users/haolu/Software/snac/snac-1/build/tmp/lib-libStGermainBaseIO/JournalFile.o /Users/haolu/Software/snac/snac-1/build/tmp/lib-libStGermainBaseIO/CFile.o /Users/haolu/Software/snac/snac-1/build/tmp/lib-libStGermainBaseIO/MPIFile.o /Users/haolu/Software/snac/snac-1/build/tmp/lib-libStGermainBaseIO/Stream.o /Users/haolu/Software/snac/snac-1/build/tmp/lib-libStGermainBaseIO/CStream.o /Users/haolu/Software/snac/snac-1/build/tmp/lib-libStGermainBaseIO/MPIStream.o /Users/haolu/Software/snac/snac-1/build/tmp/lib-libStGermainBaseIO/StreamFormatter.o /Users/haolu/Software/snac/snac-1/build/tmp/lib-libStGermainBaseIO/LineFormatter.o /Users/haolu/Software/snac/snac-1/build/tmp/lib-libStGermainBaseIO/RankFormatter.o /Users/haolu/Software/snac/snac-1/build/tmp/lib-libStGermainBaseIO/IndentFormatter.o /Users/haolu/Software/snac/snac-1/build/tmp/lib-libStGermainBaseIO/PathUtils.o /Users/haolu/Software/snac/snac-1/build/tmp/lib-libStGermainBaseIO/Finalise.o /Users/haolu/Software/snac/snac-1/build/tmp/lib-libStGermainBaseIO/shortcuts.o /Users/haolu/Software/snac/snac-1/build/tmp/lib-libStGermainBaseFoundation/CommonRoutines.o /Users/haolu/Software/snac/snac-1/build/tmp/lib-libStGermainBaseFoundation/MemoryField.o /Users/haolu/Software/snac/snac-1/build/tmp/lib-libStGermainBaseFoundation/MemoryPointer.o /Users/haolu/Software/snac/snac-1/build/tmp/lib-libStGermainBaseFoundation/MemoryReport.o /Users/haolu/Software/snac/snac-1/build/tmp/lib-libStGermainBaseFoundation/Memory.o /Users/haolu/Software/snac/snac-1/build/tmp/lib-libStGermainBaseFoundation/Class.o /Users/haolu/Software/snac/snac-1/build/tmp/lib-libStGermainBaseFoundation/Object.o /Users/haolu/Software/snac/snac-1/build/tmp/lib-libStGermainBaseFoundation/ObjectAdaptor.o /Users/haolu/Software/snac/snac-1/build/tmp/lib-libStGermainBaseFoundation/PrimitiveObject.o /Users/haolu/Software/snac/snac-1/build/tmp/lib-libStGermainBaseFoundation/ObjectList.o /Users/haolu/Software/snac/snac-1/build/tmp/lib-libStGermainBaseFoundation/NamedObject_Register.o /Users/haolu/Software/snac/snac-1/build/tmp/lib-libStGermainBaseFoundation/TimeMonitor.o /Users/haolu/Software/snac/snac-1/build/tmp/lib-libStGermainBaseFoundation/MemMonitor.o /Users/haolu/Software/snac/snac-1/build/tmp/lib-libStGermainBaseFoundation/TestSuite.o /Users/haolu/Software/snac/snac-1/build/tmp/lib-libStGermainBaseFoundation/Init.o /Users/haolu/Software/snac/snac-1/build/tmp/lib-libStGermainBaseFoundation/Finalise.o
/opt/passcal/other/bin/ranlib: file: /Users/haolu/Software/snac/snac-1/build/tmp/lib-libStGermain.a/libStGermain.a.(PythonShape.o) has no symbols
/opt/passcal/other/bin/ranlib: file: /Users/haolu/Software/snac/snac-1/build/tmp/lib-libStGermain.a/libStGermain.a.(Line.o) has no symbols
/usr/bin/ranlib /Users/haolu/Software/snac/snac-1/build/tmp/lib-libStGermain.a/libStGermain.a.
/Applications/Xcode.app/Contents/Developer/Toolchains/XcodeDefault.xctoolchain/usr/bin/ranlib: file: /Users/haolu/Software/snac/snac-1/build/tmp/lib-libStGermain.a/libStGermain.a.(PythonShape.o) has no symbols
/Applications/Xcode.app/Contents/Developer/Toolchains/XcodeDefault.xctoolchain/usr/bin/ranlib: file: /Users/haolu/Software/snac/snac-1/build/tmp/lib-libStGermain.a/libStGermain.a.(Line.o) has no symbols
Install name: -install_name /Users/haolu/Software/snac/snac-1/build/lib/libStGermain.dylib
mpicc-mpich-mp -pipe  -DVERSION=\"0\" -DCURR_MODULE_NAME=\"StGermain\" -Wall -g    -o /Users/haolu/Software/snac/snac-1/build/tmp/lib-libStGermain.dylib/libStGermain.dylib. -dynamiclib -flat_namespace -undefined suppress -single_module  /Users/haolu/Software/snac/snac-1/build/tmp/lib-libStGermain/dummy.o /Users/haolu/Software/snac/snac-1/build/tmp/lib-libStGermain_/Init.o /Users/haolu/Software/snac/snac-1/build/tmp/lib-libStGermain_/Finalise.o  -L/Users/haolu/Software/snac/snac-1/build/lib   -L/Users/haolu/Software/snac/snac-1/build/lib -lStGermainDiscretisation -lStGermainBase    -L/Users/haolu/Software/snac/snac-1/build/lib -lmpich -L/opt/passcal/other/lib/mpich-mp -lmpich  -L/sw/lib    -L/opt/passcal/other/lib -lxml2 -lz -lpthread -liconv -lm   -lm -lmx             -install_name /Users/haolu/Software/snac/snac-1/build/lib/libStGermain.dylib
ld: warning: directory not found for option '-L/sw/lib'
mpicc-mpich-mp -pipe  -DVERSION=\"0\" -Wall -g  -DCURR_MODULE_NAME=\"libStGermain\"  -o /Users/haolu/Software/snac/snac-1/build/tests/testLibStGermain  -I/Users/haolu/Software/snac/snac-1/build/include   -I/Users/haolu/Software/snac/snac-1/build/include/StGermain  -I/opt/passcal/other/include/mpich-mp   -I/opt/passcal/other/include/libxml2     -I/include    testLibStGermain.c   -L/Users/haolu/Software/snac/snac-1/build/lib -flat_namespace  /Users/haolu/Software/snac/snac-1/build/lib/libStGermain.a  -L/Users/haolu/Software/snac/snac-1/build/lib -lmpich -L/opt/passcal/other/lib/mpich-mp -lmpich  -L/sw/lib    -L/opt/passcal/other/lib -lxml2 -lz -lpthread -liconv -lm   -lm -lmx   -L/lib -ldl               
ld: warning: directory not found for option '-L/sw/lib'
ld: warning: directory not found for option '-L/lib'
mpicc-mpich-mp -pipe  -DVERSION=\"0\" -Wall -g  -DCURR_MODULE_NAME=\"libStGermainDynamic\"  -o /Users/haolu/Software/snac/snac-1/build/tests/testLibStGermainDynamic  -I/Users/haolu/Software/snac/snac-1/build/include   -I/Users/haolu/Software/snac/snac-1/build/include/StGermain   -I/opt/passcal/other/include/mpich-mp   -I/opt/passcal/other/include/libxml2     -I/include    testLibStGermainDynamic.c   -L/Users/haolu/Software/snac/snac-1/build/lib   -lStGermain   -L/Users/haolu/Software/snac/snac-1/build/lib -lmpich -L/opt/passcal/other/lib/mpich-mp -lmpich  -L/sw/lib    -L/opt/passcal/other/lib -lxml2 -lz -lpthread -liconv -lm   -lm -lmx   -L/lib -ldl               
ld: warning: directory not found for option '-L/sw/lib'
ld: warning: directory not found for option '-L/lib'
make[4]: Nothing to be done for `all_build'.
mpicc-mpich-mp -pipe  -DVERSION=\"0\" -Wall -g  -DCURR_MODULE_NAME=\"StGermain\"   -c -o /Users/haolu/Software/snac/snac-1/build/tmp/bin-StGermain/main.o -I/Users/haolu/Software/snac/snac-1/build/include   -DMODULE_EXT=\"so\"  -I/opt/passcal/other/include/mpich-mp   -I/opt/passcal/other/include/libxml2     -I/include       main.c
mpicc-mpich-mp -pipe  -DVERSION=\"0\" -Wall -g  -DCURR_MODULE_NAME=\"StGermain\"  -o /Users/haolu/Software/snac/snac-1/build/bin/StGermain /Users/haolu/Software/snac/snac-1/build/tmp/bin-StGermain/main.o    -L/Users/haolu/Software/snac/snac-1/build/lib   -lStGermain -lStGermainDiscretisation -lStGermainBase -framework System -framework CoreServices -framework Foundation  -L/Users/haolu/Software/snac/snac-1/build/lib -lmpich -L/opt/passcal/other/lib/mpich-mp -lmpich  -L/sw/lib    -L/opt/passcal/other/lib -lxml2 -lz -lpthread -liconv -lm   -lm -lmx   -L/lib -ldl                     
ld: warning: directory not found for option '-L/sw/lib'
ld: warning: directory not found for option '-L/lib'
mpicc-mpich-mp -pipe  -DVERSION=\"0\" -DCURR_MODULE_NAME=\"StGermainFD\" -Wall -g     -c -o /Users/haolu/Software/snac/snac-1/build/tmp/lib-libStGermainFD/MeshContext.o -I/Users/haolu/Software/snac/snac-1/build/include   -I/Users/haolu/Software/snac/snac-1/build/include/StGermain  -I/opt/passcal/other/include/mpich-mp   -I/opt/passcal/other/include/libxml2      MeshContext.c
mpicc-mpich-mp -pipe  -DVERSION=\"0\" -DCURR_MODULE_NAME=\"StGermainFD\" -Wall -g     -c -o /Users/haolu/Software/snac/snac-1/build/tmp/lib-libStGermainFD/Init.o -I/Users/haolu/Software/snac/snac-1/build/include   -I/Users/haolu/Software/snac/snac-1/build/include/StGermain  -I/opt/passcal/other/include/mpich-mp   -I/opt/passcal/other/include/libxml2      Init.c
mpicc-mpich-mp -pipe  -DVERSION=\"0\" -DCURR_MODULE_NAME=\"StGermainFD\" -Wall -g     -c -o /Users/haolu/Software/snac/snac-1/build/tmp/lib-libStGermainFD/Finalise.o -I/Users/haolu/Software/snac/snac-1/build/include   -I/Users/haolu/Software/snac/snac-1/build/include/StGermain  -I/opt/passcal/other/include/mpich-mp   -I/opt/passcal/other/include/libxml2      Finalise.c
Creating metadata MeshContext-meta.c from MeshContext.meta
mpicc-mpich-mp -pipe  -DVERSION=\"0\" -DCURR_MODULE_NAME=\"StGermainFD\" -Wall -g     -c -o /Users/haolu/Software/snac/snac-1/build/tmp/lib-libStGermainFD/MeshContext-meta.o -I/Users/haolu/Software/snac/snac-1/build/include   -I/Users/haolu/Software/snac/snac-1/build/include/StGermain  -I/opt/passcal/other/include/mpich-mp   -I/opt/passcal/other/include/libxml2      MeshContext-meta.c
ar -cru /Users/haolu/Software/snac/snac-1/build/tmp/lib-libStGermainFD.a/libStGermainFD.a. /Users/haolu/Software/snac/snac-1/build/tmp/lib-libStGermainFD/MeshContext.o /Users/haolu/Software/snac/snac-1/build/tmp/lib-libStGermainFD/Init.o /Users/haolu/Software/snac/snac-1/build/tmp/lib-libStGermainFD/Finalise.o /Users/haolu/Software/snac/snac-1/build/tmp/lib-libStGermainFD/MeshContext-meta.o
/usr/bin/ranlib /Users/haolu/Software/snac/snac-1/build/tmp/lib-libStGermainFD.a/libStGermainFD.a.
Install name: -install_name /Users/haolu/Software/snac/snac-1/build/lib/libStGermainFD.dylib
mpicc-mpich-mp -pipe  -DVERSION=\"0\" -DCURR_MODULE_NAME=\"StGermainFD\" -Wall -g    -o /Users/haolu/Software/snac/snac-1/build/tmp/lib-libStGermainFD.dylib/libStGermainFD.dylib. -dynamiclib -flat_namespace -undefined suppress -single_module  /Users/haolu/Software/snac/snac-1/build/tmp/lib-libStGermainFD/MeshContext.o /Users/haolu/Software/snac/snac-1/build/tmp/lib-libStGermainFD/Init.o /Users/haolu/Software/snac/snac-1/build/tmp/lib-libStGermainFD/Finalise.o /Users/haolu/Software/snac/snac-1/build/tmp/lib-libStGermainFD/MeshContext-meta.o  -L/Users/haolu/Software/snac/snac-1/build/lib   -L/Users/haolu/Software/snac/snac-1/build/lib -lStGermain -lStGermainDiscretisation -lStGermainBase  -L/Users/haolu/Software/snac/snac-1/build/lib -lmpich -L/opt/passcal/other/lib/mpich-mp -lmpich  -L/sw/lib    -L/opt/passcal/other/lib -lxml2 -lz -lpthread -liconv -lm   -lm -lmx             -install_name /Users/haolu/Software/snac/snac-1/build/lib/libStGermainFD.dylib
ld: warning: directory not found for option '-L/sw/lib'
rm MeshContext-meta.c
mpicc-mpich-mp -pipe  -DVERSION=\"0\" -Wall -g  -DCURR_MODULE_NAME=\"libStGermainFD\"  -o /Users/haolu/Software/snac/snac-1/build/tests/testLibFD  -I/Users/haolu/Software/snac/snac-1/build/include   -I/Users/haolu/Software/snac/snac-1/build/include/StGermain  -I/opt/passcal/other/include/mpich-mp   -I/opt/passcal/other/include/libxml2     -I/include    testLibFD.c   -L/Users/haolu/Software/snac/snac-1/build/lib   -L/Users/haolu/Software/snac/snac-1/build/lib -lStGermainFD -lStGermain -lStGermainDiscretisation -lStGermainBase   -L/Users/haolu/Software/snac/snac-1/build/lib -lmpich -L/opt/passcal/other/lib/mpich-mp -lmpich  -L/sw/lib    -L/opt/passcal/other/lib -lxml2 -lz -lpthread -liconv -lm   -lm -lmx   -L/lib -ldl               
ld: warning: directory not found for option '-L/sw/lib'
ld: warning: directory not found for option '-L/lib'
mpicc-mpich-mp -pipe  -DVERSION=\"0\" -Wall -g  -DCURR_MODULE_NAME=\"libStGermainFD\"  -o /Users/haolu/Software/snac/snac-1/build/tests/testMeshContext0  -I/Users/haolu/Software/snac/snac-1/build/include   -I/Users/haolu/Software/snac/snac-1/build/include/StGermain  -I/opt/passcal/other/include/mpich-mp   -I/opt/passcal/other/include/libxml2     -I/include    testMeshContext0.c   -L/Users/haolu/Software/snac/snac-1/build/lib   -L/Users/haolu/Software/snac/snac-1/build/lib -lStGermainFD -lStGermain -lStGermainDiscretisation -lStGermainBase   -L/Users/haolu/Software/snac/snac-1/build/lib -lmpich -L/opt/passcal/other/lib/mpich-mp -lmpich  -L/sw/lib    -L/opt/passcal/other/lib -lxml2 -lz -lpthread -liconv -lm   -lm -lmx   -L/lib -ldl               
ld: warning: directory not found for option '-L/sw/lib'
ld: warning: directory not found for option '-L/lib'
make[4]: Nothing to be done for `all_build'.
make[3]: Nothing to be done for `all_build'.
make[3]: Nothing to be done for `all_build'.
mpicc-mpich-mp -pipe  -DVERSION=\"0\" -DCURR_MODULE_NAME=\"Snac\" -Wall -g     -c -o /Users/haolu/Software/snac/snac-1/build/tmp/lib-libSnac/Material.o -I/Users/haolu/Software/snac/snac-1/build/include   -I/Users/haolu/Software/snac/snac-1/build/include/StGermain -I/Users/haolu/Software/snac/snac-1/build/include   -I/opt/passcal/other/include/mpich-mp   -I/opt/passcal/other/include/libxml2      Material.c
mpicc-mpich-mp -pipe  -DVERSION=\"0\" -DCURR_MODULE_NAME=\"Snac\" -Wall -g     -c -o /Users/haolu/Software/snac/snac-1/build/tmp/lib-libSnac/Node.o -I/Users/haolu/Software/snac/snac-1/build/include   -I/Users/haolu/Software/snac/snac-1/build/include/StGermain -I/Users/haolu/Software/snac/snac-1/build/include   -I/opt/passcal/other/include/mpich-mp   -I/opt/passcal/other/include/libxml2      Node.c
mpicc-mpich-mp -pipe  -DVERSION=\"0\" -DCURR_MODULE_NAME=\"Snac\" -Wall -g     -c -o /Users/haolu/Software/snac/snac-1/build/tmp/lib-libSnac/Mesh.o -I/Users/haolu/Software/snac/snac-1/build/include   -I/Users/haolu/Software/snac/snac-1/build/include/StGermain -I/Users/haolu/Software/snac/snac-1/build/include   -I/opt/passcal/other/include/mpich-mp   -I/opt/passcal/other/include/libxml2      Mesh.c
Mesh.c:56:18: warning: unused variable 'node_lI' [-Wunused-variable]
        Node_LocalIndex node_lI;
                        ^
1 warning generated.
mpicc-mpich-mp -pipe  -DVERSION=\"0\" -DCURR_MODULE_NAME=\"Snac\" -Wall -g     -c -o /Users/haolu/Software/snac/snac-1/build/tmp/lib-libSnac/Tetrahedra.o -I/Users/haolu/Software/snac/snac-1/build/include   -I/Users/haolu/Software/snac/snac-1/build/include/StGermain -I/Users/haolu/Software/snac/snac-1/build/include   -I/opt/passcal/other/include/mpich-mp   -I/opt/passcal/other/include/libxml2      Tetrahedra.c
mpicc-mpich-mp -pipe  -DVERSION=\"0\" -DCURR_MODULE_NAME=\"Snac\" -Wall -g     -c -o /Users/haolu/Software/snac/snac-1/build/tmp/lib-libSnac/TetrahedraTables.o -I/Users/haolu/Software/snac/snac-1/build/include   -I/Users/haolu/Software/snac/snac-1/build/include/StGermain -I/Users/haolu/Software/snac/snac-1/build/include   -I/opt/passcal/other/include/mpich-mp   -I/opt/passcal/other/include/libxml2      TetrahedraTables.c
mpicc-mpich-mp -pipe  -DVERSION=\"0\" -DCURR_MODULE_NAME=\"Snac\" -Wall -g     -c -o /Users/haolu/Software/snac/snac-1/build/tmp/lib-libSnac/Element.o -I/Users/haolu/Software/snac/snac-1/build/include   -I/Users/haolu/Software/snac/snac-1/build/include/StGermain -I/Users/haolu/Software/snac/snac-1/build/include   -I/opt/passcal/other/include/mpich-mp   -I/opt/passcal/other/include/libxml2      Element.c
mpicc-mpich-mp -pipe  -DVERSION=\"0\" -DCURR_MODULE_NAME=\"Snac\" -Wall -g     -c -o /Users/haolu/Software/snac/snac-1/build/tmp/lib-libSnac/EntryPoint.o -I/Users/haolu/Software/snac/snac-1/build/include   -I/Users/haolu/Software/snac/snac-1/build/include/StGermain -I/Users/haolu/Software/snac/snac-1/build/include   -I/opt/passcal/other/include/mpich-mp   -I/opt/passcal/other/include/libxml2      EntryPoint.c
mpicc-mpich-mp -pipe  -DVERSION=\"0\" -DCURR_MODULE_NAME=\"Snac\" -Wall -g     -c -o /Users/haolu/Software/snac/snac-1/build/tmp/lib-libSnac/UpdateElement.o -I/Users/haolu/Software/snac/snac-1/build/include   -I/Users/haolu/Software/snac/snac-1/build/include/StGermain -I/Users/haolu/Software/snac/snac-1/build/include   -I/opt/passcal/other/include/mpich-mp   -I/opt/passcal/other/include/libxml2      UpdateElement.c
mpicc-mpich-mp -pipe  -DVERSION=\"0\" -DCURR_MODULE_NAME=\"Snac\" -Wall -g     -c -o /Users/haolu/Software/snac/snac-1/build/tmp/lib-libSnac/StrainRate.o -I/Users/haolu/Software/snac/snac-1/build/include   -I/Users/haolu/Software/snac/snac-1/build/include/StGermain -I/Users/haolu/Software/snac/snac-1/build/include   -I/opt/passcal/other/include/mpich-mp   -I/opt/passcal/other/include/libxml2      StrainRate.c
mpicc-mpich-mp -pipe  -DVERSION=\"0\" -DCURR_MODULE_NAME=\"Snac\" -Wall -g     -c -o /Users/haolu/Software/snac/snac-1/build/tmp/lib-libSnac/Stress.o -I/Users/haolu/Software/snac/snac-1/build/include   -I/Users/haolu/Software/snac/snac-1/build/include/StGermain -I/Users/haolu/Software/snac/snac-1/build/include   -I/opt/passcal/other/include/mpich-mp   -I/opt/passcal/other/include/libxml2      Stress.c
mpicc-mpich-mp -pipe  -DVERSION=\"0\" -DCURR_MODULE_NAME=\"Snac\" -Wall -g     -c -o /Users/haolu/Software/snac/snac-1/build/tmp/lib-libSnac/Force.o -I/Users/haolu/Software/snac/snac-1/build/include   -I/Users/haolu/Software/snac/snac-1/build/include/StGermain -I/Users/haolu/Software/snac/snac-1/build/include   -I/opt/passcal/other/include/mpich-mp   -I/opt/passcal/other/include/libxml2      Force.c
mpicc-mpich-mp -pipe  -DVERSION=\"0\" -DCURR_MODULE_NAME=\"Snac\" -Wall -g     -c -o /Users/haolu/Software/snac/snac-1/build/tmp/lib-libSnac/UpdateNode.o -I/Users/haolu/Software/snac/snac-1/build/include   -I/Users/haolu/Software/snac/snac-1/build/include/StGermain -I/Users/haolu/Software/snac/snac-1/build/include   -I/opt/passcal/other/include/mpich-mp   -I/opt/passcal/other/include/libxml2      UpdateNode.c
UpdateNode.c:497:11: warning: variable 'lapl_topo' is used uninitialized whenever 'if' condition is false [-Wsometimes-uninitialized]
        else if( decomp->nodeGlobal3DCounts[2] == 2 && decomp->nodeGlobal3DCounts[0] > 2 ) {
                 ^~~~~~~~~~~~~~~~~~~~~~~~~~~~~~~~~~~~~~~~~~~~~~~~~~~~~~~~~~~~~~~~~~~~~~~
UpdateNode.c:502:43: note: uninitialized use occurs here
        node->dh = self->topo_kappa * self->dt * lapl_topo;
                                                 ^~~~~~~~~
UpdateNode.c:497:7: note: remove the 'if' if its condition is always true
        else if( decomp->nodeGlobal3DCounts[2] == 2 && decomp->nodeGlobal3DCounts[0] > 2 ) {
             ^~~~~~~~~~~~~~~~~~~~~~~~~~~~~~~~~~~~~~~~~~~~~~~~~~~~~~~~~~~~~~~~~~~~~~~~~~~~~~
UpdateNode.c:497:11: warning: variable 'lapl_topo' is used uninitialized whenever '&&' condition is false [-Wsometimes-uninitialized]
        else if( decomp->nodeGlobal3DCounts[2] == 2 && decomp->nodeGlobal3DCounts[0] > 2 ) {
                 ^~~~~~~~~~~~~~~~~~~~~~~~~~~~~~~~~~
UpdateNode.c:502:43: note: uninitialized use occurs here
        node->dh = self->topo_kappa * self->dt * lapl_topo;
                                                 ^~~~~~~~~
UpdateNode.c:497:11: note: remove the '&&' if its condition is always true
        else if( decomp->nodeGlobal3DCounts[2] == 2 && decomp->nodeGlobal3DCounts[0] > 2 ) {
                 ^~~~~~~~~~~~~~~~~~~~~~~~~~~~~~~~~~~~~~
UpdateNode.c:406:7: warning: variable 'lapl_topo' is used uninitialized whenever 'if' condition is false [-Wsometimes-uninitialized]
                if( (ijk[0] > 0 && ijk[0] < decomp->nodeGlobal3DCounts[0]-1) && (ijk[2] > 0 && ijk[2] < decomp->nodeGlobal3DCounts[2]-1) ) {
                    ^~~~~~~~~~~~~~~~~~~~~~~~~~~~~~~~~~~~~~~~~~~~~~~~~~~~~~~~~~~~~~~~~~~~~~~~~~~~~~~~~~~~~~~~~~~~~~~~~~~~~~~~~~~~~~~~~~~~
UpdateNode.c:502:43: note: uninitialized use occurs here
        node->dh = self->topo_kappa * self->dt * lapl_topo;
                                                 ^~~~~~~~~
UpdateNode.c:406:3: note: remove the 'if' if its condition is always true
                if( (ijk[0] > 0 && ijk[0] < decomp->nodeGlobal3DCounts[0]-1) && (ijk[2] > 0 && ijk[2] < decomp->nodeGlobal3DCounts[2]-1) ) {
                ^~~~~~~~~~~~~~~~~~~~~~~~~~~~~~~~~~~~~~~~~~~~~~~~~~~~~~~~~~~~~~~~~~~~~~~~~~~~~~~~~~~~~~~~~~~~~~~~~~~~~~~~~~~~~~~~~~~~~~~~~~~
UpdateNode.c:406:68: warning: variable 'lapl_topo' is used uninitialized whenever '&&' condition is false [-Wsometimes-uninitialized]
                if( (ijk[0] > 0 && ijk[0] < decomp->nodeGlobal3DCounts[0]-1) && (ijk[2] > 0 && ijk[2] < decomp->nodeGlobal3DCounts[2]-1) ) {
                                                                                 ^~~~~~~~~~
UpdateNode.c:502:43: note: uninitialized use occurs here
        node->dh = self->topo_kappa * self->dt * lapl_topo;
                                                 ^~~~~~~~~
UpdateNode.c:406:68: note: remove the '&&' if its condition is always true
                if( (ijk[0] > 0 && ijk[0] < decomp->nodeGlobal3DCounts[0]-1) && (ijk[2] > 0 && ijk[2] < decomp->nodeGlobal3DCounts[2]-1) ) {
                                                                                 ^~~~~~~~~~~~~
UpdateNode.c:406:7: warning: variable 'lapl_topo' is used uninitialized whenever '&&' condition is false [-Wsometimes-uninitialized]
                if( (ijk[0] > 0 && ijk[0] < decomp->nodeGlobal3DCounts[0]-1) && (ijk[2] > 0 && ijk[2] < decomp->nodeGlobal3DCounts[2]-1) ) {
                    ^~~~~~~~~~~~~~~~~~~~~~~~~~~~~~~~~~~~~~~~~~~~~~~~~~~~~~~~
UpdateNode.c:502:43: note: uninitialized use occurs here
        node->dh = self->topo_kappa * self->dt * lapl_topo;
                                                 ^~~~~~~~~
UpdateNode.c:406:7: note: remove the '&&' if its condition is always true
                if( (ijk[0] > 0 && ijk[0] < decomp->nodeGlobal3DCounts[0]-1) && (ijk[2] > 0 && ijk[2] < decomp->nodeGlobal3DCounts[2]-1) ) {
                    ^~~~~~~~~~~~~~~~~~~~~~~~~~~~~~~~~~~~~~~~~~~~~~~~~~~~~~~~~~~~
UpdateNode.c:406:8: warning: variable 'lapl_topo' is used uninitialized whenever '&&' condition is false [-Wsometimes-uninitialized]
                if( (ijk[0] > 0 && ijk[0] < decomp->nodeGlobal3DCounts[0]-1) && (ijk[2] > 0 && ijk[2] < decomp->nodeGlobal3DCounts[2]-1) ) {
                     ^~~~~~~~~~
UpdateNode.c:502:43: note: uninitialized use occurs here
        node->dh = self->topo_kappa * self->dt * lapl_topo;
                                                 ^~~~~~~~~
UpdateNode.c:406:8: note: remove the '&&' if its condition is always true
                if( (ijk[0] > 0 && ijk[0] < decomp->nodeGlobal3DCounts[0]-1) && (ijk[2] > 0 && ijk[2] < decomp->nodeGlobal3DCounts[2]-1) ) {
                     ^~~~~~~~~~~~~
UpdateNode.c:388:22: note: initialize the variable 'lapl_topo' to silence this warning
        double                                  lapl_topo;
                                                         ^
                                                          = 0.0
UpdateNode.c:525:6: warning: variable 'lapl_topo' is used uninitialized whenever 'if' condition is false [-Wsometimes-uninitialized]
        if( ijk[2] > 0 && ijk[2] < decomp->nodeGlobal3DCounts[2]-1 ) {
            ^~~~~~~~~~~~~~~~~~~~~~~~~~~~~~~~~~~~~~~~~~~~~~~~~~~~~~
UpdateNode.c:574:9: note: uninitialized use occurs here
        return lapl_topo;
               ^~~~~~~~~
UpdateNode.c:525:2: note: remove the 'if' if its condition is always true
        if( ijk[2] > 0 && ijk[2] < decomp->nodeGlobal3DCounts[2]-1 ) {
        ^~~~~~~~~~~~~~~~~~~~~~~~~~~~~~~~~~~~~~~~~~~~~~~~~~~~~~~~~~~~~
UpdateNode.c:525:6: warning: variable 'lapl_topo' is used uninitialized whenever '&&' condition is false [-Wsometimes-uninitialized]
        if( ijk[2] > 0 && ijk[2] < decomp->nodeGlobal3DCounts[2]-1 ) {
            ^~~~~~~~~~
UpdateNode.c:574:9: note: uninitialized use occurs here
        return lapl_topo;
               ^~~~~~~~~
UpdateNode.c:525:6: note: remove the '&&' if its condition is always true
        if( ijk[2] > 0 && ijk[2] < decomp->nodeGlobal3DCounts[2]-1 ) {
            ^~~~~~~~~~~~~~
UpdateNode.c:520:22: note: initialize the variable 'lapl_topo' to silence this warning
        double                                  lapl_topo;
                                                         ^
                                                          = 0.0
8 warnings generated.
mpicc-mpich-mp -pipe  -DVERSION=\"0\" -DCURR_MODULE_NAME=\"Snac\" -Wall -g     -c -o /Users/haolu/Software/snac/snac-1/build/tmp/lib-libSnac/Parallel.o -I/Users/haolu/Software/snac/snac-1/build/include   -I/Users/haolu/Software/snac/snac-1/build/include/StGermain -I/Users/haolu/Software/snac/snac-1/build/include   -I/opt/passcal/other/include/mpich-mp   -I/opt/passcal/other/include/libxml2      Parallel.c
mpicc-mpich-mp -pipe  -DVERSION=\"0\" -DCURR_MODULE_NAME=\"Snac\" -Wall -g     -c -o /Users/haolu/Software/snac/snac-1/build/tmp/lib-libSnac/Restart.o -I/Users/haolu/Software/snac/snac-1/build/include   -I/Users/haolu/Software/snac/snac-1/build/include/StGermain -I/Users/haolu/Software/snac/snac-1/build/include   -I/opt/passcal/other/include/mpich-mp   -I/opt/passcal/other/include/libxml2      Restart.c
mpicc-mpich-mp -pipe  -DVERSION=\"0\" -DCURR_MODULE_NAME=\"Snac\" -Wall -g     -c -o /Users/haolu/Software/snac/snac-1/build/tmp/lib-libSnac/Context.o -I/Users/haolu/Software/snac/snac-1/build/include   -I/Users/haolu/Software/snac/snac-1/build/include/StGermain -I/Users/haolu/Software/snac/snac-1/build/include   -I/opt/passcal/other/include/mpich-mp   -I/opt/passcal/other/include/libxml2      Context.c
Context.c:1245:21: warning: incompatible pointer to integer conversion passing 'FILE *' (aka 'struct __sFILE *') to parameter of type 'int' [-Wint-conversion]
                Journal_Firewall( (fp = fopen( fname, "w" )), "Failed to open %s!!\n", fname );
                                  ^~~~~~~~~~~~~~~~~~~~~~~~~~
/Users/haolu/Software/snac/snac-1/build/include/StGermain/Base/IO/Journal.h:226:28: note: passing argument to parameter 'expression' here
        int Journal_Firewall( int expression, void* stream, char* fmt, ... );
                                  ^
Context.c:1549:21: warning: equality comparison with extraneous parentheses [-Wparentheses-equality]
        if( (self->timeStep==self->maxTimeSteps) )
             ~~~~~~~~~~~~~~^~~~~~~~~~~~~~~~~~~~
Context.c:1549:21: note: remove extraneous parentheses around the comparison to silence this warning
        if( (self->timeStep==self->maxTimeSteps) )
            ~              ^                   ~
Context.c:1549:21: note: use '=' to turn this equality comparison into an assignment
        if( (self->timeStep==self->maxTimeSteps) )
                           ^~
                           =
Context.c:1551:26: warning: equality comparison with extraneous parentheses [-Wparentheses-equality]
        else if( (self->timeStep==0) )
                  ~~~~~~~~~~~~~~^~~
Context.c:1551:26: note: remove extraneous parentheses around the comparison to silence this warning
        else if( (self->timeStep==0) )
                 ~              ^  ~
Context.c:1551:26: note: use '=' to turn this equality comparison into an assignment
        else if( (self->timeStep==0) )
                                ^~
                                =
3 warnings generated.
mpicc-mpich-mp -pipe  -DVERSION=\"0\" -DCURR_MODULE_NAME=\"Snac\" -Wall -g     -c -o /Users/haolu/Software/snac/snac-1/build/tmp/lib-libSnac/SnacSync.o -I/Users/haolu/Software/snac/snac-1/build/include   -I/Users/haolu/Software/snac/snac-1/build/include/StGermain -I/Users/haolu/Software/snac/snac-1/build/include   -I/opt/passcal/other/include/mpich-mp   -I/opt/passcal/other/include/libxml2      SnacSync.c
mpicc-mpich-mp -pipe  -DVERSION=\"0\" -DCURR_MODULE_NAME=\"Snac\" -Wall -g     -c -o /Users/haolu/Software/snac/snac-1/build/tmp/lib-libSnac/Init.o -I/Users/haolu/Software/snac/snac-1/build/include   -I/Users/haolu/Software/snac/snac-1/build/include/StGermain -I/Users/haolu/Software/snac/snac-1/build/include   -I/opt/passcal/other/include/mpich-mp   -I/opt/passcal/other/include/libxml2      Init.c
mpicc-mpich-mp -pipe  -DVERSION=\"0\" -DCURR_MODULE_NAME=\"Snac\" -Wall -g     -c -o /Users/haolu/Software/snac/snac-1/build/tmp/lib-libSnac/Finalise.o -I/Users/haolu/Software/snac/snac-1/build/include   -I/Users/haolu/Software/snac/snac-1/build/include/StGermain -I/Users/haolu/Software/snac/snac-1/build/include   -I/opt/passcal/other/include/mpich-mp   -I/opt/passcal/other/include/libxml2      Finalise.c
ar -cru /Users/haolu/Software/snac/snac-1/build/tmp/lib-libSnac.a/libSnac.a. /Users/haolu/Software/snac/snac-1/build/tmp/lib-libSnac/Material.o /Users/haolu/Software/snac/snac-1/build/tmp/lib-libSnac/Node.o /Users/haolu/Software/snac/snac-1/build/tmp/lib-libSnac/Mesh.o /Users/haolu/Software/snac/snac-1/build/tmp/lib-libSnac/Tetrahedra.o /Users/haolu/Software/snac/snac-1/build/tmp/lib-libSnac/TetrahedraTables.o /Users/haolu/Software/snac/snac-1/build/tmp/lib-libSnac/Element.o /Users/haolu/Software/snac/snac-1/build/tmp/lib-libSnac/EntryPoint.o /Users/haolu/Software/snac/snac-1/build/tmp/lib-libSnac/UpdateElement.o /Users/haolu/Software/snac/snac-1/build/tmp/lib-libSnac/StrainRate.o /Users/haolu/Software/snac/snac-1/build/tmp/lib-libSnac/Stress.o /Users/haolu/Software/snac/snac-1/build/tmp/lib-libSnac/Force.o /Users/haolu/Software/snac/snac-1/build/tmp/lib-libSnac/UpdateNode.o /Users/haolu/Software/snac/snac-1/build/tmp/lib-libSnac/Parallel.o /Users/haolu/Software/snac/snac-1/build/tmp/lib-libSnac/Restart.o /Users/haolu/Software/snac/snac-1/build/tmp/lib-libSnac/Context.o /Users/haolu/Software/snac/snac-1/build/tmp/lib-libSnac/SnacSync.o /Users/haolu/Software/snac/snac-1/build/tmp/lib-libSnac/Init.o /Users/haolu/Software/snac/snac-1/build/tmp/lib-libSnac/Finalise.o
/usr/bin/ranlib /Users/haolu/Software/snac/snac-1/build/tmp/lib-libSnac.a/libSnac.a.
Install name: -install_name /Users/haolu/Software/snac/snac-1/build/lib/libSnac.dylib
mpicc-mpich-mp -pipe  -DVERSION=\"0\" -DCURR_MODULE_NAME=\"Snac\" -Wall -g    -o /Users/haolu/Software/snac/snac-1/build/lib/libSnac.dylib -dynamiclib -flat_namespace -undefined suppress -single_module  /Users/haolu/Software/snac/snac-1/build/tmp/lib-libSnac/Material.o /Users/haolu/Software/snac/snac-1/build/tmp/lib-libSnac/Node.o /Users/haolu/Software/snac/snac-1/build/tmp/lib-libSnac/Mesh.o /Users/haolu/Software/snac/snac-1/build/tmp/lib-libSnac/Tetrahedra.o /Users/haolu/Software/snac/snac-1/build/tmp/lib-libSnac/TetrahedraTables.o /Users/haolu/Software/snac/snac-1/build/tmp/lib-libSnac/Element.o /Users/haolu/Software/snac/snac-1/build/tmp/lib-libSnac/EntryPoint.o /Users/haolu/Software/snac/snac-1/build/tmp/lib-libSnac/UpdateElement.o /Users/haolu/Software/snac/snac-1/build/tmp/lib-libSnac/StrainRate.o /Users/haolu/Software/snac/snac-1/build/tmp/lib-libSnac/Stress.o /Users/haolu/Software/snac/snac-1/build/tmp/lib-libSnac/Force.o /Users/haolu/Software/snac/snac-1/build/tmp/lib-libSnac/UpdateNode.o /Users/haolu/Software/snac/snac-1/build/tmp/lib-libSnac/Parallel.o /Users/haolu/Software/snac/snac-1/build/tmp/lib-libSnac/Restart.o /Users/haolu/Software/snac/snac-1/build/tmp/lib-libSnac/Context.o /Users/haolu/Software/snac/snac-1/build/tmp/lib-libSnac/SnacSync.o /Users/haolu/Software/snac/snac-1/build/tmp/lib-libSnac/Init.o /Users/haolu/Software/snac/snac-1/build/tmp/lib-libSnac/Finalise.o  -L/Users/haolu/Software/snac/snac-1/build/lib   -L/Users/haolu/Software/snac/snac-1/build/lib  -L/Users/haolu/Software/snac/snac-1/build/lib -lStGermainFD -lStGermain   -L/Users/haolu/Software/snac/snac-1/build/lib -lmpich -L/opt/passcal/other/lib/mpich-mp -lmpich  -L/sw/lib    -L/opt/passcal/other/lib -lxml2 -lz -lpthread -liconv -lm   -lm -lmx             -install_name /Users/haolu/Software/snac/snac-1/build/lib/libSnac.dylib
ld: warning: directory not found for option '-L/sw/lib'
mpicc-mpich-mp -pipe  -DVERSION=\"0\" -Wall -g  -DCURR_MODULE_NAME=\"libSnac\"   -c -o /Users/haolu/Software/snac/snac-1/build/tmp/test-libSnac/TestUtilities.o -I/Users/haolu/Software/snac/snac-1/build/include   -I/Users/haolu/Software/snac/snac-1/build/include/StGermain -I/Users/haolu/Software/snac/snac-1/build/include -DMODULE_EXT=\"so\"  -I/Users/haolu/Software/snac/snac-1/build/include   -I/opt/passcal/other/include/mpich-mp     -I/opt/passcal/other/include/libxml2   -I/include    TestUtilities.c
mpicc-mpich-mp -pipe  -DVERSION=\"0\" -Wall -g  -DCURR_MODULE_NAME=\"libSnac\"   -c -o /Users/haolu/Software/snac/snac-1/build/tmp/test-libSnac/TestStress.o -I/Users/haolu/Software/snac/snac-1/build/include   -I/Users/haolu/Software/snac/snac-1/build/include/StGermain -I/Users/haolu/Software/snac/snac-1/build/include -DMODULE_EXT=\"so\"  -I/Users/haolu/Software/snac/snac-1/build/include   -I/opt/passcal/other/include/mpich-mp     -I/opt/passcal/other/include/libxml2   -I/include    TestStress.c
mpicc-mpich-mp -pipe  -DVERSION=\"0\" -Wall -g  -DCURR_MODULE_NAME=\"libSnac\"  -o /Users/haolu/Software/snac/snac-1/build/tests/testSnacContext-4-4-4 /Users/haolu/Software/snac/snac-1/build/tmp/test-libSnac/TestUtilities.o /Users/haolu/Software/snac/snac-1/build/tmp/test-libSnac/TestStress.o -I/Users/haolu/Software/snac/snac-1/build/include   -I/Users/haolu/Software/snac/snac-1/build/include/StGermain -I/Users/haolu/Software/snac/snac-1/build/include -DMODULE_EXT=\"so\"  -I/Users/haolu/Software/snac/snac-1/build/include   -I/opt/passcal/other/include/mpich-mp     -I/opt/passcal/other/include/libxml2   -I/include    testSnacContext-4-4-4.c   -L/Users/haolu/Software/snac/snac-1/build/lib   -lSnac -L/Users/haolu/Software/snac/snac-1/build/lib -lStGermainFD -lStGermainBase  -L/Users/haolu/Software/snac/snac-1/build/lib -lStGermain   -L/Users/haolu/Software/snac/snac-1/build/lib -lmpich -L/opt/passcal/other/lib/mpich-mp -lmpich  -L/sw/lib    -lm -lmx   -L/opt/passcal/other/lib -lxml2 -lz -lpthread -liconv -lm   -L/lib -ldl                  
ld: warning: directory not found for option '-L/sw/lib'
ld: warning: directory not found for option '-L/lib'
mpicc-mpich-mp -pipe  -DVERSION=\"0\" -Wall -g  -DCURR_MODULE_NAME=\"libSnac\"  -o /Users/haolu/Software/snac/snac-1/build/tests/testTetrahedra-volume-4-4-4 /Users/haolu/Software/snac/snac-1/build/tmp/test-libSnac/TestUtilities.o /Users/haolu/Software/snac/snac-1/build/tmp/test-libSnac/TestStress.o -I/Users/haolu/Software/snac/snac-1/build/include   -I/Users/haolu/Software/snac/snac-1/build/include/StGermain -I/Users/haolu/Software/snac/snac-1/build/include -DMODULE_EXT=\"so\"  -I/Users/haolu/Software/snac/snac-1/build/include   -I/opt/passcal/other/include/mpich-mp     -I/opt/passcal/other/include/libxml2   -I/include    testTetrahedra-volume-4-4-4.c   -L/Users/haolu/Software/snac/snac-1/build/lib   -lSnac -L/Users/haolu/Software/snac/snac-1/build/lib -lStGermainFD -lStGermainBase  -L/Users/haolu/Software/snac/snac-1/build/lib -lStGermain   -L/Users/haolu/Software/snac/snac-1/build/lib -lmpich -L/opt/passcal/other/lib/mpich-mp -lmpich  -L/sw/lib    -lm -lmx   -L/opt/passcal/other/lib -lxml2 -lz -lpthread -liconv -lm   -L/lib -ldl                  
ld: warning: directory not found for option '-L/sw/lib'
ld: warning: directory not found for option '-L/lib'
mpicc-mpich-mp -pipe  -DVERSION=\"0\" -Wall -g  -DCURR_MODULE_NAME=\"libSnac\"  -o /Users/haolu/Software/snac/snac-1/build/tests/testTetrahedra-face-area-4-4-4 /Users/haolu/Software/snac/snac-1/build/tmp/test-libSnac/TestUtilities.o /Users/haolu/Software/snac/snac-1/build/tmp/test-libSnac/TestStress.o -I/Users/haolu/Software/snac/snac-1/build/include   -I/Users/haolu/Software/snac/snac-1/build/include/StGermain -I/Users/haolu/Software/snac/snac-1/build/include -DMODULE_EXT=\"so\"  -I/Users/haolu/Software/snac/snac-1/build/include   -I/opt/passcal/other/include/mpich-mp     -I/opt/passcal/other/include/libxml2   -I/include    testTetrahedra-face-area-4-4-4.c   -L/Users/haolu/Software/snac/snac-1/build/lib   -lSnac -L/Users/haolu/Software/snac/snac-1/build/lib -lStGermainFD -lStGermainBase  -L/Users/haolu/Software/snac/snac-1/build/lib -lStGermain   -L/Users/haolu/Software/snac/snac-1/build/lib -lmpich -L/opt/passcal/other/lib/mpich-mp -lmpich  -L/sw/lib    -lm -lmx   -L/opt/passcal/other/lib -lxml2 -lz -lpthread -liconv -lm   -L/lib -ldl                  
ld: warning: directory not found for option '-L/sw/lib'
ld: warning: directory not found for option '-L/lib'
mpicc-mpich-mp -pipe  -DVERSION=\"0\" -Wall -g  -DCURR_MODULE_NAME=\"libSnac\"  -o /Users/haolu/Software/snac/snac-1/build/tests/testTetrahedra-face-normal-4-4-4 /Users/haolu/Software/snac/snac-1/build/tmp/test-libSnac/TestUtilities.o /Users/haolu/Software/snac/snac-1/build/tmp/test-libSnac/TestStress.o -I/Users/haolu/Software/snac/snac-1/build/include   -I/Users/haolu/Software/snac/snac-1/build/include/StGermain -I/Users/haolu/Software/snac/snac-1/build/include -DMODULE_EXT=\"so\"  -I/Users/haolu/Software/snac/snac-1/build/include   -I/opt/passcal/other/include/mpich-mp     -I/opt/passcal/other/include/libxml2   -I/include    testTetrahedra-face-normal-4-4-4.c   -L/Users/haolu/Software/snac/snac-1/build/lib   -lSnac -L/Users/haolu/Software/snac/snac-1/build/lib -lStGermainFD -lStGermainBase  -L/Users/haolu/Software/snac/snac-1/build/lib -lStGermain   -L/Users/haolu/Software/snac/snac-1/build/lib -lmpich -L/opt/passcal/other/lib/mpich-mp -lmpich  -L/sw/lib    -lm -lmx   -L/opt/passcal/other/lib -lxml2 -lz -lpthread -liconv -lm   -L/lib -ldl                  
ld: warning: directory not found for option '-L/sw/lib'
ld: warning: directory not found for option '-L/lib'
mpicc-mpich-mp -pipe  -DVERSION=\"0\" -Wall -g  -DCURR_MODULE_NAME=\"libSnac\"  -o /Users/haolu/Software/snac/snac-1/build/tests/testUpdateElement-tetra-volume-4-4-4 /Users/haolu/Software/snac/snac-1/build/tmp/test-libSnac/TestUtilities.o /Users/haolu/Software/snac/snac-1/build/tmp/test-libSnac/TestStress.o -I/Users/haolu/Software/snac/snac-1/build/include   -I/Users/haolu/Software/snac/snac-1/build/include/StGermain -I/Users/haolu/Software/snac/snac-1/build/include -DMODULE_EXT=\"so\"  -I/Users/haolu/Software/snac/snac-1/build/include   -I/opt/passcal/other/include/mpich-mp     -I/opt/passcal/other/include/libxml2   -I/include    testUpdateElement-tetra-volume-4-4-4.c   -L/Users/haolu/Software/snac/snac-1/build/lib   -lSnac -L/Users/haolu/Software/snac/snac-1/build/lib -lStGermainFD -lStGermainBase  -L/Users/haolu/Software/snac/snac-1/build/lib -lStGermain   -L/Users/haolu/Software/snac/snac-1/build/lib -lmpich -L/opt/passcal/other/lib/mpich-mp -lmpich  -L/sw/lib    -lm -lmx   -L/opt/passcal/other/lib -lxml2 -lz -lpthread -liconv -lm   -L/lib -ldl                  
ld: warning: directory not found for option '-L/sw/lib'
ld: warning: directory not found for option '-L/lib'
mpicc-mpich-mp -pipe  -DVERSION=\"0\" -Wall -g  -DCURR_MODULE_NAME=\"libSnac\"  -o /Users/haolu/Software/snac/snac-1/build/tests/testUpdateElement-tetra-face-area-4-4-4 /Users/haolu/Software/snac/snac-1/build/tmp/test-libSnac/TestUtilities.o /Users/haolu/Software/snac/snac-1/build/tmp/test-libSnac/TestStress.o -I/Users/haolu/Software/snac/snac-1/build/include   -I/Users/haolu/Software/snac/snac-1/build/include/StGermain -I/Users/haolu/Software/snac/snac-1/build/include -DMODULE_EXT=\"so\"  -I/Users/haolu/Software/snac/snac-1/build/include   -I/opt/passcal/other/include/mpich-mp     -I/opt/passcal/other/include/libxml2   -I/include    testUpdateElement-tetra-face-area-4-4-4.c   -L/Users/haolu/Software/snac/snac-1/build/lib   -lSnac -L/Users/haolu/Software/snac/snac-1/build/lib -lStGermainFD -lStGermainBase  -L/Users/haolu/Software/snac/snac-1/build/lib -lStGermain   -L/Users/haolu/Software/snac/snac-1/build/lib -lmpich -L/opt/passcal/other/lib/mpich-mp -lmpich  -L/sw/lib    -lm -lmx   -L/opt/passcal/other/lib -lxml2 -lz -lpthread -liconv -lm   -L/lib -ldl                  
ld: warning: directory not found for option '-L/sw/lib'
ld: warning: directory not found for option '-L/lib'
mpicc-mpich-mp -pipe  -DVERSION=\"0\" -Wall -g  -DCURR_MODULE_NAME=\"libSnac\"  -o /Users/haolu/Software/snac/snac-1/build/tests/testUpdateElement-tetra-face-normal-4-4-4 /Users/haolu/Software/snac/snac-1/build/tmp/test-libSnac/TestUtilities.o /Users/haolu/Software/snac/snac-1/build/tmp/test-libSnac/TestStress.o -I/Users/haolu/Software/snac/snac-1/build/include   -I/Users/haolu/Software/snac/snac-1/build/include/StGermain -I/Users/haolu/Software/snac/snac-1/build/include -DMODULE_EXT=\"so\"  -I/Users/haolu/Software/snac/snac-1/build/include   -I/opt/passcal/other/include/mpich-mp     -I/opt/passcal/other/include/libxml2   -I/include    testUpdateElement-tetra-face-normal-4-4-4.c   -L/Users/haolu/Software/snac/snac-1/build/lib   -lSnac -L/Users/haolu/Software/snac/snac-1/build/lib -lStGermainFD -lStGermainBase  -L/Users/haolu/Software/snac/snac-1/build/lib -lStGermain   -L/Users/haolu/Software/snac/snac-1/build/lib -lmpich -L/opt/passcal/other/lib/mpich-mp -lmpich  -L/sw/lib    -lm -lmx   -L/opt/passcal/other/lib -lxml2 -lz -lpthread -liconv -lm   -L/lib -ldl                  
ld: warning: directory not found for option '-L/sw/lib'
ld: warning: directory not found for option '-L/lib'
mpicc-mpich-mp -pipe  -DVERSION=\"0\" -Wall -g  -DCURR_MODULE_NAME=\"libSnac\"  -o /Users/haolu/Software/snac/snac-1/build/tests/testUpdateElement-tetra-strain-4-4-4 /Users/haolu/Software/snac/snac-1/build/tmp/test-libSnac/TestUtilities.o /Users/haolu/Software/snac/snac-1/build/tmp/test-libSnac/TestStress.o -I/Users/haolu/Software/snac/snac-1/build/include   -I/Users/haolu/Software/snac/snac-1/build/include/StGermain -I/Users/haolu/Software/snac/snac-1/build/include -DMODULE_EXT=\"so\"  -I/Users/haolu/Software/snac/snac-1/build/include   -I/opt/passcal/other/include/mpich-mp     -I/opt/passcal/other/include/libxml2   -I/include    testUpdateElement-tetra-strain-4-4-4.c   -L/Users/haolu/Software/snac/snac-1/build/lib   -lSnac -L/Users/haolu/Software/snac/snac-1/build/lib -lStGermainFD -lStGermainBase  -L/Users/haolu/Software/snac/snac-1/build/lib -lStGermain   -L/Users/haolu/Software/snac/snac-1/build/lib -lmpich -L/opt/passcal/other/lib/mpich-mp -lmpich  -L/sw/lib    -lm -lmx   -L/opt/passcal/other/lib -lxml2 -lz -lpthread -liconv -lm   -L/lib -ldl                  
ld: warning: directory not found for option '-L/sw/lib'
ld: warning: directory not found for option '-L/lib'
mpicc-mpich-mp -pipe  -DVERSION=\"0\" -Wall -g  -DCURR_MODULE_NAME=\"libSnac\"  -o /Users/haolu/Software/snac/snac-1/build/tests/testUpdateElement-minLengthScale-4-4-4 /Users/haolu/Software/snac/snac-1/build/tmp/test-libSnac/TestUtilities.o /Users/haolu/Software/snac/snac-1/build/tmp/test-libSnac/TestStress.o -I/Users/haolu/Software/snac/snac-1/build/include   -I/Users/haolu/Software/snac/snac-1/build/include/StGermain -I/Users/haolu/Software/snac/snac-1/build/include -DMODULE_EXT=\"so\"  -I/Users/haolu/Software/snac/snac-1/build/include   -I/opt/passcal/other/include/mpich-mp     -I/opt/passcal/other/include/libxml2   -I/include    testUpdateElement-minLengthScale-4-4-4.c   -L/Users/haolu/Software/snac/snac-1/build/lib   -lSnac -L/Users/haolu/Software/snac/snac-1/build/lib -lStGermainFD -lStGermainBase  -L/Users/haolu/Software/snac/snac-1/build/lib -lStGermain   -L/Users/haolu/Software/snac/snac-1/build/lib -lmpich -L/opt/passcal/other/lib/mpich-mp -lmpich  -L/sw/lib    -lm -lmx   -L/opt/passcal/other/lib -lxml2 -lz -lpthread -liconv -lm   -L/lib -ldl                  
ld: warning: directory not found for option '-L/sw/lib'
ld: warning: directory not found for option '-L/lib'
mpicc-mpich-mp -pipe  -DVERSION=\"0\" -Wall -g  -DCURR_MODULE_NAME=\"libSnac\"  -o /Users/haolu/Software/snac/snac-1/build/tests/testUpdateElement-volume-4-4-4 /Users/haolu/Software/snac/snac-1/build/tmp/test-libSnac/TestUtilities.o /Users/haolu/Software/snac/snac-1/build/tmp/test-libSnac/TestStress.o -I/Users/haolu/Software/snac/snac-1/build/include   -I/Users/haolu/Software/snac/snac-1/build/include/StGermain -I/Users/haolu/Software/snac/snac-1/build/include -DMODULE_EXT=\"so\"  -I/Users/haolu/Software/snac/snac-1/build/include   -I/opt/passcal/other/include/mpich-mp     -I/opt/passcal/other/include/libxml2   -I/include    testUpdateElement-volume-4-4-4.c   -L/Users/haolu/Software/snac/snac-1/build/lib   -lSnac -L/Users/haolu/Software/snac/snac-1/build/lib -lStGermainFD -lStGermainBase  -L/Users/haolu/Software/snac/snac-1/build/lib -lStGermain   -L/Users/haolu/Software/snac/snac-1/build/lib -lmpich -L/opt/passcal/other/lib/mpich-mp -lmpich  -L/sw/lib    -lm -lmx   -L/opt/passcal/other/lib -lxml2 -lz -lpthread -liconv -lm   -L/lib -ldl                  
ld: warning: directory not found for option '-L/sw/lib'
ld: warning: directory not found for option '-L/lib'
mpicc-mpich-mp -pipe  -DVERSION=\"0\" -Wall -g  -DCURR_MODULE_NAME=\"libSnac\"  -o /Users/haolu/Software/snac/snac-1/build/tests/testUpdateNode-mass-4-4-4 /Users/haolu/Software/snac/snac-1/build/tmp/test-libSnac/TestUtilities.o /Users/haolu/Software/snac/snac-1/build/tmp/test-libSnac/TestStress.o -I/Users/haolu/Software/snac/snac-1/build/include   -I/Users/haolu/Software/snac/snac-1/build/include/StGermain -I/Users/haolu/Software/snac/snac-1/build/include -DMODULE_EXT=\"so\"  -I/Users/haolu/Software/snac/snac-1/build/include   -I/opt/passcal/other/include/mpich-mp     -I/opt/passcal/other/include/libxml2   -I/include    testUpdateNode-mass-4-4-4.c   -L/Users/haolu/Software/snac/snac-1/build/lib   -lSnac -L/Users/haolu/Software/snac/snac-1/build/lib -lStGermainFD -lStGermainBase  -L/Users/haolu/Software/snac/snac-1/build/lib -lStGermain   -L/Users/haolu/Software/snac/snac-1/build/lib -lmpich -L/opt/passcal/other/lib/mpich-mp -lmpich  -L/sw/lib    -lm -lmx   -L/opt/passcal/other/lib -lxml2 -lz -lpthread -liconv -lm   -L/lib -ldl                  
ld: warning: directory not found for option '-L/sw/lib'
ld: warning: directory not found for option '-L/lib'
mpicc-mpich-mp -pipe  -DVERSION=\"0\" -Wall -g  -DCURR_MODULE_NAME=\"libSnac\"  -o /Users/haolu/Software/snac/snac-1/build/tests/testUpdateNode-velocity-4-4-4 /Users/haolu/Software/snac/snac-1/build/tmp/test-libSnac/TestUtilities.o /Users/haolu/Software/snac/snac-1/build/tmp/test-libSnac/TestStress.o -I/Users/haolu/Software/snac/snac-1/build/include   -I/Users/haolu/Software/snac/snac-1/build/include/StGermain -I/Users/haolu/Software/snac/snac-1/build/include -DMODULE_EXT=\"so\"  -I/Users/haolu/Software/snac/snac-1/build/include   -I/opt/passcal/other/include/mpich-mp     -I/opt/passcal/other/include/libxml2   -I/include    testUpdateNode-velocity-4-4-4.c   -L/Users/haolu/Software/snac/snac-1/build/lib   -lSnac -L/Users/haolu/Software/snac/snac-1/build/lib -lStGermainFD -lStGermainBase  -L/Users/haolu/Software/snac/snac-1/build/lib -lStGermain   -L/Users/haolu/Software/snac/snac-1/build/lib -lmpich -L/opt/passcal/other/lib/mpich-mp -lmpich  -L/sw/lib    -lm -lmx   -L/opt/passcal/other/lib -lxml2 -lz -lpthread -liconv -lm   -L/lib -ldl                  
ld: warning: directory not found for option '-L/sw/lib'
ld: warning: directory not found for option '-L/lib'
mpicc-mpich-mp -pipe  -DVERSION=\"0\" -Wall -g  -DCURR_MODULE_NAME=\"libSnac\"  -o /Users/haolu/Software/snac/snac-1/build/tests/testUpdateNode-coord-4-4-4 /Users/haolu/Software/snac/snac-1/build/tmp/test-libSnac/TestUtilities.o /Users/haolu/Software/snac/snac-1/build/tmp/test-libSnac/TestStress.o -I/Users/haolu/Software/snac/snac-1/build/include   -I/Users/haolu/Software/snac/snac-1/build/include/StGermain -I/Users/haolu/Software/snac/snac-1/build/include -DMODULE_EXT=\"so\"  -I/Users/haolu/Software/snac/snac-1/build/include   -I/opt/passcal/other/include/mpich-mp     -I/opt/passcal/other/include/libxml2   -I/include    testUpdateNode-coord-4-4-4.c   -L/Users/haolu/Software/snac/snac-1/build/lib   -lSnac -L/Users/haolu/Software/snac/snac-1/build/lib -lStGermainFD -lStGermainBase  -L/Users/haolu/Software/snac/snac-1/build/lib -lStGermain   -L/Users/haolu/Software/snac/snac-1/build/lib -lmpich -L/opt/passcal/other/lib/mpich-mp -lmpich  -L/sw/lib    -lm -lmx   -L/opt/passcal/other/lib -lxml2 -lz -lpthread -liconv -lm   -L/lib -ldl                  
ld: warning: directory not found for option '-L/sw/lib'
ld: warning: directory not found for option '-L/lib'
mpicc-mpich-mp -pipe  -DVERSION=\"0\" -Wall -g  -DCURR_MODULE_NAME=\"libSnac\"  -o /Users/haolu/Software/snac/snac-1/build/tests/testStrainRate-tetra-strainRate-4-4-4 /Users/haolu/Software/snac/snac-1/build/tmp/test-libSnac/TestUtilities.o /Users/haolu/Software/snac/snac-1/build/tmp/test-libSnac/TestStress.o -I/Users/haolu/Software/snac/snac-1/build/include   -I/Users/haolu/Software/snac/snac-1/build/include/StGermain -I/Users/haolu/Software/snac/snac-1/build/include -DMODULE_EXT=\"so\"  -I/Users/haolu/Software/snac/snac-1/build/include   -I/opt/passcal/other/include/mpich-mp     -I/opt/passcal/other/include/libxml2   -I/include    testStrainRate-tetra-strainRate-4-4-4.c   -L/Users/haolu/Software/snac/snac-1/build/lib   -lSnac -L/Users/haolu/Software/snac/snac-1/build/lib -lStGermainFD -lStGermainBase  -L/Users/haolu/Software/snac/snac-1/build/lib -lStGermain   -L/Users/haolu/Software/snac/snac-1/build/lib -lmpich -L/opt/passcal/other/lib/mpich-mp -lmpich  -L/sw/lib    -lm -lmx   -L/opt/passcal/other/lib -lxml2 -lz -lpthread -liconv -lm   -L/lib -ldl                  
ld: warning: directory not found for option '-L/sw/lib'
ld: warning: directory not found for option '-L/lib'
mpicc-mpich-mp -pipe  -DVERSION=\"0\" -Wall -g  -DCURR_MODULE_NAME=\"libSnac\"  -o /Users/haolu/Software/snac/snac-1/build/tests/testStrainRate-strainRate-4-4-4 /Users/haolu/Software/snac/snac-1/build/tmp/test-libSnac/TestUtilities.o /Users/haolu/Software/snac/snac-1/build/tmp/test-libSnac/TestStress.o -I/Users/haolu/Software/snac/snac-1/build/include   -I/Users/haolu/Software/snac/snac-1/build/include/StGermain -I/Users/haolu/Software/snac/snac-1/build/include -DMODULE_EXT=\"so\"  -I/Users/haolu/Software/snac/snac-1/build/include   -I/opt/passcal/other/include/mpich-mp     -I/opt/passcal/other/include/libxml2   -I/include    testStrainRate-strainRate-4-4-4.c   -L/Users/haolu/Software/snac/snac-1/build/lib   -lSnac -L/Users/haolu/Software/snac/snac-1/build/lib -lStGermainFD -lStGermainBase  -L/Users/haolu/Software/snac/snac-1/build/lib -lStGermain   -L/Users/haolu/Software/snac/snac-1/build/lib -lmpich -L/opt/passcal/other/lib/mpich-mp -lmpich  -L/sw/lib    -lm -lmx   -L/opt/passcal/other/lib -lxml2 -lz -lpthread -liconv -lm   -L/lib -ldl                  
ld: warning: directory not found for option '-L/sw/lib'
ld: warning: directory not found for option '-L/lib'
mpicc-mpich-mp -pipe  -DVERSION=\"0\" -Wall -g  -DCURR_MODULE_NAME=\"libSnac\"  -o /Users/haolu/Software/snac/snac-1/build/tests/testStress-tetra-strain-4-4-4 /Users/haolu/Software/snac/snac-1/build/tmp/test-libSnac/TestUtilities.o /Users/haolu/Software/snac/snac-1/build/tmp/test-libSnac/TestStress.o -I/Users/haolu/Software/snac/snac-1/build/include   -I/Users/haolu/Software/snac/snac-1/build/include/StGermain -I/Users/haolu/Software/snac/snac-1/build/include -DMODULE_EXT=\"so\"  -I/Users/haolu/Software/snac/snac-1/build/include   -I/opt/passcal/other/include/mpich-mp     -I/opt/passcal/other/include/libxml2   -I/include    testStress-tetra-strain-4-4-4.c   -L/Users/haolu/Software/snac/snac-1/build/lib   -lSnac -L/Users/haolu/Software/snac/snac-1/build/lib -lStGermainFD -lStGermainBase  -L/Users/haolu/Software/snac/snac-1/build/lib -lStGermain   -L/Users/haolu/Software/snac/snac-1/build/lib -lmpich -L/opt/passcal/other/lib/mpich-mp -lmpich  -L/sw/lib    -lm -lmx   -L/opt/passcal/other/lib -lxml2 -lz -lpthread -liconv -lm   -L/lib -ldl                  
ld: warning: directory not found for option '-L/sw/lib'
ld: warning: directory not found for option '-L/lib'
rm /Users/haolu/Software/snac/snac-1/build/tmp/test-libSnac/TestStress.o /Users/haolu/Software/snac/snac-1/build/tmp/test-libSnac/TestUtilities.o
mpicc-mpich-mp -pipe  -DVERSION=\"0\" -DCURR_MODULE_NAME=\"SnacCustomCartesian\" -DPLUGIN_NAME=SnacCustomCartesian -Wall -g    -c -o /Users/haolu/Software/snac/snac-1/build/tmp/mod-SnacCustomCartesianmodule.so/InitialConditions.o -I/Users/haolu/Software/snac/snac-1/build/include   -I/Users/haolu/Software/snac/snac-1/build/include/StGermain -I/Users/haolu/Software/snac/snac-1/build/include   -I/opt/passcal/other/include/mpich-mp   -I/opt/passcal/other/include/libxml2      InitialConditions.c
mpicc-mpich-mp -pipe  -DVERSION=\"0\" -DCURR_MODULE_NAME=\"SnacCustomCartesian\" -DPLUGIN_NAME=SnacCustomCartesian -Wall -g    -c -o /Users/haolu/Software/snac/snac-1/build/tmp/mod-SnacCustomCartesianmodule.so/Register.o -I/Users/haolu/Software/snac/snac-1/build/include   -I/Users/haolu/Software/snac/snac-1/build/include/StGermain -I/Users/haolu/Software/snac/snac-1/build/include   -I/opt/passcal/other/include/mpich-mp   -I/opt/passcal/other/include/libxml2      Register.c
mpicc-mpich-mp -pipe  -DVERSION=\"0\" -DCURR_MODULE_NAME=\"SnacCustomCartesian\" -DPLUGIN_NAME=SnacCustomCartesian -Wall -g   -o /Users/haolu/Software/snac/snac-1/build/tmp/mod-SnacCustomCartesianmodule.so/SnacCustomCartesianmodule.so /Users/haolu/Software/snac/snac-1/build/tmp/mod-SnacCustomCartesianmodule.so/InitialConditions.o /Users/haolu/Software/snac/snac-1/build/tmp/mod-SnacCustomCartesianmodule.so/Register.o  -bundle -flat_namespace -undefined suppress  -L/Users/haolu/Software/snac/snac-1/build/lib   -L/Users/haolu/Software/snac/snac-1/build/lib  -lSnac -lStGermain  -L/Users/haolu/Software/snac/snac-1/build/lib -lmpich -L/opt/passcal/other/lib/mpich-mp -lmpich  -L/sw/lib    -L/opt/passcal/other/lib -lxml2 -lz -lpthread -liconv -lm   -lm -lmx            
ld: warning: directory not found for option '-L/sw/lib'
/bin/cp -f /Users/haolu/Software/snac/snac-1/build/tmp/mod-SnacCustomCartesianmodule.so/SnacCustomCartesianmodule.so /Users/haolu/Software/snac/snac-1/build/lib/SnacCustomCartesianmodule.so
mpicc-mpich-mp -pipe  -DVERSION=\"0\" -DCURR_MODULE_NAME=\"SnacCylinderQuad\" -DPLUGIN_NAME=SnacCylinderQuad -Wall -g    -c -o /Users/haolu/Software/snac/snac-1/build/tmp/mod-SnacCylinderQuadmodule.so/Force.o -I/Users/haolu/Software/snac/snac-1/build/include   -I/Users/haolu/Software/snac/snac-1/build/include/StGermain -I/Users/haolu/Software/snac/snac-1/build/include   -I/opt/passcal/other/include/mpich-mp   -I/opt/passcal/other/include/libxml2      Force.c
mpicc-mpich-mp -pipe  -DVERSION=\"0\" -DCURR_MODULE_NAME=\"SnacCylinderQuad\" -DPLUGIN_NAME=SnacCylinderQuad -Wall -g    -c -o /Users/haolu/Software/snac/snac-1/build/tmp/mod-SnacCylinderQuadmodule.so/InitialConditions.o -I/Users/haolu/Software/snac/snac-1/build/include   -I/Users/haolu/Software/snac/snac-1/build/include/StGermain -I/Users/haolu/Software/snac/snac-1/build/include   -I/opt/passcal/other/include/mpich-mp   -I/opt/passcal/other/include/libxml2      InitialConditions.c
mpicc-mpich-mp -pipe  -DVERSION=\"0\" -DCURR_MODULE_NAME=\"SnacCylinderQuad\" -DPLUGIN_NAME=SnacCylinderQuad -Wall -g    -c -o /Users/haolu/Software/snac/snac-1/build/tmp/mod-SnacCylinderQuadmodule.so/Register.o -I/Users/haolu/Software/snac/snac-1/build/include   -I/Users/haolu/Software/snac/snac-1/build/include/StGermain -I/Users/haolu/Software/snac/snac-1/build/include   -I/opt/passcal/other/include/mpich-mp   -I/opt/passcal/other/include/libxml2      Register.c
mpicc-mpich-mp -pipe  -DVERSION=\"0\" -DCURR_MODULE_NAME=\"SnacCylinderQuad\" -DPLUGIN_NAME=SnacCylinderQuad -Wall -g   -o /Users/haolu/Software/snac/snac-1/build/tmp/mod-SnacCylinderQuadmodule.so/SnacCylinderQuadmodule.so /Users/haolu/Software/snac/snac-1/build/tmp/mod-SnacCylinderQuadmodule.so/Force.o /Users/haolu/Software/snac/snac-1/build/tmp/mod-SnacCylinderQuadmodule.so/InitialConditions.o /Users/haolu/Software/snac/snac-1/build/tmp/mod-SnacCylinderQuadmodule.so/Register.o  -bundle -flat_namespace -undefined suppress  -L/Users/haolu/Software/snac/snac-1/build/lib   -L/Users/haolu/Software/snac/snac-1/build/lib  -lSnac -lStGermain   -L/Users/haolu/Software/snac/snac-1/build/lib -lmpich -L/opt/passcal/other/lib/mpich-mp -lmpich  -L/sw/lib    -L/opt/passcal/other/lib -lxml2 -lz -lpthread -liconv -lm   -lm -lmx            
ld: warning: directory not found for option '-L/sw/lib'
/bin/cp -f /Users/haolu/Software/snac/snac-1/build/tmp/mod-SnacCylinderQuadmodule.so/SnacCylinderQuadmodule.so /Users/haolu/Software/snac/snac-1/build/lib/SnacCylinderQuadmodule.so
mpicc-mpich-mp -pipe  -DVERSION=\"0\" -DCURR_MODULE_NAME=\"SnacCylindrical\" -DPLUGIN_NAME=SnacCylindrical -Wall -g    -c -o /Users/haolu/Software/snac/snac-1/build/tmp/mod-SnacCylindricalmodule.so/InitialConditions.o -I/Users/haolu/Software/snac/snac-1/build/include   -I/Users/haolu/Software/snac/snac-1/build/include/StGermain -I/Users/haolu/Software/snac/snac-1/build/include   -I/opt/passcal/other/include/mpich-mp   -I/opt/passcal/other/include/libxml2      InitialConditions.c
InitialConditions.c:118:38: warning: using integer absolute value function 'abs' when argument is of floating point type [-Wabsolute-value]
                        local_Zindex = (num_circ-1)-floor(abs(k_gI-(decomp->nodeGlobal3DCounts[2]-1)/2.0));
                                                          ^
InitialConditions.c:118:38: note: use function 'fabs' instead
                        local_Zindex = (num_circ-1)-floor(abs(k_gI-(decomp->nodeGlobal3DCounts[2]-1)/2.0));
                                                          ^~~
                                                          fabs
InitialConditions.c:124:34: warning: using integer absolute value function 'abs' when argument is of floating point type [-Wabsolute-value]
                        local_Zindex = num_circ-floor(abs(k_gI-(decomp->nodeGlobal3DCounts[2]-1)/2.0));
                                                      ^
InitialConditions.c:124:34: note: use function 'fabs' instead
                        local_Zindex = num_circ-floor(abs(k_gI-(decomp->nodeGlobal3DCounts[2]-1)/2.0));
                                                      ^~~
                                                      fabs
2 warnings generated.
mpicc-mpich-mp -pipe  -DVERSION=\"0\" -DCURR_MODULE_NAME=\"SnacCylindrical\" -DPLUGIN_NAME=SnacCylindrical -Wall -g    -c -o /Users/haolu/Software/snac/snac-1/build/tmp/mod-SnacCylindricalmodule.so/Register.o -I/Users/haolu/Software/snac/snac-1/build/include   -I/Users/haolu/Software/snac/snac-1/build/include/StGermain -I/Users/haolu/Software/snac/snac-1/build/include   -I/opt/passcal/other/include/mpich-mp   -I/opt/passcal/other/include/libxml2      Register.c
mpicc-mpich-mp -pipe  -DVERSION=\"0\" -DCURR_MODULE_NAME=\"SnacCylindrical\" -DPLUGIN_NAME=SnacCylindrical -Wall -g   -o /Users/haolu/Software/snac/snac-1/build/tmp/mod-SnacCylindricalmodule.so/SnacCylindricalmodule.so /Users/haolu/Software/snac/snac-1/build/tmp/mod-SnacCylindricalmodule.so/InitialConditions.o /Users/haolu/Software/snac/snac-1/build/tmp/mod-SnacCylindricalmodule.so/Register.o  -bundle -flat_namespace -undefined suppress  -L/Users/haolu/Software/snac/snac-1/build/lib   -L/Users/haolu/Software/snac/snac-1/build/lib  -lSnac -lStGermain   -L/Users/haolu/Software/snac/snac-1/build/lib -lmpich -L/opt/passcal/other/lib/mpich-mp -lmpich  -L/sw/lib    -L/opt/passcal/other/lib -lxml2 -lz -lpthread -liconv -lm   -lm -lmx            
ld: warning: directory not found for option '-L/sw/lib'
/bin/cp -f /Users/haolu/Software/snac/snac-1/build/tmp/mod-SnacCylindricalmodule.so/SnacCylindricalmodule.so /Users/haolu/Software/snac/snac-1/build/lib/SnacCylindricalmodule.so
mpicc-mpich-mp -pipe  -DVERSION=\"0\" -DCURR_MODULE_NAME=\"SnacElastic\" -DPLUGIN_NAME=SnacElastic -Wall -g    -c -o /Users/haolu/Software/snac/snac-1/build/tmp/mod-SnacElasticmodule.so/Register.o -I/Users/haolu/Software/snac/snac-1/build/include   -I/Users/haolu/Software/snac/snac-1/build/include/StGermain -I/Users/haolu/Software/snac/snac-1/build/include   -I/opt/passcal/other/include/mpich-mp   -I/opt/passcal/other/include/libxml2      Register.c
mpicc-mpich-mp -pipe  -DVERSION=\"0\" -DCURR_MODULE_NAME=\"SnacElastic\" -DPLUGIN_NAME=SnacElastic -Wall -g    -c -o /Users/haolu/Software/snac/snac-1/build/tmp/mod-SnacElasticmodule.so/ConstructExtensions.o -I/Users/haolu/Software/snac/snac-1/build/include   -I/Users/haolu/Software/snac/snac-1/build/include/StGermain -I/Users/haolu/Software/snac/snac-1/build/include   -I/opt/passcal/other/include/mpich-mp   -I/opt/passcal/other/include/libxml2      ConstructExtensions.c
mpicc-mpich-mp -pipe  -DVERSION=\"0\" -DCURR_MODULE_NAME=\"SnacElastic\" -DPLUGIN_NAME=SnacElastic -Wall -g    -c -o /Users/haolu/Software/snac/snac-1/build/tmp/mod-SnacElasticmodule.so/Build.o -I/Users/haolu/Software/snac/snac-1/build/include   -I/Users/haolu/Software/snac/snac-1/build/include/StGermain -I/Users/haolu/Software/snac/snac-1/build/include   -I/opt/passcal/other/include/mpich-mp   -I/opt/passcal/other/include/libxml2      Build.c
mpicc-mpich-mp -pipe  -DVERSION=\"0\" -DCURR_MODULE_NAME=\"SnacElastic\" -DPLUGIN_NAME=SnacElastic -Wall -g    -c -o /Users/haolu/Software/snac/snac-1/build/tmp/mod-SnacElasticmodule.so/InitialConditions.o -I/Users/haolu/Software/snac/snac-1/build/include   -I/Users/haolu/Software/snac/snac-1/build/include/StGermain -I/Users/haolu/Software/snac/snac-1/build/include   -I/opt/passcal/other/include/mpich-mp   -I/opt/passcal/other/include/libxml2      InitialConditions.c
mpicc-mpich-mp -pipe  -DVERSION=\"0\" -DCURR_MODULE_NAME=\"SnacElastic\" -DPLUGIN_NAME=SnacElastic -Wall -g    -c -o /Users/haolu/Software/snac/snac-1/build/tmp/mod-SnacElasticmodule.so/Constitutive.o -I/Users/haolu/Software/snac/snac-1/build/include   -I/Users/haolu/Software/snac/snac-1/build/include/StGermain -I/Users/haolu/Software/snac/snac-1/build/include   -I/opt/passcal/other/include/mpich-mp   -I/opt/passcal/other/include/libxml2      Constitutive.c
mpicc-mpich-mp -pipe  -DVERSION=\"0\" -DCURR_MODULE_NAME=\"SnacElastic\" -DPLUGIN_NAME=SnacElastic -Wall -g    -c -o /Users/haolu/Software/snac/snac-1/build/tmp/mod-SnacElasticmodule.so/DeleteExtensions.o -I/Users/haolu/Software/snac/snac-1/build/include   -I/Users/haolu/Software/snac/snac-1/build/include/StGermain -I/Users/haolu/Software/snac/snac-1/build/include   -I/opt/passcal/other/include/mpich-mp   -I/opt/passcal/other/include/libxml2      DeleteExtensions.c
mpicc-mpich-mp -pipe  -DVERSION=\"0\" -DCURR_MODULE_NAME=\"SnacElastic\" -DPLUGIN_NAME=SnacElastic -Wall -g   -o /Users/haolu/Software/snac/snac-1/build/tmp/mod-SnacElasticmodule.so/SnacElasticmodule.so /Users/haolu/Software/snac/snac-1/build/tmp/mod-SnacElasticmodule.so/Register.o /Users/haolu/Software/snac/snac-1/build/tmp/mod-SnacElasticmodule.so/ConstructExtensions.o /Users/haolu/Software/snac/snac-1/build/tmp/mod-SnacElasticmodule.so/Build.o /Users/haolu/Software/snac/snac-1/build/tmp/mod-SnacElasticmodule.so/InitialConditions.o /Users/haolu/Software/snac/snac-1/build/tmp/mod-SnacElasticmodule.so/Constitutive.o /Users/haolu/Software/snac/snac-1/build/tmp/mod-SnacElasticmodule.so/DeleteExtensions.o  -bundle -flat_namespace -undefined suppress  -L/Users/haolu/Software/snac/snac-1/build/lib   -L/Users/haolu/Software/snac/snac-1/build/lib  -lSnac -lStGermain   -L/Users/haolu/Software/snac/snac-1/build/lib -lmpich -L/opt/passcal/other/lib/mpich-mp -lmpich  -L/sw/lib    -L/opt/passcal/other/lib -lxml2 -lz -lpthread -liconv -lm   -lm -lmx            
ld: warning: directory not found for option '-L/sw/lib'
/bin/cp -f /Users/haolu/Software/snac/snac-1/build/tmp/mod-SnacElasticmodule.so/SnacElasticmodule.so /Users/haolu/Software/snac/snac-1/build/lib/SnacElasticmodule.so
mpicc-mpich-mp -pipe  -DVERSION=\"0\" -DCURR_MODULE_NAME=\"SnacExchanger\" -DPLUGIN_NAME=SnacExchanger -Wall -g    -c -o /Users/haolu/Software/snac/snac-1/build/tmp/mod-SnacExchangermodule.so/ExchangerVC.o -I/Users/haolu/Software/snac/snac-1/build/include   -I/Users/haolu/Software/snac/snac-1/build/include/StGermain -I/Users/haolu/Software/snac/snac-1/build/include   -I/opt/passcal/other/include/mpich-mp   -I/opt/passcal/other/include/libxml2      ExchangerVC.c
mpicc-mpich-mp -pipe  -DVERSION=\"0\" -DCURR_MODULE_NAME=\"SnacExchanger\" -DPLUGIN_NAME=SnacExchanger -Wall -g    -c -o /Users/haolu/Software/snac/snac-1/build/tmp/mod-SnacExchangermodule.so/Context.o -I/Users/haolu/Software/snac/snac-1/build/include   -I/Users/haolu/Software/snac/snac-1/build/include/StGermain -I/Users/haolu/Software/snac/snac-1/build/include   -I/opt/passcal/other/include/mpich-mp   -I/opt/passcal/other/include/libxml2      Context.c
mpicc-mpich-mp -pipe  -DVERSION=\"0\" -DCURR_MODULE_NAME=\"SnacExchanger\" -DPLUGIN_NAME=SnacExchanger -Wall -g    -c -o /Users/haolu/Software/snac/snac-1/build/tmp/mod-SnacExchangermodule.so/Register.o -I/Users/haolu/Software/snac/snac-1/build/include   -I/Users/haolu/Software/snac/snac-1/build/include/StGermain -I/Users/haolu/Software/snac/snac-1/build/include   -I/opt/passcal/other/include/mpich-mp   -I/opt/passcal/other/include/libxml2      Register.c
mpicc-mpich-mp -pipe  -DVERSION=\"0\" -DCURR_MODULE_NAME=\"SnacExchanger\" -DPLUGIN_NAME=SnacExchanger -Wall -g    -c -o /Users/haolu/Software/snac/snac-1/build/tmp/mod-SnacExchangermodule.so/ConstructExtensions.o -I/Users/haolu/Software/snac/snac-1/build/include   -I/Users/haolu/Software/snac/snac-1/build/include/StGermain -I/Users/haolu/Software/snac/snac-1/build/include   -I/opt/passcal/other/include/mpich-mp   -I/opt/passcal/other/include/libxml2      ConstructExtensions.c
mpicc-mpich-mp -pipe  -DVERSION=\"0\" -DCURR_MODULE_NAME=\"SnacExchanger\" -DPLUGIN_NAME=SnacExchanger -Wall -g    -c -o /Users/haolu/Software/snac/snac-1/build/tmp/mod-SnacExchangermodule.so/Build.o -I/Users/haolu/Software/snac/snac-1/build/include   -I/Users/haolu/Software/snac/snac-1/build/include/StGermain -I/Users/haolu/Software/snac/snac-1/build/include   -I/opt/passcal/other/include/mpich-mp   -I/opt/passcal/other/include/libxml2      Build.c
mpicc-mpich-mp -pipe  -DVERSION=\"0\" -DCURR_MODULE_NAME=\"SnacExchanger\" -DPLUGIN_NAME=SnacExchanger -Wall -g   -o /Users/haolu/Software/snac/snac-1/build/tmp/mod-SnacExchangermodule.so/SnacExchangermodule.so /Users/haolu/Software/snac/snac-1/build/tmp/mod-SnacExchangermodule.so/ExchangerVC.o /Users/haolu/Software/snac/snac-1/build/tmp/mod-SnacExchangermodule.so/Context.o /Users/haolu/Software/snac/snac-1/build/tmp/mod-SnacExchangermodule.so/Register.o /Users/haolu/Software/snac/snac-1/build/tmp/mod-SnacExchangermodule.so/ConstructExtensions.o /Users/haolu/Software/snac/snac-1/build/tmp/mod-SnacExchangermodule.so/Build.o  -bundle -flat_namespace -undefined suppress  -L/Users/haolu/Software/snac/snac-1/build/lib   -L/Users/haolu/Software/snac/snac-1/build/lib  -lSnac -lStGermain   -L/Users/haolu/Software/snac/snac-1/build/lib -lmpich -L/opt/passcal/other/lib/mpich-mp -lmpich  -L/sw/lib    -L/opt/passcal/other/lib -lxml2 -lz -lpthread -liconv -lm   -lm -lmx            
ld: warning: directory not found for option '-L/sw/lib'
/bin/cp -f /Users/haolu/Software/snac/snac-1/build/tmp/mod-SnacExchangermodule.so/SnacExchangermodule.so /Users/haolu/Software/snac/snac-1/build/lib/SnacExchangermodule.so
mpicc-mpich-mp -pipe  -DVERSION=\"0\" -DCURR_MODULE_NAME=\"SnacHetero\" -DPLUGIN_NAME=SnacHetero -Wall -g    -c -o /Users/haolu/Software/snac/snac-1/build/tmp/mod-SnacHeteromodule.so/TestCondFunc.o -I/Users/haolu/Software/snac/snac-1/build/include   -I/Users/haolu/Software/snac/snac-1/build/include/StGermain -I/Users/haolu/Software/snac/snac-1/build/include   -I/opt/passcal/other/include/mpich-mp   -I/opt/passcal/other/include/libxml2      TestCondFunc.c
mpicc-mpich-mp -pipe  -DVERSION=\"0\" -DCURR_MODULE_NAME=\"SnacHetero\" -DPLUGIN_NAME=SnacHetero -Wall -g    -c -o /Users/haolu/Software/snac/snac-1/build/tmp/mod-SnacHeteromodule.so/SnacHetero_InitialCondition.o -I/Users/haolu/Software/snac/snac-1/build/include   -I/Users/haolu/Software/snac/snac-1/build/include/StGermain -I/Users/haolu/Software/snac/snac-1/build/include   -I/opt/passcal/other/include/mpich-mp   -I/opt/passcal/other/include/libxml2      SnacHetero_InitialCondition.c
mpicc-mpich-mp -pipe  -DVERSION=\"0\" -DCURR_MODULE_NAME=\"SnacHetero\" -DPLUGIN_NAME=SnacHetero -Wall -g    -c -o /Users/haolu/Software/snac/snac-1/build/tmp/mod-SnacHeteromodule.so/Register.o -I/Users/haolu/Software/snac/snac-1/build/include   -I/Users/haolu/Software/snac/snac-1/build/include/StGermain -I/Users/haolu/Software/snac/snac-1/build/include   -I/opt/passcal/other/include/mpich-mp   -I/opt/passcal/other/include/libxml2      Register.c
Creating metadata Hetero.xml-meta.c from Hetero.xml.meta
mpicc-mpich-mp -pipe  -DVERSION=\"0\" -DCURR_MODULE_NAME=\"SnacHetero\" -DPLUGIN_NAME=SnacHetero -Wall -g    -c -o /Users/haolu/Software/snac/snac-1/build/tmp/mod-SnacHeteromodule.so/Hetero.xml-meta.o -I/Users/haolu/Software/snac/snac-1/build/include   -I/Users/haolu/Software/snac/snac-1/build/include/StGermain -I/Users/haolu/Software/snac/snac-1/build/include   -I/opt/passcal/other/include/mpich-mp   -I/opt/passcal/other/include/libxml2      Hetero.xml-meta.c
mpicc-mpich-mp -pipe  -DVERSION=\"0\" -DCURR_MODULE_NAME=\"SnacHetero\" -DPLUGIN_NAME=SnacHetero -Wall -g   -o /Users/haolu/Software/snac/snac-1/build/tmp/mod-SnacHeteromodule.so/SnacHeteromodule.so /Users/haolu/Software/snac/snac-1/build/tmp/mod-SnacHeteromodule.so/TestCondFunc.o /Users/haolu/Software/snac/snac-1/build/tmp/mod-SnacHeteromodule.so/SnacHetero_InitialCondition.o /Users/haolu/Software/snac/snac-1/build/tmp/mod-SnacHeteromodule.so/Register.o /Users/haolu/Software/snac/snac-1/build/tmp/mod-SnacHeteromodule.so/Hetero.xml-meta.o  -bundle -flat_namespace -undefined suppress  -L/Users/haolu/Software/snac/snac-1/build/lib   -L/Users/haolu/Software/snac/snac-1/build/lib  -lSnac -lStGermain  -L/Users/haolu/Software/snac/snac-1/build/lib -lmpich -L/opt/passcal/other/lib/mpich-mp -lmpich  -L/sw/lib    -L/opt/passcal/other/lib -lxml2 -lz -lpthread -liconv -lm   -lm -lmx            
ld: warning: directory not found for option '-L/sw/lib'
/bin/cp -f /Users/haolu/Software/snac/snac-1/build/tmp/mod-SnacHeteromodule.so/SnacHeteromodule.so /Users/haolu/Software/snac/snac-1/build/lib/SnacHeteromodule.so
rm Hetero.xml-meta.c
mpicc-mpich-mp -pipe  -DVERSION=\"0\" -DCURR_MODULE_NAME=\"SnacHydroStaticIC\" -DPLUGIN_NAME=SnacHydroStaticIC -Wall -g    -c -o /Users/haolu/Software/snac/snac-1/build/tmp/mod-SnacHydroStaticICmodule.so/Register.o -I/Users/haolu/Software/snac/snac-1/build/include   -I/Users/haolu/Software/snac/snac-1/build/include/StGermain -I/Users/haolu/Software/snac/snac-1/build/include   -I/opt/passcal/other/include/mpich-mp   -I/opt/passcal/other/include/libxml2      Register.c
mpicc-mpich-mp -pipe  -DVERSION=\"0\" -DCURR_MODULE_NAME=\"SnacHydroStaticIC\" -DPLUGIN_NAME=SnacHydroStaticIC -Wall -g    -c -o /Users/haolu/Software/snac/snac-1/build/tmp/mod-SnacHydroStaticICmodule.so/ConstructExtensions.o -I/Users/haolu/Software/snac/snac-1/build/include   -I/Users/haolu/Software/snac/snac-1/build/include/StGermain -I/Users/haolu/Software/snac/snac-1/build/include   -I/opt/passcal/other/include/mpich-mp   -I/opt/passcal/other/include/libxml2      ConstructExtensions.c
mpicc-mpich-mp -pipe  -DVERSION=\"0\" -DCURR_MODULE_NAME=\"SnacHydroStaticIC\" -DPLUGIN_NAME=SnacHydroStaticIC -Wall -g    -c -o /Users/haolu/Software/snac/snac-1/build/tmp/mod-SnacHydroStaticICmodule.so/VariableConditions.o -I/Users/haolu/Software/snac/snac-1/build/include   -I/Users/haolu/Software/snac/snac-1/build/include/StGermain -I/Users/haolu/Software/snac/snac-1/build/include   -I/opt/passcal/other/include/mpich-mp   -I/opt/passcal/other/include/libxml2      VariableConditions.c
VariableConditions.c:80:15: warning: argument type 'double (*)[elz]' doesn't match specified 'MPI' type tag that requires 'double *' [-Wtype-safety]
                                MPI_Recv( PfromAbove, elx*elz, MPI_DOUBLE, procAbove, 0, context->communicator, &status );
                                          ^~~~~~~~~~           ~~~~~~~~~~
VariableConditions.c:157:15: warning: argument type 'double (*)[elz]' doesn't match specified 'MPI' type tag that requires 'double *' [-Wtype-safety]
                                MPI_Send( bottomP, elx*elz, MPI_DOUBLE, procBelow, 0, context->communicator );
                                          ^~~~~~~           ~~~~~~~~~~
VariableConditions.c:202:15: warning: argument type 'double (*)[elz]' doesn't match specified 'MPI' type tag that requires 'double *' [-Wtype-safety]
                                MPI_Recv( PfromAbove, elx*elz, MPI_DOUBLE, procAbove, 0, context->communicator, &status );
                                          ^~~~~~~~~~           ~~~~~~~~~~
VariableConditions.c:268:15: warning: argument type 'double (*)[elz]' doesn't match specified 'MPI' type tag that requires 'double *' [-Wtype-safety]
                                MPI_Send( bottomP, elx*elz, MPI_DOUBLE, procBelow, 0, context->communicator );
                                          ^~~~~~~           ~~~~~~~~~~
4 warnings generated.
mpicc-mpich-mp -pipe  -DVERSION=\"0\" -DCURR_MODULE_NAME=\"SnacHydroStaticIC\" -DPLUGIN_NAME=SnacHydroStaticIC -Wall -g   -o /Users/haolu/Software/snac/snac-1/build/tmp/mod-SnacHydroStaticICmodule.so/SnacHydroStaticICmodule.so /Users/haolu/Software/snac/snac-1/build/tmp/mod-SnacHydroStaticICmodule.so/Register.o /Users/haolu/Software/snac/snac-1/build/tmp/mod-SnacHydroStaticICmodule.so/ConstructExtensions.o /Users/haolu/Software/snac/snac-1/build/tmp/mod-SnacHydroStaticICmodule.so/VariableConditions.o  -bundle -flat_namespace -undefined suppress  -L/Users/haolu/Software/snac/snac-1/build/lib   -L/Users/haolu/Software/snac/snac-1/build/lib  -lSnac -lStGermain  -L/Users/haolu/Software/snac/snac-1/build/lib -lmpich -L/opt/passcal/other/lib/mpich-mp -lmpich  -L/sw/lib    -L/opt/passcal/other/lib -lxml2 -lz -lpthread -liconv -lm   -lm -lmx            
ld: warning: directory not found for option '-L/sw/lib'
/bin/cp -f /Users/haolu/Software/snac/snac-1/build/tmp/mod-SnacHydroStaticICmodule.so/SnacHydroStaticICmodule.so /Users/haolu/Software/snac/snac-1/build/lib/SnacHydroStaticICmodule.so
mpicc-mpich-mp -pipe  -DVERSION=\"0\" -DCURR_MODULE_NAME=\"SnacTemperature\" -DPLUGIN_NAME=SnacTemperature -Wall -g    -c -o /Users/haolu/Software/snac/snac-1/build/tmp/mod-SnacTemperaturemodule.so/Context.o -I/Users/haolu/Software/snac/snac-1/build/include   -I/Users/haolu/Software/snac/snac-1/build/include/StGermain -I/Users/haolu/Software/snac/snac-1/build/include   -I/opt/passcal/other/include/mpich-mp   -I/opt/passcal/other/include/libxml2      Context.c
mpicc-mpich-mp -pipe  -DVERSION=\"0\" -DCURR_MODULE_NAME=\"SnacTemperature\" -DPLUGIN_NAME=SnacTemperature -Wall -g    -c -o /Users/haolu/Software/snac/snac-1/build/tmp/mod-SnacTemperaturemodule.so/Element.o -I/Users/haolu/Software/snac/snac-1/build/include   -I/Users/haolu/Software/snac/snac-1/build/include/StGermain -I/Users/haolu/Software/snac/snac-1/build/include   -I/opt/passcal/other/include/mpich-mp   -I/opt/passcal/other/include/libxml2      Element.c
mpicc-mpich-mp -pipe  -DVERSION=\"0\" -DCURR_MODULE_NAME=\"SnacTemperature\" -DPLUGIN_NAME=SnacTemperature -Wall -g    -c -o /Users/haolu/Software/snac/snac-1/build/tmp/mod-SnacTemperaturemodule.so/Node.o -I/Users/haolu/Software/snac/snac-1/build/include   -I/Users/haolu/Software/snac/snac-1/build/include/StGermain -I/Users/haolu/Software/snac/snac-1/build/include   -I/opt/passcal/other/include/mpich-mp   -I/opt/passcal/other/include/libxml2      Node.c
mpicc-mpich-mp -pipe  -DVERSION=\"0\" -DCURR_MODULE_NAME=\"SnacTemperature\" -DPLUGIN_NAME=SnacTemperature -Wall -g    -c -o /Users/haolu/Software/snac/snac-1/build/tmp/mod-SnacTemperaturemodule.so/Register.o -I/Users/haolu/Software/snac/snac-1/build/include   -I/Users/haolu/Software/snac/snac-1/build/include/StGermain -I/Users/haolu/Software/snac/snac-1/build/include   -I/opt/passcal/other/include/mpich-mp   -I/opt/passcal/other/include/libxml2      Register.c
mpicc-mpich-mp -pipe  -DVERSION=\"0\" -DCURR_MODULE_NAME=\"SnacTemperature\" -DPLUGIN_NAME=SnacTemperature -Wall -g    -c -o /Users/haolu/Software/snac/snac-1/build/tmp/mod-SnacTemperaturemodule.so/ConstructExtensions.o -I/Users/haolu/Software/snac/snac-1/build/include   -I/Users/haolu/Software/snac/snac-1/build/include/StGermain -I/Users/haolu/Software/snac/snac-1/build/include   -I/opt/passcal/other/include/mpich-mp   -I/opt/passcal/other/include/libxml2      ConstructExtensions.c
mpicc-mpich-mp -pipe  -DVERSION=\"0\" -DCURR_MODULE_NAME=\"SnacTemperature\" -DPLUGIN_NAME=SnacTemperature -Wall -g    -c -o /Users/haolu/Software/snac/snac-1/build/tmp/mod-SnacTemperaturemodule.so/Build.o -I/Users/haolu/Software/snac/snac-1/build/include   -I/Users/haolu/Software/snac/snac-1/build/include/StGermain -I/Users/haolu/Software/snac/snac-1/build/include   -I/opt/passcal/other/include/mpich-mp   -I/opt/passcal/other/include/libxml2      Build.c
mpicc-mpich-mp -pipe  -DVERSION=\"0\" -DCURR_MODULE_NAME=\"SnacTemperature\" -DPLUGIN_NAME=SnacTemperature -Wall -g    -c -o /Users/haolu/Software/snac/snac-1/build/tmp/mod-SnacTemperaturemodule.so/HeatFlux.o -I/Users/haolu/Software/snac/snac-1/build/include   -I/Users/haolu/Software/snac/snac-1/build/include/StGermain -I/Users/haolu/Software/snac/snac-1/build/include   -I/opt/passcal/other/include/mpich-mp   -I/opt/passcal/other/include/libxml2      HeatFlux.c
HeatFlux.c:153:196: warning: incompatible integer to pointer conversion passing 'unsigned int' to parameter of type 'char *' [-Wint-conversion]
                        Journal_Firewall( (!isinf(elementExt->thermalStress[tetra_I]) && !isnan(elementExt->thermalStress[tetra_I])), " timeStep %d thermalStress for element %d tetra %d (T: %e %e) is inf or nan!!\n",context->timeStep,element_lI,tetra_I,temp,temp0);
                                                                                                                                                                                                                        ^~~~~~~~~~~~~~~~~
/Users/haolu/Software/snac/snac-1/build/include/StGermain/Base/IO/Journal.h:226:60: note: passing argument to parameter 'fmt' here
        int Journal_Firewall( int expression, void* stream, char* fmt, ... );
                                                                  ^
1 warning generated.
mpicc-mpich-mp -pipe  -DVERSION=\"0\" -DCURR_MODULE_NAME=\"SnacTemperature\" -DPLUGIN_NAME=SnacTemperature -Wall -g    -c -o /Users/haolu/Software/snac/snac-1/build/tmp/mod-SnacTemperaturemodule.so/Heat.o -I/Users/haolu/Software/snac/snac-1/build/include   -I/Users/haolu/Software/snac/snac-1/build/include/StGermain -I/Users/haolu/Software/snac/snac-1/build/include   -I/opt/passcal/other/include/mpich-mp   -I/opt/passcal/other/include/libxml2      Heat.c
Heat.c:66:27: warning: unused variable 'contextExt' [-Wunused-variable]
        SnacTemperature_Context*        contextExt = ExtensionManager_Get(
                                        ^
1 warning generated.
mpicc-mpich-mp -pipe  -DVERSION=\"0\" -DCURR_MODULE_NAME=\"SnacTemperature\" -DPLUGIN_NAME=SnacTemperature -Wall -g    -c -o /Users/haolu/Software/snac/snac-1/build/tmp/mod-SnacTemperaturemodule.so/VariableConditions.o -I/Users/haolu/Software/snac/snac-1/build/include   -I/Users/haolu/Software/snac/snac-1/build/include/StGermain -I/Users/haolu/Software/snac/snac-1/build/include   -I/opt/passcal/other/include/mpich-mp   -I/opt/passcal/other/include/libxml2      VariableConditions.c
VariableConditions.c:69:35: warning: unused variable 'material' [-Wunused-variable]
  const Snac_Material*            material = &context->materialProperty[0];
                                  ^
VariableConditions.c:101:35: warning: unused variable 'midI' [-Wunused-variable]
  const Node_GlobalIndex          midI = (decomp->nodeGlobal3DCounts[0] + 1) / 2 - 1;
                                  ^
VariableConditions.c:102:35: warning: unused variable 'lmidI' [-Wunused-variable]
  Node_GlobalIndex                lmidI;
                                  ^
VariableConditions.c:78:35: warning: unused variable 'topTemp' [-Wunused-variable]
  const double                    topTemp = contextExt->topTemp;   //fprintf(stderr, "topTemp=%e\n", topTemp);
                                  ^
VariableConditions.c:177:35: warning: unused variable 'jCount' [-Wunused-variable]
  const Index                     jCount = decomp->nodeGlobal3DCounts[1];
                                  ^
VariableConditions.c:281:20: warning: unused variable 'lmidI' [-Wunused-variable]
        Node_GlobalIndex                lmidI;
                                        ^
VariableConditions.c:266:34: warning: unused variable 'material' [-Wunused-variable]
        const Snac_Material*            material = &context->materialProperty[0];
                                        ^
VariableConditions.c:280:26: warning: unused variable 'midI' [-Wunused-variable]
        const Node_GlobalIndex          midI = (decomp->nodeGlobal3DCounts[0] + 1) / 2 - 1;
                                        ^
VariableConditions.c:319:26: warning: unused variable 'plugin' [-Wunused-variable]
        Dictionary_Entry_Value* plugin;
                                ^
VariableConditions.c:318:26: warning: unused variable 'pluginsList' [-Wunused-variable]
        Dictionary_Entry_Value* pluginsList;
                                ^
10 warnings generated.
mpicc-mpich-mp -pipe  -DVERSION=\"0\" -DCURR_MODULE_NAME=\"SnacTemperature\" -DPLUGIN_NAME=SnacTemperature -Wall -g    -c -o /Users/haolu/Software/snac/snac-1/build/tmp/mod-SnacTemperaturemodule.so/Remesh.o -I/Users/haolu/Software/snac/snac-1/build/include   -I/Users/haolu/Software/snac/snac-1/build/include/StGermain -I/Users/haolu/Software/snac/snac-1/build/include   -I/opt/passcal/other/include/mpich-mp   -I/opt/passcal/other/include/libxml2      Remesh.c
mpicc-mpich-mp -pipe  -DVERSION=\"0\" -DCURR_MODULE_NAME=\"SnacTemperature\" -DPLUGIN_NAME=SnacTemperature -Wall -g    -c -o /Users/haolu/Software/snac/snac-1/build/tmp/mod-SnacTemperaturemodule.so/DeleteExtensions.o -I/Users/haolu/Software/snac/snac-1/build/include   -I/Users/haolu/Software/snac/snac-1/build/include/StGermain -I/Users/haolu/Software/snac/snac-1/build/include   -I/opt/passcal/other/include/mpich-mp   -I/opt/passcal/other/include/libxml2      DeleteExtensions.c
mpicc-mpich-mp -pipe  -DVERSION=\"0\" -DCURR_MODULE_NAME=\"SnacTemperature\" -DPLUGIN_NAME=SnacTemperature -Wall -g    -c -o /Users/haolu/Software/snac/snac-1/build/tmp/mod-SnacTemperaturemodule.so/Output.o -I/Users/haolu/Software/snac/snac-1/build/include   -I/Users/haolu/Software/snac/snac-1/build/include/StGermain -I/Users/haolu/Software/snac/snac-1/build/include   -I/opt/passcal/other/include/mpich-mp   -I/opt/passcal/other/include/libxml2      Output.c
mpicc-mpich-mp -pipe  -DVERSION=\"0\" -DCURR_MODULE_NAME=\"SnacTemperature\" -DPLUGIN_NAME=SnacTemperature -Wall -g   -o /Users/haolu/Software/snac/snac-1/build/tmp/mod-SnacTemperaturemodule.so/SnacTemperaturemodule.so /Users/haolu/Software/snac/snac-1/build/tmp/mod-SnacTemperaturemodule.so/Context.o /Users/haolu/Software/snac/snac-1/build/tmp/mod-SnacTemperaturemodule.so/Element.o /Users/haolu/Software/snac/snac-1/build/tmp/mod-SnacTemperaturemodule.so/Node.o /Users/haolu/Software/snac/snac-1/build/tmp/mod-SnacTemperaturemodule.so/Register.o /Users/haolu/Software/snac/snac-1/build/tmp/mod-SnacTemperaturemodule.so/ConstructExtensions.o /Users/haolu/Software/snac/snac-1/build/tmp/mod-SnacTemperaturemodule.so/Build.o /Users/haolu/Software/snac/snac-1/build/tmp/mod-SnacTemperaturemodule.so/HeatFlux.o /Users/haolu/Software/snac/snac-1/build/tmp/mod-SnacTemperaturemodule.so/Heat.o /Users/haolu/Software/snac/snac-1/build/tmp/mod-SnacTemperaturemodule.so/VariableConditions.o /Users/haolu/Software/snac/snac-1/build/tmp/mod-SnacTemperaturemodule.so/Remesh.o /Users/haolu/Software/snac/snac-1/build/tmp/mod-SnacTemperaturemodule.so/DeleteExtensions.o /Users/haolu/Software/snac/snac-1/build/tmp/mod-SnacTemperaturemodule.so/Output.o  -bundle -flat_namespace -undefined suppress  -L/Users/haolu/Software/snac/snac-1/build/lib   -L/Users/haolu/Software/snac/snac-1/build/lib  -lSnac -lStGermain  -L/Users/haolu/Software/snac/snac-1/build/lib -lmpich -L/opt/passcal/other/lib/mpich-mp -lmpich  -L/sw/lib    -L/opt/passcal/other/lib -lxml2 -lz -lpthread -liconv -lm   -lm -lmx            
ld: warning: directory not found for option '-L/sw/lib'
/bin/cp -f /Users/haolu/Software/snac/snac-1/build/tmp/mod-SnacTemperaturemodule.so/SnacTemperaturemodule.so /Users/haolu/Software/snac/snac-1/build/lib/SnacTemperaturemodule.so
mpicc-mpich-mp -pipe  -DVERSION=\"0\" -DCURR_MODULE_NAME=\"SnacMaxwell\" -DPLUGIN_NAME=SnacMaxwell -Wall -g    -c -o /Users/haolu/Software/snac/snac-1/build/tmp/mod-SnacMaxwellmodule.so/Element.o -I/Users/haolu/Software/snac/snac-1/build/include   -I/Users/haolu/Software/snac/snac-1/build/include/StGermain -I/Users/haolu/Software/snac/snac-1/build/include   -I/opt/passcal/other/include/mpich-mp   -I/opt/passcal/other/include/libxml2      Element.c
mpicc-mpich-mp -pipe  -DVERSION=\"0\" -DCURR_MODULE_NAME=\"SnacMaxwell\" -DPLUGIN_NAME=SnacMaxwell -Wall -g    -c -o /Users/haolu/Software/snac/snac-1/build/tmp/mod-SnacMaxwellmodule.so/Register.o -I/Users/haolu/Software/snac/snac-1/build/include   -I/Users/haolu/Software/snac/snac-1/build/include/StGermain -I/Users/haolu/Software/snac/snac-1/build/include   -I/opt/passcal/other/include/mpich-mp   -I/opt/passcal/other/include/libxml2      Register.c
mpicc-mpich-mp -pipe  -DVERSION=\"0\" -DCURR_MODULE_NAME=\"SnacMaxwell\" -DPLUGIN_NAME=SnacMaxwell -Wall -g    -c -o /Users/haolu/Software/snac/snac-1/build/tmp/mod-SnacMaxwellmodule.so/ConstructExtensions.o -I/Users/haolu/Software/snac/snac-1/build/include   -I/Users/haolu/Software/snac/snac-1/build/include/StGermain -I/Users/haolu/Software/snac/snac-1/build/include   -I/opt/passcal/other/include/mpich-mp   -I/opt/passcal/other/include/libxml2      ConstructExtensions.c
mpicc-mpich-mp -pipe  -DVERSION=\"0\" -DCURR_MODULE_NAME=\"SnacMaxwell\" -DPLUGIN_NAME=SnacMaxwell -Wall -g    -c -o /Users/haolu/Software/snac/snac-1/build/tmp/mod-SnacMaxwellmodule.so/Build.o -I/Users/haolu/Software/snac/snac-1/build/include   -I/Users/haolu/Software/snac/snac-1/build/include/StGermain -I/Users/haolu/Software/snac/snac-1/build/include   -I/opt/passcal/other/include/mpich-mp   -I/opt/passcal/other/include/libxml2      Build.c
mpicc-mpich-mp -pipe  -DVERSION=\"0\" -DCURR_MODULE_NAME=\"SnacMaxwell\" -DPLUGIN_NAME=SnacMaxwell -Wall -g    -c -o /Users/haolu/Software/snac/snac-1/build/tmp/mod-SnacMaxwellmodule.so/InitialConditions.o -I/Users/haolu/Software/snac/snac-1/build/include   -I/Users/haolu/Software/snac/snac-1/build/include/StGermain -I/Users/haolu/Software/snac/snac-1/build/include   -I/opt/passcal/other/include/mpich-mp   -I/opt/passcal/other/include/libxml2      InitialConditions.c
mpicc-mpich-mp -pipe  -DVERSION=\"0\" -DCURR_MODULE_NAME=\"SnacMaxwell\" -DPLUGIN_NAME=SnacMaxwell -Wall -g    -c -o /Users/haolu/Software/snac/snac-1/build/tmp/mod-SnacMaxwellmodule.so/Constitutive.o -I/Users/haolu/Software/snac/snac-1/build/include   -I/Users/haolu/Software/snac/snac-1/build/include/StGermain -I/Users/haolu/Software/snac/snac-1/build/include   -I/opt/passcal/other/include/mpich-mp   -I/opt/passcal/other/include/libxml2      Constitutive.c
mpicc-mpich-mp -pipe  -DVERSION=\"0\" -DCURR_MODULE_NAME=\"SnacMaxwell\" -DPLUGIN_NAME=SnacMaxwell -Wall -g    -c -o /Users/haolu/Software/snac/snac-1/build/tmp/mod-SnacMaxwellmodule.so/Output.o -I/Users/haolu/Software/snac/snac-1/build/include   -I/Users/haolu/Software/snac/snac-1/build/include/StGermain -I/Users/haolu/Software/snac/snac-1/build/include   -I/opt/passcal/other/include/mpich-mp   -I/opt/passcal/other/include/libxml2      Output.c
mpicc-mpich-mp -pipe  -DVERSION=\"0\" -DCURR_MODULE_NAME=\"SnacMaxwell\" -DPLUGIN_NAME=SnacMaxwell -Wall -g    -c -o /Users/haolu/Software/snac/snac-1/build/tmp/mod-SnacMaxwellmodule.so/DeleteExtensions.o -I/Users/haolu/Software/snac/snac-1/build/include   -I/Users/haolu/Software/snac/snac-1/build/include/StGermain -I/Users/haolu/Software/snac/snac-1/build/include   -I/opt/passcal/other/include/mpich-mp   -I/opt/passcal/other/include/libxml2      DeleteExtensions.c
mpicc-mpich-mp -pipe  -DVERSION=\"0\" -DCURR_MODULE_NAME=\"SnacMaxwell\" -DPLUGIN_NAME=SnacMaxwell -Wall -g   -o /Users/haolu/Software/snac/snac-1/build/tmp/mod-SnacMaxwellmodule.so/SnacMaxwellmodule.so /Users/haolu/Software/snac/snac-1/build/tmp/mod-SnacMaxwellmodule.so/Element.o /Users/haolu/Software/snac/snac-1/build/tmp/mod-SnacMaxwellmodule.so/Register.o /Users/haolu/Software/snac/snac-1/build/tmp/mod-SnacMaxwellmodule.so/ConstructExtensions.o /Users/haolu/Software/snac/snac-1/build/tmp/mod-SnacMaxwellmodule.so/Build.o /Users/haolu/Software/snac/snac-1/build/tmp/mod-SnacMaxwellmodule.so/InitialConditions.o /Users/haolu/Software/snac/snac-1/build/tmp/mod-SnacMaxwellmodule.so/Constitutive.o /Users/haolu/Software/snac/snac-1/build/tmp/mod-SnacMaxwellmodule.so/Output.o /Users/haolu/Software/snac/snac-1/build/tmp/mod-SnacMaxwellmodule.so/DeleteExtensions.o  -bundle -flat_namespace -undefined suppress  -L/Users/haolu/Software/snac/snac-1/build/lib   -L/Users/haolu/Software/snac/snac-1/build/lib -lSnac -lStGermain   -L/Users/haolu/Software/snac/snac-1/build/lib -lmpich -L/opt/passcal/other/lib/mpich-mp -lmpich  -L/sw/lib    -L/opt/passcal/other/lib -lxml2 -lz -lpthread -liconv -lm   -lm -lmx            
ld: warning: directory not found for option '-L/sw/lib'
/bin/cp -f /Users/haolu/Software/snac/snac-1/build/tmp/mod-SnacMaxwellmodule.so/SnacMaxwellmodule.so /Users/haolu/Software/snac/snac-1/build/lib/SnacMaxwellmodule.so
mpicc-mpich-mp -pipe  -DVERSION=\"0\" -DCURR_MODULE_NAME=\"SnacRemesher\" -DPLUGIN_NAME=SnacRemesher -Wall -g    -c -o /Users/haolu/Software/snac/snac-1/build/tmp/mod-SnacRemeshermodule.so/Utils.o -I/Users/haolu/Software/snac/snac-1/build/include   -I/Users/haolu/Software/snac/snac-1/build/include/StGermain -I/Users/haolu/Software/snac/snac-1/build/include   -I/opt/passcal/other/include/mpich-mp   -I/opt/passcal/other/include/libxml2      Utils.c
mpicc-mpich-mp -pipe  -DVERSION=\"0\" -DCURR_MODULE_NAME=\"SnacRemesher\" -DPLUGIN_NAME=SnacRemesher -Wall -g    -c -o /Users/haolu/Software/snac/snac-1/build/tmp/mod-SnacRemeshermodule.so/EntryPoint.o -I/Users/haolu/Software/snac/snac-1/build/include   -I/Users/haolu/Software/snac/snac-1/build/include/StGermain -I/Users/haolu/Software/snac/snac-1/build/include   -I/opt/passcal/other/include/mpich-mp   -I/opt/passcal/other/include/libxml2      EntryPoint.c
mpicc-mpich-mp -pipe  -DVERSION=\"0\" -DCURR_MODULE_NAME=\"SnacRemesher\" -DPLUGIN_NAME=SnacRemesher -Wall -g    -c -o /Users/haolu/Software/snac/snac-1/build/tmp/mod-SnacRemeshermodule.so/Context.o -I/Users/haolu/Software/snac/snac-1/build/include   -I/Users/haolu/Software/snac/snac-1/build/include/StGermain -I/Users/haolu/Software/snac/snac-1/build/include   -I/opt/passcal/other/include/mpich-mp   -I/opt/passcal/other/include/libxml2      Context.c
mpicc-mpich-mp -pipe  -DVERSION=\"0\" -DCURR_MODULE_NAME=\"SnacRemesher\" -DPLUGIN_NAME=SnacRemesher -Wall -g    -c -o /Users/haolu/Software/snac/snac-1/build/tmp/mod-SnacRemeshermodule.so/Mesh.o -I/Users/haolu/Software/snac/snac-1/build/include   -I/Users/haolu/Software/snac/snac-1/build/include/StGermain -I/Users/haolu/Software/snac/snac-1/build/include   -I/opt/passcal/other/include/mpich-mp   -I/opt/passcal/other/include/libxml2      Mesh.c
Mesh.c:48:21: warning: unused variable 'self' [-Wunused-variable]
        SnacRemesher_Mesh*      self = (SnacRemesher_Mesh*)mesh;
                                ^
1 warning generated.
mpicc-mpich-mp -pipe  -DVERSION=\"0\" -DCURR_MODULE_NAME=\"SnacRemesher\" -DPLUGIN_NAME=SnacRemesher -Wall -g    -c -o /Users/haolu/Software/snac/snac-1/build/tmp/mod-SnacRemeshermodule.so/Register.o -I/Users/haolu/Software/snac/snac-1/build/include   -I/Users/haolu/Software/snac/snac-1/build/include/StGermain -I/Users/haolu/Software/snac/snac-1/build/include   -I/opt/passcal/other/include/mpich-mp   -I/opt/passcal/other/include/libxml2      Register.c
mpicc-mpich-mp -pipe  -DVERSION=\"0\" -DCURR_MODULE_NAME=\"SnacRemesher\" -DPLUGIN_NAME=SnacRemesher -Wall -g    -c -o /Users/haolu/Software/snac/snac-1/build/tmp/mod-SnacRemeshermodule.so/ConstructExtensions.o -I/Users/haolu/Software/snac/snac-1/build/include   -I/Users/haolu/Software/snac/snac-1/build/include/StGermain -I/Users/haolu/Software/snac/snac-1/build/include   -I/opt/passcal/other/include/mpich-mp   -I/opt/passcal/other/include/libxml2      ConstructExtensions.c
mpicc-mpich-mp -pipe  -DVERSION=\"0\" -DCURR_MODULE_NAME=\"SnacRemesher\" -DPLUGIN_NAME=SnacRemesher -Wall -g    -c -o /Users/haolu/Software/snac/snac-1/build/tmp/mod-SnacRemeshermodule.so/Build.o -I/Users/haolu/Software/snac/snac-1/build/include   -I/Users/haolu/Software/snac/snac-1/build/include/StGermain -I/Users/haolu/Software/snac/snac-1/build/include   -I/opt/passcal/other/include/mpich-mp   -I/opt/passcal/other/include/libxml2      Build.c
mpicc-mpich-mp -pipe  -DVERSION=\"0\" -DCURR_MODULE_NAME=\"SnacRemesher\" -DPLUGIN_NAME=SnacRemesher -Wall -g    -c -o /Users/haolu/Software/snac/snac-1/build/tmp/mod-SnacRemeshermodule.so/InitialConditions.o -I/Users/haolu/Software/snac/snac-1/build/include   -I/Users/haolu/Software/snac/snac-1/build/include/StGermain -I/Users/haolu/Software/snac/snac-1/build/include   -I/opt/passcal/other/include/mpich-mp   -I/opt/passcal/other/include/libxml2      InitialConditions.c
mpicc-mpich-mp -pipe  -DVERSION=\"0\" -DCURR_MODULE_NAME=\"SnacRemesher\" -DPLUGIN_NAME=SnacRemesher -Wall -g    -c -o /Users/haolu/Software/snac/snac-1/build/tmp/mod-SnacRemeshermodule.so/Output.o -I/Users/haolu/Software/snac/snac-1/build/include   -I/Users/haolu/Software/snac/snac-1/build/include/StGermain -I/Users/haolu/Software/snac/snac-1/build/include   -I/opt/passcal/other/include/mpich-mp   -I/opt/passcal/other/include/libxml2      Output.c
mpicc-mpich-mp -pipe  -DVERSION=\"0\" -DCURR_MODULE_NAME=\"SnacRemesher\" -DPLUGIN_NAME=SnacRemesher -Wall -g    -c -o /Users/haolu/Software/snac/snac-1/build/tmp/mod-SnacRemeshermodule.so/TestCondFunc.o -I/Users/haolu/Software/snac/snac-1/build/include   -I/Users/haolu/Software/snac/snac-1/build/include/StGermain -I/Users/haolu/Software/snac/snac-1/build/include   -I/opt/passcal/other/include/mpich-mp   -I/opt/passcal/other/include/libxml2      TestCondFunc.c
mpicc-mpich-mp -pipe  -DVERSION=\"0\" -DCURR_MODULE_NAME=\"SnacRemesher\" -DPLUGIN_NAME=SnacRemesher -Wall -g    -c -o /Users/haolu/Software/snac/snac-1/build/tmp/mod-SnacRemeshermodule.so/Remesh.o -I/Users/haolu/Software/snac/snac-1/build/include   -I/Users/haolu/Software/snac/snac-1/build/include/StGermain -I/Users/haolu/Software/snac/snac-1/build/include   -I/opt/passcal/other/include/mpich-mp   -I/opt/passcal/other/include/libxml2      Remesh.c
mpicc-mpich-mp -pipe  -DVERSION=\"0\" -DCURR_MODULE_NAME=\"SnacRemesher\" -DPLUGIN_NAME=SnacRemesher -Wall -g    -c -o /Users/haolu/Software/snac/snac-1/build/tmp/mod-SnacRemeshermodule.so/RemeshCoords.o -I/Users/haolu/Software/snac/snac-1/build/include   -I/Users/haolu/Software/snac/snac-1/build/include/StGermain -I/Users/haolu/Software/snac/snac-1/build/include   -I/opt/passcal/other/include/mpich-mp   -I/opt/passcal/other/include/libxml2      RemeshCoords.c
mpicc-mpich-mp -pipe  -DVERSION=\"0\" -DCURR_MODULE_NAME=\"SnacRemesher\" -DPLUGIN_NAME=SnacRemesher -Wall -g    -c -o /Users/haolu/Software/snac/snac-1/build/tmp/mod-SnacRemeshermodule.so/RemeshNodes.o -I/Users/haolu/Software/snac/snac-1/build/include   -I/Users/haolu/Software/snac/snac-1/build/include/StGermain -I/Users/haolu/Software/snac/snac-1/build/include   -I/opt/passcal/other/include/mpich-mp   -I/opt/passcal/other/include/libxml2      RemeshNodes.c
mpicc-mpich-mp -pipe  -DVERSION=\"0\" -DCURR_MODULE_NAME=\"SnacRemesher\" -DPLUGIN_NAME=SnacRemesher -Wall -g    -c -o /Users/haolu/Software/snac/snac-1/build/tmp/mod-SnacRemeshermodule.so/RemeshElements.o -I/Users/haolu/Software/snac/snac-1/build/include   -I/Users/haolu/Software/snac/snac-1/build/include/StGermain -I/Users/haolu/Software/snac/snac-1/build/include   -I/opt/passcal/other/include/mpich-mp   -I/opt/passcal/other/include/libxml2      RemeshElements.c
RemeshElements.c:313:21: warning: unused variable 'meshExt' [-Wunused-variable]
        SnacRemesher_Mesh*      meshExt = ExtensionManager_Get( context->meshExtensionMgr,
                                ^
1 warning generated.
mpicc-mpich-mp -pipe  -DVERSION=\"0\" -DCURR_MODULE_NAME=\"SnacRemesher\" -DPLUGIN_NAME=SnacRemesher -Wall -g    -c -o /Users/haolu/Software/snac/snac-1/build/tmp/mod-SnacRemeshermodule.so/DeleteExtensions.o -I/Users/haolu/Software/snac/snac-1/build/include   -I/Users/haolu/Software/snac/snac-1/build/include/StGermain -I/Users/haolu/Software/snac/snac-1/build/include   -I/opt/passcal/other/include/mpich-mp   -I/opt/passcal/other/include/libxml2      DeleteExtensions.c
mpicc-mpich-mp -pipe  -DVERSION=\"0\" -DCURR_MODULE_NAME=\"SnacRemesher\" -DPLUGIN_NAME=SnacRemesher -Wall -g   -o /Users/haolu/Software/snac/snac-1/build/tmp/mod-SnacRemeshermodule.so/SnacRemeshermodule.so /Users/haolu/Software/snac/snac-1/build/tmp/mod-SnacRemeshermodule.so/Utils.o /Users/haolu/Software/snac/snac-1/build/tmp/mod-SnacRemeshermodule.so/EntryPoint.o /Users/haolu/Software/snac/snac-1/build/tmp/mod-SnacRemeshermodule.so/Context.o /Users/haolu/Software/snac/snac-1/build/tmp/mod-SnacRemeshermodule.so/Mesh.o /Users/haolu/Software/snac/snac-1/build/tmp/mod-SnacRemeshermodule.so/Register.o /Users/haolu/Software/snac/snac-1/build/tmp/mod-SnacRemeshermodule.so/ConstructExtensions.o /Users/haolu/Software/snac/snac-1/build/tmp/mod-SnacRemeshermodule.so/Build.o /Users/haolu/Software/snac/snac-1/build/tmp/mod-SnacRemeshermodule.so/InitialConditions.o /Users/haolu/Software/snac/snac-1/build/tmp/mod-SnacRemeshermodule.so/Output.o /Users/haolu/Software/snac/snac-1/build/tmp/mod-SnacRemeshermodule.so/TestCondFunc.o /Users/haolu/Software/snac/snac-1/build/tmp/mod-SnacRemeshermodule.so/Remesh.o /Users/haolu/Software/snac/snac-1/build/tmp/mod-SnacRemeshermodule.so/RemeshCoords.o /Users/haolu/Software/snac/snac-1/build/tmp/mod-SnacRemeshermodule.so/RemeshNodes.o /Users/haolu/Software/snac/snac-1/build/tmp/mod-SnacRemeshermodule.so/RemeshElements.o /Users/haolu/Software/snac/snac-1/build/tmp/mod-SnacRemeshermodule.so/DeleteExtensions.o  -bundle -flat_namespace -undefined suppress  -L/Users/haolu/Software/snac/snac-1/build/lib   -L/Users/haolu/Software/snac/snac-1/build/lib  -lSnac -lStGermain   -L/Users/haolu/Software/snac/snac-1/build/lib -lmpich -L/opt/passcal/other/lib/mpich-mp -lmpich  -L/sw/lib    -L/opt/passcal/other/lib -lxml2 -lz -lpthread -liconv -lm   -lm -lmx            
ld: warning: directory not found for option '-L/sw/lib'
/bin/cp -f /Users/haolu/Software/snac/snac-1/build/tmp/mod-SnacRemeshermodule.so/SnacRemeshermodule.so /Users/haolu/Software/snac/snac-1/build/lib/SnacRemeshermodule.so
mpicc-mpich-mp -pipe  -DVERSION=\"0\" -DCURR_MODULE_NAME=\"SnacRestart\" -DPLUGIN_NAME=SnacRestart -Wall -g    -c -o /Users/haolu/Software/snac/snac-1/build/tmp/mod-SnacRestartmodule.so/InitialConditions.o -I/Users/haolu/Software/snac/snac-1/build/include   -I/Users/haolu/Software/snac/snac-1/build/include/StGermain -I/Users/haolu/Software/snac/snac-1/build/include   -I/opt/passcal/other/include/mpich-mp   -I/opt/passcal/other/include/libxml2      InitialConditions.c
mpicc-mpich-mp -pipe  -DVERSION=\"0\" -DCURR_MODULE_NAME=\"SnacRestart\" -DPLUGIN_NAME=SnacRestart -Wall -g    -c -o /Users/haolu/Software/snac/snac-1/build/tmp/mod-SnacRestartmodule.so/Register.o -I/Users/haolu/Software/snac/snac-1/build/include   -I/Users/haolu/Software/snac/snac-1/build/include/StGermain -I/Users/haolu/Software/snac/snac-1/build/include   -I/opt/passcal/other/include/mpich-mp   -I/opt/passcal/other/include/libxml2      Register.c
mpicc-mpich-mp -pipe  -DVERSION=\"0\" -DCURR_MODULE_NAME=\"SnacRestart\" -DPLUGIN_NAME=SnacRestart -Wall -g   -o /Users/haolu/Software/snac/snac-1/build/tmp/mod-SnacRestartmodule.so/SnacRestartmodule.so /Users/haolu/Software/snac/snac-1/build/tmp/mod-SnacRestartmodule.so/InitialConditions.o /Users/haolu/Software/snac/snac-1/build/tmp/mod-SnacRestartmodule.so/Register.o  -bundle -flat_namespace -undefined suppress  -L/Users/haolu/Software/snac/snac-1/build/lib   -L/Users/haolu/Software/snac/snac-1/build/lib  -lSnac -lStGermain   -L/Users/haolu/Software/snac/snac-1/build/lib -lmpich -L/opt/passcal/other/lib/mpich-mp -lmpich  -L/sw/lib    -L/opt/passcal/other/lib -lxml2 -lz -lpthread -liconv -lm   -lm -lmx            
ld: warning: directory not found for option '-L/sw/lib'
/bin/cp -f /Users/haolu/Software/snac/snac-1/build/tmp/mod-SnacRestartmodule.so/SnacRestartmodule.so /Users/haolu/Software/snac/snac-1/build/lib/SnacRestartmodule.so
mpicc-mpich-mp -pipe  -DVERSION=\"0\" -DCURR_MODULE_NAME=\"SnacRestartOld\" -DPLUGIN_NAME=SnacRestartOld -Wall -g    -c -o /Users/haolu/Software/snac/snac-1/build/tmp/mod-SnacRestartOldmodule.so/InitialConditions.o -I/Users/haolu/Software/snac/snac-1/build/include   -I/Users/haolu/Software/snac/snac-1/build/include/StGermain -I/Users/haolu/Software/snac/snac-1/build/include   -I/opt/passcal/other/include/mpich-mp   -I/opt/passcal/other/include/libxml2      InitialConditions.c
mpicc-mpich-mp -pipe  -DVERSION=\"0\" -DCURR_MODULE_NAME=\"SnacRestartOld\" -DPLUGIN_NAME=SnacRestartOld -Wall -g    -c -o /Users/haolu/Software/snac/snac-1/build/tmp/mod-SnacRestartOldmodule.so/Register.o -I/Users/haolu/Software/snac/snac-1/build/include   -I/Users/haolu/Software/snac/snac-1/build/include/StGermain -I/Users/haolu/Software/snac/snac-1/build/include   -I/opt/passcal/other/include/mpich-mp   -I/opt/passcal/other/include/libxml2      Register.c
mpicc-mpich-mp -pipe  -DVERSION=\"0\" -DCURR_MODULE_NAME=\"SnacRestartOld\" -DPLUGIN_NAME=SnacRestartOld -Wall -g   -o /Users/haolu/Software/snac/snac-1/build/tmp/mod-SnacRestartOldmodule.so/SnacRestartOldmodule.so /Users/haolu/Software/snac/snac-1/build/tmp/mod-SnacRestartOldmodule.so/InitialConditions.o /Users/haolu/Software/snac/snac-1/build/tmp/mod-SnacRestartOldmodule.so/Register.o  -bundle -flat_namespace -undefined suppress  -L/Users/haolu/Software/snac/snac-1/build/lib   -L/Users/haolu/Software/snac/snac-1/build/lib  -lSnac -lStGermain   -L/Users/haolu/Software/snac/snac-1/build/lib -lmpich -L/opt/passcal/other/lib/mpich-mp -lmpich  -L/sw/lib    -L/opt/passcal/other/lib -lxml2 -lz -lpthread -liconv -lm   -lm -lmx            
ld: warning: directory not found for option '-L/sw/lib'
/bin/cp -f /Users/haolu/Software/snac/snac-1/build/tmp/mod-SnacRestartOldmodule.so/SnacRestartOldmodule.so /Users/haolu/Software/snac/snac-1/build/lib/SnacRestartOldmodule.so
mpicc-mpich-mp -pipe  -DVERSION=\"0\" -DCURR_MODULE_NAME=\"SnacSpherical\" -DPLUGIN_NAME=SnacSpherical -Wall -g    -c -o /Users/haolu/Software/snac/snac-1/build/tmp/mod-SnacSphericalmodule.so/Mesh.o -I/Users/haolu/Software/snac/snac-1/build/include   -I/Users/haolu/Software/snac/snac-1/build/include/StGermain -I/Users/haolu/Software/snac/snac-1/build/include   -I/opt/passcal/other/include/mpich-mp   -I/opt/passcal/other/include/libxml2      Mesh.c
mpicc-mpich-mp -pipe  -DVERSION=\"0\" -DCURR_MODULE_NAME=\"SnacSpherical\" -DPLUGIN_NAME=SnacSpherical -Wall -g    -c -o /Users/haolu/Software/snac/snac-1/build/tmp/mod-SnacSphericalmodule.so/ConstructExtensions.o -I/Users/haolu/Software/snac/snac-1/build/include   -I/Users/haolu/Software/snac/snac-1/build/include/StGermain -I/Users/haolu/Software/snac/snac-1/build/include   -I/opt/passcal/other/include/mpich-mp   -I/opt/passcal/other/include/libxml2      ConstructExtensions.c
mpicc-mpich-mp -pipe  -DVERSION=\"0\" -DCURR_MODULE_NAME=\"SnacSpherical\" -DPLUGIN_NAME=SnacSpherical -Wall -g    -c -o /Users/haolu/Software/snac/snac-1/build/tmp/mod-SnacSphericalmodule.so/InitialConditions.o -I/Users/haolu/Software/snac/snac-1/build/include   -I/Users/haolu/Software/snac/snac-1/build/include/StGermain -I/Users/haolu/Software/snac/snac-1/build/include   -I/opt/passcal/other/include/mpich-mp   -I/opt/passcal/other/include/libxml2      InitialConditions.c
mpicc-mpich-mp -pipe  -DVERSION=\"0\" -DCURR_MODULE_NAME=\"SnacSpherical\" -DPLUGIN_NAME=SnacSpherical -Wall -g    -c -o /Users/haolu/Software/snac/snac-1/build/tmp/mod-SnacSphericalmodule.so/Register.o -I/Users/haolu/Software/snac/snac-1/build/include   -I/Users/haolu/Software/snac/snac-1/build/include/StGermain -I/Users/haolu/Software/snac/snac-1/build/include   -I/opt/passcal/other/include/mpich-mp   -I/opt/passcal/other/include/libxml2      Register.c
mpicc-mpich-mp -pipe  -DVERSION=\"0\" -DCURR_MODULE_NAME=\"SnacSpherical\" -DPLUGIN_NAME=SnacSpherical -Wall -g    -c -o /Users/haolu/Software/snac/snac-1/build/tmp/mod-SnacSphericalmodule.so/TestCondFunc.o -I/Users/haolu/Software/snac/snac-1/build/include   -I/Users/haolu/Software/snac/snac-1/build/include/StGermain -I/Users/haolu/Software/snac/snac-1/build/include   -I/opt/passcal/other/include/mpich-mp   -I/opt/passcal/other/include/libxml2      TestCondFunc.c
mpicc-mpich-mp -pipe  -DVERSION=\"0\" -DCURR_MODULE_NAME=\"SnacSpherical\" -DPLUGIN_NAME=SnacSpherical -Wall -g   -o /Users/haolu/Software/snac/snac-1/build/tmp/mod-SnacSphericalmodule.so/SnacSphericalmodule.so /Users/haolu/Software/snac/snac-1/build/tmp/mod-SnacSphericalmodule.so/Mesh.o /Users/haolu/Software/snac/snac-1/build/tmp/mod-SnacSphericalmodule.so/ConstructExtensions.o /Users/haolu/Software/snac/snac-1/build/tmp/mod-SnacSphericalmodule.so/InitialConditions.o /Users/haolu/Software/snac/snac-1/build/tmp/mod-SnacSphericalmodule.so/Register.o /Users/haolu/Software/snac/snac-1/build/tmp/mod-SnacSphericalmodule.so/TestCondFunc.o  -bundle -flat_namespace -undefined suppress  -L/Users/haolu/Software/snac/snac-1/build/lib   -L/Users/haolu/Software/snac/snac-1/build/lib  -lSnac -lStGermain   -L/Users/haolu/Software/snac/snac-1/build/lib -lmpich -L/opt/passcal/other/lib/mpich-mp -lmpich  -L/sw/lib    -L/opt/passcal/other/lib -lxml2 -lz -lpthread -liconv -lm   -lm -lmx            
ld: warning: directory not found for option '-L/sw/lib'
/bin/cp -f /Users/haolu/Software/snac/snac-1/build/tmp/mod-SnacSphericalmodule.so/SnacSphericalmodule.so /Users/haolu/Software/snac/snac-1/build/lib/SnacSphericalmodule.so
mpicc-mpich-mp -pipe  -DVERSION=\"0\" -DCURR_MODULE_NAME=\"SnacPlastic\" -DPLUGIN_NAME=SnacPlastic -Wall -g    -c -o /Users/haolu/Software/snac/snac-1/build/tmp/mod-SnacPlasticmodule.so/Element.o -I/Users/haolu/Software/snac/snac-1/build/include   -I/Users/haolu/Software/snac/snac-1/build/include/StGermain -I/Users/haolu/Software/snac/snac-1/build/include   -I/opt/passcal/other/include/mpich-mp   -I/opt/passcal/other/include/libxml2      Element.c
mpicc-mpich-mp -pipe  -DVERSION=\"0\" -DCURR_MODULE_NAME=\"SnacPlastic\" -DPLUGIN_NAME=SnacPlastic -Wall -g    -c -o /Users/haolu/Software/snac/snac-1/build/tmp/mod-SnacPlasticmodule.so/Context.o -I/Users/haolu/Software/snac/snac-1/build/include   -I/Users/haolu/Software/snac/snac-1/build/include/StGermain -I/Users/haolu/Software/snac/snac-1/build/include   -I/opt/passcal/other/include/mpich-mp   -I/opt/passcal/other/include/libxml2      Context.c
mpicc-mpich-mp -pipe  -DVERSION=\"0\" -DCURR_MODULE_NAME=\"SnacPlastic\" -DPLUGIN_NAME=SnacPlastic -Wall -g    -c -o /Users/haolu/Software/snac/snac-1/build/tmp/mod-SnacPlasticmodule.so/ConstructExtensions.o -I/Users/haolu/Software/snac/snac-1/build/include   -I/Users/haolu/Software/snac/snac-1/build/include/StGermain -I/Users/haolu/Software/snac/snac-1/build/include   -I/opt/passcal/other/include/mpich-mp   -I/opt/passcal/other/include/libxml2      ConstructExtensions.c
mpicc-mpich-mp -pipe  -DVERSION=\"0\" -DCURR_MODULE_NAME=\"SnacPlastic\" -DPLUGIN_NAME=SnacPlastic -Wall -g    -c -o /Users/haolu/Software/snac/snac-1/build/tmp/mod-SnacPlasticmodule.so/Constitutive.o -I/Users/haolu/Software/snac/snac-1/build/include   -I/Users/haolu/Software/snac/snac-1/build/include/StGermain -I/Users/haolu/Software/snac/snac-1/build/include   -I/opt/passcal/other/include/mpich-mp   -I/opt/passcal/other/include/libxml2      Constitutive.c
Constitutive.c:224:97: warning: passing 'const char [25]' to parameter of type 'char *' discards qualifiers [-Wincompatible-pointer-types-discards-qualifiers]
                                Journal_Firewall( (0>1), "In %s: \"mohrcoulomb\" is the only available yield criterion.\n", __func__ );
                                                                                                                            ^~~~~~~~
/Users/haolu/Software/snac/snac-1/build/include/StGermain/Base/IO/Journal.h:226:60: note: passing argument to parameter 'fmt' here
        int Journal_Firewall( int expression, void* stream, char* fmt, ... );
                                                                  ^
Constitutive.c:65:17: warning: unused variable 'temperatureEP' [-Wunused-variable]
        EntryPoint*                             temperatureEP = Context_GetEntryPoint( context, "Snac_EP_LoopElementsEnergy" );
                                                ^
Constitutive.c:288:29: warning: using integer absolute value function 'abs' when argument is of floating point type [-Wabsolute-value]
            scale = scale + abs(d[k]);
                            ^
Constitutive.c:288:29: note: use function 'fabs' instead
            scale = scale + abs(d[k]);
                            ^~~
                            fabs
Constitutive.c:407:19: warning: using integer absolute value function 'abs' when argument is of floating point type [-Wabsolute-value]
                tst1 = MAX(tst1,abs(d[l]) + abs(e[l]));
                                ^
Constitutive.c:407:19: note: use function 'fabs' instead
                tst1 = MAX(tst1,abs(d[l]) + abs(e[l]));
                                ^~~
                                fabs
/Users/haolu/Software/snac/snac-1/build/include/StGermain/Base/Foundation/shortcuts.h:46:32: note: expanded from macro 'MAX'
#define MAX( a, b ) ( ( (a) > (b) ) ? (a) : (b) )
                               ^
Constitutive.c:407:31: warning: using integer absolute value function 'abs' when argument is of floating point type [-Wabsolute-value]
                tst1 = MAX(tst1,abs(d[l]) + abs(e[l]));
                                            ^
Constitutive.c:407:31: note: use function 'fabs' instead
                tst1 = MAX(tst1,abs(d[l]) + abs(e[l]));
                                            ^~~
                                            fabs
/Users/haolu/Software/snac/snac-1/build/include/StGermain/Base/Foundation/shortcuts.h:46:32: note: expanded from macro 'MAX'
#define MAX( a, b ) ( ( (a) > (b) ) ? (a) : (b) )
                               ^
Constitutive.c:407:19: warning: using integer absolute value function 'abs' when argument is of floating point type [-Wabsolute-value]
                tst1 = MAX(tst1,abs(d[l]) + abs(e[l]));
                                ^
Constitutive.c:407:19: note: use function 'fabs' instead
                tst1 = MAX(tst1,abs(d[l]) + abs(e[l]));
                                ^~~
                                fabs
/Users/haolu/Software/snac/snac-1/build/include/StGermain/Base/Foundation/shortcuts.h:46:46: note: expanded from macro 'MAX'
#define MAX( a, b ) ( ( (a) > (b) ) ? (a) : (b) )
                                             ^
Constitutive.c:407:31: warning: using integer absolute value function 'abs' when argument is of floating point type [-Wabsolute-value]
                tst1 = MAX(tst1,abs(d[l]) + abs(e[l]));
                                            ^
Constitutive.c:407:31: note: use function 'fabs' instead
                tst1 = MAX(tst1,abs(d[l]) + abs(e[l]));
                                            ^~~
                                            fabs
/Users/haolu/Software/snac/snac-1/build/include/StGermain/Base/Foundation/shortcuts.h:46:46: note: expanded from macro 'MAX'
#define MAX( a, b ) ( ( (a) > (b) ) ? (a) : (b) )
                                             ^
Constitutive.c:411:17: warning: using integer absolute value function 'abs' when argument is of floating point type [-Wabsolute-value]
            if (abs(e[m]) <= eps*tst1) {
                ^
Constitutive.c:411:17: note: use function 'fabs' instead
            if (abs(e[m]) <= eps*tst1) {
                ^~~
                fabs
Constitutive.c:481:22: warning: using integer absolute value function 'abs' when argument is of floating point type [-Wabsolute-value]
            } while (abs(e[l]) > eps*tst1);
                     ^
Constitutive.c:481:22: note: use function 'fabs' instead
            } while (abs(e[l]) > eps*tst1);
                     ^~~
                     fabs
9 warnings generated.
mpicc-mpich-mp -pipe  -DVERSION=\"0\" -DCURR_MODULE_NAME=\"SnacPlastic\" -DPLUGIN_NAME=SnacPlastic -Wall -g    -c -o /Users/haolu/Software/snac/snac-1/build/tmp/mod-SnacPlasticmodule.so/Output.o -I/Users/haolu/Software/snac/snac-1/build/include   -I/Users/haolu/Software/snac/snac-1/build/include/StGermain -I/Users/haolu/Software/snac/snac-1/build/include   -I/opt/passcal/other/include/mpich-mp   -I/opt/passcal/other/include/libxml2      Output.c
mpicc-mpich-mp -pipe  -DVERSION=\"0\" -DCURR_MODULE_NAME=\"SnacPlastic\" -DPLUGIN_NAME=SnacPlastic -Wall -g    -c -o /Users/haolu/Software/snac/snac-1/build/tmp/mod-SnacPlasticmodule.so/Register.o -I/Users/haolu/Software/snac/snac-1/build/include   -I/Users/haolu/Software/snac/snac-1/build/include/StGermain -I/Users/haolu/Software/snac/snac-1/build/include   -I/opt/passcal/other/include/mpich-mp   -I/opt/passcal/other/include/libxml2      Register.c
mpicc-mpich-mp -pipe  -DVERSION=\"0\" -DCURR_MODULE_NAME=\"SnacPlastic\" -DPLUGIN_NAME=SnacPlastic -Wall -g    -c -o /Users/haolu/Software/snac/snac-1/build/tmp/mod-SnacPlasticmodule.so/InitialConditions.o -I/Users/haolu/Software/snac/snac-1/build/include   -I/Users/haolu/Software/snac/snac-1/build/include/StGermain -I/Users/haolu/Software/snac/snac-1/build/include   -I/opt/passcal/other/include/mpich-mp   -I/opt/passcal/other/include/libxml2      InitialConditions.c
mpicc-mpich-mp -pipe  -DVERSION=\"0\" -DCURR_MODULE_NAME=\"SnacPlastic\" -DPLUGIN_NAME=SnacPlastic -Wall -g    -c -o /Users/haolu/Software/snac/snac-1/build/tmp/mod-SnacPlasticmodule.so/Remesh.o -I/Users/haolu/Software/snac/snac-1/build/include   -I/Users/haolu/Software/snac/snac-1/build/include/StGermain -I/Users/haolu/Software/snac/snac-1/build/include   -I/opt/passcal/other/include/mpich-mp   -I/opt/passcal/other/include/libxml2      Remesh.c
mpicc-mpich-mp -pipe  -DVERSION=\"0\" -DCURR_MODULE_NAME=\"SnacPlastic\" -DPLUGIN_NAME=SnacPlastic -Wall -g   -o /Users/haolu/Software/snac/snac-1/build/tmp/mod-SnacPlasticmodule.so/SnacPlasticmodule.so /Users/haolu/Software/snac/snac-1/build/tmp/mod-SnacPlasticmodule.so/Element.o /Users/haolu/Software/snac/snac-1/build/tmp/mod-SnacPlasticmodule.so/Context.o /Users/haolu/Software/snac/snac-1/build/tmp/mod-SnacPlasticmodule.so/ConstructExtensions.o /Users/haolu/Software/snac/snac-1/build/tmp/mod-SnacPlasticmodule.so/Constitutive.o /Users/haolu/Software/snac/snac-1/build/tmp/mod-SnacPlasticmodule.so/Output.o /Users/haolu/Software/snac/snac-1/build/tmp/mod-SnacPlasticmodule.so/Register.o /Users/haolu/Software/snac/snac-1/build/tmp/mod-SnacPlasticmodule.so/InitialConditions.o /Users/haolu/Software/snac/snac-1/build/tmp/mod-SnacPlasticmodule.so/Remesh.o  -bundle -flat_namespace -undefined suppress  -L/Users/haolu/Software/snac/snac-1/build/lib   -L/Users/haolu/Software/snac/snac-1/build/lib  -lSnac -lStGermain   -L/Users/haolu/Software/snac/snac-1/build/lib -lmpich -L/opt/passcal/other/lib/mpich-mp -lmpich  -L/sw/lib    -L/opt/passcal/other/lib -lxml2 -lz -lpthread -liconv -lm   -lm -lmx            
ld: warning: directory not found for option '-L/sw/lib'
/bin/cp -f /Users/haolu/Software/snac/snac-1/build/tmp/mod-SnacPlasticmodule.so/SnacPlasticmodule.so /Users/haolu/Software/snac/snac-1/build/lib/SnacPlasticmodule.so
mpicc-mpich-mp -pipe  -DVERSION=\"0\" -DCURR_MODULE_NAME=\"SnacPlSeeds\" -DPLUGIN_NAME=SnacPlSeeds -Wall -g    -c -o /Users/haolu/Software/snac/snac-1/build/tmp/mod-SnacPlSeedsmodule.so/InitialConditions.o -I/Users/haolu/Software/snac/snac-1/build/include   -I/Users/haolu/Software/snac/snac-1/build/include/StGermain -I/Users/haolu/Software/snac/snac-1/build/include   -I/opt/passcal/other/include/mpich-mp   -I/opt/passcal/other/include/libxml2      InitialConditions.c
InitialConditions.c:84:48: warning: comparison of unsigned expression >= 0 is always true [-Wtautological-compare]
        while( incZ < global_K_range && ijk[2] >=0 && ijk[2] < decomp->elementGlobal3DCounts[2] ) {
                                        ~~~~~~ ^ ~
1 warning generated.
mpicc-mpich-mp -pipe  -DVERSION=\"0\" -DCURR_MODULE_NAME=\"SnacPlSeeds\" -DPLUGIN_NAME=SnacPlSeeds -Wall -g    -c -o /Users/haolu/Software/snac/snac-1/build/tmp/mod-SnacPlSeedsmodule.so/Register.o -I/Users/haolu/Software/snac/snac-1/build/include   -I/Users/haolu/Software/snac/snac-1/build/include/StGermain -I/Users/haolu/Software/snac/snac-1/build/include   -I/opt/passcal/other/include/mpich-mp   -I/opt/passcal/other/include/libxml2      Register.c
mpicc-mpich-mp -pipe  -DVERSION=\"0\" -DCURR_MODULE_NAME=\"SnacPlSeeds\" -DPLUGIN_NAME=SnacPlSeeds -Wall -g   -o /Users/haolu/Software/snac/snac-1/build/tmp/mod-SnacPlSeedsmodule.so/SnacPlSeedsmodule.so /Users/haolu/Software/snac/snac-1/build/tmp/mod-SnacPlSeedsmodule.so/InitialConditions.o /Users/haolu/Software/snac/snac-1/build/tmp/mod-SnacPlSeedsmodule.so/Register.o  -bundle -flat_namespace -undefined suppress  -L/Users/haolu/Software/snac/snac-1/build/lib   -L/Users/haolu/Software/snac/snac-1/build/lib  -lSnac -lStGermain   -L/Users/haolu/Software/snac/snac-1/build/lib -lmpich -L/opt/passcal/other/lib/mpich-mp -lmpich  -L/sw/lib    -L/opt/passcal/other/lib -lxml2 -lz -lpthread -liconv -lm   -lm -lmx            
ld: warning: directory not found for option '-L/sw/lib'
/bin/cp -f /Users/haolu/Software/snac/snac-1/build/tmp/mod-SnacPlSeedsmodule.so/SnacPlSeedsmodule.so /Users/haolu/Software/snac/snac-1/build/lib/SnacPlSeedsmodule.so
mpicc-mpich-mp -pipe  -DVERSION=\"0\" -DCURR_MODULE_NAME=\"SnacViscoPlastic\" -DPLUGIN_NAME=SnacViscoPlastic -Wall -g    -c -o /Users/haolu/Software/snac/snac-1/build/tmp/mod-SnacViscoPlasticmodule.so/Element.o -I/Users/haolu/Software/snac/snac-1/build/include   -I/Users/haolu/Software/snac/snac-1/build/include/StGermain -I/Users/haolu/Software/snac/snac-1/build/include   -I/opt/passcal/other/include/mpich-mp   -I/opt/passcal/other/include/libxml2      Element.c
mpicc-mpich-mp -pipe  -DVERSION=\"0\" -DCURR_MODULE_NAME=\"SnacViscoPlastic\" -DPLUGIN_NAME=SnacViscoPlastic -Wall -g    -c -o /Users/haolu/Software/snac/snac-1/build/tmp/mod-SnacViscoPlasticmodule.so/Context.o -I/Users/haolu/Software/snac/snac-1/build/include   -I/Users/haolu/Software/snac/snac-1/build/include/StGermain -I/Users/haolu/Software/snac/snac-1/build/include   -I/opt/passcal/other/include/mpich-mp   -I/opt/passcal/other/include/libxml2      Context.c
mpicc-mpich-mp -pipe  -DVERSION=\"0\" -DCURR_MODULE_NAME=\"SnacViscoPlastic\" -DPLUGIN_NAME=SnacViscoPlastic -Wall -g    -c -o /Users/haolu/Software/snac/snac-1/build/tmp/mod-SnacViscoPlasticmodule.so/ConstructExtensions.o -I/Users/haolu/Software/snac/snac-1/build/include   -I/Users/haolu/Software/snac/snac-1/build/include/StGermain -I/Users/haolu/Software/snac/snac-1/build/include   -I/opt/passcal/other/include/mpich-mp   -I/opt/passcal/other/include/libxml2      ConstructExtensions.c
ConstructExtensions.c:50:42: warning: unused variable 'tmpElementExt' [-Wunused-variable]
        SnacViscoPlastic_Element*               tmpElementExt = ExtensionManager_Get(
                                                ^
1 warning generated.
mpicc-mpich-mp -pipe  -DVERSION=\"0\" -DCURR_MODULE_NAME=\"SnacViscoPlastic\" -DPLUGIN_NAME=SnacViscoPlastic -Wall -g    -c -o /Users/haolu/Software/snac/snac-1/build/tmp/mod-SnacViscoPlasticmodule.so/Constitutive.o -I/Users/haolu/Software/snac/snac-1/build/include   -I/Users/haolu/Software/snac/snac-1/build/include/StGermain -I/Users/haolu/Software/snac/snac-1/build/include   -I/opt/passcal/other/include/mpich-mp   -I/opt/passcal/other/include/libxml2      Constitutive.c
Constitutive.c:420:97: warning: passing 'const char [30]' to parameter of type 'char *' discards qualifiers [-Wincompatible-pointer-types-discards-qualifiers]
                                Journal_Firewall( (0>1), "In %s: \"mohrcoulomb\" is the only available yield criterion.\n", __func__ );
                                                                                                                            ^~~~~~~~
/Users/haolu/Software/snac/snac-1/build/include/StGermain/Base/IO/Journal.h:226:60: note: passing argument to parameter 'fmt' here
        int Journal_Firewall( int expression, void* stream, char* fmt, ... );
                                                                  ^
Constitutive.c:120:13: warning: unused variable 'srexponent1' [-Wunused-variable]
                double                          srexponent1 = material->srexponent1;
                                                ^
Constitutive.c:121:13: warning: unused variable 'srexponent2' [-Wunused-variable]
                double                          srexponent2 = material->srexponent2;
                                                ^
Constitutive.c:488:29: warning: using integer absolute value function 'abs' when argument is of floating point type [-Wabsolute-value]
            scale = scale + abs(d[k]);
                            ^
Constitutive.c:488:29: note: use function 'fabs' instead
            scale = scale + abs(d[k]);
                            ^~~
                            fabs
Constitutive.c:607:19: warning: using integer absolute value function 'abs' when argument is of floating point type [-Wabsolute-value]
                tst1 = MAX(tst1,abs(d[l]) + abs(e[l]));
                                ^
Constitutive.c:607:19: note: use function 'fabs' instead
                tst1 = MAX(tst1,abs(d[l]) + abs(e[l]));
                                ^~~
                                fabs
/Users/haolu/Software/snac/snac-1/build/include/StGermain/Base/Foundation/shortcuts.h:46:32: note: expanded from macro 'MAX'
#define MAX( a, b ) ( ( (a) > (b) ) ? (a) : (b) )
                               ^
Constitutive.c:607:31: warning: using integer absolute value function 'abs' when argument is of floating point type [-Wabsolute-value]
                tst1 = MAX(tst1,abs(d[l]) + abs(e[l]));
                                            ^
Constitutive.c:607:31: note: use function 'fabs' instead
                tst1 = MAX(tst1,abs(d[l]) + abs(e[l]));
                                            ^~~
                                            fabs
/Users/haolu/Software/snac/snac-1/build/include/StGermain/Base/Foundation/shortcuts.h:46:32: note: expanded from macro 'MAX'
#define MAX( a, b ) ( ( (a) > (b) ) ? (a) : (b) )
                               ^
Constitutive.c:607:19: warning: using integer absolute value function 'abs' when argument is of floating point type [-Wabsolute-value]
                tst1 = MAX(tst1,abs(d[l]) + abs(e[l]));
                                ^
Constitutive.c:607:19: note: use function 'fabs' instead
                tst1 = MAX(tst1,abs(d[l]) + abs(e[l]));
                                ^~~
                                fabs
/Users/haolu/Software/snac/snac-1/build/include/StGermain/Base/Foundation/shortcuts.h:46:46: note: expanded from macro 'MAX'
#define MAX( a, b ) ( ( (a) > (b) ) ? (a) : (b) )
                                             ^
Constitutive.c:607:31: warning: using integer absolute value function 'abs' when argument is of floating point type [-Wabsolute-value]
                tst1 = MAX(tst1,abs(d[l]) + abs(e[l]));
                                            ^
Constitutive.c:607:31: note: use function 'fabs' instead
                tst1 = MAX(tst1,abs(d[l]) + abs(e[l]));
                                            ^~~
                                            fabs
/Users/haolu/Software/snac/snac-1/build/include/StGermain/Base/Foundation/shortcuts.h:46:46: note: expanded from macro 'MAX'
#define MAX( a, b ) ( ( (a) > (b) ) ? (a) : (b) )
                                             ^
Constitutive.c:611:17: warning: using integer absolute value function 'abs' when argument is of floating point type [-Wabsolute-value]
            if (abs(e[m]) <= eps*tst1) {
                ^
Constitutive.c:611:17: note: use function 'fabs' instead
            if (abs(e[m]) <= eps*tst1) {
                ^~~
                fabs
Constitutive.c:681:22: warning: using integer absolute value function 'abs' when argument is of floating point type [-Wabsolute-value]
            } while (abs(e[l]) > eps*tst1);
                     ^
Constitutive.c:681:22: note: use function 'fabs' instead
            } while (abs(e[l]) > eps*tst1);
                     ^~~
                     fabs
10 warnings generated.
mpicc-mpich-mp -pipe  -DVERSION=\"0\" -DCURR_MODULE_NAME=\"SnacViscoPlastic\" -DPLUGIN_NAME=SnacViscoPlastic -Wall -g    -c -o /Users/haolu/Software/snac/snac-1/build/tmp/mod-SnacViscoPlasticmodule.so/Output.o -I/Users/haolu/Software/snac/snac-1/build/include   -I/Users/haolu/Software/snac/snac-1/build/include/StGermain -I/Users/haolu/Software/snac/snac-1/build/include   -I/opt/passcal/other/include/mpich-mp   -I/opt/passcal/other/include/libxml2      Output.c
Output.c:100:9: warning: unused variable 'avgPlasticStrain' [-Wunused-variable]
                float avgPlasticStrain = elementExt->aps;
                      ^
1 warning generated.
mpicc-mpich-mp -pipe  -DVERSION=\"0\" -DCURR_MODULE_NAME=\"SnacViscoPlastic\" -DPLUGIN_NAME=SnacViscoPlastic -Wall -g    -c -o /Users/haolu/Software/snac/snac-1/build/tmp/mod-SnacViscoPlasticmodule.so/Register.o -I/Users/haolu/Software/snac/snac-1/build/include   -I/Users/haolu/Software/snac/snac-1/build/include/StGermain -I/Users/haolu/Software/snac/snac-1/build/include   -I/opt/passcal/other/include/mpich-mp   -I/opt/passcal/other/include/libxml2      Register.c
mpicc-mpich-mp -pipe  -DVERSION=\"0\" -DCURR_MODULE_NAME=\"SnacViscoPlastic\" -DPLUGIN_NAME=SnacViscoPlastic -Wall -g    -c -o /Users/haolu/Software/snac/snac-1/build/tmp/mod-SnacViscoPlasticmodule.so/InitialConditions.o -I/Users/haolu/Software/snac/snac-1/build/include   -I/Users/haolu/Software/snac/snac-1/build/include/StGermain -I/Users/haolu/Software/snac/snac-1/build/include   -I/opt/passcal/other/include/mpich-mp   -I/opt/passcal/other/include/libxml2      InitialConditions.c
mpicc-mpich-mp -pipe  -DVERSION=\"0\" -DCURR_MODULE_NAME=\"SnacViscoPlastic\" -DPLUGIN_NAME=SnacViscoPlastic -Wall -g    -c -o /Users/haolu/Software/snac/snac-1/build/tmp/mod-SnacViscoPlasticmodule.so/Destroy.o -I/Users/haolu/Software/snac/snac-1/build/include   -I/Users/haolu/Software/snac/snac-1/build/include/StGermain -I/Users/haolu/Software/snac/snac-1/build/include   -I/opt/passcal/other/include/mpich-mp   -I/opt/passcal/other/include/libxml2      Destroy.c
mpicc-mpich-mp -pipe  -DVERSION=\"0\" -DCURR_MODULE_NAME=\"SnacViscoPlastic\" -DPLUGIN_NAME=SnacViscoPlastic -Wall -g    -c -o /Users/haolu/Software/snac/snac-1/build/tmp/mod-SnacViscoPlasticmodule.so/Remesh.o -I/Users/haolu/Software/snac/snac-1/build/include   -I/Users/haolu/Software/snac/snac-1/build/include/StGermain -I/Users/haolu/Software/snac/snac-1/build/include   -I/opt/passcal/other/include/mpich-mp   -I/opt/passcal/other/include/libxml2      Remesh.c
mpicc-mpich-mp -pipe  -DVERSION=\"0\" -DCURR_MODULE_NAME=\"SnacViscoPlastic\" -DPLUGIN_NAME=SnacViscoPlastic -Wall -g   -o /Users/haolu/Software/snac/snac-1/build/tmp/mod-SnacViscoPlasticmodule.so/SnacViscoPlasticmodule.so /Users/haolu/Software/snac/snac-1/build/tmp/mod-SnacViscoPlasticmodule.so/Element.o /Users/haolu/Software/snac/snac-1/build/tmp/mod-SnacViscoPlasticmodule.so/Context.o /Users/haolu/Software/snac/snac-1/build/tmp/mod-SnacViscoPlasticmodule.so/ConstructExtensions.o /Users/haolu/Software/snac/snac-1/build/tmp/mod-SnacViscoPlasticmodule.so/Constitutive.o /Users/haolu/Software/snac/snac-1/build/tmp/mod-SnacViscoPlasticmodule.so/Output.o /Users/haolu/Software/snac/snac-1/build/tmp/mod-SnacViscoPlasticmodule.so/Register.o /Users/haolu/Software/snac/snac-1/build/tmp/mod-SnacViscoPlasticmodule.so/InitialConditions.o /Users/haolu/Software/snac/snac-1/build/tmp/mod-SnacViscoPlasticmodule.so/Destroy.o /Users/haolu/Software/snac/snac-1/build/tmp/mod-SnacViscoPlasticmodule.so/Remesh.o  -bundle -flat_namespace -undefined suppress  -L/Users/haolu/Software/snac/snac-1/build/lib   -L/Users/haolu/Software/snac/snac-1/build/lib  -lSnac -lStGermain  -L/Users/haolu/Software/snac/snac-1/build/lib -lmpich -L/opt/passcal/other/lib/mpich-mp -lmpich  -L/sw/lib    -L/opt/passcal/other/lib -lxml2 -lz -lpthread -liconv -lm   -lm -lmx            
ld: warning: directory not found for option '-L/sw/lib'
/bin/cp -f /Users/haolu/Software/snac/snac-1/build/tmp/mod-SnacViscoPlasticmodule.so/SnacViscoPlasticmodule.so /Users/haolu/Software/snac/snac-1/build/lib/SnacViscoPlasticmodule.so
mpicc-mpich-mp -pipe  -DVERSION=\"0\" -DCURR_MODULE_NAME=\"SnacVPSeeds\" -DPLUGIN_NAME=SnacVPSeeds -Wall -g    -c -o /Users/haolu/Software/snac/snac-1/build/tmp/mod-SnacVPSeedsmodule.so/InitialConditions.o -I/Users/haolu/Software/snac/snac-1/build/include   -I/Users/haolu/Software/snac/snac-1/build/include/StGermain -I/Users/haolu/Software/snac/snac-1/build/include   -I/opt/passcal/other/include/mpich-mp   -I/opt/passcal/other/include/libxml2      InitialConditions.c
InitialConditions.c:89:48: warning: comparison of unsigned expression >= 0 is always true [-Wtautological-compare]
        while( incZ < global_K_range && ijk[2] >=0 && ijk[2] < decomp->elementGlobal3DCounts[2] ) {
                                        ~~~~~~ ^ ~
InitialConditions.c:65:26: warning: unused variable 'plugin' [-Wunused-variable]
        Dictionary_Entry_Value* plugin;
                                ^
InitialConditions.c:63:8: warning: unused variable 'restart' [-Wunused-variable]
        int                     restart = 0;
                                ^
InitialConditions.c:64:26: warning: unused variable 'pluginsList' [-Wunused-variable]
        Dictionary_Entry_Value* pluginsList;
                                ^
4 warnings generated.
mpicc-mpich-mp -pipe  -DVERSION=\"0\" -DCURR_MODULE_NAME=\"SnacVPSeeds\" -DPLUGIN_NAME=SnacVPSeeds -Wall -g    -c -o /Users/haolu/Software/snac/snac-1/build/tmp/mod-SnacVPSeedsmodule.so/Register.o -I/Users/haolu/Software/snac/snac-1/build/include   -I/Users/haolu/Software/snac/snac-1/build/include/StGermain -I/Users/haolu/Software/snac/snac-1/build/include   -I/opt/passcal/other/include/mpich-mp   -I/opt/passcal/other/include/libxml2      Register.c
mpicc-mpich-mp -pipe  -DVERSION=\"0\" -DCURR_MODULE_NAME=\"SnacVPSeeds\" -DPLUGIN_NAME=SnacVPSeeds -Wall -g   -o /Users/haolu/Software/snac/snac-1/build/tmp/mod-SnacVPSeedsmodule.so/SnacVPSeedsmodule.so /Users/haolu/Software/snac/snac-1/build/tmp/mod-SnacVPSeedsmodule.so/InitialConditions.o /Users/haolu/Software/snac/snac-1/build/tmp/mod-SnacVPSeedsmodule.so/Register.o  -bundle -flat_namespace -undefined suppress  -L/Users/haolu/Software/snac/snac-1/build/lib   -L/Users/haolu/Software/snac/snac-1/build/lib  -lSnac -lStGermain   -L/Users/haolu/Software/snac/snac-1/build/lib -lmpich -L/opt/passcal/other/lib/mpich-mp -lmpich  -L/sw/lib    -L/opt/passcal/other/lib -lxml2 -lz -lpthread -liconv -lm   -lm -lmx            
ld: warning: directory not found for option '-L/sw/lib'
/bin/cp -f /Users/haolu/Software/snac/snac-1/build/tmp/mod-SnacVPSeedsmodule.so/SnacVPSeedsmodule.so /Users/haolu/Software/snac/snac-1/build/lib/SnacVPSeedsmodule.so
mpicc-mpich-mp -pipe  -DVERSION=\"0\" -DCURR_MODULE_NAME=\"SnacWinklerForce\" -DPLUGIN_NAME=SnacWinklerForce -Wall -g    -c -o /Users/haolu/Software/snac/snac-1/build/tmp/mod-SnacWinklerForcemodule.so/Register.o -I/Users/haolu/Software/snac/snac-1/build/include   -I/Users/haolu/Software/snac/snac-1/build/include/StGermain -I/Users/haolu/Software/snac/snac-1/build/include   -I/opt/passcal/other/include/mpich-mp   -I/opt/passcal/other/include/libxml2      Register.c
mpicc-mpich-mp -pipe  -DVERSION=\"0\" -DCURR_MODULE_NAME=\"SnacWinklerForce\" -DPLUGIN_NAME=SnacWinklerForce -Wall -g    -c -o /Users/haolu/Software/snac/snac-1/build/tmp/mod-SnacWinklerForcemodule.so/InitialConditions.o -I/Users/haolu/Software/snac/snac-1/build/include   -I/Users/haolu/Software/snac/snac-1/build/include/StGermain -I/Users/haolu/Software/snac/snac-1/build/include   -I/opt/passcal/other/include/mpich-mp   -I/opt/passcal/other/include/libxml2      InitialConditions.c
mpicc-mpich-mp -pipe  -DVERSION=\"0\" -DCURR_MODULE_NAME=\"SnacWinklerForce\" -DPLUGIN_NAME=SnacWinklerForce -Wall -g    -c -o /Users/haolu/Software/snac/snac-1/build/tmp/mod-SnacWinklerForcemodule.so/Output.o -I/Users/haolu/Software/snac/snac-1/build/include   -I/Users/haolu/Software/snac/snac-1/build/include/StGermain -I/Users/haolu/Software/snac/snac-1/build/include   -I/opt/passcal/other/include/mpich-mp   -I/opt/passcal/other/include/libxml2      Output.c
mpicc-mpich-mp -pipe  -DVERSION=\"0\" -DCURR_MODULE_NAME=\"SnacWinklerForce\" -DPLUGIN_NAME=SnacWinklerForce -Wall -g    -c -o /Users/haolu/Software/snac/snac-1/build/tmp/mod-SnacWinklerForcemodule.so/Force.o -I/Users/haolu/Software/snac/snac-1/build/include   -I/Users/haolu/Software/snac/snac-1/build/include/StGermain -I/Users/haolu/Software/snac/snac-1/build/include   -I/opt/passcal/other/include/mpich-mp   -I/opt/passcal/other/include/libxml2      Force.c
Force.c:204:30: warning: unused variable 'mantleDensity' [-Wunused-variable]
                                        Density                 mantleDensity = 3300.0f;
                                                                ^
Force.c:210:13: warning: unused variable 'rosubg' [-Wunused-variable]
                                        double rosubg = context->gravity * ( phsDensity + drosub ) * ( 1.0 - alpha * (nodeT-material->reftemp) + beta * p_est );
                                               ^
Force.c:662:30: warning: unused variable 'mantleDensity' [-Wunused-variable]
                                        Density                 mantleDensity = 3300.0f;
                                                                ^
3 warnings generated.
mpicc-mpich-mp -pipe  -DVERSION=\"0\" -DCURR_MODULE_NAME=\"SnacWinklerForce\" -DPLUGIN_NAME=SnacWinklerForce -Wall -g   -o /Users/haolu/Software/snac/snac-1/build/tmp/mod-SnacWinklerForcemodule.so/SnacWinklerForcemodule.so /Users/haolu/Software/snac/snac-1/build/tmp/mod-SnacWinklerForcemodule.so/Register.o /Users/haolu/Software/snac/snac-1/build/tmp/mod-SnacWinklerForcemodule.so/InitialConditions.o /Users/haolu/Software/snac/snac-1/build/tmp/mod-SnacWinklerForcemodule.so/Output.o /Users/haolu/Software/snac/snac-1/build/tmp/mod-SnacWinklerForcemodule.so/Force.o  -bundle -flat_namespace -undefined suppress  -L/Users/haolu/Software/snac/snac-1/build/lib   -L/Users/haolu/Software/snac/snac-1/build/lib  -lSnac -lStGermain   -L/Users/haolu/Software/snac/snac-1/build/lib -lmpich -L/opt/passcal/other/lib/mpich-mp -lmpich  -L/sw/lib    -L/opt/passcal/other/lib -lxml2 -lz -lpthread -liconv -lm   -lm -lmx            
ld: warning: directory not found for option '-L/sw/lib'
/bin/cp -f /Users/haolu/Software/snac/snac-1/build/tmp/mod-SnacWinklerForcemodule.so/SnacWinklerForcemodule.so /Users/haolu/Software/snac/snac-1/build/lib/SnacWinklerForcemodule.so
mpicc-mpich-mp -pipe  -DVERSION=\"0\" -DCURR_MODULE_NAME=\"SnacHillSlope\" -DPLUGIN_NAME=SnacHillSlope -Wall -g    -c -o /Users/haolu/Software/snac/snac-1/build/tmp/mod-SnacHillSlopemodule.so/Register.o -I/Users/haolu/Software/snac/snac-1/build/include   -I/Users/haolu/Software/snac/snac-1/build/include/StGermain -I/Users/haolu/Software/snac/snac-1/build/include   -I/opt/passcal/other/include/mpich-mp   -I/opt/passcal/other/include/libxml2      Register.c
mpicc-mpich-mp -pipe  -DVERSION=\"0\" -DCURR_MODULE_NAME=\"SnacHillSlope\" -DPLUGIN_NAME=SnacHillSlope -Wall -g    -c -o /Users/haolu/Software/snac/snac-1/build/tmp/mod-SnacHillSlopemodule.so/ConstructExtensions.o -I/Users/haolu/Software/snac/snac-1/build/include   -I/Users/haolu/Software/snac/snac-1/build/include/StGermain -I/Users/haolu/Software/snac/snac-1/build/include   -I/opt/passcal/other/include/mpich-mp   -I/opt/passcal/other/include/libxml2      ConstructExtensions.c
mpicc-mpich-mp -pipe  -DVERSION=\"0\" -DCURR_MODULE_NAME=\"SnacHillSlope\" -DPLUGIN_NAME=SnacHillSlope -Wall -g    -c -o /Users/haolu/Software/snac/snac-1/build/tmp/mod-SnacHillSlopemodule.so/Build.o -I/Users/haolu/Software/snac/snac-1/build/include   -I/Users/haolu/Software/snac/snac-1/build/include/StGermain -I/Users/haolu/Software/snac/snac-1/build/include   -I/opt/passcal/other/include/mpich-mp   -I/opt/passcal/other/include/libxml2      Build.c
mpicc-mpich-mp -pipe  -DVERSION=\"0\" -DCURR_MODULE_NAME=\"SnacHillSlope\" -DPLUGIN_NAME=SnacHillSlope -Wall -g    -c -o /Users/haolu/Software/snac/snac-1/build/tmp/mod-SnacHillSlopemodule.so/Context.o -I/Users/haolu/Software/snac/snac-1/build/include   -I/Users/haolu/Software/snac/snac-1/build/include/StGermain -I/Users/haolu/Software/snac/snac-1/build/include   -I/opt/passcal/other/include/mpich-mp   -I/opt/passcal/other/include/libxml2      Context.c
mpicc-mpich-mp -pipe  -DVERSION=\"0\" -DCURR_MODULE_NAME=\"SnacHillSlope\" -DPLUGIN_NAME=SnacHillSlope -Wall -g    -c -o /Users/haolu/Software/snac/snac-1/build/tmp/mod-SnacHillSlopemodule.so/InitialConditions.o -I/Users/haolu/Software/snac/snac-1/build/include   -I/Users/haolu/Software/snac/snac-1/build/include/StGermain -I/Users/haolu/Software/snac/snac-1/build/include   -I/opt/passcal/other/include/mpich-mp   -I/opt/passcal/other/include/libxml2      InitialConditions.c
mpicc-mpich-mp -pipe  -DVERSION=\"0\" -DCURR_MODULE_NAME=\"SnacHillSlope\" -DPLUGIN_NAME=SnacHillSlope -Wall -g    -c -o /Users/haolu/Software/snac/snac-1/build/tmp/mod-SnacHillSlopemodule.so/Track.o -I/Users/haolu/Software/snac/snac-1/build/include   -I/Users/haolu/Software/snac/snac-1/build/include/StGermain -I/Users/haolu/Software/snac/snac-1/build/include   -I/opt/passcal/other/include/mpich-mp   -I/opt/passcal/other/include/libxml2      Track.c
Track.c:251:58: warning: argument type 'int *' doesn't match specified 'MPI' type tag that requires 'char *' [-Wtype-safety]
    MPI_Allreduce( &(contextExt->elasticStabilizedFlag), &(contextExt->consensusElasticStabilizedFlag), 
                                                         ^~~~~~~~~~~~~~~~~~~~~~~~~~~~~~~~~~~~~~~~~~~~~
Track.c:251:20: warning: argument type 'int *' doesn't match specified 'MPI' type tag that requires 'char *' [-Wtype-safety]
    MPI_Allreduce( &(contextExt->elasticStabilizedFlag), &(contextExt->consensusElasticStabilizedFlag), 
                   ^~~~~~~~~~~~~~~~~~~~~~~~~~~~~~~~~~~~
Track.c:292:34: warning: argument type 'unsigned int *' doesn't match specified 'MPI' type tag that requires 'int *' [-Wtype-safety]
        MPI_Allreduce( &(maxTimeSteps), &(context->maxTimeSteps), 1, MPI_INT, MPI_MIN, context->communicator );
                                        ^~~~~~~~~~~~~~~~~~~~~~~~     ~~~~~~~
Track.c:293:31: warning: argument type 'unsigned int *' doesn't match specified 'MPI' type tag that requires 'int *' [-Wtype-safety]
        MPI_Allreduce( &(dumpEvery), &(context->dumpEvery), 1, MPI_INT, MPI_MIN, context->communicator );
                                     ^~~~~~~~~~~~~~~~~~~~~     ~~~~~~~
Track.c:297:2: warning: implicit declaration of function '_Snac_Context_AdjustDump' is invalid in C99 [-Wimplicit-function-declaration]
        _Snac_Context_AdjustDump( context );
        ^
Track.c:60:21: warning: unused variable 'geometry' [-Wunused-variable]
    BlockGeometry               *geometry = (BlockGeometry*)layout->elementLayout->geometry;
                                 ^
Track.c:68:40: warning: unused variable 'unit_yAcceln' [-Wunused-variable]
    static double               unit_yVelocity=0.0, unit_yAcceln=0.0;
                                                    ^
7 warnings generated.
mpicc-mpich-mp -pipe  -DVERSION=\"0\" -DCURR_MODULE_NAME=\"SnacHillSlope\" -DPLUGIN_NAME=SnacHillSlope -Wall -g    -c -o /Users/haolu/Software/snac/snac-1/build/tmp/mod-SnacHillSlopemodule.so/CreateWeakPoints.o -I/Users/haolu/Software/snac/snac-1/build/include   -I/Users/haolu/Software/snac/snac-1/build/include/StGermain -I/Users/haolu/Software/snac/snac-1/build/include   -I/opt/passcal/other/include/mpich-mp   -I/opt/passcal/other/include/libxml2      CreateWeakPoints.c
mpicc-mpich-mp -pipe  -DVERSION=\"0\" -DCURR_MODULE_NAME=\"SnacHillSlope\" -DPLUGIN_NAME=SnacHillSlope -Wall -g    -c -o /Users/haolu/Software/snac/snac-1/build/tmp/mod-SnacHillSlopemodule.so/DeleteExtensions.o -I/Users/haolu/Software/snac/snac-1/build/include   -I/Users/haolu/Software/snac/snac-1/build/include/StGermain -I/Users/haolu/Software/snac/snac-1/build/include   -I/opt/passcal/other/include/mpich-mp   -I/opt/passcal/other/include/libxml2      DeleteExtensions.c
DeleteExtensions.c:39:26: warning: unused variable 'contextExt' [-Wunused-variable]
        SnacHillSlope_Context*          contextExt = ExtensionManager_Get(
                                        ^
1 warning generated.
mpicc-mpich-mp -pipe  -DVERSION=\"0\" -DCURR_MODULE_NAME=\"SnacHillSlope\" -DPLUGIN_NAME=SnacHillSlope -Wall -g   -o /Users/haolu/Software/snac/snac-1/build/tmp/mod-SnacHillSlopemodule.so/SnacHillSlopemodule.so /Users/haolu/Software/snac/snac-1/build/tmp/mod-SnacHillSlopemodule.so/Register.o /Users/haolu/Software/snac/snac-1/build/tmp/mod-SnacHillSlopemodule.so/ConstructExtensions.o /Users/haolu/Software/snac/snac-1/build/tmp/mod-SnacHillSlopemodule.so/Build.o /Users/haolu/Software/snac/snac-1/build/tmp/mod-SnacHillSlopemodule.so/Context.o /Users/haolu/Software/snac/snac-1/build/tmp/mod-SnacHillSlopemodule.so/InitialConditions.o /Users/haolu/Software/snac/snac-1/build/tmp/mod-SnacHillSlopemodule.so/Track.o /Users/haolu/Software/snac/snac-1/build/tmp/mod-SnacHillSlopemodule.so/CreateWeakPoints.o /Users/haolu/Software/snac/snac-1/build/tmp/mod-SnacHillSlopemodule.so/DeleteExtensions.o  -bundle -flat_namespace -undefined suppress  -L/Users/haolu/Software/snac/snac-1/build/lib   -L/Users/haolu/Software/snac/snac-1/build/lib  -lSnac -lStGermain   -L/Users/haolu/Software/snac/snac-1/build/lib -lmpich -L/opt/passcal/other/lib/mpich-mp -lmpich  -L/sw/lib    -L/opt/passcal/other/lib -lxml2 -lz -lpthread -liconv -lm   -lm -lmx            
ld: warning: directory not found for option '-L/sw/lib'
/bin/cp -f /Users/haolu/Software/snac/snac-1/build/tmp/mod-SnacHillSlopemodule.so/SnacHillSlopemodule.so /Users/haolu/Software/snac/snac-1/build/lib/SnacHillSlopemodule.so
mpicc-mpich-mp -pipe  -DVERSION=\"0\" -DCURR_MODULE_NAME=\"SnacTractionBC\" -DPLUGIN_NAME=SnacTractionBC -Wall -g    -c -o /Users/haolu/Software/snac/snac-1/build/tmp/mod-SnacTractionBCmodule.so/Force.o -I/Users/haolu/Software/snac/snac-1/build/include   -I/Users/haolu/Software/snac/snac-1/build/include/StGermain -I/Users/haolu/Software/snac/snac-1/build/include   -I/opt/passcal/other/include/mpich-mp   -I/opt/passcal/other/include/libxml2      Force.c
Force.c:65:12: warning: unused variable 'traction' [-Wunused-variable]
        Force                                   traction;       
                                                ^
1 warning generated.
mpicc-mpich-mp -pipe  -DVERSION=\"0\" -DCURR_MODULE_NAME=\"SnacTractionBC\" -DPLUGIN_NAME=SnacTractionBC -Wall -g    -c -o /Users/haolu/Software/snac/snac-1/build/tmp/mod-SnacTractionBCmodule.so/Register.o -I/Users/haolu/Software/snac/snac-1/build/include   -I/Users/haolu/Software/snac/snac-1/build/include/StGermain -I/Users/haolu/Software/snac/snac-1/build/include   -I/opt/passcal/other/include/mpich-mp   -I/opt/passcal/other/include/libxml2      Register.c
mpicc-mpich-mp -pipe  -DVERSION=\"0\" -DCURR_MODULE_NAME=\"SnacTractionBC\" -DPLUGIN_NAME=SnacTractionBC -Wall -g   -o /Users/haolu/Software/snac/snac-1/build/tmp/mod-SnacTractionBCmodule.so/SnacTractionBCmodule.so /Users/haolu/Software/snac/snac-1/build/tmp/mod-SnacTractionBCmodule.so/Force.o /Users/haolu/Software/snac/snac-1/build/tmp/mod-SnacTractionBCmodule.so/Register.o  -bundle -flat_namespace -undefined suppress  -L/Users/haolu/Software/snac/snac-1/build/lib   -L/Users/haolu/Software/snac/snac-1/build/lib  -lSnac -lStGermain   -L/Users/haolu/Software/snac/snac-1/build/lib -lmpich -L/opt/passcal/other/lib/mpich-mp -lmpich  -L/sw/lib    -L/opt/passcal/other/lib -lxml2 -lz -lpthread -liconv -lm   -lm -lmx            
ld: warning: directory not found for option '-L/sw/lib'
/bin/cp -f /Users/haolu/Software/snac/snac-1/build/tmp/mod-SnacTractionBCmodule.so/SnacTractionBCmodule.so /Users/haolu/Software/snac/snac-1/build/lib/SnacTractionBCmodule.so
mpicc-mpich-mp -pipe  -DVERSION=\"0\" -DCURR_MODULE_NAME=\"SnacCondFunc\" -DPLUGIN_NAME=SnacCondFunc -Wall -g    -c -o /Users/haolu/Software/snac/snac-1/build/tmp/mod-SnacCondFuncmodule.so/Register.o -I/Users/haolu/Software/snac/snac-1/build/include   -I/Users/haolu/Software/snac/snac-1/build/include/StGermain -I/Users/haolu/Software/snac/snac-1/build/include   -I/opt/passcal/other/include/mpich-mp   -I/opt/passcal/other/include/libxml2      Register.c
mpicc-mpich-mp -pipe  -DVERSION=\"0\" -DCURR_MODULE_NAME=\"SnacCondFunc\" -DPLUGIN_NAME=SnacCondFunc -Wall -g    -c -o /Users/haolu/Software/snac/snac-1/build/tmp/mod-SnacCondFuncmodule.so/SnacCondFunc_NodeCondFunc.o -I/Users/haolu/Software/snac/snac-1/build/include   -I/Users/haolu/Software/snac/snac-1/build/include/StGermain -I/Users/haolu/Software/snac/snac-1/build/include   -I/opt/passcal/other/include/mpich-mp   -I/opt/passcal/other/include/libxml2      SnacCondFunc_NodeCondFunc.c
mpicc-mpich-mp -pipe  -DVERSION=\"0\" -DCURR_MODULE_NAME=\"SnacCondFunc\" -DPLUGIN_NAME=SnacCondFunc -Wall -g    -c -o /Users/haolu/Software/snac/snac-1/build/tmp/mod-SnacCondFuncmodule.so/SnacCondFunc_ElementCondFunc.o -I/Users/haolu/Software/snac/snac-1/build/include   -I/Users/haolu/Software/snac/snac-1/build/include/StGermain -I/Users/haolu/Software/snac/snac-1/build/include   -I/opt/passcal/other/include/mpich-mp   -I/opt/passcal/other/include/libxml2      SnacCondFunc_ElementCondFunc.c
SnacCondFunc_ElementCondFunc.c:47:17: warning: unused variable 'element' [-Wunused-variable]
        Snac_Element*           element = Snac_Element_At( context, element_lI );
                                ^
1 warning generated.
mpicc-mpich-mp -pipe  -DVERSION=\"0\" -DCURR_MODULE_NAME=\"SnacCondFunc\" -DPLUGIN_NAME=SnacCondFunc -Wall -g   -o /Users/haolu/Software/snac/snac-1/build/tmp/mod-SnacCondFuncmodule.so/SnacCondFuncmodule.so /Users/haolu/Software/snac/snac-1/build/tmp/mod-SnacCondFuncmodule.so/Register.o /Users/haolu/Software/snac/snac-1/build/tmp/mod-SnacCondFuncmodule.so/SnacCondFunc_NodeCondFunc.o /Users/haolu/Software/snac/snac-1/build/tmp/mod-SnacCondFuncmodule.so/SnacCondFunc_ElementCondFunc.o  -bundle -flat_namespace -undefined suppress  -L/Users/haolu/Software/snac/snac-1/build/lib   -L/Users/haolu/Software/snac/snac-1/build/lib  -lSnac -lStGermain  -L/Users/haolu/Software/snac/snac-1/build/lib -lmpich -L/opt/passcal/other/lib/mpich-mp -lmpich  -L/sw/lib    -L/opt/passcal/other/lib -lxml2 -lz -lpthread -liconv -lm   -lm -lmx            
ld: warning: directory not found for option '-L/sw/lib'
/bin/cp -f /Users/haolu/Software/snac/snac-1/build/tmp/mod-SnacCondFuncmodule.so/SnacCondFuncmodule.so /Users/haolu/Software/snac/snac-1/build/lib/SnacCondFuncmodule.so
mpicc-mpich-mp -pipe  -DVERSION=\"0\" -DCURR_MODULE_NAME=\"SnacDikeInjection\" -DPLUGIN_NAME=SnacDikeInjection -Wall -g    -c -o /Users/haolu/Software/snac/snac-1/build/tmp/mod-SnacDikeInjectionmodule.so/Constitutive.o -I/Users/haolu/Software/snac/snac-1/build/include   -I/Users/haolu/Software/snac/snac-1/build/include/StGermain -I/Users/haolu/Software/snac/snac-1/build/include   -I/opt/passcal/other/include/mpich-mp   -I/opt/passcal/other/include/libxml2      Constitutive.c
Constitutive.c:148:14: warning: incompatible pointer types initializing 'Coord *' (aka 'double (*)[3]') with an expression of type 'Coord' (aka 'double [3]'); take the address with & [-Wincompatible-pointer-types]
             Coord* tetNodeCoord = Snac_Element_NodeCoord( context, element_lI, TetraToNode[tetra_I][node_lI] );
                    ^              ~~~~~~~~~~~~~~~~~~~~~~~~~~~~~~~~~~~~~~~~~~~~~~~~~~~~~~~~~~~~~~~~~~~~~~~~~~~~
                                   &
Constitutive.c:203:22: warning: unused variable 'TT' [-Wunused-variable]
                 int TT = ijk[2];
                     ^
Constitutive.c:125:10: warning: unused variable 'numer' [-Wunused-variable]
                double numer = 0.0;
                       ^
Constitutive.c:126:10: warning: unused variable 'denom' [-Wunused-variable]
                double denom = 1.0;
                       ^
Constitutive.c:82:9: warning: unused variable 'dZ' [-Wunused-variable]
        double dZ = endZ-startZ;
               ^
Constitutive.c:81:9: warning: unused variable 'dX' [-Wunused-variable]
        double dX = endX-startX;
               ^
6 warnings generated.
mpicc-mpich-mp -pipe  -DVERSION=\"0\" -DCURR_MODULE_NAME=\"SnacDikeInjection\" -DPLUGIN_NAME=SnacDikeInjection -Wall -g    -c -o /Users/haolu/Software/snac/snac-1/build/tmp/mod-SnacDikeInjectionmodule.so/ConstructExtensions.o -I/Users/haolu/Software/snac/snac-1/build/include   -I/Users/haolu/Software/snac/snac-1/build/include/StGermain -I/Users/haolu/Software/snac/snac-1/build/include   -I/opt/passcal/other/include/mpich-mp   -I/opt/passcal/other/include/libxml2      ConstructExtensions.c
mpicc-mpich-mp -pipe  -DVERSION=\"0\" -DCURR_MODULE_NAME=\"SnacDikeInjection\" -DPLUGIN_NAME=SnacDikeInjection -Wall -g    -c -o /Users/haolu/Software/snac/snac-1/build/tmp/mod-SnacDikeInjectionmodule.so/Context.o -I/Users/haolu/Software/snac/snac-1/build/include   -I/Users/haolu/Software/snac/snac-1/build/include/StGermain -I/Users/haolu/Software/snac/snac-1/build/include   -I/opt/passcal/other/include/mpich-mp   -I/opt/passcal/other/include/libxml2      Context.c
mpicc-mpich-mp -pipe  -DVERSION=\"0\" -DCURR_MODULE_NAME=\"SnacDikeInjection\" -DPLUGIN_NAME=SnacDikeInjection -Wall -g    -c -o /Users/haolu/Software/snac/snac-1/build/tmp/mod-SnacDikeInjectionmodule.so/Register.o -I/Users/haolu/Software/snac/snac-1/build/include   -I/Users/haolu/Software/snac/snac-1/build/include/StGermain -I/Users/haolu/Software/snac/snac-1/build/include   -I/opt/passcal/other/include/mpich-mp   -I/opt/passcal/other/include/libxml2      Register.c
mpicc-mpich-mp -pipe  -DVERSION=\"0\" -DCURR_MODULE_NAME=\"SnacDikeInjection\" -DPLUGIN_NAME=SnacDikeInjection -Wall -g   -o /Users/haolu/Software/snac/snac-1/build/tmp/mod-SnacDikeInjectionmodule.so/SnacDikeInjectionmodule.so /Users/haolu/Software/snac/snac-1/build/tmp/mod-SnacDikeInjectionmodule.so/Constitutive.o /Users/haolu/Software/snac/snac-1/build/tmp/mod-SnacDikeInjectionmodule.so/ConstructExtensions.o /Users/haolu/Software/snac/snac-1/build/tmp/mod-SnacDikeInjectionmodule.so/Context.o /Users/haolu/Software/snac/snac-1/build/tmp/mod-SnacDikeInjectionmodule.so/Register.o  -bundle -flat_namespace -undefined suppress  -L/Users/haolu/Software/snac/snac-1/build/lib   -L/Users/haolu/Software/snac/snac-1/build/lib  -lSnac -lStGermain   -L/Users/haolu/Software/snac/snac-1/build/lib -lmpich -L/opt/passcal/other/lib/mpich-mp -lmpich  -L/sw/lib    -L/opt/passcal/other/lib -lxml2 -lz -lpthread -liconv -lm   -lm -lmx            
ld: warning: directory not found for option '-L/sw/lib'
/bin/cp -f /Users/haolu/Software/snac/snac-1/build/tmp/mod-SnacDikeInjectionmodule.so/SnacDikeInjectionmodule.so /Users/haolu/Software/snac/snac-1/build/lib/SnacDikeInjectionmodule.so
mpicc-mpich-mp -pipe  -DVERSION=\"0\" -Wall -g  -DCURR_MODULE_NAME=\"Snac\"   -c -o /Users/haolu/Software/snac/snac-1/build/tmp/bin-Snac/main.o -I/Users/haolu/Software/snac/snac-1/build/include   -I/Users/haolu/Software/snac/snac-1/build/include/StGermain -I/Users/haolu/Software/snac/snac-1/build/include -DMODULE_EXT=\"so\"  -I/Users/haolu/Software/snac/snac-1/build/include   -I/opt/passcal/other/include/mpich-mp   -I/opt/passcal/other/include/libxml2     -I/include    main.c
main.c:67:16: warning: unused variable 'componentDict' [-Wunused-variable]
        Dictionary*                     componentDict;
                                        ^
1 warning generated.
mpicc-mpich-mp -pipe  -DVERSION=\"0\" -Wall -g  -DCURR_MODULE_NAME=\"Snac\"  -o /Users/haolu/Software/snac/snac-1/build/bin/Snac /Users/haolu/Software/snac/snac-1/build/tmp/bin-Snac/main.o    -L/Users/haolu/Software/snac/snac-1/build/lib   -L/Users/haolu/Software/snac/snac-1/build/lib  -L/Users/haolu/Software/snac/snac-1/build/lib -lSnac -lStGermainFD -lStGermain -lStGermainBase -lStGermainDiscretisation -framework System -framework CoreServices -framework Foundation  -L/Users/haolu/Software/snac/snac-1/build/lib -lStGermain   -L/Users/haolu/Software/snac/snac-1/build/lib -lmpich -L/opt/passcal/other/lib/mpich-mp -lmpich  -L/sw/lib    -L/opt/passcal/other/lib -lxml2 -lz -lpthread -liconv -lm   -lm -lmx   -L/lib -ldl                  
ld: warning: directory not found for option '-L/sw/lib'
ld: warning: directory not found for option '-L/lib'
make[3]: Nothing to be done for `all_build'.
mpicc-mpich-mp -pipe  -DVERSION=\"0\" -Wall -g  -DCURR_MODULE_NAME=\"snac2vtk\"   -c -o /Users/haolu/Software/snac/snac-1/build/tmp/bin-snac2vtk/snac2vtk.o -I/Users/haolu/Software/snac/snac-1/build/include    -I/opt/passcal/other/include/mpich-mp   -I/opt/passcal/other/include/libxml2      snac2vtk.c
mpicc-mpich-mp -pipe  -DVERSION=\"0\" -Wall -g  -DCURR_MODULE_NAME=\"snac2vtk\"  -o /Users/haolu/Software/snac/snac-1/build/bin/snac2vtk /Users/haolu/Software/snac/snac-1/build/tmp/bin-snac2vtk/snac2vtk.o    -L/Users/haolu/Software/snac/snac-1/build/lib    -L/Users/haolu/Software/snac/snac-1/build/lib -lmpich -L/opt/passcal/other/lib/mpich-mp -lmpich  -L/sw/lib    -L/opt/passcal/other/lib -lxml2 -lz -lpthread -liconv -lm   -lm -lmx            
ld: warning: directory not found for option '-L/sw/lib'
mpicc-mpich-mp -pipe  -DVERSION=\"0\" -Wall -g  -DCURR_MODULE_NAME=\"snac2dx\"   -c -o /Users/haolu/Software/snac/snac-1/build/tmp/bin-snac2dx/snac2dx.o -I/Users/haolu/Software/snac/snac-1/build/include      snac2dx.c
snac2dx.c:411:18: warning: format string is not a string literal (potentially insecure) [-Wformat-security]
        fprintf( dxOut, dxfmt_vel );
                        ^~~~~~~~~
snac2dx.c:411:18: note: treat the string as an argument to avoid this
        fprintf( dxOut, dxfmt_vel );
                        ^
                        "%s", 
snac2dx.c:412:18: warning: format string is not a string literal (potentially insecure) [-Wformat-security]
        fprintf( dxOut, dxfmt_strainrate );
                        ^~~~~~~~~~~~~~~~
snac2dx.c:412:18: note: treat the string as an argument to avoid this
        fprintf( dxOut, dxfmt_strainrate );
                        ^
                        "%s", 
snac2dx.c:413:18: warning: format string is not a string literal (potentially insecure) [-Wformat-security]
        fprintf( dxOut, dxfmt_stress );
                        ^~~~~~~~~~~~
snac2dx.c:413:18: note: treat the string as an argument to avoid this
        fprintf( dxOut, dxfmt_stress );
                        ^
                        "%s", 
snac2dx.c:415:18: warning: format string is not a string literal (potentially insecure) [-Wformat-security]
        fprintf( dxOut, dxfmt_pressure );
                        ^~~~~~~~~~~~~~
snac2dx.c:415:18: note: treat the string as an argument to avoid this
        fprintf( dxOut, dxfmt_pressure );
                        ^
                        "%s", 
snac2dx.c:418:19: warning: format string is not a string literal (potentially insecure) [-Wformat-security]
                fprintf( dxOut, dxfmt_force );
                                ^~~~~~~~~~~
snac2dx.c:418:19: note: treat the string as an argument to avoid this
                fprintf( dxOut, dxfmt_force );
                                ^
                                "%s", 
snac2dx.c:420:18: warning: format string is not a string literal (potentially insecure) [-Wformat-security]
        fprintf( dxOut, dxfmt_phase );
                        ^~~~~~~~~~~
snac2dx.c:420:18: note: treat the string as an argument to avoid this
        fprintf( dxOut, dxfmt_phase );
                        ^
                        "%s", 
snac2dx.c:422:19: warning: format string is not a string literal (potentially insecure) [-Wformat-security]
                fprintf( dxOut, dxfmt_temp );
                                ^~~~~~~~~~
snac2dx.c:422:19: note: treat the string as an argument to avoid this
                fprintf( dxOut, dxfmt_temp );
                                ^
                                "%s", 
snac2dx.c:425:19: warning: format string is not a string literal (potentially insecure) [-Wformat-security]
                fprintf( dxOut, dxfmt_aps );
                                ^~~~~~~~~
snac2dx.c:425:19: note: treat the string as an argument to avoid this
                fprintf( dxOut, dxfmt_aps );
                                ^
                                "%s", 
snac2dx.c:428:19: warning: format string is not a string literal (potentially insecure) [-Wformat-security]
                fprintf( dxOut, dxfmt_visc );
                                ^~~~~~~~~~
snac2dx.c:428:19: note: treat the string as an argument to avoid this
                fprintf( dxOut, dxfmt_visc );
                                ^
                                "%s", 
snac2dx.c:431:19: warning: format string is not a string literal (potentially insecure) [-Wformat-security]
                fprintf( dxOut, dxfmt_irh );
                                ^~~~~~~~~
snac2dx.c:431:19: note: treat the string as an argument to avoid this
                fprintf( dxOut, dxfmt_irh );
                                ^
                                "%s", 
10 warnings generated.
mpicc-mpich-mp -pipe  -DVERSION=\"0\" -Wall -g  -DCURR_MODULE_NAME=\"snac2dx\"  -o /Users/haolu/Software/snac/snac-1/build/bin/snac2dx /Users/haolu/Software/snac/snac-1/build/tmp/bin-snac2dx/snac2dx.o    -L/Users/haolu/Software/snac/snac-1/build/lib     
mpicc-mpich-mp -pipe  -DVERSION=\"0\" -Wall -g  -DCURR_MODULE_NAME=\"snac2restart\"   -c -o /Users/haolu/Software/snac/snac-1/build/tmp/bin-snac2restart/snac2restart.o -I/Users/haolu/Software/snac/snac-1/build/include      snac2restart.c
mpicc-mpich-mp -pipe  -DVERSION=\"0\" -Wall -g  -DCURR_MODULE_NAME=\"snac2restart\"  -o /Users/haolu/Software/snac/snac-1/build/bin/snac2restart /Users/haolu/Software/snac/snac-1/build/tmp/bin-snac2restart/snac2restart.o    -L/Users/haolu/Software/snac/snac-1/build/lib     
make[3]: Nothing to be done for `all_build'.
make[3]: Nothing to be done for `all_build'.
make[3]: *** No rule to make target `all_build'.  Stop.
make[2]: *** [doc-dir] Error 2
make[1]: *** [Snac-proj] Error 2
